================================================================
== Design Size Report
================================================================

* Total Instructions per Compilation Phase
+---------------+----------------------------+--------------+----------------------------------------------------------------------------------------+
| Phase         | Step                       | Instructions | Description                                                                            |
+---------------+----------------------------+--------------+----------------------------------------------------------------------------------------+
| Compile/Link  |                            | 8,589        | After all functions are compiled and linked into a single design                       |
|               |                            |              |                                                                                        |
| Unroll/Inline |                            |              | After user unroll and inline pragmas are applied                                       |
|               | (1) unroll                 | 1,521        | user unroll pragmas are applied                                                        |
|               | (2) simplification         |   834        | simplification of applied user unroll pragmas                                          |
|               | (3) inline                 |   774        | user inline pragmas are applied                                                        |
|               | (4) simplification         |   624        | simplification of applied user inline pragmas                                          |
|               |                            |              |                                                                                        |
| Array/Struct  |                            |              | After user array partition and struct aggregate/disaggregate pragmas are applied       |
|               | (1) array partition        |   621        | user array partition pragmas are applied                                               |
|               | (2) simplification         |   621        | simplification of applied user array partition & struct aggregate/disaggregate pragmas |
|               | (3) aggregate/disaggregate |   624        | user struct aggregate/disaggregate pragmas are applied                                 |
|               | (4) array reshape          |   627        | apply array reshape pragmas                                                            |
|               | (5) access patterns        |   645        | array access pattern optmizations                                                      |
|               |                            |              |                                                                                        |
| Performance   |                            |              | After transformations are applied to meet performance pragma targets                   |
|               | (1) loop simplification    |   639        | loop and instruction simplification                                                    |
|               | (2) parallelization        |   637        | loops are unrolled or pipelined to meet performance targets                            |
|               | (3) array partition        |   635        | arrays are partitioned to meet performance targets                                     |
|               | (4) simplification         |   635        | simplification of design after performance transformations                             |
|               |                            |              |                                                                                        |
| HW Transforms |                            |              | After hardware transfomations                                                          |
|               | (1) lowering               |   641        | initial conversion to HW specific instructions                                         |
|               | (2) optimizations          |   693        | high level synthesis optimizations                                                     |
+---------------+----------------------------+--------------+----------------------------------------------------------------------------------------+

* Instructions per Function for each Compilation Phase
+--------------------+---------------------+----------------+---------------+--------------+-------------+---------------+
| Function           | Location            | Compile/Link   | Unroll/Inline | Array/Struct | Performance | HW Transforms |
+--------------------+---------------------+----------------+---------------+--------------+-------------+---------------+
| + fft2d_fixed_top  | fft2d_fixed.cpp:163 | 8,589          | 624           | 645          | 635         | 693           |
|    ComplexFixed    | fft2d_fixed.hpp:35  |   21 (3 calls) |               |              |             |               |
|  + fft1d_fixed     | fft2d_fixed.cpp:99  | 3,099          | 230           | 231          | 229         | 239           |
|   + twiddle_at     | fft2d_fixed.cpp:79  |   21           |               |              |             |               |
|      ComplexFixed  | fft2d_fixed.hpp:35  |    7           |               |              |             |               |
|   + complex_mul    | fft2d_fixed.cpp:92  | 1,675          |               |              |             |               |
|      ComplexFixed  | fft2d_fixed.hpp:35  |    7           |               |              |             |               |
|   + complex_add    | fft2d_fixed.cpp:84  |  643           |               |              |             |               |
|      ComplexFixed  | fft2d_fixed.hpp:35  |    7           |               |              |             |               |
|   + complex_sub    | fft2d_fixed.cpp:88  |  643           |               |              |             |               |
|      ComplexFixed  | fft2d_fixed.hpp:35  |    7           |               |              |             |               |
|  + fft1d_fixed_col | fft2d_fixed.cpp:131 | 3,099          | 230           | 231          | 229         | 239           |
|   + twiddle_at     | fft2d_fixed.cpp:79  |   21           |               |              |             |               |
|      ComplexFixed  | fft2d_fixed.hpp:35  |    7           |               |              |             |               |
|   + complex_mul    | fft2d_fixed.cpp:92  | 1,675          |               |              |             |               |
|      ComplexFixed  | fft2d_fixed.hpp:35  |    7           |               |              |             |               |
|   + complex_add    | fft2d_fixed.cpp:84  |  643           |               |              |             |               |
|      ComplexFixed  | fft2d_fixed.hpp:35  |    7           |               |              |             |               |
|   + complex_sub    | fft2d_fixed.cpp:88  |  643           |               |              |             |               |
|      ComplexFixed  | fft2d_fixed.hpp:35  |    7           |               |              |             |               |
+--------------------+---------------------+----------------+---------------+--------------+-------------+---------------+

* Design Size Message Settings
+---------------------------------------------+--------+------------------------------------------------------------------+
| Message Setting                             | Value  | Description                                                      |
+---------------------------------------------+--------+------------------------------------------------------------------+
| config_compile -design_size_maximum_warning | 100000 | Show a warning when total design instructions exceeds this value |
+---------------------------------------------+--------+------------------------------------------------------------------+


