

================================================================
== Vitis HLS Report for 'fft1d_fixed_col_Pipeline_VITIS_LOOP_135_2'
================================================================
* Date:           Mon Jun 29 12:38:43 2026

* Version:        2025.2 (Build 6295257 on Nov 14 2025)
* Project:        fft2d_accel_rgb_prj
* Solution:       solution1 (Vivado IP Flow Target)
* Product family: zynq
* Target device:  xc7z020-clg400-1


================================================================
== Performance Estimates
================================================================
+ Timing: 
    * Summary: 
    +--------+----------+----------+------------+
    |  Clock |  Target  | Estimated| Uncertainty|
    +--------+----------+----------+------------+
    |ap_clk  |  10.00 ns|  4.140 ns|     2.70 ns|
    +--------+----------+----------+------------+

+ Latency: 
    * Summary: 
    +---------+---------+----------+----------+-----+-----+-------------------+
    |  Latency (cycles) |  Latency (absolute) |  Interval |      Pipeline     |
    |   min   |   max   |    min   |    max   | min | max |        Type       |
    +---------+---------+----------+----------+-----+-----+-------------------+
    |        ?|        ?|         ?|         ?|    0|    0|  loop pipeline stp|
    +---------+---------+----------+----------+-----+-----+-------------------+

    + Detail: 
        * Instance: 
        N/A

        * Loop: 
        +--------------------+---------+---------+----------+-----------+-----------+------+----------+
        |                    |  Latency (cycles) | Iteration|  Initiation Interval  | Trip |          |
        |      Loop Name     |   min   |   max   |  Latency |  achieved |   target  | Count| Pipelined|
        +--------------------+---------+---------+----------+-----------+-----------+------+----------+
        |- VITIS_LOOP_135_2  |        ?|        ?|         1|          1|          1|     ?|       yes|
        +--------------------+---------+---------+----------+-----------+-----------+------+----------+



================================================================
== Utilization Estimates
================================================================
* Summary: 
+-----------------+---------+-----+--------+-------+-----+
|       Name      | BRAM_18K| DSP |   FF   |  LUT  | URAM|
+-----------------+---------+-----+--------+-------+-----+
|DSP              |        -|    -|       -|      -|    -|
|Expression       |        -|    -|       0|    105|    -|
|FIFO             |        -|    -|       -|      -|    -|
|Instance         |        -|    -|       -|      -|    -|
|Memory           |        -|    -|       -|      -|    -|
|Multiplexer      |        -|    -|       0|     36|    -|
|Register         |        -|    -|      65|      -|    -|
+-----------------+---------+-----+--------+-------+-----+
|Total            |        0|    0|      65|    141|    0|
+-----------------+---------+-----+--------+-------+-----+
|Available        |      280|  220|  106400|  53200|    0|
+-----------------+---------+-----+--------+-------+-----+
|Utilization (%)  |        0|    0|      ~0|     ~0|    0|
+-----------------+---------+-----+--------+-------+-----+

+ Detail: 
    * Instance: 
    N/A

    * DSP: 
    N/A

    * Memory: 
    N/A

    * FIFO: 
    N/A

    * Expression: 
    +---------------------+----------+----+---+----+------------+------------+
    |    Variable Name    | Operation| DSP| FF| LUT| Bitwidth P0| Bitwidth P1|
    +---------------------+----------+----+---+----+------------+------------+
    |and_ln135_fu_69_p2   |       and|   0|  0|  32|          32|          32|
    |icmp_ln135_fu_75_p2  |      icmp|   0|  0|  39|          32|           1|
    |ap_enable_pp0        |       xor|   0|  0|   2|           1|           2|
    |j_2_out              |       xor|   0|  0|  32|          32|          32|
    +---------------------+----------+----+---+----+------------+------------+
    |Total                |          |   0|  0| 105|          97|          67|
    +---------------------+----------+----+---+----+------------+------------+

    * Multiplexer: 
    +-------------------------+----+-----------+-----+-----------+
    |           Name          | LUT| Input Size| Bits| Total Bits|
    +-------------------------+----+-----------+-----+-----------+
    |ap_done_int              |   9|          2|    1|          2|
    |ap_enable_reg_pp0_iter1  |   9|          2|    1|          2|
    |bit_fu_32                |   9|          2|   30|         60|
    |j_1_fu_28                |   9|          2|   32|         64|
    +-------------------------+----+-----------+-----+-----------+
    |Total                    |  36|          8|   64|        128|
    +-------------------------+----+-----------+-----+-----------+

    * Register: 
    +-------------------------+----+----+-----+-----------+
    |           Name          | FF | LUT| Bits| Const Bits|
    +-------------------------+----+----+-----+-----------+
    |ap_CS_fsm                |   1|   0|    1|          0|
    |ap_done_reg              |   1|   0|    1|          0|
    |ap_enable_reg_pp0_iter1  |   1|   0|    1|          0|
    |bit_fu_32                |  30|   0|   30|          0|
    |j_1_fu_28                |  32|   0|   32|          0|
    +-------------------------+----+----+-----+-----------+
    |Total                    |  65|   0|   65|          0|
    +-------------------------+----+----+-----+-----------+



================================================================
== Interface
================================================================
* Summary: 
+----------------+-----+-----+------------+-------------------------------------------+--------------+
|    RTL Ports   | Dir | Bits|  Protocol  |               Source Object               |    C Type    |
+----------------+-----+-----+------------+-------------------------------------------+--------------+
|ap_clk          |   in|    1|  ap_ctrl_hs|  fft1d_fixed_col_Pipeline_VITIS_LOOP_135_2|  return value|
|ap_rst          |   in|    1|  ap_ctrl_hs|  fft1d_fixed_col_Pipeline_VITIS_LOOP_135_2|  return value|
|ap_start        |   in|    1|  ap_ctrl_hs|  fft1d_fixed_col_Pipeline_VITIS_LOOP_135_2|  return value|
|ap_done         |  out|    1|  ap_ctrl_hs|  fft1d_fixed_col_Pipeline_VITIS_LOOP_135_2|  return value|
|ap_idle         |  out|    1|  ap_ctrl_hs|  fft1d_fixed_col_Pipeline_VITIS_LOOP_135_2|  return value|
|ap_ready        |  out|    1|  ap_ctrl_hs|  fft1d_fixed_col_Pipeline_VITIS_LOOP_135_2|  return value|
|j               |   in|   32|     ap_none|                                          j|        scalar|
|j_2_out         |  out|   32|      ap_vld|                                    j_2_out|       pointer|
|j_2_out_ap_vld  |  out|    1|      ap_vld|                                    j_2_out|       pointer|
+----------------+-----+-----+------------+-------------------------------------------+--------------+

