

================================================================
== Vitis HLS Report for 'fft2d_fixed_top_Outline_VITIS_LOOP_189_4'
================================================================
* Date:           Mon Jun 29 12:38:43 2026

* Version:        2025.2 (Build 6295257 on Nov 14 2025)
* Project:        fft2d_accel_rgb_prj
* Solution:       solution1 (Vivado IP Flow Target)
* Product family: zynq
* Target device:  xc7z020-clg400-1


================================================================
== Performance Estimates
================================================================
+ Timing: 
    * Summary: 
    +--------+----------+----------+------------+
    |  Clock |  Target  | Estimated| Uncertainty|
    +--------+----------+----------+------------+
    |ap_clk  |  10.00 ns|  6.981 ns|     2.70 ns|
    +--------+----------+----------+------------+

+ Latency: 
    * Summary: 
    +---------+---------+----------+----------+-----+-----+---------+
    |  Latency (cycles) |  Latency (absolute) |  Interval | Pipeline|
    |   min   |   max   |    min   |    max   | min | max |   Type  |
    +---------+---------+----------+----------+-----+-----+---------+
    |        ?|        ?|         ?|         ?|    ?|    ?|       no|
    +---------+---------+----------+----------+-----+-----+---------+

    + Detail: 
        * Instance: 
        +-----------------------------------------------------+-------------------------------------------+---------+---------+----------+----------+-----+-----+-------------------+
        |                                                     |                                           |  Latency (cycles) |  Latency (absolute) |  Interval |      Pipeline     |
        |                       Instance                      |                   Module                  |   min   |   max   |    min   |    max   | min | max |        Type       |
        +-----------------------------------------------------+-------------------------------------------+---------+---------+----------+----------+-----+-----+-------------------+
        |grp_fft2d_fixed_top_Pipeline_VITIS_LOOP_191_6_fu_65  |fft2d_fixed_top_Pipeline_VITIS_LOOP_191_6  |       66|       66|  0.660 us|  0.660 us|    0|    0|  loop pipeline stp|
        |grp_fft1d_fixed_fu_78                                |fft1d_fixed                                |        ?|        ?|         ?|         ?|    ?|    ?|                 no|
        |grp_fft2d_fixed_top_Pipeline_VITIS_LOOP_197_7_fu_90  |fft2d_fixed_top_Pipeline_VITIS_LOOP_197_7  |       66|       66|  0.660 us|  0.660 us|    0|    0|  loop pipeline stp|
        +-----------------------------------------------------+-------------------------------------------+---------+---------+----------+----------+-----+-----+-------------------+

        * Loop: 
        +---------------------+---------+---------+----------+-----------+-----------+------+----------+
        |                     |  Latency (cycles) | Iteration|  Initiation Interval  | Trip |          |
        |      Loop Name      |   min   |   max   |  Latency |  achieved |   target  | Count| Pipelined|
        +---------------------+---------+---------+----------+-----------+-----------+------+----------+
        |- VITIS_LOOP_189_4   |        ?|        ?|         ?|          -|          -|     3|        no|
        | + VITIS_LOOP_190_5  |        ?|        ?|         ?|          -|          -|    64|        no|
        +---------------------+---------+---------+----------+-----------+-----------+------+----------+



================================================================
== Utilization Estimates
================================================================
* Summary: 
+-----------------+---------+-----+--------+-------+-----+
|       Name      | BRAM_18K| DSP |   FF   |  LUT  | URAM|
+-----------------+---------+-----+--------+-------+-----+
|DSP              |        -|    -|       -|      -|    -|
|Expression       |        -|    -|       0|     64|    -|
|FIFO             |        -|    -|       -|      -|    -|
|Instance         |        0|    -|    3462|   3829|    -|
|Memory           |        -|    -|       -|      -|    -|
|Multiplexer      |        -|    -|       0|    330|    -|
|Register         |        -|    -|      39|      -|    -|
+-----------------+---------+-----+--------+-------+-----+
|Total            |        0|    0|    3501|   4223|    0|
+-----------------+---------+-----+--------+-------+-----+
|Available        |      280|  220|  106400|  53200|    0|
+-----------------+---------+-----+--------+-------+-----+
|Utilization (%)  |        0|    0|       3|      7|    0|
+-----------------+---------+-----+--------+-------+-----+

+ Detail: 
    * Instance: 
    +-----------------------------------------------------+-------------------------------------------+---------+----+------+------+-----+
    |                       Instance                      |                   Module                  | BRAM_18K| DSP|  FF  |  LUT | URAM|
    +-----------------------------------------------------+-------------------------------------------+---------+----+------+------+-----+
    |grp_fft1d_fixed_fu_78                                |fft1d_fixed                                |        0|   0|  3428|  3661|    0|
    |grp_fft2d_fixed_top_Pipeline_VITIS_LOOP_191_6_fu_65  |fft2d_fixed_top_Pipeline_VITIS_LOOP_191_6  |        0|   0|    17|    84|    0|
    |grp_fft2d_fixed_top_Pipeline_VITIS_LOOP_197_7_fu_90  |fft2d_fixed_top_Pipeline_VITIS_LOOP_197_7  |        0|   0|    17|    84|    0|
    +-----------------------------------------------------+-------------------------------------------+---------+----+------+------+-----+
    |Total                                                |                                           |        0|   0|  3462|  3829|    0|
    +-----------------------------------------------------+-------------------------------------------+---------+----+------+------+-----+

    * DSP: 
    N/A

    * Memory: 
    N/A

    * FIFO: 
    N/A

    * Expression: 
    +----------------------+----------+----+---+----+------------+------------+
    |     Variable Name    | Operation| DSP| FF| LUT| Bitwidth P0| Bitwidth P1|
    +----------------------+----------+----+---+----+------------+------------+
    |add_ln189_fu_117_p2   |         +|   0|  0|  10|           2|           1|
    |add_ln190_fu_137_p2   |         +|   0|  0|  14|           7|           1|
    |add_ln192_fu_147_p2   |         +|   0|  0|  15|           8|           8|
    |icmp_ln189_fu_111_p2  |      icmp|   0|  0|  10|           2|           2|
    |icmp_ln190_fu_131_p2  |      icmp|   0|  0|  15|           7|           8|
    +----------------------+----------+----+---+----+------------+------------+
    |Total                 |          |   0|  0|  64|          26|          20|
    +----------------------+----------+----+---+----+------------+------------+

    * Multiplexer: 
    +--------------------------+----+-----------+-----+-----------+
    |           Name           | LUT| Input Size| Bits| Total Bits|
    +--------------------------+----+-----------+-----+-----------+
    |ap_NS_fsm                 |  48|          9|    1|          9|
    |ch_fu_50                  |   9|          2|    2|          4|
    |grp_fu_199_ce             |   9|          2|    1|          2|
    |grp_fu_203_ce             |   9|          2|    1|          2|
    |grp_fu_207_ce             |   9|          2|    1|          2|
    |grp_fu_211_ce             |   9|          2|    1|          2|
    |matrix_imag_address0      |  14|          3|   14|         42|
    |matrix_imag_ce0           |  14|          3|    1|          3|
    |matrix_imag_we0           |   9|          2|    1|          2|
    |matrix_real_address0      |  14|          3|   14|         42|
    |matrix_real_ce0           |  14|          3|    1|          3|
    |matrix_real_we0           |   9|          2|    1|          2|
    |r_1_reg_54                |   9|          2|    7|         14|
    |row_buffer_imag_address0  |  20|          4|    6|         24|
    |row_buffer_imag_ce0       |  20|          4|    1|          4|
    |row_buffer_imag_ce1       |   9|          2|    1|          2|
    |row_buffer_imag_d0        |  14|          3|   32|         96|
    |row_buffer_imag_we0       |  14|          3|    1|          3|
    |row_buffer_real_address0  |  20|          4|    6|         24|
    |row_buffer_real_ce0       |  20|          4|    1|          4|
    |row_buffer_real_ce1       |   9|          2|    1|          2|
    |row_buffer_real_d0        |  14|          3|   32|         96|
    |row_buffer_real_we0       |  14|          3|    1|          3|
    +--------------------------+----+-----------+-----+-----------+
    |Total                     | 330|         69|  128|        387|
    +--------------------------+----+-----------+-----+-----------+

    * Register: 
    +------------------------------------------------------------------+---+----+-----+-----------+
    |                               Name                               | FF| LUT| Bits| Const Bits|
    +------------------------------------------------------------------+---+----+-----+-----------+
    |add_ln189_reg_175                                                 |  2|   0|    2|          0|
    |add_ln190_reg_188                                                 |  7|   0|    7|          0|
    |ap_CS_fsm                                                         |  8|   0|    8|          0|
    |ch_fu_50                                                          |  2|   0|    2|          0|
    |grp_fft1d_fixed_fu_78_ap_start_reg                                |  1|   0|    1|          0|
    |grp_fft2d_fixed_top_Pipeline_VITIS_LOOP_191_6_fu_65_ap_start_reg  |  1|   0|    1|          0|
    |grp_fft2d_fixed_top_Pipeline_VITIS_LOOP_197_7_fu_90_ap_start_reg  |  1|   0|    1|          0|
    |r_1_reg_54                                                        |  7|   0|    7|          0|
    |tmp_3_reg_180                                                     |  2|   0|    8|          6|
    |tmp_reg_193                                                       |  8|   0|   14|          6|
    +------------------------------------------------------------------+---+----+-----+-----------+
    |Total                                                             | 39|   0|   51|         12|
    +------------------------------------------------------------------+---+----+-----+-----------+



================================================================
== Interface
================================================================
* Summary: 
+--------------------------+-----+-----+------------+------------------------------------------+--------------+
|         RTL Ports        | Dir | Bits|  Protocol  |               Source Object              |    C Type    |
+--------------------------+-----+-----+------------+------------------------------------------+--------------+
|ap_clk                    |   in|    1|  ap_ctrl_hs|  fft2d_fixed_top_Outline_VITIS_LOOP_189_4|  return value|
|ap_rst                    |   in|    1|  ap_ctrl_hs|  fft2d_fixed_top_Outline_VITIS_LOOP_189_4|  return value|
|ap_start                  |   in|    1|  ap_ctrl_hs|  fft2d_fixed_top_Outline_VITIS_LOOP_189_4|  return value|
|ap_done                   |  out|    1|  ap_ctrl_hs|  fft2d_fixed_top_Outline_VITIS_LOOP_189_4|  return value|
|ap_idle                   |  out|    1|  ap_ctrl_hs|  fft2d_fixed_top_Outline_VITIS_LOOP_189_4|  return value|
|ap_ready                  |  out|    1|  ap_ctrl_hs|  fft2d_fixed_top_Outline_VITIS_LOOP_189_4|  return value|
|grp_fu_480_p_din0         |  out|   32|  ap_ctrl_hs|  fft2d_fixed_top_Outline_VITIS_LOOP_189_4|  return value|
|grp_fu_480_p_din1         |  out|   13|  ap_ctrl_hs|  fft2d_fixed_top_Outline_VITIS_LOOP_189_4|  return value|
|grp_fu_480_p_dout0        |   in|   45|  ap_ctrl_hs|  fft2d_fixed_top_Outline_VITIS_LOOP_189_4|  return value|
|grp_fu_480_p_ce           |  out|    1|  ap_ctrl_hs|  fft2d_fixed_top_Outline_VITIS_LOOP_189_4|  return value|
|grp_fu_484_p_din0         |  out|   32|  ap_ctrl_hs|  fft2d_fixed_top_Outline_VITIS_LOOP_189_4|  return value|
|grp_fu_484_p_din1         |  out|   13|  ap_ctrl_hs|  fft2d_fixed_top_Outline_VITIS_LOOP_189_4|  return value|
|grp_fu_484_p_dout0        |   in|   45|  ap_ctrl_hs|  fft2d_fixed_top_Outline_VITIS_LOOP_189_4|  return value|
|grp_fu_484_p_ce           |  out|    1|  ap_ctrl_hs|  fft2d_fixed_top_Outline_VITIS_LOOP_189_4|  return value|
|grp_fu_488_p_din0         |  out|   32|  ap_ctrl_hs|  fft2d_fixed_top_Outline_VITIS_LOOP_189_4|  return value|
|grp_fu_488_p_din1         |  out|   14|  ap_ctrl_hs|  fft2d_fixed_top_Outline_VITIS_LOOP_189_4|  return value|
|grp_fu_488_p_dout0        |   in|   44|  ap_ctrl_hs|  fft2d_fixed_top_Outline_VITIS_LOOP_189_4|  return value|
|grp_fu_488_p_ce           |  out|    1|  ap_ctrl_hs|  fft2d_fixed_top_Outline_VITIS_LOOP_189_4|  return value|
|grp_fu_492_p_din0         |  out|   32|  ap_ctrl_hs|  fft2d_fixed_top_Outline_VITIS_LOOP_189_4|  return value|
|grp_fu_492_p_din1         |  out|   14|  ap_ctrl_hs|  fft2d_fixed_top_Outline_VITIS_LOOP_189_4|  return value|
|grp_fu_492_p_dout0        |   in|   44|  ap_ctrl_hs|  fft2d_fixed_top_Outline_VITIS_LOOP_189_4|  return value|
|grp_fu_492_p_ce           |  out|    1|  ap_ctrl_hs|  fft2d_fixed_top_Outline_VITIS_LOOP_189_4|  return value|
|row_buffer_real_address0  |  out|    6|   ap_memory|                           row_buffer_real|         array|
|row_buffer_real_ce0       |  out|    1|   ap_memory|                           row_buffer_real|         array|
|row_buffer_real_we0       |  out|    1|   ap_memory|                           row_buffer_real|         array|
|row_buffer_real_d0        |  out|   32|   ap_memory|                           row_buffer_real|         array|
|row_buffer_real_q0        |   in|   32|   ap_memory|                           row_buffer_real|         array|
|row_buffer_real_address1  |  out|    6|   ap_memory|                           row_buffer_real|         array|
|row_buffer_real_ce1       |  out|    1|   ap_memory|                           row_buffer_real|         array|
|row_buffer_real_q1        |   in|   32|   ap_memory|                           row_buffer_real|         array|
|row_buffer_imag_address0  |  out|    6|   ap_memory|                           row_buffer_imag|         array|
|row_buffer_imag_ce0       |  out|    1|   ap_memory|                           row_buffer_imag|         array|
|row_buffer_imag_we0       |  out|    1|   ap_memory|                           row_buffer_imag|         array|
|row_buffer_imag_d0        |  out|   32|   ap_memory|                           row_buffer_imag|         array|
|row_buffer_imag_q0        |   in|   32|   ap_memory|                           row_buffer_imag|         array|
|row_buffer_imag_address1  |  out|    6|   ap_memory|                           row_buffer_imag|         array|
|row_buffer_imag_ce1       |  out|    1|   ap_memory|                           row_buffer_imag|         array|
|row_buffer_imag_q1        |   in|   32|   ap_memory|                           row_buffer_imag|         array|
|matrix_real_address0      |  out|   14|   ap_memory|                               matrix_real|         array|
|matrix_real_ce0           |  out|    1|   ap_memory|                               matrix_real|         array|
|matrix_real_we0           |  out|    1|   ap_memory|                               matrix_real|         array|
|matrix_real_d0            |  out|   32|   ap_memory|                               matrix_real|         array|
|matrix_real_q0            |   in|   32|   ap_memory|                               matrix_real|         array|
|matrix_imag_address0      |  out|   14|   ap_memory|                               matrix_imag|         array|
|matrix_imag_ce0           |  out|    1|   ap_memory|                               matrix_imag|         array|
|matrix_imag_we0           |  out|    1|   ap_memory|                               matrix_imag|         array|
|matrix_imag_d0            |  out|   32|   ap_memory|                               matrix_imag|         array|
|matrix_imag_q0            |   in|   32|   ap_memory|                               matrix_imag|         array|
+--------------------------+-----+-----+------------+------------------------------------------+--------------+

