

================================================================
== Vitis HLS Report for 'fft2d_fixed_top_Pipeline_VITIS_LOOP_180_1_VITIS_LOOP_181_2_VITIS_LOOP_182_3'
================================================================
* Date:           Mon Jun 29 12:38:41 2026

* Version:        2025.2 (Build 6295257 on Nov 14 2025)
* Project:        fft2d_accel_rgb_prj
* Solution:       solution1 (Vivado IP Flow Target)
* Product family: zynq
* Target device:  xc7z020-clg400-1


================================================================
== Performance Estimates
================================================================
+ Timing: 
    * Summary: 
    +--------+----------+----------+------------+
    |  Clock |  Target  | Estimated| Uncertainty|
    +--------+----------+----------+------------+
    |ap_clk  |  10.00 ns|  7.300 ns|     2.70 ns|
    +--------+----------+----------+------------+

+ Latency: 
    * Summary: 
    +---------+---------+----------+----------+-----+-----+-------------------+
    |  Latency (cycles) |  Latency (absolute) |  Interval |      Pipeline     |
    |   min   |   max   |    min   |    max   | min | max |        Type       |
    +---------+---------+----------+----------+-----+-----+-------------------+
    |    12291|    12291|  0.123 ms|  0.123 ms|    0|    0|  loop pipeline stp|
    +---------+---------+----------+----------+-----+-----+-------------------+

    + Detail: 
        * Instance: 
        N/A

        * Loop: 
        +------------------------------------------------------+---------+---------+----------+-----------+-----------+-------+----------+
        |                                                      |  Latency (cycles) | Iteration|  Initiation Interval  |  Trip |          |
        |                       Loop Name                      |   min   |   max   |  Latency |  achieved |   target  | Count | Pipelined|
        +------------------------------------------------------+---------+---------+----------+-----------+-----------+-------+----------+
        |- VITIS_LOOP_180_1_VITIS_LOOP_181_2_VITIS_LOOP_182_3  |    12289|    12289|         3|          1|          1|  12288|       yes|
        +------------------------------------------------------+---------+---------+----------+-----------+-----------+-------+----------+



================================================================
== Utilization Estimates
================================================================
* Summary: 
+-----------------+---------+-----+--------+-------+-----+
|       Name      | BRAM_18K| DSP |   FF   |  LUT  | URAM|
+-----------------+---------+-----+--------+-------+-----+
|DSP              |        -|    -|       -|      -|    -|
|Expression       |        -|    -|       0|    202|    -|
|FIFO             |        -|    -|       -|      -|    -|
|Instance         |        -|    -|       -|      -|    -|
|Memory           |        -|    -|       -|      -|    -|
|Multiplexer      |        -|    -|       0|     81|    -|
|Register         |        -|    -|      98|      -|    -|
+-----------------+---------+-----+--------+-------+-----+
|Total            |        0|    0|      98|    283|    0|
+-----------------+---------+-----+--------+-------+-----+
|Available        |      280|  220|  106400|  53200|    0|
+-----------------+---------+-----+--------+-------+-----+
|Utilization (%)  |        0|    0|      ~0|     ~0|    0|
+-----------------+---------+-----+--------+-------+-----+

+ Detail: 
    * Instance: 
    N/A

    * DSP: 
    N/A

    * Memory: 
    N/A

    * FIFO: 
    N/A

    * Expression: 
    +---------------------------+----------+----+---+----+------------+------------+
    |       Variable Name       | Operation| DSP| FF| LUT| Bitwidth P0| Bitwidth P1|
    +---------------------------+----------+----+---+----+------------+------------+
    |add_ln180_1_fu_168_p2      |         +|   0|  0|  17|          14|           1|
    |add_ln180_fu_197_p2        |         +|   0|  0|  10|           2|           1|
    |add_ln181_1_fu_277_p2      |         +|   0|  0|  17|          14|           1|
    |add_ln181_fu_243_p2        |         +|   0|  0|  14|           7|           1|
    |add_ln182_fu_271_p2        |         +|   0|  0|  14|           7|           1|
    |add_ln184_1_fu_338_p2      |         +|   0|  0|  17|          14|          14|
    |add_ln184_fu_321_p2        |         +|   0|  0|  15|           8|           8|
    |and_ln180_fu_229_p2        |       and|   0|  0|   2|           1|           1|
    |ap_block_pp0_stage0_11001  |       and|   0|  0|   2|           1|           1|
    |ap_condition_148           |       and|   0|  0|   2|           1|           1|
    |icmp_ln180_fu_162_p2       |      icmp|   0|  0|  17|          14|          14|
    |icmp_ln181_fu_203_p2       |      icmp|   0|  0|  17|          14|          13|
    |icmp_ln182_fu_223_p2       |      icmp|   0|  0|  15|           7|           8|
    |empty_fu_249_p2            |        or|   0|  0|   2|           1|           1|
    |c_mid2_fu_255_p3           |    select|   0|  0|   7|           1|           1|
    |select_ln180_1_fu_235_p3   |    select|   0|  0|   2|           1|           2|
    |select_ln180_fu_209_p3     |    select|   0|  0|   7|           1|           1|
    |select_ln181_1_fu_283_p3   |    select|   0|  0|  14|           1|           1|
    |select_ln181_fu_263_p3     |    select|   0|  0|   7|           1|           7|
    |ap_enable_pp0              |       xor|   0|  0|   2|           1|           2|
    |xor_ln180_fu_217_p2        |       xor|   0|  0|   2|           1|           2|
    +---------------------------+----------+----+---+----+------------+------------+
    |Total                      |          |   0|  0| 202|         112|          82|
    +---------------------------+----------+----+---+----+------------+------------+

    * Multiplexer: 
    +----------------------------------------+----+-----------+-----+-----------+
    |                  Name                  | LUT| Input Size| Bits| Total Bits|
    +----------------------------------------+----+-----------+-----+-----------+
    |ap_done_int                             |   9|          2|    1|          2|
    |ap_enable_reg_pp0_iter1                 |   9|          2|    1|          2|
    |ap_sig_allocacmp_indvar_flatten12_load  |   9|          2|   14|         28|
    |c_fu_72                                 |   9|          2|    7|         14|
    |ch_fu_84                                |   9|          2|    2|          4|
    |gmem0_blk_n_R                           |   9|          2|    1|          2|
    |indvar_flatten12_fu_88                  |   9|          2|   14|         28|
    |indvar_flatten_fu_80                    |   9|          2|   14|         28|
    |r_fu_76                                 |   9|          2|    7|         14|
    +----------------------------------------+----+-----------+-----+-----------+
    |Total                                   |  81|         18|   61|        122|
    +----------------------------------------+----+-----------+-----+-----------+

    * Register: 
    +-------------------------------------------+----+----+-----+-----------+
    |                    Name                   | FF | LUT| Bits| Const Bits|
    +-------------------------------------------+----+----+-----+-----------+
    |ap_CS_fsm                                  |   1|   0|    1|          0|
    |ap_block_pp0_stage0_subdone_grp0_done_reg  |   1|   0|    1|          0|
    |ap_done_reg                                |   1|   0|    1|          0|
    |ap_enable_reg_pp0_iter1                    |   1|   0|    1|          0|
    |ap_enable_reg_pp0_iter2                    |   1|   0|    1|          0|
    |ap_loop_exit_ready_pp0_iter1_reg           |   1|   0|    1|          0|
    |c_fu_72                                    |   7|   0|    7|          0|
    |c_mid2_reg_399                             |   7|   0|    7|          0|
    |ch_fu_84                                   |   2|   0|    2|          0|
    |gmem0_addr_read_reg_409                    |  32|   0|   32|          0|
    |indvar_flatten12_fu_88                     |  14|   0|   14|          0|
    |indvar_flatten_fu_80                       |  14|   0|   14|          0|
    |r_fu_76                                    |   7|   0|    7|          0|
    |select_ln180_1_reg_394                     |   2|   0|    2|          0|
    |select_ln181_reg_404                       |   7|   0|    7|          0|
    +-------------------------------------------+----+----+-----+-----------+
    |Total                                      |  98|   0|   98|          0|
    +-------------------------------------------+----+----+-----+-----------+



================================================================
== Interface
================================================================
* Summary: 
+------------------------+-----+-----+------------+-----------------------------------------------------------------------------+--------------+
|        RTL Ports       | Dir | Bits|  Protocol  |                                Source Object                                |    C Type    |
+------------------------+-----+-----+------------+-----------------------------------------------------------------------------+--------------+
|ap_clk                  |   in|    1|  ap_ctrl_hs|  fft2d_fixed_top_Pipeline_VITIS_LOOP_180_1_VITIS_LOOP_181_2_VITIS_LOOP_182_3|  return value|
|ap_rst                  |   in|    1|  ap_ctrl_hs|  fft2d_fixed_top_Pipeline_VITIS_LOOP_180_1_VITIS_LOOP_181_2_VITIS_LOOP_182_3|  return value|
|ap_start                |   in|    1|  ap_ctrl_hs|  fft2d_fixed_top_Pipeline_VITIS_LOOP_180_1_VITIS_LOOP_181_2_VITIS_LOOP_182_3|  return value|
|ap_done                 |  out|    1|  ap_ctrl_hs|  fft2d_fixed_top_Pipeline_VITIS_LOOP_180_1_VITIS_LOOP_181_2_VITIS_LOOP_182_3|  return value|
|ap_idle                 |  out|    1|  ap_ctrl_hs|  fft2d_fixed_top_Pipeline_VITIS_LOOP_180_1_VITIS_LOOP_181_2_VITIS_LOOP_182_3|  return value|
|ap_ready                |  out|    1|  ap_ctrl_hs|  fft2d_fixed_top_Pipeline_VITIS_LOOP_180_1_VITIS_LOOP_181_2_VITIS_LOOP_182_3|  return value|
|m_axi_gmem0_0_AWVALID   |  out|    1|       m_axi|                                                                        gmem0|       pointer|
|m_axi_gmem0_0_AWREADY   |   in|    1|       m_axi|                                                                        gmem0|       pointer|
|m_axi_gmem0_0_AWADDR    |  out|   64|       m_axi|                                                                        gmem0|       pointer|
|m_axi_gmem0_0_AWID      |  out|    1|       m_axi|                                                                        gmem0|       pointer|
|m_axi_gmem0_0_AWLEN     |  out|   32|       m_axi|                                                                        gmem0|       pointer|
|m_axi_gmem0_0_AWSIZE    |  out|    3|       m_axi|                                                                        gmem0|       pointer|
|m_axi_gmem0_0_AWBURST   |  out|    2|       m_axi|                                                                        gmem0|       pointer|
|m_axi_gmem0_0_AWLOCK    |  out|    2|       m_axi|                                                                        gmem0|       pointer|
|m_axi_gmem0_0_AWCACHE   |  out|    4|       m_axi|                                                                        gmem0|       pointer|
|m_axi_gmem0_0_AWPROT    |  out|    3|       m_axi|                                                                        gmem0|       pointer|
|m_axi_gmem0_0_AWQOS     |  out|    4|       m_axi|                                                                        gmem0|       pointer|
|m_axi_gmem0_0_AWREGION  |  out|    4|       m_axi|                                                                        gmem0|       pointer|
|m_axi_gmem0_0_AWUSER    |  out|    1|       m_axi|                                                                        gmem0|       pointer|
|m_axi_gmem0_0_WVALID    |  out|    1|       m_axi|                                                                        gmem0|       pointer|
|m_axi_gmem0_0_WREADY    |   in|    1|       m_axi|                                                                        gmem0|       pointer|
|m_axi_gmem0_0_WDATA     |  out|   32|       m_axi|                                                                        gmem0|       pointer|
|m_axi_gmem0_0_WSTRB     |  out|    4|       m_axi|                                                                        gmem0|       pointer|
|m_axi_gmem0_0_WLAST     |  out|    1|       m_axi|                                                                        gmem0|       pointer|
|m_axi_gmem0_0_WID       |  out|    1|       m_axi|                                                                        gmem0|       pointer|
|m_axi_gmem0_0_WUSER     |  out|    1|       m_axi|                                                                        gmem0|       pointer|
|m_axi_gmem0_0_ARVALID   |  out|    1|       m_axi|                                                                        gmem0|       pointer|
|m_axi_gmem0_0_ARREADY   |   in|    1|       m_axi|                                                                        gmem0|       pointer|
|m_axi_gmem0_0_ARADDR    |  out|   64|       m_axi|                                                                        gmem0|       pointer|
|m_axi_gmem0_0_ARID      |  out|    1|       m_axi|                                                                        gmem0|       pointer|
|m_axi_gmem0_0_ARLEN     |  out|   32|       m_axi|                                                                        gmem0|       pointer|
|m_axi_gmem0_0_ARSIZE    |  out|    3|       m_axi|                                                                        gmem0|       pointer|
|m_axi_gmem0_0_ARBURST   |  out|    2|       m_axi|                                                                        gmem0|       pointer|
|m_axi_gmem0_0_ARLOCK    |  out|    2|       m_axi|                                                                        gmem0|       pointer|
|m_axi_gmem0_0_ARCACHE   |  out|    4|       m_axi|                                                                        gmem0|       pointer|
|m_axi_gmem0_0_ARPROT    |  out|    3|       m_axi|                                                                        gmem0|       pointer|
|m_axi_gmem0_0_ARQOS     |  out|    4|       m_axi|                                                                        gmem0|       pointer|
|m_axi_gmem0_0_ARREGION  |  out|    4|       m_axi|                                                                        gmem0|       pointer|
|m_axi_gmem0_0_ARUSER    |  out|    1|       m_axi|                                                                        gmem0|       pointer|
|m_axi_gmem0_0_RVALID    |   in|    1|       m_axi|                                                                        gmem0|       pointer|
|m_axi_gmem0_0_RREADY    |  out|    1|       m_axi|                                                                        gmem0|       pointer|
|m_axi_gmem0_0_RDATA     |   in|   32|       m_axi|                                                                        gmem0|       pointer|
|m_axi_gmem0_0_RLAST     |   in|    1|       m_axi|                                                                        gmem0|       pointer|
|m_axi_gmem0_0_RID       |   in|    1|       m_axi|                                                                        gmem0|       pointer|
|m_axi_gmem0_0_RFIFONUM  |   in|    9|       m_axi|                                                                        gmem0|       pointer|
|m_axi_gmem0_0_RUSER     |   in|    1|       m_axi|                                                                        gmem0|       pointer|
|m_axi_gmem0_0_RRESP     |   in|    2|       m_axi|                                                                        gmem0|       pointer|
|m_axi_gmem0_0_BVALID    |   in|    1|       m_axi|                                                                        gmem0|       pointer|
|m_axi_gmem0_0_BREADY    |  out|    1|       m_axi|                                                                        gmem0|       pointer|
|m_axi_gmem0_0_BRESP     |   in|    2|       m_axi|                                                                        gmem0|       pointer|
|m_axi_gmem0_0_BID       |   in|    1|       m_axi|                                                                        gmem0|       pointer|
|m_axi_gmem0_0_BUSER     |   in|    1|       m_axi|                                                                        gmem0|       pointer|
|sext_ln180              |   in|   62|     ap_none|                                                                   sext_ln180|        scalar|
|matrix_real_address0    |  out|   14|   ap_memory|                                                                  matrix_real|         array|
|matrix_real_ce0         |  out|    1|   ap_memory|                                                                  matrix_real|         array|
|matrix_real_we0         |  out|    1|   ap_memory|                                                                  matrix_real|         array|
|matrix_real_d0          |  out|   32|   ap_memory|                                                                  matrix_real|         array|
|matrix_imag_address0    |  out|   14|   ap_memory|                                                                  matrix_imag|         array|
|matrix_imag_ce0         |  out|    1|   ap_memory|                                                                  matrix_imag|         array|
|matrix_imag_we0         |  out|    1|   ap_memory|                                                                  matrix_imag|         array|
|matrix_imag_d0          |  out|   32|   ap_memory|                                                                  matrix_imag|         array|
+------------------------+-----+-----+------------+-----------------------------------------------------------------------------+--------------+

