

================================================================
== Vitis HLS Report for 'fft2d_fixed_top_Pipeline_VITIS_LOOP_191_6'
================================================================
* Date:           Mon Jun 29 12:38:41 2026

* Version:        2025.2 (Build 6295257 on Nov 14 2025)
* Project:        fft2d_accel_rgb_prj
* Solution:       solution1 (Vivado IP Flow Target)
* Product family: zynq
* Target device:  xc7z020-clg400-1


================================================================
== Performance Estimates
================================================================
+ Timing: 
    * Summary: 
    +--------+----------+----------+------------+
    |  Clock |  Target  | Estimated| Uncertainty|
    +--------+----------+----------+------------+
    |ap_clk  |  10.00 ns|  6.654 ns|     2.70 ns|
    +--------+----------+----------+------------+

+ Latency: 
    * Summary: 
    +---------+---------+----------+----------+-----+-----+-------------------+
    |  Latency (cycles) |  Latency (absolute) |  Interval |      Pipeline     |
    |   min   |   max   |    min   |    max   | min | max |        Type       |
    +---------+---------+----------+----------+-----+-----+-------------------+
    |       66|       66|  0.660 us|  0.660 us|    0|    0|  loop pipeline stp|
    +---------+---------+----------+----------+-----+-----+-------------------+

    + Detail: 
        * Instance: 
        N/A

        * Loop: 
        +--------------------+---------+---------+----------+-----------+-----------+------+----------+
        |                    |  Latency (cycles) | Iteration|  Initiation Interval  | Trip |          |
        |      Loop Name     |   min   |   max   |  Latency |  achieved |   target  | Count| Pipelined|
        +--------------------+---------+---------+----------+-----------+-----------+------+----------+
        |- VITIS_LOOP_191_6  |       64|       64|         2|          1|          1|    64|       yes|
        +--------------------+---------+---------+----------+-----------+-----------+------+----------+



================================================================
== Utilization Estimates
================================================================
* Summary: 
+-----------------+---------+-----+--------+-------+-----+
|       Name      | BRAM_18K| DSP |   FF   |  LUT  | URAM|
+-----------------+---------+-----+--------+-------+-----+
|DSP              |        -|    -|       -|      -|    -|
|Expression       |        -|    -|       0|     48|    -|
|FIFO             |        -|    -|       -|      -|    -|
|Instance         |        -|    -|       -|      -|    -|
|Memory           |        -|    -|       -|      -|    -|
|Multiplexer      |        -|    -|       0|     36|    -|
|Register         |        -|    -|      17|      -|    -|
+-----------------+---------+-----+--------+-------+-----+
|Total            |        0|    0|      17|     84|    0|
+-----------------+---------+-----+--------+-------+-----+
|Available        |      280|  220|  106400|  53200|    0|
+-----------------+---------+-----+--------+-------+-----+
|Utilization (%)  |        0|    0|      ~0|     ~0|    0|
+-----------------+---------+-----+--------+-------+-----+

+ Detail: 
    * Instance: 
    N/A

    * DSP: 
    N/A

    * Memory: 
    N/A

    * FIFO: 
    N/A

    * Expression: 
    +----------------------+----------+----+---+----+------------+------------+
    |     Variable Name    | Operation| DSP| FF| LUT| Bitwidth P0| Bitwidth P1|
    +----------------------+----------+----+---+----+------------+------------+
    |add_ln191_fu_116_p2   |         +|   0|  0|  14|           7|           1|
    |add_ln192_fu_126_p2   |         +|   0|  0|  17|          14|          14|
    |icmp_ln191_fu_110_p2  |      icmp|   0|  0|  15|           7|           8|
    |ap_enable_pp0         |       xor|   0|  0|   2|           1|           2|
    +----------------------+----------+----+---+----+------------+------------+
    |Total                 |          |   0|  0|  48|          29|          25|
    +----------------------+----------+----+---+----+------------+------------+

    * Multiplexer: 
    +-------------------------+----+-----------+-----+-----------+
    |           Name          | LUT| Input Size| Bits| Total Bits|
    +-------------------------+----+-----------+-----+-----------+
    |ap_done_int              |   9|          2|    1|          2|
    |ap_enable_reg_pp0_iter1  |   9|          2|    1|          2|
    |ap_sig_allocacmp_c_2     |   9|          2|    7|         14|
    |c_fu_38                  |   9|          2|    7|         14|
    +-------------------------+----+-----------+-----+-----------+
    |Total                    |  36|          8|   16|         32|
    +-------------------------+----+-----------+-----+-----------+

    * Register: 
    +-------------------------+---+----+-----+-----------+
    |           Name          | FF| LUT| Bits| Const Bits|
    +-------------------------+---+----+-----+-----------+
    |ap_CS_fsm                |  1|   0|    1|          0|
    |ap_done_reg              |  1|   0|    1|          0|
    |ap_enable_reg_pp0_iter1  |  1|   0|    1|          0|
    |c_2_reg_155              |  7|   0|    7|          0|
    |c_fu_38                  |  7|   0|    7|          0|
    +-------------------------+---+----+-----+-----------+
    |Total                    | 17|   0|   17|          0|
    +-------------------------+---+----+-----+-----------+



================================================================
== Interface
================================================================
* Summary: 
+--------------------------+-----+-----+------------+-------------------------------------------+--------------+
|         RTL Ports        | Dir | Bits|  Protocol  |               Source Object               |    C Type    |
+--------------------------+-----+-----+------------+-------------------------------------------+--------------+
|ap_clk                    |   in|    1|  ap_ctrl_hs|  fft2d_fixed_top_Pipeline_VITIS_LOOP_191_6|  return value|
|ap_rst                    |   in|    1|  ap_ctrl_hs|  fft2d_fixed_top_Pipeline_VITIS_LOOP_191_6|  return value|
|ap_start                  |   in|    1|  ap_ctrl_hs|  fft2d_fixed_top_Pipeline_VITIS_LOOP_191_6|  return value|
|ap_done                   |  out|    1|  ap_ctrl_hs|  fft2d_fixed_top_Pipeline_VITIS_LOOP_191_6|  return value|
|ap_idle                   |  out|    1|  ap_ctrl_hs|  fft2d_fixed_top_Pipeline_VITIS_LOOP_191_6|  return value|
|ap_ready                  |  out|    1|  ap_ctrl_hs|  fft2d_fixed_top_Pipeline_VITIS_LOOP_191_6|  return value|
|empty                     |   in|   14|     ap_none|                                      empty|        scalar|
|row_buffer_real_address0  |  out|    6|   ap_memory|                            row_buffer_real|         array|
|row_buffer_real_ce0       |  out|    1|   ap_memory|                            row_buffer_real|         array|
|row_buffer_real_we0       |  out|    1|   ap_memory|                            row_buffer_real|         array|
|row_buffer_real_d0        |  out|   32|   ap_memory|                            row_buffer_real|         array|
|row_buffer_imag_address0  |  out|    6|   ap_memory|                            row_buffer_imag|         array|
|row_buffer_imag_ce0       |  out|    1|   ap_memory|                            row_buffer_imag|         array|
|row_buffer_imag_we0       |  out|    1|   ap_memory|                            row_buffer_imag|         array|
|row_buffer_imag_d0        |  out|   32|   ap_memory|                            row_buffer_imag|         array|
|matrix_real_address0      |  out|   14|   ap_memory|                                matrix_real|         array|
|matrix_real_ce0           |  out|    1|   ap_memory|                                matrix_real|         array|
|matrix_real_q0            |   in|   32|   ap_memory|                                matrix_real|         array|
|matrix_imag_address0      |  out|   14|   ap_memory|                                matrix_imag|         array|
|matrix_imag_ce0           |  out|    1|   ap_memory|                                matrix_imag|         array|
|matrix_imag_q0            |   in|   32|   ap_memory|                                matrix_imag|         array|
+--------------------------+-----+-----+------------+-------------------------------------------+--------------+

