

================================================================
== Vitis HLS Report for 'fft2d_fixed_top_Pipeline_2'
================================================================
* Date:           Mon Jun 29 12:38:39 2026

* Version:        2025.2 (Build 6295257 on Nov 14 2025)
* Project:        fft2d_accel_rgb_prj
* Solution:       solution1 (Vivado IP Flow Target)
* Product family: zynq
* Target device:  xc7z020-clg400-1


================================================================
== Performance Estimates
================================================================
+ Timing: 
    * Summary: 
    +--------+----------+----------+------------+
    |  Clock |  Target  | Estimated| Uncertainty|
    +--------+----------+----------+------------+
    |ap_clk  |  10.00 ns|  5.001 ns|     2.70 ns|
    +--------+----------+----------+------------+

+ Latency: 
    * Summary: 
    +---------+---------+----------+----------+-----+-----+-------------------+
    |  Latency (cycles) |  Latency (absolute) |  Interval |      Pipeline     |
    |   min   |   max   |    min   |    max   | min | max |        Type       |
    +---------+---------+----------+----------+-----+-----+-------------------+
    |       65|       65|  0.650 us|  0.650 us|    0|    0|  loop pipeline stp|
    +---------+---------+----------+----------+-----+-----+-------------------+

    + Detail: 
        * Instance: 
        N/A

        * Loop: 
        +----------+---------+---------+----------+-----------+-----------+------+----------+
        |          |  Latency (cycles) | Iteration|  Initiation Interval  | Trip |          |
        | Loop Name|   min   |   max   |  Latency |  achieved |   target  | Count| Pipelined|
        +----------+---------+---------+----------+-----------+-----------+------+----------+
        |- Loop 1  |       63|       63|         1|          1|          1|    64|       yes|
        +----------+---------+---------+----------+-----------+-----------+------+----------+



================================================================
== Utilization Estimates
================================================================
* Summary: 
+-----------------+---------+-----+--------+-------+-----+
|       Name      | BRAM_18K| DSP |   FF   |  LUT  | URAM|
+-----------------+---------+-----+--------+-------+-----+
|DSP              |        -|    -|       -|      -|    -|
|Expression       |        -|    -|       0|     28|    -|
|FIFO             |        -|    -|       -|      -|    -|
|Instance         |        -|    -|       -|      -|    -|
|Memory           |        -|    -|       -|      -|    -|
|Multiplexer      |        -|    -|       0|     27|    -|
|Register         |        -|    -|       8|      -|    -|
+-----------------+---------+-----+--------+-------+-----+
|Total            |        0|    0|       8|     55|    0|
+-----------------+---------+-----+--------+-------+-----+
|Available        |      280|  220|  106400|  53200|    0|
+-----------------+---------+-----+--------+-------+-----+
|Utilization (%)  |        0|    0|      ~0|     ~0|    0|
+-----------------+---------+-----+--------+-------+-----+

+ Detail: 
    * Instance: 
    N/A

    * DSP: 
    N/A

    * Memory: 
    N/A

    * FIFO: 
    N/A

    * Expression: 
    +---------------------+----------+----+---+----+------------+------------+
    |    Variable Name    | Operation| DSP| FF| LUT| Bitwidth P0| Bitwidth P1|
    +---------------------+----------+----+---+----+------------+------------+
    |add_ln178_fu_72_p2   |         +|   0|  0|  14|           6|           1|
    |icmp_ln178_fu_78_p2  |      icmp|   0|  0|  14|           6|           2|
    +---------------------+----------+----+---+----+------------+------------+
    |Total                |          |   0|  0|  28|          12|           3|
    +---------------------+----------+----+---+----+------------+------------+

    * Multiplexer: 
    +-------------------------------------+----+-----------+-----+-----------+
    |                 Name                | LUT| Input Size| Bits| Total Bits|
    +-------------------------------------+----+-----------+-----+-----------+
    |ap_done_int                          |   9|          2|    1|          2|
    |ap_sig_allocacmp_indvars_iv626_load  |   9|          2|    6|         12|
    |indvars_iv626_fu_26                  |   9|          2|    6|         12|
    +-------------------------------------+----+-----------+-----+-----------+
    |Total                                |  27|          6|   13|         26|
    +-------------------------------------+----+-----------+-----+-----------+

    * Register: 
    +---------------------+---+----+-----+-----------+
    |         Name        | FF| LUT| Bits| Const Bits|
    +---------------------+---+----+-----+-----------+
    |ap_CS_fsm            |  1|   0|    1|          0|
    |ap_done_reg          |  1|   0|    1|          0|
    |indvars_iv626_fu_26  |  6|   0|    6|          0|
    +---------------------+---+----+-----+-----------+
    |Total                |  8|   0|    8|          0|
    +---------------------+---+----+-----+-----------+



================================================================
== Interface
================================================================
* Summary: 
+--------------------------+-----+-----+------------+----------------------------+--------------+
|         RTL Ports        | Dir | Bits|  Protocol  |        Source Object       |    C Type    |
+--------------------------+-----+-----+------------+----------------------------+--------------+
|ap_clk                    |   in|    1|  ap_ctrl_hs|  fft2d_fixed_top_Pipeline_2|  return value|
|ap_rst                    |   in|    1|  ap_ctrl_hs|  fft2d_fixed_top_Pipeline_2|  return value|
|ap_start                  |   in|    1|  ap_ctrl_hs|  fft2d_fixed_top_Pipeline_2|  return value|
|ap_done                   |  out|    1|  ap_ctrl_hs|  fft2d_fixed_top_Pipeline_2|  return value|
|ap_idle                   |  out|    1|  ap_ctrl_hs|  fft2d_fixed_top_Pipeline_2|  return value|
|ap_ready                  |  out|    1|  ap_ctrl_hs|  fft2d_fixed_top_Pipeline_2|  return value|
|col_buffer_real_address0  |  out|    6|   ap_memory|             col_buffer_real|         array|
|col_buffer_real_ce0       |  out|    1|   ap_memory|             col_buffer_real|         array|
|col_buffer_real_we0       |  out|    1|   ap_memory|             col_buffer_real|         array|
|col_buffer_real_d0        |  out|   32|   ap_memory|             col_buffer_real|         array|
|col_buffer_imag_address0  |  out|    6|   ap_memory|             col_buffer_imag|         array|
|col_buffer_imag_ce0       |  out|    1|   ap_memory|             col_buffer_imag|         array|
|col_buffer_imag_we0       |  out|    1|   ap_memory|             col_buffer_imag|         array|
|col_buffer_imag_d0        |  out|   32|   ap_memory|             col_buffer_imag|         array|
+--------------------------+-----+-----+------------+----------------------------+--------------+

