

================================================================
== Vitis HLS Report for 'fft2d_fixed_top'
================================================================
* Date:           Thu Jul  2 05:48:33 2026

* Version:        2025.2 (Build 6295257 on Nov 14 2025)
* Project:        paper_runtime_trig_28_20_prj
* Solution:       solution1 (Vivado IP Flow Target)
* Product family: zynq
* Target device:  xc7z020-clg400-1


================================================================
== Performance Estimates
================================================================
+ Timing: 
    * Summary: 
    +--------+----------+----------+------------+
    |  Clock |  Target  | Estimated| Uncertainty|
    +--------+----------+----------+------------+
    |ap_clk  |  10.00 ns|  7.300 ns|     2.70 ns|
    +--------+----------+----------+------------+

+ Latency: 
    * Summary: 
    +---------+---------+----------+----------+-----+-----+---------+
    |  Latency (cycles) |  Latency (absolute) |  Interval | Pipeline|
    |   min   |   max   |    min   |    max   | min | max |   Type  |
    +---------+---------+----------+----------+-----+-----+---------+
    |        ?|        ?|         ?|         ?|    ?|    ?|       no|
    +---------+---------+----------+----------+-----+-----+---------+

    + Detail: 
        * Instance: 
        +-------------------------------------------------------------------------------------------+--------------------------------------------------------------------------------+---------+---------+----------+----------+-----+-----+-------------------+
        |                                                                                           |                                                                                |  Latency (cycles) |  Latency (absolute) |  Interval |      Pipeline     |
        |                                          Instance                                         |                                     Module                                     |   min   |   max   |    min   |    max   | min | max |        Type       |
        +-------------------------------------------------------------------------------------------+--------------------------------------------------------------------------------+---------+---------+----------+----------+-----+-----+-------------------+
        |grp_fft2d_fixed_top_Pipeline_1_fu_214                                                      |fft2d_fixed_top_Pipeline_1                                                      |       65|       65|  0.650 us|  0.650 us|    0|    0|  loop pipeline stp|
        |grp_fft2d_fixed_top_Pipeline_2_fu_222                                                      |fft2d_fixed_top_Pipeline_2                                                      |       65|       65|  0.650 us|  0.650 us|    0|    0|  loop pipeline stp|
        |grp_fft2d_fixed_top_Pipeline_VITIS_LOOP_119_1_VITIS_LOOP_120_2_VITIS_LOOP_121_3_fu_230     |fft2d_fixed_top_Pipeline_VITIS_LOOP_119_1_VITIS_LOOP_120_2_VITIS_LOOP_121_3     |    12291|    12291|  0.123 ms|  0.123 ms|    0|    0|  loop pipeline stp|
        |grp_fft2d_fixed_top_Outline_VITIS_LOOP_128_4_fu_241                                        |fft2d_fixed_top_Outline_VITIS_LOOP_128_4                                        |        ?|        ?|         ?|         ?|    ?|    ?|                 no|
        |grp_fft2d_fixed_top_Pipeline_VITIS_LOOP_144_10_fu_263                                      |fft2d_fixed_top_Pipeline_VITIS_LOOP_144_10                                      |       66|       66|  0.660 us|  0.660 us|    0|    0|  loop pipeline stp|
        |grp_fft1d_fixed_col_fu_275                                                                 |fft1d_fixed_col                                                                 |        ?|        ?|         ?|         ?|    ?|    ?|                 no|
        |grp_fft2d_fixed_top_Pipeline_VITIS_LOOP_150_11_fu_293                                      |fft2d_fixed_top_Pipeline_VITIS_LOOP_150_11                                      |       66|       66|  0.660 us|  0.660 us|    0|    0|  loop pipeline stp|
        |grp_fft2d_fixed_top_Pipeline_VITIS_LOOP_156_12_VITIS_LOOP_157_13_VITIS_LOOP_158_14_fu_305  |fft2d_fixed_top_Pipeline_VITIS_LOOP_156_12_VITIS_LOOP_157_13_VITIS_LOOP_158_14  |    12293|    12293|  0.123 ms|  0.123 ms|    0|    0|  loop pipeline stp|
        +-------------------------------------------------------------------------------------------+--------------------------------------------------------------------------------+---------+---------+----------+----------+-----+-----+-------------------+

        * Loop: 
        +---------------------+---------+---------+----------+-----------+-----------+------+----------+
        |                     |  Latency (cycles) | Iteration|  Initiation Interval  | Trip |          |
        |      Loop Name      |   min   |   max   |  Latency |  achieved |   target  | Count| Pipelined|
        +---------------------+---------+---------+----------+-----------+-----------+------+----------+
        |- VITIS_LOOP_142_8   |        ?|        ?|         ?|          -|          -|     3|        no|
        | + VITIS_LOOP_143_9  |        ?|        ?|         ?|          -|          -|    64|        no|
        +---------------------+---------+---------+----------+-----------+-----------+------+----------+



================================================================
== Utilization Estimates
================================================================
* Summary: 
+-----------------+---------+-----+--------+-------+-----+
|       Name      | BRAM_18K| DSP |   FF   |  LUT  | URAM|
+-----------------+---------+-----+--------+-------+-----+
|DSP              |        -|    -|       -|      -|    -|
|Expression       |        -|    -|       0|     55|    -|
|FIFO             |        -|    -|       -|      -|    -|
|Instance         |       18|  197|   17894|  24454|    -|
|Memory           |       60|    -|       0|      0|    0|
|Multiplexer      |        -|    -|       0|   1084|    -|
|Register         |        -|    -|     377|      -|    -|
+-----------------+---------+-----+--------+-------+-----+
|Total            |       78|  197|   18271|  25593|    0|
+-----------------+---------+-----+--------+-------+-----+
|Available        |      280|  220|  106400|  53200|    0|
+-----------------+---------+-----+--------+-------+-----+
|Utilization (%)  |       27|   89|      17|     48|    0|
+-----------------+---------+-----+--------+-------+-----+

+ Detail: 
    * Instance: 
    +-------------------------------------------------------------------------------------------+--------------------------------------------------------------------------------+---------+-----+-------+-------+-----+
    |                                          Instance                                         |                                     Module                                     | BRAM_18K| DSP |   FF  |  LUT  | URAM|
    +-------------------------------------------------------------------------------------------+--------------------------------------------------------------------------------+---------+-----+-------+-------+-----+
    |CTRL_s_axi_U                                                                               |CTRL_s_axi                                                                      |        0|    0|    246|    424|    0|
    |grp_fft1d_fixed_col_fu_275                                                                 |fft1d_fixed_col                                                                 |        0|    0|   1180|   1855|    0|
    |grp_fft2d_fixed_top_Outline_VITIS_LOOP_128_4_fu_241                                        |fft2d_fixed_top_Outline_VITIS_LOOP_128_4                                        |        0|    0|   1253|   2408|    0|
    |grp_fft2d_fixed_top_Pipeline_1_fu_214                                                      |fft2d_fixed_top_Pipeline_1                                                      |        0|    0|      8|     55|    0|
    |grp_fft2d_fixed_top_Pipeline_2_fu_222                                                      |fft2d_fixed_top_Pipeline_2                                                      |        0|    0|      8|     55|    0|
    |grp_fft2d_fixed_top_Pipeline_VITIS_LOOP_119_1_VITIS_LOOP_120_2_VITIS_LOOP_121_3_fu_230     |fft2d_fixed_top_Pipeline_VITIS_LOOP_119_1_VITIS_LOOP_120_2_VITIS_LOOP_121_3     |        0|    0|     94|    283|    0|
    |grp_fft2d_fixed_top_Pipeline_VITIS_LOOP_144_10_fu_263                                      |fft2d_fixed_top_Pipeline_VITIS_LOOP_144_10                                      |        0|    0|     17|     82|    0|
    |grp_fft2d_fixed_top_Pipeline_VITIS_LOOP_150_11_fu_293                                      |fft2d_fixed_top_Pipeline_VITIS_LOOP_150_11                                      |        0|    0|     18|     82|    0|
    |grp_fft2d_fixed_top_Pipeline_VITIS_LOOP_156_12_VITIS_LOOP_157_13_VITIS_LOOP_158_14_fu_305  |fft2d_fixed_top_Pipeline_VITIS_LOOP_156_12_VITIS_LOOP_157_13_VITIS_LOOP_158_14  |        0|    0|    125|    292|    0|
    |gmem0_m_axi_U                                                                              |gmem0_m_axi                                                                     |        2|    0|    671|    657|    0|
    |gmem1_m_axi_U                                                                              |gmem1_m_axi                                                                     |        0|    0|    611|    665|    0|
    |gmem2_m_axi_U                                                                              |gmem2_m_axi                                                                     |        0|    0|    611|    665|    0|
    |mul_28s_28s_56_3_1_U145                                                                    |mul_28s_28s_56_3_1                                                              |        0|    4|    141|    112|    0|
    |mul_28s_28s_56_3_1_U146                                                                    |mul_28s_28s_56_3_1                                                              |        0|    4|    141|    112|    0|
    |mul_28s_28s_56_3_1_U147                                                                    |mul_28s_28s_56_3_1                                                              |        0|    4|    141|    112|    0|
    |mul_28s_28s_56_3_1_U148                                                                    |mul_28s_28s_56_3_1                                                              |        0|    4|    141|    112|    0|
    |grp_twiddle_runtime_fu_520                                                                 |twiddle_runtime                                                                 |       16|  181|  12488|  16483|    0|
    +-------------------------------------------------------------------------------------------+--------------------------------------------------------------------------------+---------+-----+-------+-------+-----+
    |Total                                                                                      |                                                                                |       18|  197|  17894|  24454|    0|
    +-------------------------------------------------------------------------------------------+--------------------------------------------------------------------------------+---------+-----+-------+-------+-----+

    * DSP: 
    N/A

    * Memory: 
    +-------------------+-------------------------------+---------+---+----+-----+-------+-----+------+-------------+
    |       Memory      |             Module            | BRAM_18K| FF| LUT| URAM| Words | Bits| Banks| W*Bits*Banks|
    +-------------------+-------------------------------+---------+---+----+-----+-------+-----+------+-------------+
    |matrix_real_U      |matrix_real_RAM_AUTO_1R1W      |       28|  0|   0|    0|  12288|   28|     1|       344064|
    |matrix_imag_U      |matrix_real_RAM_AUTO_1R1W      |       28|  0|   0|    0|  12288|   28|     1|       344064|
    |row_buffer_real_U  |row_buffer_real_RAM_AUTO_1R1W  |        1|  0|   0|    0|     64|   28|     1|         1792|
    |row_buffer_imag_U  |row_buffer_real_RAM_AUTO_1R1W  |        1|  0|   0|    0|     64|   28|     1|         1792|
    |col_buffer_real_U  |row_buffer_real_RAM_AUTO_1R1W  |        1|  0|   0|    0|     64|   28|     1|         1792|
    |col_buffer_imag_U  |row_buffer_real_RAM_AUTO_1R1W  |        1|  0|   0|    0|     64|   28|     1|         1792|
    +-------------------+-------------------------------+---------+---+----+-----+-------+-----+------+-------------+
    |Total              |                               |       60|  0|   0|    0|  24832|  168|     6|       695296|
    +-------------------+-------------------------------+---------+---+----+-----+-------+-----+------+-------------+

    * FIFO: 
    N/A

    * Expression: 
    +---------------------------------+----------+----+---+----+------------+------------+
    |          Variable Name          | Operation| DSP| FF| LUT| Bitwidth P0| Bitwidth P1|
    +---------------------------------+----------+----+---+----+------------+------------+
    |add_ln142_fu_353_p2              |         +|   0|  0|  10|           2|           1|
    |add_ln143_fu_391_p2              |         +|   0|  0|  14|           7|           1|
    |icmp_ln142_fu_347_p2             |      icmp|   0|  0|  10|           2|           2|
    |icmp_ln143_fu_385_p2             |      icmp|   0|  0|  15|           7|           8|
    |ap_block_state22_io              |        or|   0|  0|   2|           1|           1|
    |ap_block_state29                 |        or|   0|  0|   2|           1|           1|
    |ap_block_state2_on_subcall_done  |        or|   0|  0|   2|           1|           1|
    +---------------------------------+----------+----+---+----+------------+------------+
    |Total                            |          |   0|  0|  55|          21|          15|
    +---------------------------------+----------+----+---+----+------------+------------+

    * Multiplexer: 
    +-------------------------------------+-----+-----------+-----+-----------+
    |                 Name                | LUT | Input Size| Bits| Total Bits|
    +-------------------------------------+-----+-----------+-----+-----------+
    |ap_NS_fsm                            |  134|         30|    1|         30|
    |c_reg_203                            |    9|          2|    7|         14|
    |ch_fu_134                            |    9|          2|    2|          4|
    |col_buffer_imag_address0             |   25|          5|    6|         30|
    |col_buffer_imag_ce0                  |   25|          5|    1|          5|
    |col_buffer_imag_d0                   |   20|          4|   28|        112|
    |col_buffer_imag_we0                  |   20|          4|    1|          4|
    |col_buffer_real_address0             |   25|          5|    6|         30|
    |col_buffer_real_ce0                  |   25|          5|    1|          5|
    |col_buffer_real_d0                   |   20|          4|   28|        112|
    |col_buffer_real_we0                  |   20|          4|    1|          4|
    |gmem0_0_ARADDR                       |   14|          3|   64|        192|
    |gmem0_0_ARLEN                        |   14|          3|   32|         96|
    |gmem0_0_ARVALID                      |   14|          3|    1|          3|
    |gmem0_0_RREADY                       |    9|          2|    1|          2|
    |gmem0_blk_n_AR                       |    9|          2|    1|          2|
    |gmem1_0_AWADDR                       |   14|          3|   64|        192|
    |gmem1_0_AWLEN                        |   14|          3|   32|         96|
    |gmem1_0_AWVALID                      |   14|          3|    1|          3|
    |gmem1_0_BREADY                       |   14|          3|    1|          3|
    |gmem1_0_WVALID                       |    9|          2|    1|          2|
    |gmem1_blk_n_AW                       |    9|          2|    1|          2|
    |gmem1_blk_n_B                        |    9|          2|    1|          2|
    |gmem2_0_AWADDR                       |   14|          3|   64|        192|
    |gmem2_0_AWLEN                        |   14|          3|   32|         96|
    |gmem2_0_AWVALID                      |   14|          3|    1|          3|
    |gmem2_0_BREADY                       |   14|          3|    1|          3|
    |gmem2_0_WVALID                       |    9|          2|    1|          2|
    |gmem2_blk_n_AW                       |    9|          2|    1|          2|
    |gmem2_blk_n_B                        |    9|          2|    1|          2|
    |grp_fu_504_ce                        |   14|          3|    1|          3|
    |grp_fu_504_p0                        |   14|          3|   28|         84|
    |grp_fu_504_p1                        |   14|          3|   28|         84|
    |grp_fu_508_ce                        |   14|          3|    1|          3|
    |grp_fu_508_p0                        |   14|          3|   28|         84|
    |grp_fu_508_p1                        |   14|          3|   28|         84|
    |grp_fu_512_ce                        |   14|          3|    1|          3|
    |grp_fu_512_p0                        |   14|          3|   28|         84|
    |grp_fu_512_p1                        |   14|          3|   28|         84|
    |grp_fu_516_ce                        |   14|          3|    1|          3|
    |grp_fu_516_p0                        |   14|          3|   28|         84|
    |grp_fu_516_p1                        |   14|          3|   28|         84|
    |grp_twiddle_runtime_fu_520_ap_start  |   14|          3|    1|          3|
    |grp_twiddle_runtime_fu_520_j         |   14|          3|    5|         15|
    |grp_twiddle_runtime_fu_520_len       |   14|          3|   32|         96|
    |matrix_imag_address0                 |   31|          6|   14|         84|
    |matrix_imag_ce0                      |   31|          6|    1|          6|
    |matrix_imag_d0                       |   20|          4|   28|        112|
    |matrix_imag_we0                      |   20|          4|    1|          4|
    |matrix_real_address0                 |   31|          6|   14|         84|
    |matrix_real_ce0                      |   31|          6|    1|          6|
    |matrix_real_d0                       |   20|          4|   28|        112|
    |matrix_real_we0                      |   20|          4|    1|          4|
    |row_buffer_imag_address0             |   14|          3|    6|         18|
    |row_buffer_imag_ce0                  |   14|          3|    1|          3|
    |row_buffer_imag_d0                   |   14|          3|   28|         84|
    |row_buffer_imag_we0                  |   14|          3|    1|          3|
    |row_buffer_real_address0             |   14|          3|    6|         18|
    |row_buffer_real_ce0                  |   14|          3|    1|          3|
    |row_buffer_real_d0                   |   14|          3|   28|         84|
    |row_buffer_real_we0                  |   14|          3|    1|          3|
    +-------------------------------------+-----+-----------+-----+-----------+
    |Total                                | 1084|        228|  809|       2671|
    +-------------------------------------+-----+-----------+-----+-----------+

    * Register: 
    +--------------------------------------------------------------------------------------------------------+----+----+-----+-----------+
    |                                                  Name                                                  | FF | LUT| Bits| Const Bits|
    +--------------------------------------------------------------------------------------------------------+----+----+-----+-----------+
    |add_ln142_reg_457                                                                                       |   2|   0|    2|          0|
    |add_ln143_reg_483                                                                                       |   7|   0|    7|          0|
    |ap_CS_fsm                                                                                               |  29|   0|   29|          0|
    |c_reg_203                                                                                               |   7|   0|    7|          0|
    |ch_fu_134                                                                                               |   2|   0|    2|          0|
    |grp_fft1d_fixed_col_fu_275_ap_start_reg                                                                 |   1|   0|    1|          0|
    |grp_fft2d_fixed_top_Outline_VITIS_LOOP_128_4_fu_241_ap_start_reg                                        |   1|   0|    1|          0|
    |grp_fft2d_fixed_top_Pipeline_1_fu_214_ap_start_reg                                                      |   1|   0|    1|          0|
    |grp_fft2d_fixed_top_Pipeline_2_fu_222_ap_start_reg                                                      |   1|   0|    1|          0|
    |grp_fft2d_fixed_top_Pipeline_VITIS_LOOP_119_1_VITIS_LOOP_120_2_VITIS_LOOP_121_3_fu_230_ap_start_reg     |   1|   0|    1|          0|
    |grp_fft2d_fixed_top_Pipeline_VITIS_LOOP_144_10_fu_263_ap_start_reg                                      |   1|   0|    1|          0|
    |grp_fft2d_fixed_top_Pipeline_VITIS_LOOP_150_11_fu_293_ap_start_reg                                      |   1|   0|    1|          0|
    |grp_fft2d_fixed_top_Pipeline_VITIS_LOOP_156_12_VITIS_LOOP_157_13_VITIS_LOOP_158_14_fu_305_ap_start_reg  |   1|   0|    1|          0|
    |output_imag_read_reg_433                                                                                |  64|   0|   64|          0|
    |output_real_read_reg_438                                                                                |  64|   0|   64|          0|
    |tmp_8_reg_462                                                                                           |   2|   0|    8|          6|
    |trunc_ln143_reg_488                                                                                     |   6|   0|    6|          0|
    |trunc_ln156_1_reg_474                                                                                   |  62|   0|   62|          0|
    |trunc_ln8_reg_468                                                                                       |  62|   0|   62|          0|
    |trunc_ln_reg_443                                                                                        |  62|   0|   62|          0|
    +--------------------------------------------------------------------------------------------------------+----+----+-----+-----------+
    |Total                                                                                                   | 377|   0|  383|          6|
    +--------------------------------------------------------------------------------------------------------+----+----+-----+-----------+



================================================================
== Interface
================================================================
* Summary: 
+----------------------+-----+-----+------------+-----------------+--------------+
|       RTL Ports      | Dir | Bits|  Protocol  |  Source Object  |    C Type    |
+----------------------+-----+-----+------------+-----------------+--------------+
|s_axi_CTRL_AWVALID    |   in|    1|       s_axi|             CTRL|        scalar|
|s_axi_CTRL_AWREADY    |  out|    1|       s_axi|             CTRL|        scalar|
|s_axi_CTRL_AWADDR     |   in|    6|       s_axi|             CTRL|        scalar|
|s_axi_CTRL_WVALID     |   in|    1|       s_axi|             CTRL|        scalar|
|s_axi_CTRL_WREADY     |  out|    1|       s_axi|             CTRL|        scalar|
|s_axi_CTRL_WDATA      |   in|   32|       s_axi|             CTRL|        scalar|
|s_axi_CTRL_WSTRB      |   in|    4|       s_axi|             CTRL|        scalar|
|s_axi_CTRL_ARVALID    |   in|    1|       s_axi|             CTRL|        scalar|
|s_axi_CTRL_ARREADY    |  out|    1|       s_axi|             CTRL|        scalar|
|s_axi_CTRL_ARADDR     |   in|    6|       s_axi|             CTRL|        scalar|
|s_axi_CTRL_RVALID     |  out|    1|       s_axi|             CTRL|        scalar|
|s_axi_CTRL_RREADY     |   in|    1|       s_axi|             CTRL|        scalar|
|s_axi_CTRL_RDATA      |  out|   32|       s_axi|             CTRL|        scalar|
|s_axi_CTRL_RRESP      |  out|    2|       s_axi|             CTRL|        scalar|
|s_axi_CTRL_BVALID     |  out|    1|       s_axi|             CTRL|        scalar|
|s_axi_CTRL_BREADY     |   in|    1|       s_axi|             CTRL|        scalar|
|s_axi_CTRL_BRESP      |  out|    2|       s_axi|             CTRL|        scalar|
|ap_clk                |   in|    1|  ap_ctrl_hs|  fft2d_fixed_top|  return value|
|ap_rst_n              |   in|    1|  ap_ctrl_hs|  fft2d_fixed_top|  return value|
|interrupt             |  out|    1|  ap_ctrl_hs|  fft2d_fixed_top|  return value|
|m_axi_gmem0_AWVALID   |  out|    1|       m_axi|            gmem0|       pointer|
|m_axi_gmem0_AWREADY   |   in|    1|       m_axi|            gmem0|       pointer|
|m_axi_gmem0_AWADDR    |  out|   64|       m_axi|            gmem0|       pointer|
|m_axi_gmem0_AWID      |  out|    1|       m_axi|            gmem0|       pointer|
|m_axi_gmem0_AWLEN     |  out|    8|       m_axi|            gmem0|       pointer|
|m_axi_gmem0_AWSIZE    |  out|    3|       m_axi|            gmem0|       pointer|
|m_axi_gmem0_AWBURST   |  out|    2|       m_axi|            gmem0|       pointer|
|m_axi_gmem0_AWLOCK    |  out|    2|       m_axi|            gmem0|       pointer|
|m_axi_gmem0_AWCACHE   |  out|    4|       m_axi|            gmem0|       pointer|
|m_axi_gmem0_AWPROT    |  out|    3|       m_axi|            gmem0|       pointer|
|m_axi_gmem0_AWQOS     |  out|    4|       m_axi|            gmem0|       pointer|
|m_axi_gmem0_AWREGION  |  out|    4|       m_axi|            gmem0|       pointer|
|m_axi_gmem0_AWUSER    |  out|    1|       m_axi|            gmem0|       pointer|
|m_axi_gmem0_WVALID    |  out|    1|       m_axi|            gmem0|       pointer|
|m_axi_gmem0_WREADY    |   in|    1|       m_axi|            gmem0|       pointer|
|m_axi_gmem0_WDATA     |  out|   32|       m_axi|            gmem0|       pointer|
|m_axi_gmem0_WSTRB     |  out|    4|       m_axi|            gmem0|       pointer|
|m_axi_gmem0_WLAST     |  out|    1|       m_axi|            gmem0|       pointer|
|m_axi_gmem0_WID       |  out|    1|       m_axi|            gmem0|       pointer|
|m_axi_gmem0_WUSER     |  out|    1|       m_axi|            gmem0|       pointer|
|m_axi_gmem0_ARVALID   |  out|    1|       m_axi|            gmem0|       pointer|
|m_axi_gmem0_ARREADY   |   in|    1|       m_axi|            gmem0|       pointer|
|m_axi_gmem0_ARADDR    |  out|   64|       m_axi|            gmem0|       pointer|
|m_axi_gmem0_ARID      |  out|    1|       m_axi|            gmem0|       pointer|
|m_axi_gmem0_ARLEN     |  out|    8|       m_axi|            gmem0|       pointer|
|m_axi_gmem0_ARSIZE    |  out|    3|       m_axi|            gmem0|       pointer|
|m_axi_gmem0_ARBURST   |  out|    2|       m_axi|            gmem0|       pointer|
|m_axi_gmem0_ARLOCK    |  out|    2|       m_axi|            gmem0|       pointer|
|m_axi_gmem0_ARCACHE   |  out|    4|       m_axi|            gmem0|       pointer|
|m_axi_gmem0_ARPROT    |  out|    3|       m_axi|            gmem0|       pointer|
|m_axi_gmem0_ARQOS     |  out|    4|       m_axi|            gmem0|       pointer|
|m_axi_gmem0_ARREGION  |  out|    4|       m_axi|            gmem0|       pointer|
|m_axi_gmem0_ARUSER    |  out|    1|       m_axi|            gmem0|       pointer|
|m_axi_gmem0_RVALID    |   in|    1|       m_axi|            gmem0|       pointer|
|m_axi_gmem0_RREADY    |  out|    1|       m_axi|            gmem0|       pointer|
|m_axi_gmem0_RDATA     |   in|   32|       m_axi|            gmem0|       pointer|
|m_axi_gmem0_RLAST     |   in|    1|       m_axi|            gmem0|       pointer|
|m_axi_gmem0_RID       |   in|    1|       m_axi|            gmem0|       pointer|
|m_axi_gmem0_RUSER     |   in|    1|       m_axi|            gmem0|       pointer|
|m_axi_gmem0_RRESP     |   in|    2|       m_axi|            gmem0|       pointer|
|m_axi_gmem0_BVALID    |   in|    1|       m_axi|            gmem0|       pointer|
|m_axi_gmem0_BREADY    |  out|    1|       m_axi|            gmem0|       pointer|
|m_axi_gmem0_BRESP     |   in|    2|       m_axi|            gmem0|       pointer|
|m_axi_gmem0_BID       |   in|    1|       m_axi|            gmem0|       pointer|
|m_axi_gmem0_BUSER     |   in|    1|       m_axi|            gmem0|       pointer|
|m_axi_gmem1_AWVALID   |  out|    1|       m_axi|            gmem1|       pointer|
|m_axi_gmem1_AWREADY   |   in|    1|       m_axi|            gmem1|       pointer|
|m_axi_gmem1_AWADDR    |  out|   64|       m_axi|            gmem1|       pointer|
|m_axi_gmem1_AWID      |  out|    1|       m_axi|            gmem1|       pointer|
|m_axi_gmem1_AWLEN     |  out|    8|       m_axi|            gmem1|       pointer|
|m_axi_gmem1_AWSIZE    |  out|    3|       m_axi|            gmem1|       pointer|
|m_axi_gmem1_AWBURST   |  out|    2|       m_axi|            gmem1|       pointer|
|m_axi_gmem1_AWLOCK    |  out|    2|       m_axi|            gmem1|       pointer|
|m_axi_gmem1_AWCACHE   |  out|    4|       m_axi|            gmem1|       pointer|
|m_axi_gmem1_AWPROT    |  out|    3|       m_axi|            gmem1|       pointer|
|m_axi_gmem1_AWQOS     |  out|    4|       m_axi|            gmem1|       pointer|
|m_axi_gmem1_AWREGION  |  out|    4|       m_axi|            gmem1|       pointer|
|m_axi_gmem1_AWUSER    |  out|    1|       m_axi|            gmem1|       pointer|
|m_axi_gmem1_WVALID    |  out|    1|       m_axi|            gmem1|       pointer|
|m_axi_gmem1_WREADY    |   in|    1|       m_axi|            gmem1|       pointer|
|m_axi_gmem1_WDATA     |  out|   32|       m_axi|            gmem1|       pointer|
|m_axi_gmem1_WSTRB     |  out|    4|       m_axi|            gmem1|       pointer|
|m_axi_gmem1_WLAST     |  out|    1|       m_axi|            gmem1|       pointer|
|m_axi_gmem1_WID       |  out|    1|       m_axi|            gmem1|       pointer|
|m_axi_gmem1_WUSER     |  out|    1|       m_axi|            gmem1|       pointer|
|m_axi_gmem1_ARVALID   |  out|    1|       m_axi|            gmem1|       pointer|
|m_axi_gmem1_ARREADY   |   in|    1|       m_axi|            gmem1|       pointer|
|m_axi_gmem1_ARADDR    |  out|   64|       m_axi|            gmem1|       pointer|
|m_axi_gmem1_ARID      |  out|    1|       m_axi|            gmem1|       pointer|
|m_axi_gmem1_ARLEN     |  out|    8|       m_axi|            gmem1|       pointer|
|m_axi_gmem1_ARSIZE    |  out|    3|       m_axi|            gmem1|       pointer|
|m_axi_gmem1_ARBURST   |  out|    2|       m_axi|            gmem1|       pointer|
|m_axi_gmem1_ARLOCK    |  out|    2|       m_axi|            gmem1|       pointer|
|m_axi_gmem1_ARCACHE   |  out|    4|       m_axi|            gmem1|       pointer|
|m_axi_gmem1_ARPROT    |  out|    3|       m_axi|            gmem1|       pointer|
|m_axi_gmem1_ARQOS     |  out|    4|       m_axi|            gmem1|       pointer|
|m_axi_gmem1_ARREGION  |  out|    4|       m_axi|            gmem1|       pointer|
|m_axi_gmem1_ARUSER    |  out|    1|       m_axi|            gmem1|       pointer|
|m_axi_gmem1_RVALID    |   in|    1|       m_axi|            gmem1|       pointer|
|m_axi_gmem1_RREADY    |  out|    1|       m_axi|            gmem1|       pointer|
|m_axi_gmem1_RDATA     |   in|   32|       m_axi|            gmem1|       pointer|
|m_axi_gmem1_RLAST     |   in|    1|       m_axi|            gmem1|       pointer|
|m_axi_gmem1_RID       |   in|    1|       m_axi|            gmem1|       pointer|
|m_axi_gmem1_RUSER     |   in|    1|       m_axi|            gmem1|       pointer|
|m_axi_gmem1_RRESP     |   in|    2|       m_axi|            gmem1|       pointer|
|m_axi_gmem1_BVALID    |   in|    1|       m_axi|            gmem1|       pointer|
|m_axi_gmem1_BREADY    |  out|    1|       m_axi|            gmem1|       pointer|
|m_axi_gmem1_BRESP     |   in|    2|       m_axi|            gmem1|       pointer|
|m_axi_gmem1_BID       |   in|    1|       m_axi|            gmem1|       pointer|
|m_axi_gmem1_BUSER     |   in|    1|       m_axi|            gmem1|       pointer|
|m_axi_gmem2_AWVALID   |  out|    1|       m_axi|            gmem2|       pointer|
|m_axi_gmem2_AWREADY   |   in|    1|       m_axi|            gmem2|       pointer|
|m_axi_gmem2_AWADDR    |  out|   64|       m_axi|            gmem2|       pointer|
|m_axi_gmem2_AWID      |  out|    1|       m_axi|            gmem2|       pointer|
|m_axi_gmem2_AWLEN     |  out|    8|       m_axi|            gmem2|       pointer|
|m_axi_gmem2_AWSIZE    |  out|    3|       m_axi|            gmem2|       pointer|
|m_axi_gmem2_AWBURST   |  out|    2|       m_axi|            gmem2|       pointer|
|m_axi_gmem2_AWLOCK    |  out|    2|       m_axi|            gmem2|       pointer|
|m_axi_gmem2_AWCACHE   |  out|    4|       m_axi|            gmem2|       pointer|
|m_axi_gmem2_AWPROT    |  out|    3|       m_axi|            gmem2|       pointer|
|m_axi_gmem2_AWQOS     |  out|    4|       m_axi|            gmem2|       pointer|
|m_axi_gmem2_AWREGION  |  out|    4|       m_axi|            gmem2|       pointer|
|m_axi_gmem2_AWUSER    |  out|    1|       m_axi|            gmem2|       pointer|
|m_axi_gmem2_WVALID    |  out|    1|       m_axi|            gmem2|       pointer|
|m_axi_gmem2_WREADY    |   in|    1|       m_axi|            gmem2|       pointer|
|m_axi_gmem2_WDATA     |  out|   32|       m_axi|            gmem2|       pointer|
|m_axi_gmem2_WSTRB     |  out|    4|       m_axi|            gmem2|       pointer|
|m_axi_gmem2_WLAST     |  out|    1|       m_axi|            gmem2|       pointer|
|m_axi_gmem2_WID       |  out|    1|       m_axi|            gmem2|       pointer|
|m_axi_gmem2_WUSER     |  out|    1|       m_axi|            gmem2|       pointer|
|m_axi_gmem2_ARVALID   |  out|    1|       m_axi|            gmem2|       pointer|
|m_axi_gmem2_ARREADY   |   in|    1|       m_axi|            gmem2|       pointer|
|m_axi_gmem2_ARADDR    |  out|   64|       m_axi|            gmem2|       pointer|
|m_axi_gmem2_ARID      |  out|    1|       m_axi|            gmem2|       pointer|
|m_axi_gmem2_ARLEN     |  out|    8|       m_axi|            gmem2|       pointer|
|m_axi_gmem2_ARSIZE    |  out|    3|       m_axi|            gmem2|       pointer|
|m_axi_gmem2_ARBURST   |  out|    2|       m_axi|            gmem2|       pointer|
|m_axi_gmem2_ARLOCK    |  out|    2|       m_axi|            gmem2|       pointer|
|m_axi_gmem2_ARCACHE   |  out|    4|       m_axi|            gmem2|       pointer|
|m_axi_gmem2_ARPROT    |  out|    3|       m_axi|            gmem2|       pointer|
|m_axi_gmem2_ARQOS     |  out|    4|       m_axi|            gmem2|       pointer|
|m_axi_gmem2_ARREGION  |  out|    4|       m_axi|            gmem2|       pointer|
|m_axi_gmem2_ARUSER    |  out|    1|       m_axi|            gmem2|       pointer|
|m_axi_gmem2_RVALID    |   in|    1|       m_axi|            gmem2|       pointer|
|m_axi_gmem2_RREADY    |  out|    1|       m_axi|            gmem2|       pointer|
|m_axi_gmem2_RDATA     |   in|   32|       m_axi|            gmem2|       pointer|
|m_axi_gmem2_RLAST     |   in|    1|       m_axi|            gmem2|       pointer|
|m_axi_gmem2_RID       |   in|    1|       m_axi|            gmem2|       pointer|
|m_axi_gmem2_RUSER     |   in|    1|       m_axi|            gmem2|       pointer|
|m_axi_gmem2_RRESP     |   in|    2|       m_axi|            gmem2|       pointer|
|m_axi_gmem2_BVALID    |   in|    1|       m_axi|            gmem2|       pointer|
|m_axi_gmem2_BREADY    |  out|    1|       m_axi|            gmem2|       pointer|
|m_axi_gmem2_BRESP     |   in|    2|       m_axi|            gmem2|       pointer|
|m_axi_gmem2_BID       |   in|    1|       m_axi|            gmem2|       pointer|
|m_axi_gmem2_BUSER     |   in|    1|       m_axi|            gmem2|       pointer|
+----------------------+-----+-----+------------+-----------------+--------------+

