

================================================================
== Vitis HLS Report for 'fft1d_fixed_col'
================================================================
* Date:           Mon Jun 29 12:38:44 2026

* Version:        2025.2 (Build 6295257 on Nov 14 2025)
* Project:        fft2d_accel_rgb_prj
* Solution:       solution1 (Vivado IP Flow Target)
* Product family: zynq
* Target device:  xc7z020-clg400-1


================================================================
== Performance Estimates
================================================================
+ Timing: 
    * Summary: 
    +--------+----------+----------+------------+
    |  Clock |  Target  | Estimated| Uncertainty|
    +--------+----------+----------+------------+
    |ap_clk  |  10.00 ns|  6.912 ns|     2.70 ns|
    +--------+----------+----------+------------+

+ Latency: 
    * Summary: 
    +---------+---------+----------+----------+-----+-----+---------+
    |  Latency (cycles) |  Latency (absolute) |  Interval | Pipeline|
    |   min   |   max   |    min   |    max   | min | max |   Type  |
    +---------+---------+----------+----------+-----+-----+---------+
    |        ?|        ?|         ?|         ?|    ?|    ?|       no|
    +---------+---------+----------+----------+-----+-----+---------+

    + Detail: 
        * Instance: 
        +------------------------------------------------------+-------------------------------------------+---------+------------+-----------+------------+-----+-----+-------------------+
        |                                                      |                                           |   Latency (cycles)   |   Latency (absolute)   |  Interval |      Pipeline     |
        |                       Instance                       |                   Module                  |   min   |     max    |    min    |     max    | min | max |        Type       |
        +------------------------------------------------------+-------------------------------------------+---------+------------+-----------+------------+-----+-----+-------------------+
        |grp_fft1d_fixed_col_Pipeline_VITIS_LOOP_135_2_fu_127  |fft1d_fixed_col_Pipeline_VITIS_LOOP_135_2  |        ?|           ?|          ?|           ?|    0|    0|  loop pipeline stp|
        |grp_fft1d_fixed_col_Pipeline_VITIS_LOOP_151_5_fu_133  |fft1d_fixed_col_Pipeline_VITIS_LOOP_151_5  |        2|  7516192778|  20.000 ns|  75.162 sec|    0|    0|  loop pipeline stp|
        +------------------------------------------------------+-------------------------------------------+---------+------------+-----------+------------+-----+-----+-------------------+

        * Loop: 
        +---------------------+---------+---------+----------------+-----------+-----------+------+----------+
        |                     |  Latency (cycles) |    Iteration   |  Initiation Interval  | Trip |          |
        |      Loop Name      |   min   |   max   |     Latency    |  achieved |   target  | Count| Pipelined|
        +---------------------+---------+---------+----------------+-----------+-----------+------+----------+
        |- VITIS_LOOP_132_1   |        ?|        ?|               ?|          -|          -|    63|        no|
        |- VITIS_LOOP_149_3   |        ?|        ?|               ?|          -|          -|     6|        no|
        | + VITIS_LOOP_150_4  |        ?|        ?|  5 ~ 7516192781|          -|          -|     ?|        no|
        +---------------------+---------+---------+----------------+-----------+-----------+------+----------+



================================================================
== Utilization Estimates
================================================================
* Summary: 
+-----------------+---------+-----+--------+-------+-----+
|       Name      | BRAM_18K| DSP |   FF   |  LUT  | URAM|
+-----------------+---------+-----+--------+-------+-----+
|DSP              |        -|    -|       -|      -|    -|
|Expression       |        -|    -|       0|    355|    -|
|FIFO             |        -|    -|       -|      -|    -|
|Instance         |        0|    -|    3021|   3045|    -|
|Memory           |        -|    -|       -|      -|    -|
|Multiplexer      |        -|    -|       0|    261|    -|
|Register         |        -|    -|     407|      -|    -|
+-----------------+---------+-----+--------+-------+-----+
|Total            |        0|    0|    3428|   3661|    0|
+-----------------+---------+-----+--------+-------+-----+
|Available        |      280|  220|  106400|  53200|    0|
+-----------------+---------+-----+--------+-------+-----+
|Utilization (%)  |        0|    0|       3|      6|    0|
+-----------------+---------+-----+--------+-------+-----+

+ Detail: 
    * Instance: 
    +------------------------------------------------------+-------------------------------------------+---------+----+------+------+-----+
    |                       Instance                       |                   Module                  | BRAM_18K| DSP|  FF  |  LUT | URAM|
    +------------------------------------------------------+-------------------------------------------+---------+----+------+------+-----+
    |grp_fft1d_fixed_col_Pipeline_VITIS_LOOP_135_2_fu_127  |fft1d_fixed_col_Pipeline_VITIS_LOOP_135_2  |        0|   0|    65|   141|    0|
    |grp_fft1d_fixed_col_Pipeline_VITIS_LOOP_151_5_fu_133  |fft1d_fixed_col_Pipeline_VITIS_LOOP_151_5  |        0|   0|  2956|  2904|    0|
    +------------------------------------------------------+-------------------------------------------+---------+----+------+------+-----+
    |Total                                                 |                                           |        0|   0|  3021|  3045|    0|
    +------------------------------------------------------+-------------------------------------------+---------+----+------+------+-----+

    * DSP: 
    N/A

    * Memory: 
    N/A

    * FIFO: 
    N/A

    * Expression: 
    +------------------------+----------+----+---+----+------------+------------+
    |      Variable Name     | Operation| DSP| FF| LUT| Bitwidth P0| Bitwidth P1|
    +------------------------+----------+----+---+----+------------+------------+
    |add_ln132_fu_200_p2     |         +|   0|  0|  14|           7|           1|
    |add_ln150_fu_299_p2     |         +|   0|  0|  71|          64|          64|
    |sub_ln151_1_fu_247_p2   |         -|   0|  0|  38|           1|          31|
    |sub_ln151_fu_231_p2     |         -|   0|  0|  39|           1|          32|
    |icmp_ln132_fu_162_p2    |      icmp|   0|  0|  15|           7|           8|
    |icmp_ln142_fu_194_p2    |      icmp|   0|  0|  39|          32|          32|
    |icmp_ln149_fu_217_p2    |      icmp|   0|  0|  39|          32|           7|
    |icmp_ln150_fu_289_p2    |      icmp|   0|  0|  65|          58|           1|
    |data_imag_we0           |        or|   0|  0|   2|           1|           1|
    |data_real_we0           |        or|   0|  0|   2|           1|           1|
    |select_ln151_fu_263_p3  |    select|   0|  0|  31|           1|          31|
    +------------------------+----------+----+---+----+------------+------------+
    |Total                   |          |   0|  0| 355|         205|         209|
    +------------------------+----------+----+---+----+------------+------------+

    * Multiplexer: 
    +--------------------------+----+-----------+-----+-----------+
    |           Name           | LUT| Input Size| Bits| Total Bits|
    +--------------------------+----+-----------+-----+-----------+
    |ap_NS_fsm                 |  59|         11|    1|         11|
    |data_imag_address0        |   9|          2|    6|         12|
    |data_imag_address0_local  |  20|          4|    6|         24|
    |data_imag_ce0             |   9|          2|    1|          2|
    |data_imag_ce1             |   9|          2|    1|          2|
    |data_imag_d0              |   9|          2|   32|         64|
    |data_imag_we0             |   9|          2|    1|          2|
    |data_real_address0        |   9|          2|    6|         12|
    |data_real_address0_local  |  20|          4|    6|         24|
    |data_real_ce0             |   9|          2|    1|          2|
    |data_real_ce1             |   9|          2|    1|          2|
    |data_real_d0              |   9|          2|   32|         64|
    |data_real_we0             |   9|          2|    1|          2|
    |grp_fu_413_ce             |   9|          2|    1|          2|
    |grp_fu_417_ce             |   9|          2|    1|          2|
    |grp_fu_421_ce             |   9|          2|    1|          2|
    |grp_fu_425_ce             |   9|          2|    1|          2|
    |i_1_reg_116               |   9|          2|   64|        128|
    |i_fu_62                   |   9|          2|    7|         14|
    |j_fu_58                   |   9|          2|   32|         64|
    |len_fu_70                 |   9|          2|   32|         64|
    +--------------------------+----+-----------+-----+-----------+
    |Total                     | 261|         55|  234|        501|
    +--------------------------+----+-----------+-----+-----------+

    * Register: 
    +-------------------------------------------------------------------+----+----+-----+-----------+
    |                                Name                               | FF | LUT| Bits| Const Bits|
    +-------------------------------------------------------------------+----+----+-----+-----------+
    |add_ln150_reg_408                                                  |  64|   0|   64|          0|
    |ap_CS_fsm                                                          |  10|   0|   10|          0|
    |data_imag_addr_1_reg_372                                           |   6|   0|    6|          0|
    |data_imag_addr_reg_362                                             |   6|   0|    6|          0|
    |data_real_addr_1_reg_367                                           |   6|   0|    6|          0|
    |data_real_addr_reg_357                                             |   6|   0|    6|          0|
    |grp_fft1d_fixed_col_Pipeline_VITIS_LOOP_135_2_fu_127_ap_start_reg  |   1|   0|    1|          0|
    |grp_fft1d_fixed_col_Pipeline_VITIS_LOOP_151_5_fu_133_ap_start_reg  |   1|   0|    1|          0|
    |i_1_reg_116                                                        |  64|   0|   64|          0|
    |i_fu_62                                                            |   7|   0|    7|          0|
    |icmp_ln142_reg_353                                                 |   1|   0|    1|          0|
    |j_2_loc_fu_66                                                      |  32|   0|   32|          0|
    |j_fu_58                                                            |  32|   0|   32|          0|
    |len_1_reg_377                                                      |  32|   0|   32|          0|
    |len_fu_70                                                          |  32|   0|   32|          0|
    |select_ln151_reg_385                                               |  31|   0|   31|          0|
    |sext_ln150_reg_395                                                 |  64|   0|   64|          0|
    |trunc_ln150_1_reg_403                                              |   6|   0|    6|          0|
    |trunc_ln150_reg_390                                                |   6|   0|    6|          0|
    +-------------------------------------------------------------------+----+----+-----+-----------+
    |Total                                                              | 407|   0|  407|          0|
    +-------------------------------------------------------------------+----+----+-----+-----------+



================================================================
== Interface
================================================================
* Summary: 
+--------------------+-----+-----+------------+-----------------+--------------+
|      RTL Ports     | Dir | Bits|  Protocol  |  Source Object  |    C Type    |
+--------------------+-----+-----+------------+-----------------+--------------+
|ap_clk              |   in|    1|  ap_ctrl_hs|  fft1d_fixed_col|  return value|
|ap_rst              |   in|    1|  ap_ctrl_hs|  fft1d_fixed_col|  return value|
|ap_start            |   in|    1|  ap_ctrl_hs|  fft1d_fixed_col|  return value|
|ap_done             |  out|    1|  ap_ctrl_hs|  fft1d_fixed_col|  return value|
|ap_idle             |  out|    1|  ap_ctrl_hs|  fft1d_fixed_col|  return value|
|ap_ready            |  out|    1|  ap_ctrl_hs|  fft1d_fixed_col|  return value|
|grp_fu_480_p_din0   |  out|   32|  ap_ctrl_hs|  fft1d_fixed_col|  return value|
|grp_fu_480_p_din1   |  out|   13|  ap_ctrl_hs|  fft1d_fixed_col|  return value|
|grp_fu_480_p_dout0  |   in|   45|  ap_ctrl_hs|  fft1d_fixed_col|  return value|
|grp_fu_480_p_ce     |  out|    1|  ap_ctrl_hs|  fft1d_fixed_col|  return value|
|grp_fu_484_p_din0   |  out|   32|  ap_ctrl_hs|  fft1d_fixed_col|  return value|
|grp_fu_484_p_din1   |  out|   13|  ap_ctrl_hs|  fft1d_fixed_col|  return value|
|grp_fu_484_p_dout0  |   in|   45|  ap_ctrl_hs|  fft1d_fixed_col|  return value|
|grp_fu_484_p_ce     |  out|    1|  ap_ctrl_hs|  fft1d_fixed_col|  return value|
|grp_fu_488_p_din0   |  out|   32|  ap_ctrl_hs|  fft1d_fixed_col|  return value|
|grp_fu_488_p_din1   |  out|   14|  ap_ctrl_hs|  fft1d_fixed_col|  return value|
|grp_fu_488_p_dout0  |   in|   44|  ap_ctrl_hs|  fft1d_fixed_col|  return value|
|grp_fu_488_p_ce     |  out|    1|  ap_ctrl_hs|  fft1d_fixed_col|  return value|
|grp_fu_492_p_din0   |  out|   32|  ap_ctrl_hs|  fft1d_fixed_col|  return value|
|grp_fu_492_p_din1   |  out|   14|  ap_ctrl_hs|  fft1d_fixed_col|  return value|
|grp_fu_492_p_dout0  |   in|   44|  ap_ctrl_hs|  fft1d_fixed_col|  return value|
|grp_fu_492_p_ce     |  out|    1|  ap_ctrl_hs|  fft1d_fixed_col|  return value|
|data_real_address0  |  out|    6|   ap_memory|        data_real|         array|
|data_real_ce0       |  out|    1|   ap_memory|        data_real|         array|
|data_real_we0       |  out|    1|   ap_memory|        data_real|         array|
|data_real_d0        |  out|   32|   ap_memory|        data_real|         array|
|data_real_q0        |   in|   32|   ap_memory|        data_real|         array|
|data_real_address1  |  out|    6|   ap_memory|        data_real|         array|
|data_real_ce1       |  out|    1|   ap_memory|        data_real|         array|
|data_real_q1        |   in|   32|   ap_memory|        data_real|         array|
|data_imag_address0  |  out|    6|   ap_memory|        data_imag|         array|
|data_imag_ce0       |  out|    1|   ap_memory|        data_imag|         array|
|data_imag_we0       |  out|    1|   ap_memory|        data_imag|         array|
|data_imag_d0        |  out|   32|   ap_memory|        data_imag|         array|
|data_imag_q0        |   in|   32|   ap_memory|        data_imag|         array|
|data_imag_address1  |  out|    6|   ap_memory|        data_imag|         array|
|data_imag_ce1       |  out|    1|   ap_memory|        data_imag|         array|
|data_imag_q1        |   in|   32|   ap_memory|        data_imag|         array|
+--------------------+-----+-----+------------+-----------------+--------------+

============================================================
+ Verbose Summary: Synthesis Manager
============================================================
InlineROM: 1
ExposeGlobal: 0
============================================================
+ Verbose Summary: CDFG Model
============================================================
IsTopModel: 0
ResetActiveHigh: 1
IsCombinational: 2
IsDatapathOnly: 2
HasWiredReturn: 1
HasMFsm: 0
HasVarLatency: 1
IsPipeline: 0
IsRtlPipelined: 0
IsInstanceOverlapped: 0
IsDontTouch: 0
HasImplIP: 0
IsGatedGlobalClock: 0


============================================================
+ Verbose Summary: Schedule
============================================================
* Number of FSM states : 10
* Pipeline : 0
* Dataflow Pipeline: 0

* FSM state transitions: 
1 --> 2 
2 --> 3 7 
3 --> 4 
4 --> 5 6 
5 --> 6 
6 --> 2 
7 --> 8 
8 --> 9 7 
9 --> 10 
10 --> 8 

* FSM state operations: 

State 1 <SV = 0> <Delay = 1.58>
ST_1 : Operation 11 [1/1] (0.00ns)   --->   "%j = alloca i32 1" [src/fft2d_fixed.cpp:132]   --->   Operation 11 'alloca' 'j' <Predicate = true> <Delay = 0.00>
ST_1 : Operation 12 [1/1] (0.00ns)   --->   "%i = alloca i32 1" [src/fft2d_fixed.cpp:132]   --->   Operation 12 'alloca' 'i' <Predicate = true> <Delay = 0.00>
ST_1 : Operation 13 [1/1] (0.00ns)   --->   "%j_2_loc = alloca i64 1"   --->   Operation 13 'alloca' 'j_2_loc' <Predicate = true> <Delay = 0.00>
ST_1 : Operation 14 [1/1] (1.58ns)   --->   "%store_ln132 = store i7 1, i7 %i" [src/fft2d_fixed.cpp:132]   --->   Operation 14 'store' 'store_ln132' <Predicate = true> <Delay = 1.58>
ST_1 : Operation 15 [1/1] (1.58ns)   --->   "%store_ln132 = store i32 0, i32 %j" [src/fft2d_fixed.cpp:132]   --->   Operation 15 'store' 'store_ln132' <Predicate = true> <Delay = 1.58>
ST_1 : Operation 16 [1/1] (0.00ns)   --->   "%br_ln132 = br void %VITIS_LOOP_135_2" [src/fft2d_fixed.cpp:132]   --->   Operation 16 'br' 'br_ln132' <Predicate = true> <Delay = 0.00>

State 2 <SV = 1> <Delay = 3.45>
ST_2 : Operation 17 [1/1] (0.00ns)   --->   "%i_2 = load i7 %i" [src/fft2d_fixed.cpp:132]   --->   Operation 17 'load' 'i_2' <Predicate = true> <Delay = 0.00>
ST_2 : Operation 18 [1/1] (1.87ns)   --->   "%icmp_ln132 = icmp_eq  i7 %i_2, i7 64" [src/fft2d_fixed.cpp:132]   --->   Operation 18 'icmp' 'icmp_ln132' <Predicate = true> <Delay = 1.87> <CoreInst = "Cmp">   --->   Core 9 'Cmp' <Latency = 0> <II = 1> <Delay = 1.91> <FuncUnit> <Opcode : 'seteq' 'setne' 'setle' 'setge' 'setlt' 'setgt'> <InPorts = 2> <OutPorts = 1>
ST_2 : Operation 19 [1/1] (0.00ns)   --->   "%br_ln132 = br i1 %icmp_ln132, void %VITIS_LOOP_135_2.split, void %for.cond10.preheader" [src/fft2d_fixed.cpp:132]   --->   Operation 19 'br' 'br_ln132' <Predicate = true> <Delay = 0.00>
ST_2 : Operation 20 [1/1] (0.00ns)   --->   "%j_load = load i32 %j"   --->   Operation 20 'load' 'j_load' <Predicate = (!icmp_ln132)> <Delay = 0.00>
ST_2 : Operation 21 [2/2] (1.58ns)   --->   "%call_ln0 = call void @fft1d_fixed_col_Pipeline_VITIS_LOOP_135_2, i32 %j_load, i32 %j_2_loc"   --->   Operation 21 'call' 'call_ln0' <Predicate = (!icmp_ln132)> <Delay = 1.58> <CoreType = "Generic">   --->   Generic Core
ST_2 : Operation 22 [1/1] (0.00ns)   --->   "%len = alloca i32 1" [src/fft2d_fixed.cpp:149]   --->   Operation 22 'alloca' 'len' <Predicate = (icmp_ln132)> <Delay = 0.00>
ST_2 : Operation 23 [1/1] (1.58ns)   --->   "%store_ln149 = store i32 2, i32 %len" [src/fft2d_fixed.cpp:149]   --->   Operation 23 'store' 'store_ln149' <Predicate = (icmp_ln132)> <Delay = 1.58>
ST_2 : Operation 24 [1/1] (0.00ns)   --->   "%br_ln149 = br void %for.cond10" [src/fft2d_fixed.cpp:149]   --->   Operation 24 'br' 'br_ln149' <Predicate = (icmp_ln132)> <Delay = 0.00>

State 3 <SV = 2> <Delay = 4.14>
ST_3 : Operation 25 [1/2] (4.14ns)   --->   "%call_ln0 = call void @fft1d_fixed_col_Pipeline_VITIS_LOOP_135_2, i32 %j_load, i32 %j_2_loc"   --->   Operation 25 'call' 'call_ln0' <Predicate = true> <Delay = 4.14> <CoreType = "Generic">   --->   Generic Core

State 4 <SV = 3> <Delay = 3.25>
ST_4 : Operation 26 [1/1] (0.00ns)   --->   "%zext_ln132 = zext i7 %i_2" [src/fft2d_fixed.cpp:132]   --->   Operation 26 'zext' 'zext_ln132' <Predicate = true> <Delay = 0.00>
ST_4 : Operation 27 [1/1] (0.00ns)   --->   "%zext_ln132_1 = zext i7 %i_2" [src/fft2d_fixed.cpp:132]   --->   Operation 27 'zext' 'zext_ln132_1' <Predicate = true> <Delay = 0.00>
ST_4 : Operation 28 [1/1] (0.00ns)   --->   "%speclooptripcount_ln132 = speclooptripcount void @_ssdm_op_SpecLoopTripCount, i64 63, i64 63, i64 63" [src/fft2d_fixed.cpp:132]   --->   Operation 28 'speclooptripcount' 'speclooptripcount_ln132' <Predicate = true> <Delay = 0.00>
ST_4 : Operation 29 [1/1] (0.00ns)   --->   "%specloopname_ln132 = specloopname void @_ssdm_op_SpecLoopName, void @empty_13" [src/fft2d_fixed.cpp:132]   --->   Operation 29 'specloopname' 'specloopname_ln132' <Predicate = true> <Delay = 0.00>
ST_4 : Operation 30 [1/1] (0.00ns)   --->   "%j_2_loc_load = load i32 %j_2_loc"   --->   Operation 30 'load' 'j_2_loc_load' <Predicate = true> <Delay = 0.00>
ST_4 : Operation 31 [1/1] (0.00ns)   --->   "%zext_ln142 = zext i32 %j_2_loc_load" [src/fft2d_fixed.cpp:142]   --->   Operation 31 'zext' 'zext_ln142' <Predicate = true> <Delay = 0.00>
ST_4 : Operation 32 [1/1] (2.55ns)   --->   "%icmp_ln142 = icmp_slt  i32 %zext_ln132_1, i32 %j_2_loc_load" [src/fft2d_fixed.cpp:142]   --->   Operation 32 'icmp' 'icmp_ln142' <Predicate = true> <Delay = 2.55> <CoreInst = "Cmp">   --->   Core 9 'Cmp' <Latency = 0> <II = 1> <Delay = 2.55> <FuncUnit> <Opcode : 'seteq' 'setne' 'setle' 'setge' 'setlt' 'setgt'> <InPorts = 2> <OutPorts = 1>
ST_4 : Operation 33 [1/1] (0.00ns)   --->   "%br_ln142 = br i1 %icmp_ln142, void %for.inc, void %if.then" [src/fft2d_fixed.cpp:142]   --->   Operation 33 'br' 'br_ln142' <Predicate = true> <Delay = 0.00>
ST_4 : Operation 34 [1/1] (0.00ns)   --->   "%data_real_addr = getelementptr i32 %data_real, i64 0, i64 %zext_ln132" [src/fft2d_fixed.cpp:143]   --->   Operation 34 'getelementptr' 'data_real_addr' <Predicate = (icmp_ln142)> <Delay = 0.00>
ST_4 : Operation 35 [1/1] (0.00ns)   --->   "%data_imag_addr = getelementptr i32 %data_imag, i64 0, i64 %zext_ln132" [src/fft2d_fixed.cpp:143]   --->   Operation 35 'getelementptr' 'data_imag_addr' <Predicate = (icmp_ln142)> <Delay = 0.00>
ST_4 : Operation 36 [1/1] (0.00ns)   --->   "%data_real_addr_1 = getelementptr i32 %data_real, i64 0, i64 %zext_ln142" [src/fft2d_fixed.cpp:144]   --->   Operation 36 'getelementptr' 'data_real_addr_1' <Predicate = (icmp_ln142)> <Delay = 0.00>
ST_4 : Operation 37 [1/1] (0.00ns)   --->   "%data_imag_addr_1 = getelementptr i32 %data_imag, i64 0, i64 %zext_ln142" [src/fft2d_fixed.cpp:144]   --->   Operation 37 'getelementptr' 'data_imag_addr_1' <Predicate = (icmp_ln142)> <Delay = 0.00>
ST_4 : Operation 38 [2/2] (3.25ns)   --->   "%data_real_load_1 = load i6 %data_real_addr_1" [src/fft2d_fixed.cpp:144]   --->   Operation 38 'load' 'data_real_load_1' <Predicate = (icmp_ln142)> <Delay = 3.25> <CoreInst = "RAM">   --->   Core 81 'RAM' <Latency = 1> <II = 1> <Delay = 3.25> <Storage> <Opcode : 'load' 'store'> <Ports = 2> <Width = 32> <Depth = 64> <RAM>
ST_4 : Operation 39 [2/2] (3.25ns)   --->   "%data_imag_load_1 = load i6 %data_imag_addr_1" [src/fft2d_fixed.cpp:144]   --->   Operation 39 'load' 'data_imag_load_1' <Predicate = (icmp_ln142)> <Delay = 3.25> <CoreInst = "RAM">   --->   Core 81 'RAM' <Latency = 1> <II = 1> <Delay = 3.25> <Storage> <Opcode : 'load' 'store'> <Ports = 2> <Width = 32> <Depth = 64> <RAM>

State 5 <SV = 4> <Delay = 6.50>
ST_5 : Operation 40 [2/2] (3.25ns)   --->   "%data_real_load = load i6 %data_real_addr" [src/fft2d_fixed.cpp:145]   --->   Operation 40 'load' 'data_real_load' <Predicate = true> <Delay = 3.25> <CoreInst = "RAM">   --->   Core 81 'RAM' <Latency = 1> <II = 1> <Delay = 3.25> <Storage> <Opcode : 'load' 'store'> <Ports = 2> <Width = 32> <Depth = 64> <RAM>
ST_5 : Operation 41 [2/2] (3.25ns)   --->   "%data_imag_load = load i6 %data_imag_addr" [src/fft2d_fixed.cpp:145]   --->   Operation 41 'load' 'data_imag_load' <Predicate = true> <Delay = 3.25> <CoreInst = "RAM">   --->   Core 81 'RAM' <Latency = 1> <II = 1> <Delay = 3.25> <Storage> <Opcode : 'load' 'store'> <Ports = 2> <Width = 32> <Depth = 64> <RAM>
ST_5 : Operation 42 [1/2] ( I:3.25ns O:3.25ns )   --->   "%data_real_load_1 = load i6 %data_real_addr_1" [src/fft2d_fixed.cpp:144]   --->   Operation 42 'load' 'data_real_load_1' <Predicate = true> <Delay = 3.25> <CoreInst = "RAM">   --->   Core 81 'RAM' <Latency = 1> <II = 1> <Delay = 3.25> <Storage> <Opcode : 'load' 'store'> <Ports = 2> <Width = 32> <Depth = 64> <RAM>
ST_5 : Operation 43 [1/2] ( I:3.25ns O:3.25ns )   --->   "%data_imag_load_1 = load i6 %data_imag_addr_1" [src/fft2d_fixed.cpp:144]   --->   Operation 43 'load' 'data_imag_load_1' <Predicate = true> <Delay = 3.25> <CoreInst = "RAM">   --->   Core 81 'RAM' <Latency = 1> <II = 1> <Delay = 3.25> <Storage> <Opcode : 'load' 'store'> <Ports = 2> <Width = 32> <Depth = 64> <RAM>
ST_5 : Operation 44 [1/1] ( I:3.25ns O:3.25ns )   --->   "%store_ln144 = store i32 %data_real_load_1, i6 %data_real_addr" [src/fft2d_fixed.cpp:144]   --->   Operation 44 'store' 'store_ln144' <Predicate = true> <Delay = 3.25> <CoreInst = "RAM">   --->   Core 81 'RAM' <Latency = 1> <II = 1> <Delay = 3.25> <Storage> <Opcode : 'load' 'store'> <Ports = 2> <Width = 32> <Depth = 64> <RAM>
ST_5 : Operation 45 [1/1] ( I:3.25ns O:3.25ns )   --->   "%store_ln144 = store i32 %data_imag_load_1, i6 %data_imag_addr" [src/fft2d_fixed.cpp:144]   --->   Operation 45 'store' 'store_ln144' <Predicate = true> <Delay = 3.25> <CoreInst = "RAM">   --->   Core 81 'RAM' <Latency = 1> <II = 1> <Delay = 3.25> <Storage> <Opcode : 'load' 'store'> <Ports = 2> <Width = 32> <Depth = 64> <RAM>

State 6 <SV = 5> <Delay = 6.50>
ST_6 : Operation 46 [1/2] ( I:3.25ns O:3.25ns )   --->   "%data_real_load = load i6 %data_real_addr" [src/fft2d_fixed.cpp:145]   --->   Operation 46 'load' 'data_real_load' <Predicate = (icmp_ln142)> <Delay = 3.25> <CoreInst = "RAM">   --->   Core 81 'RAM' <Latency = 1> <II = 1> <Delay = 3.25> <Storage> <Opcode : 'load' 'store'> <Ports = 2> <Width = 32> <Depth = 64> <RAM>
ST_6 : Operation 47 [1/2] ( I:3.25ns O:3.25ns )   --->   "%data_imag_load = load i6 %data_imag_addr" [src/fft2d_fixed.cpp:145]   --->   Operation 47 'load' 'data_imag_load' <Predicate = (icmp_ln142)> <Delay = 3.25> <CoreInst = "RAM">   --->   Core 81 'RAM' <Latency = 1> <II = 1> <Delay = 3.25> <Storage> <Opcode : 'load' 'store'> <Ports = 2> <Width = 32> <Depth = 64> <RAM>
ST_6 : Operation 48 [1/1] ( I:3.25ns O:3.25ns )   --->   "%store_ln145 = store i32 %data_real_load, i6 %data_real_addr_1" [src/fft2d_fixed.cpp:145]   --->   Operation 48 'store' 'store_ln145' <Predicate = (icmp_ln142)> <Delay = 3.25> <CoreInst = "RAM">   --->   Core 81 'RAM' <Latency = 1> <II = 1> <Delay = 3.25> <Storage> <Opcode : 'load' 'store'> <Ports = 2> <Width = 32> <Depth = 64> <RAM>
ST_6 : Operation 49 [1/1] ( I:3.25ns O:3.25ns )   --->   "%store_ln145 = store i32 %data_imag_load, i6 %data_imag_addr_1" [src/fft2d_fixed.cpp:145]   --->   Operation 49 'store' 'store_ln145' <Predicate = (icmp_ln142)> <Delay = 3.25> <CoreInst = "RAM">   --->   Core 81 'RAM' <Latency = 1> <II = 1> <Delay = 3.25> <Storage> <Opcode : 'load' 'store'> <Ports = 2> <Width = 32> <Depth = 64> <RAM>
ST_6 : Operation 50 [1/1] (0.00ns)   --->   "%br_ln146 = br void %for.inc" [src/fft2d_fixed.cpp:146]   --->   Operation 50 'br' 'br_ln146' <Predicate = (icmp_ln142)> <Delay = 0.00>
ST_6 : Operation 51 [1/1] (1.87ns)   --->   "%add_ln132 = add i7 %i_2, i7 1" [src/fft2d_fixed.cpp:132]   --->   Operation 51 'add' 'add_ln132' <Predicate = true> <Delay = 1.87> <CoreInst = "Adder">   --->   Core 1 'Adder' <Latency = 0> <II = 1> <Delay = 1.87> <FuncUnit> <Opcode : 'add' 'sub'> <InPorts = 2> <OutPorts = 1>
ST_6 : Operation 52 [1/1] (1.58ns)   --->   "%store_ln132 = store i7 %add_ln132, i7 %i" [src/fft2d_fixed.cpp:132]   --->   Operation 52 'store' 'store_ln132' <Predicate = true> <Delay = 1.58>
ST_6 : Operation 53 [1/1] (1.58ns)   --->   "%store_ln132 = store i32 %j_2_loc_load, i32 %j" [src/fft2d_fixed.cpp:132]   --->   Operation 53 'store' 'store_ln132' <Predicate = true> <Delay = 1.58>
ST_6 : Operation 54 [1/1] (0.00ns)   --->   "%br_ln132 = br void %VITIS_LOOP_135_2" [src/fft2d_fixed.cpp:132]   --->   Operation 54 'br' 'br_ln132' <Predicate = true> <Delay = 0.00>

State 7 <SV = 2> <Delay = 5.80>
ST_7 : Operation 55 [1/1] (0.00ns)   --->   "%len_1 = load i32 %len" [src/fft2d_fixed.cpp:149]   --->   Operation 55 'load' 'len_1' <Predicate = true> <Delay = 0.00>
ST_7 : Operation 56 [1/1] (2.55ns)   --->   "%icmp_ln149 = icmp_slt  i32 %len_1, i32 65" [src/fft2d_fixed.cpp:149]   --->   Operation 56 'icmp' 'icmp_ln149' <Predicate = true> <Delay = 2.55> <CoreInst = "Cmp">   --->   Core 9 'Cmp' <Latency = 0> <II = 1> <Delay = 2.55> <FuncUnit> <Opcode : 'seteq' 'setne' 'setle' 'setge' 'setlt' 'setgt'> <InPorts = 2> <OutPorts = 1>
ST_7 : Operation 57 [1/1] (0.00ns)   --->   "%br_ln149 = br i1 %icmp_ln149, void %for.end47, void %VITIS_LOOP_150_4" [src/fft2d_fixed.cpp:149]   --->   Operation 57 'br' 'br_ln149' <Predicate = true> <Delay = 0.00>
ST_7 : Operation 58 [1/1] (0.00ns)   --->   "%speclooptripcount_ln151 = speclooptripcount void @_ssdm_op_SpecLoopTripCount, i64 6, i64 6, i64 6" [src/fft2d_fixed.cpp:151]   --->   Operation 58 'speclooptripcount' 'speclooptripcount_ln151' <Predicate = (icmp_ln149)> <Delay = 0.00>
ST_7 : Operation 59 [1/1] (0.00ns)   --->   "%specloopname_ln149 = specloopname void @_ssdm_op_SpecLoopName, void @empty_22" [src/fft2d_fixed.cpp:149]   --->   Operation 59 'specloopname' 'specloopname_ln149' <Predicate = (icmp_ln149)> <Delay = 0.00>
ST_7 : Operation 60 [1/1] (0.00ns)   --->   "%tmp = bitselect i1 @_ssdm_op_BitSelect.i1.i32.i32, i32 %len_1, i32 31" [src/fft2d_fixed.cpp:151]   --->   Operation 60 'bitselect' 'tmp' <Predicate = (icmp_ln149)> <Delay = 0.00>
ST_7 : Operation 61 [1/1] (2.55ns)   --->   "%sub_ln151 = sub i32 0, i32 %len_1" [src/fft2d_fixed.cpp:151]   --->   Operation 61 'sub' 'sub_ln151' <Predicate = (icmp_ln149)> <Delay = 2.55> <CoreInst = "Adder">   --->   Core 1 'Adder' <Latency = 0> <II = 1> <Delay = 2.55> <FuncUnit> <Opcode : 'add' 'sub'> <InPorts = 2> <OutPorts = 1>
ST_7 : Operation 62 [1/1] (0.00ns)   --->   "%lshr_ln151_1 = partselect i31 @_ssdm_op_PartSelect.i31.i32.i32.i32, i32 %sub_ln151, i32 1, i32 31" [src/fft2d_fixed.cpp:151]   --->   Operation 62 'partselect' 'lshr_ln151_1' <Predicate = (icmp_ln149)> <Delay = 0.00>
ST_7 : Operation 63 [1/1] (2.52ns)   --->   "%sub_ln151_1 = sub i31 0, i31 %lshr_ln151_1" [src/fft2d_fixed.cpp:151]   --->   Operation 63 'sub' 'sub_ln151_1' <Predicate = (icmp_ln149)> <Delay = 2.52> <CoreInst = "Adder">   --->   Core 1 'Adder' <Latency = 0> <II = 1> <Delay = 2.52> <FuncUnit> <Opcode : 'add' 'sub'> <InPorts = 2> <OutPorts = 1>
ST_7 : Operation 64 [1/1] (0.00ns)   --->   "%lshr_ln151_2 = partselect i31 @_ssdm_op_PartSelect.i31.i32.i32.i32, i32 %len_1, i32 1, i32 31" [src/fft2d_fixed.cpp:151]   --->   Operation 64 'partselect' 'lshr_ln151_2' <Predicate = (icmp_ln149)> <Delay = 0.00>
ST_7 : Operation 65 [1/1] (0.73ns)   --->   "%select_ln151 = select i1 %tmp, i31 %sub_ln151_1, i31 %lshr_ln151_2" [src/fft2d_fixed.cpp:151]   --->   Operation 65 'select' 'select_ln151' <Predicate = (icmp_ln149)> <Delay = 0.73> <CoreInst = "Sel">   --->   Core 73 'Sel' <Latency = 0> <II = 1> <Delay = 0.73> <FuncUnit> <Opcode : 'select'> <InPorts = 3> <OutPorts = 1>
ST_7 : Operation 66 [1/1] (0.00ns)   --->   "%trunc_ln150 = trunc i31 %select_ln151" [src/fft2d_fixed.cpp:150]   --->   Operation 66 'trunc' 'trunc_ln150' <Predicate = (icmp_ln149)> <Delay = 0.00>
ST_7 : Operation 67 [1/1] (0.00ns)   --->   "%sext_ln150 = sext i32 %len_1" [src/fft2d_fixed.cpp:150]   --->   Operation 67 'sext' 'sext_ln150' <Predicate = (icmp_ln149)> <Delay = 0.00>
ST_7 : Operation 68 [1/1] (1.58ns)   --->   "%br_ln150 = br void %for.cond15" [src/fft2d_fixed.cpp:150]   --->   Operation 68 'br' 'br_ln150' <Predicate = (icmp_ln149)> <Delay = 1.58>
ST_7 : Operation 69 [1/1] (0.00ns)   --->   "%ret_ln161 = ret" [src/fft2d_fixed.cpp:161]   --->   Operation 69 'ret' 'ret_ln161' <Predicate = (!icmp_ln149)> <Delay = 0.00>

State 8 <SV = 3> <Delay = 4.95>
ST_8 : Operation 70 [1/1] (0.00ns)   --->   "%i_1 = phi i64 %add_ln150, void %for.inc40.lr.ph, i64 0, void %VITIS_LOOP_150_4" [src/fft2d_fixed.cpp:150]   --->   Operation 70 'phi' 'i_1' <Predicate = true> <Delay = 0.00>
ST_8 : Operation 71 [1/1] (0.00ns)   --->   "%tmp_19 = partselect i58 @_ssdm_op_PartSelect.i58.i64.i32.i32, i64 %i_1, i32 6, i32 63" [src/fft2d_fixed.cpp:150]   --->   Operation 71 'partselect' 'tmp_19' <Predicate = true> <Delay = 0.00>
ST_8 : Operation 72 [1/1] (3.36ns)   --->   "%icmp_ln150 = icmp_slt  i58 %tmp_19, i58 1" [src/fft2d_fixed.cpp:150]   --->   Operation 72 'icmp' 'icmp_ln150' <Predicate = true> <Delay = 3.36> <CoreInst = "Cmp">   --->   Core 9 'Cmp' <Latency = 0> <II = 1> <Delay = 3.36> <FuncUnit> <Opcode : 'seteq' 'setne' 'setle' 'setge' 'setlt' 'setgt'> <InPorts = 2> <OutPorts = 1>
ST_8 : Operation 73 [1/1] (0.00ns)   --->   "%br_ln150 = br i1 %icmp_ln150, void %for.inc46, void %for.inc40.lr.ph" [src/fft2d_fixed.cpp:150]   --->   Operation 73 'br' 'br_ln150' <Predicate = true> <Delay = 0.00>
ST_8 : Operation 74 [1/1] (0.00ns)   --->   "%trunc_ln150_1 = trunc i64 %i_1" [src/fft2d_fixed.cpp:150]   --->   Operation 74 'trunc' 'trunc_ln150_1' <Predicate = (icmp_ln150)> <Delay = 0.00>
ST_8 : Operation 75 [1/1] (3.52ns)   --->   "%add_ln150 = add i64 %sext_ln150, i64 %i_1" [src/fft2d_fixed.cpp:150]   --->   Operation 75 'add' 'add_ln150' <Predicate = (icmp_ln150)> <Delay = 3.52> <CoreInst = "Adder">   --->   Core 1 'Adder' <Latency = 0> <II = 1> <Delay = 3.52> <FuncUnit> <Opcode : 'add' 'sub'> <InPorts = 2> <OutPorts = 1>
ST_8 : Operation 76 [1/1] (0.00ns)   --->   "%len_2 = shl i32 %len_1, i32 1" [src/fft2d_fixed.cpp:149]   --->   Operation 76 'shl' 'len_2' <Predicate = (!icmp_ln150)> <Delay = 0.00>
ST_8 : Operation 77 [1/1] (1.58ns)   --->   "%store_ln149 = store i32 %len_2, i32 %len" [src/fft2d_fixed.cpp:149]   --->   Operation 77 'store' 'store_ln149' <Predicate = (!icmp_ln150)> <Delay = 1.58>
ST_8 : Operation 78 [1/1] (0.00ns)   --->   "%br_ln149 = br void %for.cond10" [src/fft2d_fixed.cpp:149]   --->   Operation 78 'br' 'br_ln149' <Predicate = (!icmp_ln150)> <Delay = 0.00>

State 9 <SV = 4> <Delay = 4.33>
ST_9 : Operation 79 [2/2] (4.33ns)   --->   "%call_ln151 = call void @fft1d_fixed_col_Pipeline_VITIS_LOOP_151_5, i31 %select_ln151, i32 %len_1, i6 %trunc_ln150_1, i32 %data_real, i32 %data_imag, i6 %trunc_ln150, i14 %TWIDDLE_REAL, i13 %TWIDDLE_IMAG" [src/fft2d_fixed.cpp:151]   --->   Operation 79 'call' 'call_ln151' <Predicate = true> <Delay = 4.33> <CoreType = "Generic">   --->   Generic Core

State 10 <SV = 5> <Delay = 0.00>
ST_10 : Operation 80 [1/1] (0.00ns)   --->   "%specloopname_ln150 = specloopname void @_ssdm_op_SpecLoopName, void @empty_21" [src/fft2d_fixed.cpp:150]   --->   Operation 80 'specloopname' 'specloopname_ln150' <Predicate = true> <Delay = 0.00>
ST_10 : Operation 81 [1/2] (0.00ns)   --->   "%call_ln151 = call void @fft1d_fixed_col_Pipeline_VITIS_LOOP_151_5, i31 %select_ln151, i32 %len_1, i6 %trunc_ln150_1, i32 %data_real, i32 %data_imag, i6 %trunc_ln150, i14 %TWIDDLE_REAL, i13 %TWIDDLE_IMAG" [src/fft2d_fixed.cpp:151]   --->   Operation 81 'call' 'call_ln151' <Predicate = true> <Delay = 0.00> <CoreType = "Generic">   --->   Generic Core
ST_10 : Operation 82 [1/1] (0.00ns)   --->   "%br_ln150 = br void %for.cond15" [src/fft2d_fixed.cpp:150]   --->   Operation 82 'br' 'br_ln150' <Predicate = true> <Delay = 0.00>


============================================================
+ Verbose Summary: Binding
============================================================
STG Binding: 
---------------- STG Properties BEGIN ----------------
- Is combinational: 0
- Is one-state seq: 0
- Is datapath-only: 0
- Is pipelined: 0
- Is top level: 0
Port [ Return ] is wired: 1; IO mode=ap_ctrl_hs:ce=0
Port [ data_real]:  wired=1; compound=1; hidden=0; nouse=0; global=0; static=0; extern=0; dir=2; type=1; pingpong=0; private_global=0; MemPort=[21]; IO mode=ap_memory:ce=0
Port [ data_imag]:  wired=1; compound=1; hidden=0; nouse=0; global=0; static=0; extern=0; dir=2; type=1; pingpong=0; private_global=0; MemPort=[21]; IO mode=ap_memory:ce=0
Port [ TWIDDLE_REAL]:  wired=0; compound=1; hidden=1; nouse=1; global=1; static=1; extern=0; dir=0; type=1; pingpong=0; private_global=0; MemPort=[1]; IO mode=ap_memory:ce=0
Port [ TWIDDLE_IMAG]:  wired=0; compound=1; hidden=1; nouse=1; global=1; static=1; extern=0; dir=0; type=1; pingpong=0; private_global=0; MemPort=[1]; IO mode=ap_memory:ce=0
---------------- STG Properties END ------------------

---------------- Datapath Model BEGIN ----------------

<LifeTime>
<method=bitvector/>
j                       (alloca           ) [ 01111110000]
i                       (alloca           ) [ 01111110000]
j_2_loc                 (alloca           ) [ 00111110000]
store_ln132             (store            ) [ 00000000000]
store_ln132             (store            ) [ 00000000000]
br_ln132                (br               ) [ 00000000000]
i_2                     (load             ) [ 00011110000]
icmp_ln132              (icmp             ) [ 00111110000]
br_ln132                (br               ) [ 00000000000]
j_load                  (load             ) [ 00010000000]
len                     (alloca           ) [ 00111111111]
store_ln149             (store            ) [ 00000000000]
br_ln149                (br               ) [ 00000000000]
call_ln0                (call             ) [ 00000000000]
zext_ln132              (zext             ) [ 00000000000]
zext_ln132_1            (zext             ) [ 00000000000]
speclooptripcount_ln132 (speclooptripcount) [ 00000000000]
specloopname_ln132      (specloopname     ) [ 00000000000]
j_2_loc_load            (load             ) [ 00000110000]
zext_ln142              (zext             ) [ 00000000000]
icmp_ln142              (icmp             ) [ 00111110000]
br_ln142                (br               ) [ 00000000000]
data_real_addr          (getelementptr    ) [ 00000110000]
data_imag_addr          (getelementptr    ) [ 00000110000]
data_real_addr_1        (getelementptr    ) [ 00000110000]
data_imag_addr_1        (getelementptr    ) [ 00000110000]
data_real_load_1        (load             ) [ 00000000000]
data_imag_load_1        (load             ) [ 00000000000]
store_ln144             (store            ) [ 00000000000]
store_ln144             (store            ) [ 00000000000]
data_real_load          (load             ) [ 00000000000]
data_imag_load          (load             ) [ 00000000000]
store_ln145             (store            ) [ 00000000000]
store_ln145             (store            ) [ 00000000000]
br_ln146                (br               ) [ 00000000000]
add_ln132               (add              ) [ 00000000000]
store_ln132             (store            ) [ 00000000000]
store_ln132             (store            ) [ 00000000000]
br_ln132                (br               ) [ 00000000000]
len_1                   (load             ) [ 00000000111]
icmp_ln149              (icmp             ) [ 00000001111]
br_ln149                (br               ) [ 00000000000]
speclooptripcount_ln151 (speclooptripcount) [ 00000000000]
specloopname_ln149      (specloopname     ) [ 00000000000]
tmp                     (bitselect        ) [ 00000000000]
sub_ln151               (sub              ) [ 00000000000]
lshr_ln151_1            (partselect       ) [ 00000000000]
sub_ln151_1             (sub              ) [ 00000000000]
lshr_ln151_2            (partselect       ) [ 00000000000]
select_ln151            (select           ) [ 00000000111]
trunc_ln150             (trunc            ) [ 00000000111]
sext_ln150              (sext             ) [ 00000000111]
br_ln150                (br               ) [ 00000001111]
ret_ln161               (ret              ) [ 00000000000]
i_1                     (phi              ) [ 00000000100]
tmp_19                  (partselect       ) [ 00000000000]
icmp_ln150              (icmp             ) [ 00000001111]
br_ln150                (br               ) [ 00000000000]
trunc_ln150_1           (trunc            ) [ 00000000011]
add_ln150               (add              ) [ 00000001111]
len_2                   (shl              ) [ 00000000000]
store_ln149             (store            ) [ 00000000000]
br_ln149                (br               ) [ 00000000000]
specloopname_ln150      (specloopname     ) [ 00000000000]
call_ln151              (call             ) [ 00000000000]
br_ln150                (br               ) [ 00000001111]
</LifeTime>

<model>

<comp_list>
<comp id="0" class="1000" name="data_real">
<pin_list>
<pin id="1" dir="1" index="0" bw="1" slack="0"/>
</pin_list>
<bind>
<StgValue><ssdm name="data_real"/><MemPortTyVec>2 1 </MemPortTyVec>
</StgValue>
</bind>
</comp>

<comp id="2" class="1000" name="data_imag">
<pin_list>
<pin id="3" dir="1" index="0" bw="1" slack="0"/>
</pin_list>
<bind>
<StgValue><ssdm name="data_imag"/><MemPortTyVec>2 1 </MemPortTyVec>
</StgValue>
</bind>
</comp>

<comp id="4" class="1000" name="TWIDDLE_REAL">
<pin_list>
<pin id="5" dir="1" index="0" bw="1" slack="0"/>
</pin_list>
<bind>
<StgValue><ssdm name="TWIDDLE_REAL"/><MemPortTyVec>1 </MemPortTyVec>
</StgValue>
</bind>
</comp>

<comp id="6" class="1000" name="TWIDDLE_IMAG">
<pin_list>
<pin id="7" dir="1" index="0" bw="1" slack="0"/>
</pin_list>
<bind>
<StgValue><ssdm name="TWIDDLE_IMAG"/><MemPortTyVec>1 </MemPortTyVec>
</StgValue>
</bind>
</comp>

<comp id="8" class="1001" name="const_8">
<pin_list>
<pin id="9" dir="1" index="0" bw="1" slack="0"/>
</pin_list>
<bind>
<StgValue><ssdm name=""/></StgValue>
</bind>
</comp>

<comp id="10" class="1001" name="const_10">
<pin_list>
<pin id="11" dir="1" index="0" bw="1" slack="0"/>
</pin_list>
<bind>
<StgValue><ssdm name=""/></StgValue>
</bind>
</comp>

<comp id="12" class="1001" name="const_12">
<pin_list>
<pin id="13" dir="1" index="0" bw="1" slack="0"/>
</pin_list>
<bind>
<StgValue><ssdm name=""/></StgValue>
</bind>
</comp>

<comp id="14" class="1001" name="const_14">
<pin_list>
<pin id="15" dir="1" index="0" bw="1" slack="0"/>
</pin_list>
<bind>
<StgValue><ssdm name=""/></StgValue>
</bind>
</comp>

<comp id="16" class="1001" name="const_16">
<pin_list>
<pin id="17" dir="1" index="0" bw="1" slack="0"/>
</pin_list>
<bind>
<StgValue><ssdm name=""/></StgValue>
</bind>
</comp>

<comp id="18" class="1001" name="const_18">
<pin_list>
<pin id="19" dir="1" index="0" bw="1" slack="0"/>
</pin_list>
<bind>
<StgValue><ssdm name="fft1d_fixed_col_Pipeline_VITIS_LOOP_135_2"/></StgValue>
</bind>
</comp>

<comp id="20" class="1001" name="const_20">
<pin_list>
<pin id="21" dir="1" index="0" bw="1" slack="0"/>
</pin_list>
<bind>
<StgValue><ssdm name=""/></StgValue>
</bind>
</comp>

<comp id="22" class="1001" name="const_22">
<pin_list>
<pin id="23" dir="1" index="0" bw="1" slack="2147483647"/>
</pin_list>
<bind>
<StgValue><ssdm name="_ssdm_op_SpecLoopTripCount"/></StgValue>
</bind>
</comp>

<comp id="24" class="1001" name="const_24">
<pin_list>
<pin id="25" dir="1" index="0" bw="1" slack="2147483647"/>
</pin_list>
<bind>
<StgValue><ssdm name=""/></StgValue>
</bind>
</comp>

<comp id="26" class="1001" name="const_26">
<pin_list>
<pin id="27" dir="1" index="0" bw="1" slack="2147483647"/>
</pin_list>
<bind>
<StgValue><ssdm name="_ssdm_op_SpecLoopName"/></StgValue>
</bind>
</comp>

<comp id="28" class="1001" name="const_28">
<pin_list>
<pin id="29" dir="1" index="0" bw="1" slack="2147483647"/>
</pin_list>
<bind>
<StgValue><ssdm name="empty_13"/></StgValue>
</bind>
</comp>

<comp id="30" class="1001" name="const_30">
<pin_list>
<pin id="31" dir="1" index="0" bw="1" slack="0"/>
</pin_list>
<bind>
<StgValue><ssdm name=""/></StgValue>
</bind>
</comp>

<comp id="32" class="1001" name="const_32">
<pin_list>
<pin id="33" dir="1" index="0" bw="1" slack="0"/>
</pin_list>
<bind>
<StgValue><ssdm name=""/></StgValue>
</bind>
</comp>

<comp id="34" class="1001" name="const_34">
<pin_list>
<pin id="35" dir="1" index="0" bw="1" slack="2147483647"/>
</pin_list>
<bind>
<StgValue><ssdm name=""/></StgValue>
</bind>
</comp>

<comp id="36" class="1001" name="const_36">
<pin_list>
<pin id="37" dir="1" index="0" bw="1" slack="2147483647"/>
</pin_list>
<bind>
<StgValue><ssdm name="empty_22"/></StgValue>
</bind>
</comp>

<comp id="38" class="1001" name="const_38">
<pin_list>
<pin id="39" dir="1" index="0" bw="1" slack="0"/>
</pin_list>
<bind>
<StgValue><ssdm name="_ssdm_op_BitSelect.i1.i32.i32"/></StgValue>
</bind>
</comp>

<comp id="40" class="1001" name="const_40">
<pin_list>
<pin id="41" dir="1" index="0" bw="1" slack="0"/>
</pin_list>
<bind>
<StgValue><ssdm name=""/></StgValue>
</bind>
</comp>

<comp id="42" class="1001" name="const_42">
<pin_list>
<pin id="43" dir="1" index="0" bw="1" slack="0"/>
</pin_list>
<bind>
<StgValue><ssdm name="_ssdm_op_PartSelect.i31.i32.i32.i32"/></StgValue>
</bind>
</comp>

<comp id="44" class="1001" name="const_44">
<pin_list>
<pin id="45" dir="1" index="0" bw="1" slack="0"/>
</pin_list>
<bind>
<StgValue><ssdm name=""/></StgValue>
</bind>
</comp>

<comp id="46" class="1001" name="const_46">
<pin_list>
<pin id="47" dir="1" index="0" bw="1" slack="0"/>
</pin_list>
<bind>
<StgValue><ssdm name="_ssdm_op_PartSelect.i58.i64.i32.i32"/></StgValue>
</bind>
</comp>

<comp id="48" class="1001" name="const_48">
<pin_list>
<pin id="49" dir="1" index="0" bw="1" slack="0"/>
</pin_list>
<bind>
<StgValue><ssdm name=""/></StgValue>
</bind>
</comp>

<comp id="50" class="1001" name="const_50">
<pin_list>
<pin id="51" dir="1" index="0" bw="1" slack="0"/>
</pin_list>
<bind>
<StgValue><ssdm name=""/></StgValue>
</bind>
</comp>

<comp id="52" class="1001" name="const_52">
<pin_list>
<pin id="53" dir="1" index="0" bw="1" slack="0"/>
</pin_list>
<bind>
<StgValue><ssdm name=""/></StgValue>
</bind>
</comp>

<comp id="54" class="1001" name="const_54">
<pin_list>
<pin id="55" dir="1" index="0" bw="1" slack="0"/>
</pin_list>
<bind>
<StgValue><ssdm name="fft1d_fixed_col_Pipeline_VITIS_LOOP_151_5"/></StgValue>
</bind>
</comp>

<comp id="56" class="1001" name="const_56">
<pin_list>
<pin id="57" dir="1" index="0" bw="1" slack="2147483647"/>
</pin_list>
<bind>
<StgValue><ssdm name="empty_21"/></StgValue>
</bind>
</comp>

<comp id="58" class="1004" name="j_fu_58">
<pin_list>
<pin id="59" dir="0" index="0" bw="1" slack="0"/>
<pin id="60" dir="1" index="1" bw="32" slack="0"/>
</pin_list>
<bind>
<opcode="alloca(26) " fcode="alloca"/>
<opset="j/1 "/>
</bind>
</comp>

<comp id="62" class="1004" name="i_fu_62">
<pin_list>
<pin id="63" dir="0" index="0" bw="1" slack="0"/>
<pin id="64" dir="1" index="1" bw="7" slack="0"/>
</pin_list>
<bind>
<opcode="alloca(26) " fcode="alloca"/>
<opset="i/1 "/>
</bind>
</comp>

<comp id="66" class="1004" name="j_2_loc_fu_66">
<pin_list>
<pin id="67" dir="0" index="0" bw="1" slack="0"/>
<pin id="68" dir="1" index="1" bw="32" slack="1"/>
</pin_list>
<bind>
<opcode="alloca(26) " fcode="alloca"/>
<opset="j_2_loc/1 "/>
</bind>
</comp>

<comp id="70" class="1004" name="len_fu_70">
<pin_list>
<pin id="71" dir="0" index="0" bw="1" slack="0"/>
<pin id="72" dir="1" index="1" bw="32" slack="0"/>
</pin_list>
<bind>
<opcode="alloca(26) " fcode="alloca"/>
<opset="len/2 "/>
</bind>
</comp>

<comp id="74" class="1004" name="data_real_addr_gep_fu_74">
<pin_list>
<pin id="75" dir="0" index="0" bw="32" slack="0"/>
<pin id="76" dir="0" index="1" bw="1" slack="0"/>
<pin id="77" dir="0" index="2" bw="7" slack="0"/>
<pin id="78" dir="1" index="3" bw="6" slack="1"/>
</pin_list>
<bind>
<opcode="getelementptr(29) " fcode="getelementptr"/>
<opset="data_real_addr/4 "/>
</bind>
</comp>

<comp id="81" class="1004" name="data_imag_addr_gep_fu_81">
<pin_list>
<pin id="82" dir="0" index="0" bw="32" slack="0"/>
<pin id="83" dir="0" index="1" bw="1" slack="0"/>
<pin id="84" dir="0" index="2" bw="7" slack="0"/>
<pin id="85" dir="1" index="3" bw="6" slack="1"/>
</pin_list>
<bind>
<opcode="getelementptr(29) " fcode="getelementptr"/>
<opset="data_imag_addr/4 "/>
</bind>
</comp>

<comp id="88" class="1004" name="data_real_addr_1_gep_fu_88">
<pin_list>
<pin id="89" dir="0" index="0" bw="32" slack="0"/>
<pin id="90" dir="0" index="1" bw="1" slack="0"/>
<pin id="91" dir="0" index="2" bw="32" slack="0"/>
<pin id="92" dir="1" index="3" bw="6" slack="0"/>
</pin_list>
<bind>
<opcode="getelementptr(29) " fcode="getelementptr"/>
<opset="data_real_addr_1/4 "/>
</bind>
</comp>

<comp id="95" class="1004" name="data_imag_addr_1_gep_fu_95">
<pin_list>
<pin id="96" dir="0" index="0" bw="32" slack="0"/>
<pin id="97" dir="0" index="1" bw="1" slack="0"/>
<pin id="98" dir="0" index="2" bw="32" slack="0"/>
<pin id="99" dir="1" index="3" bw="6" slack="0"/>
</pin_list>
<bind>
<opcode="getelementptr(29) " fcode="getelementptr"/>
<opset="data_imag_addr_1/4 "/>
</bind>
</comp>

<comp id="102" class="1004" name="grp_access_fu_102">
<pin_list>
<pin id="103" dir="0" index="0" bw="6" slack="0"/>
<pin id="104" dir="0" index="1" bw="32" slack="0"/>
<pin id="105" dir="0" index="2" bw="0" slack="2147483647"/>
<pin id="106" dir="1" index="3" bw="32" slack="0"/>
</pin_list>
<bind>
<opcode="load(27) store(28) " fcode="store"/>
<opset="data_real_load_1/4 data_real_load/5 store_ln144/5 store_ln145/6 "/>
</bind>
</comp>

<comp id="108" class="1004" name="grp_access_fu_108">
<pin_list>
<pin id="109" dir="0" index="0" bw="6" slack="0"/>
<pin id="110" dir="0" index="1" bw="32" slack="0"/>
<pin id="111" dir="0" index="2" bw="0" slack="2147483647"/>
<pin id="112" dir="1" index="3" bw="32" slack="0"/>
</pin_list>
<bind>
<opcode="load(27) store(28) " fcode="store"/>
<opset="data_imag_load_1/4 data_imag_load/5 store_ln144/5 store_ln145/6 "/>
</bind>
</comp>

<comp id="116" class="1005" name="i_1_reg_116">
<pin_list>
<pin id="117" dir="0" index="0" bw="64" slack="1"/>
<pin id="118" dir="1" index="1" bw="64" slack="1"/>
</pin_list>
<bind>
<opset="i_1 (phireg) "/>
</bind>
</comp>

<comp id="120" class="1004" name="i_1_phi_fu_120">
<pin_list>
<pin id="121" dir="0" index="0" bw="64" slack="0"/>
<pin id="122" dir="0" index="1" bw="0" slack="2147483647"/>
<pin id="123" dir="0" index="2" bw="1" slack="1"/>
<pin id="124" dir="0" index="3" bw="0" slack="2147483647"/>
<pin id="125" dir="1" index="4" bw="64" slack="0"/>
</pin_list>
<bind>
<opcode="phi(47) " fcode="phi"/>
<opset="i_1/8 "/>
</bind>
</comp>

<comp id="127" class="1004" name="grp_fft1d_fixed_col_Pipeline_VITIS_LOOP_135_2_fu_127">
<pin_list>
<pin id="128" dir="0" index="0" bw="0" slack="0"/>
<pin id="129" dir="0" index="1" bw="32" slack="0"/>
<pin id="130" dir="0" index="2" bw="32" slack="1"/>
<pin id="131" dir="1" index="3" bw="0" slack="2147483647"/>
</pin_list>
<bind>
<opcode="call(48) " fcode="call"/>
<opset="call_ln0/2 "/>
</bind>
</comp>

<comp id="133" class="1004" name="grp_fft1d_fixed_col_Pipeline_VITIS_LOOP_151_5_fu_133">
<pin_list>
<pin id="134" dir="0" index="0" bw="0" slack="0"/>
<pin id="135" dir="0" index="1" bw="31" slack="2"/>
<pin id="136" dir="0" index="2" bw="32" slack="2"/>
<pin id="137" dir="0" index="3" bw="6" slack="1"/>
<pin id="138" dir="0" index="4" bw="32" slack="0"/>
<pin id="139" dir="0" index="5" bw="32" slack="0"/>
<pin id="140" dir="0" index="6" bw="6" slack="2"/>
<pin id="141" dir="0" index="7" bw="14" slack="0"/>
<pin id="142" dir="0" index="8" bw="13" slack="0"/>
<pin id="143" dir="1" index="9" bw="0" slack="2147483647"/>
</pin_list>
<bind>
<opcode="call(48) " fcode="call"/>
<opset="call_ln151/9 "/>
</bind>
</comp>

<comp id="149" class="1004" name="store_ln132_store_fu_149">
<pin_list>
<pin id="150" dir="0" index="0" bw="1" slack="0"/>
<pin id="151" dir="0" index="1" bw="7" slack="0"/>
<pin id="152" dir="1" index="2" bw="0" slack="2147483647"/>
</pin_list>
<bind>
<opcode="store(28) " fcode="store"/>
<opset="store_ln132/1 "/>
</bind>
</comp>

<comp id="154" class="1004" name="store_ln132_store_fu_154">
<pin_list>
<pin id="155" dir="0" index="0" bw="1" slack="0"/>
<pin id="156" dir="0" index="1" bw="32" slack="0"/>
<pin id="157" dir="1" index="2" bw="0" slack="2147483647"/>
</pin_list>
<bind>
<opcode="store(28) " fcode="store"/>
<opset="store_ln132/1 "/>
</bind>
</comp>

<comp id="159" class="1004" name="i_2_load_fu_159">
<pin_list>
<pin id="160" dir="0" index="0" bw="7" slack="1"/>
<pin id="161" dir="1" index="1" bw="7" slack="0"/>
</pin_list>
<bind>
<opcode="load(27) " fcode="load"/>
<opset="i_2/2 "/>
</bind>
</comp>

<comp id="162" class="1004" name="icmp_ln132_fu_162">
<pin_list>
<pin id="163" dir="0" index="0" bw="7" slack="0"/>
<pin id="164" dir="0" index="1" bw="7" slack="0"/>
<pin id="165" dir="1" index="2" bw="1" slack="2147483647"/>
</pin_list>
<bind>
<opcode="icmp(45) " fcode="icmp"/>
<opset="icmp_ln132/2 "/>
</bind>
</comp>

<comp id="168" class="1004" name="j_load_load_fu_168">
<pin_list>
<pin id="169" dir="0" index="0" bw="32" slack="1"/>
<pin id="170" dir="1" index="1" bw="32" slack="0"/>
</pin_list>
<bind>
<opcode="load(27) " fcode="load"/>
<opset="j_load/2 "/>
</bind>
</comp>

<comp id="172" class="1004" name="store_ln149_store_fu_172">
<pin_list>
<pin id="173" dir="0" index="0" bw="3" slack="0"/>
<pin id="174" dir="0" index="1" bw="32" slack="0"/>
<pin id="175" dir="1" index="2" bw="0" slack="2147483647"/>
</pin_list>
<bind>
<opcode="store(28) " fcode="store"/>
<opset="store_ln149/2 "/>
</bind>
</comp>

<comp id="177" class="1004" name="zext_ln132_fu_177">
<pin_list>
<pin id="178" dir="0" index="0" bw="7" slack="2147483647"/>
<pin id="179" dir="1" index="1" bw="64" slack="0"/>
</pin_list>
<bind>
<opcode="zext(34) " fcode="zext"/>
<opset="zext_ln132/4 "/>
</bind>
</comp>

<comp id="182" class="1004" name="zext_ln132_1_fu_182">
<pin_list>
<pin id="183" dir="0" index="0" bw="7" slack="2147483647"/>
<pin id="184" dir="1" index="1" bw="32" slack="0"/>
</pin_list>
<bind>
<opcode="zext(34) " fcode="zext"/>
<opset="zext_ln132_1/4 "/>
</bind>
</comp>

<comp id="185" class="1004" name="j_2_loc_load_load_fu_185">
<pin_list>
<pin id="186" dir="0" index="0" bw="32" slack="3"/>
<pin id="187" dir="1" index="1" bw="32" slack="0"/>
</pin_list>
<bind>
<opcode="load(27) " fcode="load"/>
<opset="j_2_loc_load/4 "/>
</bind>
</comp>

<comp id="188" class="1004" name="zext_ln142_fu_188">
<pin_list>
<pin id="189" dir="0" index="0" bw="32" slack="0"/>
<pin id="190" dir="1" index="1" bw="64" slack="0"/>
</pin_list>
<bind>
<opcode="zext(34) " fcode="zext"/>
<opset="zext_ln142/4 "/>
</bind>
</comp>

<comp id="194" class="1004" name="icmp_ln142_fu_194">
<pin_list>
<pin id="195" dir="0" index="0" bw="32" slack="0"/>
<pin id="196" dir="0" index="1" bw="32" slack="0"/>
<pin id="197" dir="1" index="2" bw="1" slack="2"/>
</pin_list>
<bind>
<opcode="icmp(45) " fcode="icmp"/>
<opset="icmp_ln142/4 "/>
</bind>
</comp>

<comp id="200" class="1004" name="add_ln132_fu_200">
<pin_list>
<pin id="201" dir="0" index="0" bw="7" slack="2147483647"/>
<pin id="202" dir="0" index="1" bw="1" slack="0"/>
<pin id="203" dir="1" index="2" bw="7" slack="0"/>
</pin_list>
<bind>
<opcode="add(8) " fcode="add"/>
<opset="add_ln132/6 "/>
</bind>
</comp>

<comp id="205" class="1004" name="store_ln132_store_fu_205">
<pin_list>
<pin id="206" dir="0" index="0" bw="7" slack="0"/>
<pin id="207" dir="0" index="1" bw="7" slack="5"/>
<pin id="208" dir="1" index="2" bw="0" slack="2147483647"/>
</pin_list>
<bind>
<opcode="store(28) " fcode="store"/>
<opset="store_ln132/6 "/>
</bind>
</comp>

<comp id="210" class="1004" name="store_ln132_store_fu_210">
<pin_list>
<pin id="211" dir="0" index="0" bw="32" slack="2147483647"/>
<pin id="212" dir="0" index="1" bw="32" slack="5"/>
<pin id="213" dir="1" index="2" bw="0" slack="2147483647"/>
</pin_list>
<bind>
<opcode="store(28) " fcode="store"/>
<opset="store_ln132/6 "/>
</bind>
</comp>

<comp id="214" class="1004" name="len_1_load_fu_214">
<pin_list>
<pin id="215" dir="0" index="0" bw="32" slack="1"/>
<pin id="216" dir="1" index="1" bw="32" slack="0"/>
</pin_list>
<bind>
<opcode="load(27) " fcode="load"/>
<opset="len_1/7 "/>
</bind>
</comp>

<comp id="217" class="1004" name="icmp_ln149_fu_217">
<pin_list>
<pin id="218" dir="0" index="0" bw="32" slack="0"/>
<pin id="219" dir="0" index="1" bw="32" slack="0"/>
<pin id="220" dir="1" index="2" bw="1" slack="2147483647"/>
</pin_list>
<bind>
<opcode="icmp(45) " fcode="icmp"/>
<opset="icmp_ln149/7 "/>
</bind>
</comp>

<comp id="223" class="1004" name="tmp_fu_223">
<pin_list>
<pin id="224" dir="0" index="0" bw="1" slack="0"/>
<pin id="225" dir="0" index="1" bw="32" slack="0"/>
<pin id="226" dir="0" index="2" bw="6" slack="0"/>
<pin id="227" dir="1" index="3" bw="1" slack="0"/>
</pin_list>
<bind>
<opcode="bitselect(1000) " fcode="bitselect"/>
<opset="tmp/7 "/>
</bind>
</comp>

<comp id="231" class="1004" name="sub_ln151_fu_231">
<pin_list>
<pin id="232" dir="0" index="0" bw="1" slack="0"/>
<pin id="233" dir="0" index="1" bw="32" slack="0"/>
<pin id="234" dir="1" index="2" bw="32" slack="0"/>
</pin_list>
<bind>
<opcode="sub(10) " fcode="sub"/>
<opset="sub_ln151/7 "/>
</bind>
</comp>

<comp id="237" class="1004" name="lshr_ln151_1_fu_237">
<pin_list>
<pin id="238" dir="0" index="0" bw="31" slack="0"/>
<pin id="239" dir="0" index="1" bw="32" slack="0"/>
<pin id="240" dir="0" index="2" bw="1" slack="0"/>
<pin id="241" dir="0" index="3" bw="6" slack="0"/>
<pin id="242" dir="1" index="4" bw="31" slack="0"/>
</pin_list>
<bind>
<opcode="partselect(1002) " fcode="partselect"/>
<opset="lshr_ln151_1/7 "/>
</bind>
</comp>

<comp id="247" class="1004" name="sub_ln151_1_fu_247">
<pin_list>
<pin id="248" dir="0" index="0" bw="1" slack="0"/>
<pin id="249" dir="0" index="1" bw="31" slack="0"/>
<pin id="250" dir="1" index="2" bw="31" slack="0"/>
</pin_list>
<bind>
<opcode="sub(10) " fcode="sub"/>
<opset="sub_ln151_1/7 "/>
</bind>
</comp>

<comp id="253" class="1004" name="lshr_ln151_2_fu_253">
<pin_list>
<pin id="254" dir="0" index="0" bw="31" slack="0"/>
<pin id="255" dir="0" index="1" bw="32" slack="0"/>
<pin id="256" dir="0" index="2" bw="1" slack="0"/>
<pin id="257" dir="0" index="3" bw="6" slack="0"/>
<pin id="258" dir="1" index="4" bw="31" slack="0"/>
</pin_list>
<bind>
<opcode="partselect(1002) " fcode="partselect"/>
<opset="lshr_ln151_2/7 "/>
</bind>
</comp>

<comp id="263" class="1004" name="select_ln151_fu_263">
<pin_list>
<pin id="264" dir="0" index="0" bw="1" slack="0"/>
<pin id="265" dir="0" index="1" bw="31" slack="0"/>
<pin id="266" dir="0" index="2" bw="31" slack="0"/>
<pin id="267" dir="1" index="3" bw="31" slack="0"/>
</pin_list>
<bind>
<opcode="select(49) " fcode="select"/>
<opset="select_ln151/7 "/>
</bind>
</comp>

<comp id="271" class="1004" name="trunc_ln150_fu_271">
<pin_list>
<pin id="272" dir="0" index="0" bw="31" slack="0"/>
<pin id="273" dir="1" index="1" bw="6" slack="2"/>
</pin_list>
<bind>
<opcode="trunc(33) " fcode="trunc"/>
<opset="trunc_ln150/7 "/>
</bind>
</comp>

<comp id="275" class="1004" name="sext_ln150_fu_275">
<pin_list>
<pin id="276" dir="0" index="0" bw="32" slack="0"/>
<pin id="277" dir="1" index="1" bw="64" slack="1"/>
</pin_list>
<bind>
<opcode="sext(35) " fcode="sext"/>
<opset="sext_ln150/7 "/>
</bind>
</comp>

<comp id="279" class="1004" name="tmp_19_fu_279">
<pin_list>
<pin id="280" dir="0" index="0" bw="58" slack="0"/>
<pin id="281" dir="0" index="1" bw="64" slack="0"/>
<pin id="282" dir="0" index="2" bw="4" slack="0"/>
<pin id="283" dir="0" index="3" bw="7" slack="0"/>
<pin id="284" dir="1" index="4" bw="58" slack="0"/>
</pin_list>
<bind>
<opcode="partselect(1002) " fcode="partselect"/>
<opset="tmp_19/8 "/>
</bind>
</comp>

<comp id="289" class="1004" name="icmp_ln150_fu_289">
<pin_list>
<pin id="290" dir="0" index="0" bw="58" slack="0"/>
<pin id="291" dir="0" index="1" bw="58" slack="0"/>
<pin id="292" dir="1" index="2" bw="1" slack="2147483647"/>
</pin_list>
<bind>
<opcode="icmp(45) " fcode="icmp"/>
<opset="icmp_ln150/8 "/>
</bind>
</comp>

<comp id="295" class="1004" name="trunc_ln150_1_fu_295">
<pin_list>
<pin id="296" dir="0" index="0" bw="64" slack="0"/>
<pin id="297" dir="1" index="1" bw="6" slack="1"/>
</pin_list>
<bind>
<opcode="trunc(33) " fcode="trunc"/>
<opset="trunc_ln150_1/8 "/>
</bind>
</comp>

<comp id="299" class="1004" name="add_ln150_fu_299">
<pin_list>
<pin id="300" dir="0" index="0" bw="32" slack="1"/>
<pin id="301" dir="0" index="1" bw="64" slack="0"/>
<pin id="302" dir="1" index="2" bw="64" slack="0"/>
</pin_list>
<bind>
<opcode="add(8) " fcode="add"/>
<opset="add_ln150/8 "/>
</bind>
</comp>

<comp id="304" class="1004" name="len_2_fu_304">
<pin_list>
<pin id="305" dir="0" index="0" bw="32" slack="2147483647"/>
<pin id="306" dir="0" index="1" bw="1" slack="0"/>
<pin id="307" dir="1" index="2" bw="32" slack="0"/>
</pin_list>
<bind>
<opcode="shl(20) " fcode="shl"/>
<opset="len_2/8 "/>
</bind>
</comp>

<comp id="309" class="1004" name="store_ln149_store_fu_309">
<pin_list>
<pin id="310" dir="0" index="0" bw="32" slack="0"/>
<pin id="311" dir="0" index="1" bw="32" slack="2"/>
<pin id="312" dir="1" index="2" bw="0" slack="2147483647"/>
</pin_list>
<bind>
<opcode="store(28) " fcode="store"/>
<opset="store_ln149/8 "/>
</bind>
</comp>

<comp id="314" class="1005" name="j_reg_314">
<pin_list>
<pin id="315" dir="0" index="0" bw="32" slack="0"/>
<pin id="316" dir="1" index="1" bw="32" slack="0"/>
</pin_list>
<bind>
<opset="j "/>
</bind>
</comp>

<comp id="321" class="1005" name="i_reg_321">
<pin_list>
<pin id="322" dir="0" index="0" bw="7" slack="0"/>
<pin id="323" dir="1" index="1" bw="7" slack="0"/>
</pin_list>
<bind>
<opset="i "/>
</bind>
</comp>

<comp id="328" class="1005" name="j_2_loc_reg_328">
<pin_list>
<pin id="329" dir="0" index="0" bw="32" slack="1"/>
<pin id="330" dir="1" index="1" bw="32" slack="1"/>
</pin_list>
<bind>
<opset="j_2_loc "/>
</bind>
</comp>

<comp id="343" class="1005" name="len_reg_343">
<pin_list>
<pin id="344" dir="0" index="0" bw="32" slack="0"/>
<pin id="345" dir="1" index="1" bw="32" slack="0"/>
</pin_list>
<bind>
<opset="len "/>
</bind>
</comp>

<comp id="353" class="1005" name="icmp_ln142_reg_353">
<pin_list>
<pin id="354" dir="0" index="0" bw="1" slack="2"/>
<pin id="355" dir="1" index="1" bw="1" slack="2147483647"/>
</pin_list>
<bind>
<opset="icmp_ln142 "/>
</bind>
</comp>

<comp id="357" class="1005" name="data_real_addr_reg_357">
<pin_list>
<pin id="358" dir="0" index="0" bw="6" slack="1"/>
<pin id="359" dir="1" index="1" bw="6" slack="1"/>
</pin_list>
<bind>
<opset="data_real_addr "/>
</bind>
</comp>

<comp id="362" class="1005" name="data_imag_addr_reg_362">
<pin_list>
<pin id="363" dir="0" index="0" bw="6" slack="1"/>
<pin id="364" dir="1" index="1" bw="6" slack="1"/>
</pin_list>
<bind>
<opset="data_imag_addr "/>
</bind>
</comp>

<comp id="367" class="1005" name="data_real_addr_1_reg_367">
<pin_list>
<pin id="368" dir="0" index="0" bw="6" slack="1"/>
<pin id="369" dir="1" index="1" bw="6" slack="1"/>
</pin_list>
<bind>
<opset="data_real_addr_1 "/>
</bind>
</comp>

<comp id="372" class="1005" name="data_imag_addr_1_reg_372">
<pin_list>
<pin id="373" dir="0" index="0" bw="6" slack="1"/>
<pin id="374" dir="1" index="1" bw="6" slack="1"/>
</pin_list>
<bind>
<opset="data_imag_addr_1 "/>
</bind>
</comp>

<comp id="377" class="1005" name="len_1_reg_377">
<pin_list>
<pin id="378" dir="0" index="0" bw="32" slack="2"/>
<pin id="379" dir="1" index="1" bw="32" slack="2"/>
</pin_list>
<bind>
<opset="len_1 "/>
</bind>
</comp>

<comp id="385" class="1005" name="select_ln151_reg_385">
<pin_list>
<pin id="386" dir="0" index="0" bw="31" slack="2"/>
<pin id="387" dir="1" index="1" bw="31" slack="2"/>
</pin_list>
<bind>
<opset="select_ln151 "/>
</bind>
</comp>

<comp id="390" class="1005" name="trunc_ln150_reg_390">
<pin_list>
<pin id="391" dir="0" index="0" bw="6" slack="2"/>
<pin id="392" dir="1" index="1" bw="6" slack="2"/>
</pin_list>
<bind>
<opset="trunc_ln150 "/>
</bind>
</comp>

<comp id="395" class="1005" name="sext_ln150_reg_395">
<pin_list>
<pin id="396" dir="0" index="0" bw="64" slack="1"/>
<pin id="397" dir="1" index="1" bw="64" slack="1"/>
</pin_list>
<bind>
<opset="sext_ln150 "/>
</bind>
</comp>

<comp id="403" class="1005" name="trunc_ln150_1_reg_403">
<pin_list>
<pin id="404" dir="0" index="0" bw="6" slack="1"/>
<pin id="405" dir="1" index="1" bw="6" slack="1"/>
</pin_list>
<bind>
<opset="trunc_ln150_1 "/>
</bind>
</comp>

<comp id="408" class="1005" name="add_ln150_reg_408">
<pin_list>
<pin id="409" dir="0" index="0" bw="64" slack="0"/>
<pin id="410" dir="1" index="1" bw="64" slack="0"/>
</pin_list>
<bind>
<opset="add_ln150 "/>
</bind>
</comp>

<comp id="413" class="1004" name="grp_fu_413">
<pin_list>
<pin id="414" dir="0" index="0" bw="32" slack="2147483647"/>
<pin id="415" dir="0" index="1" bw="13" slack="2147483647"/>
<pin id="416" dir="1" index="2" bw="45" slack="2147483647"/>
</pin_list>
<bind>
<opcode="mul(12) " fcode="mul"/>
<opset="mul_ln94/18 "/>
</bind>
</comp>

<comp id="417" class="1004" name="grp_fu_417">
<pin_list>
<pin id="418" dir="0" index="0" bw="32" slack="2147483647"/>
<pin id="419" dir="0" index="1" bw="13" slack="2147483647"/>
<pin id="420" dir="1" index="2" bw="45" slack="2147483647"/>
</pin_list>
<bind>
<opcode="mul(12) " fcode="mul"/>
<opset="mul_ln95/18 "/>
</bind>
</comp>

<comp id="421" class="1004" name="grp_fu_421">
<pin_list>
<pin id="422" dir="0" index="0" bw="32" slack="2147483647"/>
<pin id="423" dir="0" index="1" bw="14" slack="2147483647"/>
<pin id="424" dir="1" index="2" bw="44" slack="2147483647"/>
</pin_list>
<bind>
<opcode="mul(12) " fcode="mul"/>
<opset="mul_ln94_1/18 "/>
</bind>
</comp>

<comp id="425" class="1004" name="grp_fu_425">
<pin_list>
<pin id="426" dir="0" index="0" bw="32" slack="2147483647"/>
<pin id="427" dir="0" index="1" bw="14" slack="2147483647"/>
<pin id="428" dir="1" index="2" bw="44" slack="2147483647"/>
</pin_list>
<bind>
<opcode="mul(12) " fcode="mul"/>
<opset="mul_ln95_1/18 "/>
</bind>
</comp>

</comp_list>

<net_list>
<net id="61"><net_src comp="8" pin="0"/><net_sink comp="58" pin=0"/></net>

<net id="65"><net_src comp="8" pin="0"/><net_sink comp="62" pin=0"/></net>

<net id="69"><net_src comp="10" pin="0"/><net_sink comp="66" pin=0"/></net>

<net id="73"><net_src comp="8" pin="0"/><net_sink comp="70" pin=0"/></net>

<net id="79"><net_src comp="0" pin="0"/><net_sink comp="74" pin=0"/></net>

<net id="80"><net_src comp="30" pin="0"/><net_sink comp="74" pin=1"/></net>

<net id="86"><net_src comp="2" pin="0"/><net_sink comp="81" pin=0"/></net>

<net id="87"><net_src comp="30" pin="0"/><net_sink comp="81" pin=1"/></net>

<net id="93"><net_src comp="0" pin="0"/><net_sink comp="88" pin=0"/></net>

<net id="94"><net_src comp="30" pin="0"/><net_sink comp="88" pin=1"/></net>

<net id="100"><net_src comp="2" pin="0"/><net_sink comp="95" pin=0"/></net>

<net id="101"><net_src comp="30" pin="0"/><net_sink comp="95" pin=1"/></net>

<net id="107"><net_src comp="88" pin="3"/><net_sink comp="102" pin=0"/></net>

<net id="113"><net_src comp="95" pin="3"/><net_sink comp="108" pin=0"/></net>

<net id="114"><net_src comp="102" pin="3"/><net_sink comp="102" pin=1"/></net>

<net id="115"><net_src comp="108" pin="3"/><net_sink comp="108" pin=1"/></net>

<net id="119"><net_src comp="30" pin="0"/><net_sink comp="116" pin=0"/></net>

<net id="126"><net_src comp="116" pin="1"/><net_sink comp="120" pin=2"/></net>

<net id="132"><net_src comp="18" pin="0"/><net_sink comp="127" pin=0"/></net>

<net id="144"><net_src comp="54" pin="0"/><net_sink comp="133" pin=0"/></net>

<net id="145"><net_src comp="0" pin="0"/><net_sink comp="133" pin=4"/></net>

<net id="146"><net_src comp="2" pin="0"/><net_sink comp="133" pin=5"/></net>

<net id="147"><net_src comp="4" pin="0"/><net_sink comp="133" pin=7"/></net>

<net id="148"><net_src comp="6" pin="0"/><net_sink comp="133" pin=8"/></net>

<net id="153"><net_src comp="12" pin="0"/><net_sink comp="149" pin=0"/></net>

<net id="158"><net_src comp="14" pin="0"/><net_sink comp="154" pin=0"/></net>

<net id="166"><net_src comp="159" pin="1"/><net_sink comp="162" pin=0"/></net>

<net id="167"><net_src comp="16" pin="0"/><net_sink comp="162" pin=1"/></net>

<net id="171"><net_src comp="168" pin="1"/><net_sink comp="127" pin=1"/></net>

<net id="176"><net_src comp="20" pin="0"/><net_sink comp="172" pin=0"/></net>

<net id="180"><net_src comp="177" pin="1"/><net_sink comp="74" pin=2"/></net>

<net id="181"><net_src comp="177" pin="1"/><net_sink comp="81" pin=2"/></net>

<net id="191"><net_src comp="185" pin="1"/><net_sink comp="188" pin=0"/></net>

<net id="192"><net_src comp="188" pin="1"/><net_sink comp="88" pin=2"/></net>

<net id="193"><net_src comp="188" pin="1"/><net_sink comp="95" pin=2"/></net>

<net id="198"><net_src comp="182" pin="1"/><net_sink comp="194" pin=0"/></net>

<net id="199"><net_src comp="185" pin="1"/><net_sink comp="194" pin=1"/></net>

<net id="204"><net_src comp="12" pin="0"/><net_sink comp="200" pin=1"/></net>

<net id="209"><net_src comp="200" pin="2"/><net_sink comp="205" pin=0"/></net>

<net id="221"><net_src comp="214" pin="1"/><net_sink comp="217" pin=0"/></net>

<net id="222"><net_src comp="32" pin="0"/><net_sink comp="217" pin=1"/></net>

<net id="228"><net_src comp="38" pin="0"/><net_sink comp="223" pin=0"/></net>

<net id="229"><net_src comp="214" pin="1"/><net_sink comp="223" pin=1"/></net>

<net id="230"><net_src comp="40" pin="0"/><net_sink comp="223" pin=2"/></net>

<net id="235"><net_src comp="14" pin="0"/><net_sink comp="231" pin=0"/></net>

<net id="236"><net_src comp="214" pin="1"/><net_sink comp="231" pin=1"/></net>

<net id="243"><net_src comp="42" pin="0"/><net_sink comp="237" pin=0"/></net>

<net id="244"><net_src comp="231" pin="2"/><net_sink comp="237" pin=1"/></net>

<net id="245"><net_src comp="8" pin="0"/><net_sink comp="237" pin=2"/></net>

<net id="246"><net_src comp="40" pin="0"/><net_sink comp="237" pin=3"/></net>

<net id="251"><net_src comp="44" pin="0"/><net_sink comp="247" pin=0"/></net>

<net id="252"><net_src comp="237" pin="4"/><net_sink comp="247" pin=1"/></net>

<net id="259"><net_src comp="42" pin="0"/><net_sink comp="253" pin=0"/></net>

<net id="260"><net_src comp="214" pin="1"/><net_sink comp="253" pin=1"/></net>

<net id="261"><net_src comp="8" pin="0"/><net_sink comp="253" pin=2"/></net>

<net id="262"><net_src comp="40" pin="0"/><net_sink comp="253" pin=3"/></net>

<net id="268"><net_src comp="223" pin="3"/><net_sink comp="263" pin=0"/></net>

<net id="269"><net_src comp="247" pin="2"/><net_sink comp="263" pin=1"/></net>

<net id="270"><net_src comp="253" pin="4"/><net_sink comp="263" pin=2"/></net>

<net id="274"><net_src comp="263" pin="3"/><net_sink comp="271" pin=0"/></net>

<net id="278"><net_src comp="214" pin="1"/><net_sink comp="275" pin=0"/></net>

<net id="285"><net_src comp="46" pin="0"/><net_sink comp="279" pin=0"/></net>

<net id="286"><net_src comp="120" pin="4"/><net_sink comp="279" pin=1"/></net>

<net id="287"><net_src comp="48" pin="0"/><net_sink comp="279" pin=2"/></net>

<net id="288"><net_src comp="50" pin="0"/><net_sink comp="279" pin=3"/></net>

<net id="293"><net_src comp="279" pin="4"/><net_sink comp="289" pin=0"/></net>

<net id="294"><net_src comp="52" pin="0"/><net_sink comp="289" pin=1"/></net>

<net id="298"><net_src comp="120" pin="4"/><net_sink comp="295" pin=0"/></net>

<net id="303"><net_src comp="120" pin="4"/><net_sink comp="299" pin=1"/></net>

<net id="308"><net_src comp="8" pin="0"/><net_sink comp="304" pin=1"/></net>

<net id="313"><net_src comp="304" pin="2"/><net_sink comp="309" pin=0"/></net>

<net id="317"><net_src comp="58" pin="1"/><net_sink comp="314" pin=0"/></net>

<net id="318"><net_src comp="314" pin="1"/><net_sink comp="154" pin=1"/></net>

<net id="319"><net_src comp="314" pin="1"/><net_sink comp="168" pin=0"/></net>

<net id="320"><net_src comp="314" pin="1"/><net_sink comp="210" pin=1"/></net>

<net id="324"><net_src comp="62" pin="1"/><net_sink comp="321" pin=0"/></net>

<net id="325"><net_src comp="321" pin="1"/><net_sink comp="149" pin=1"/></net>

<net id="326"><net_src comp="321" pin="1"/><net_sink comp="159" pin=0"/></net>

<net id="327"><net_src comp="321" pin="1"/><net_sink comp="205" pin=1"/></net>

<net id="331"><net_src comp="66" pin="1"/><net_sink comp="328" pin=0"/></net>

<net id="332"><net_src comp="328" pin="1"/><net_sink comp="127" pin=2"/></net>

<net id="333"><net_src comp="328" pin="1"/><net_sink comp="185" pin=0"/></net>

<net id="346"><net_src comp="70" pin="1"/><net_sink comp="343" pin=0"/></net>

<net id="347"><net_src comp="343" pin="1"/><net_sink comp="172" pin=1"/></net>

<net id="348"><net_src comp="343" pin="1"/><net_sink comp="214" pin=0"/></net>

<net id="349"><net_src comp="343" pin="1"/><net_sink comp="309" pin=1"/></net>

<net id="356"><net_src comp="194" pin="2"/><net_sink comp="353" pin=0"/></net>

<net id="360"><net_src comp="74" pin="3"/><net_sink comp="357" pin=0"/></net>

<net id="361"><net_src comp="357" pin="1"/><net_sink comp="102" pin=0"/></net>

<net id="365"><net_src comp="81" pin="3"/><net_sink comp="362" pin=0"/></net>

<net id="366"><net_src comp="362" pin="1"/><net_sink comp="108" pin=0"/></net>

<net id="370"><net_src comp="88" pin="3"/><net_sink comp="367" pin=0"/></net>

<net id="371"><net_src comp="367" pin="1"/><net_sink comp="102" pin=0"/></net>

<net id="375"><net_src comp="95" pin="3"/><net_sink comp="372" pin=0"/></net>

<net id="376"><net_src comp="372" pin="1"/><net_sink comp="108" pin=0"/></net>

<net id="380"><net_src comp="214" pin="1"/><net_sink comp="377" pin=0"/></net>

<net id="381"><net_src comp="377" pin="1"/><net_sink comp="133" pin=2"/></net>

<net id="388"><net_src comp="263" pin="3"/><net_sink comp="385" pin=0"/></net>

<net id="389"><net_src comp="385" pin="1"/><net_sink comp="133" pin=1"/></net>

<net id="393"><net_src comp="271" pin="1"/><net_sink comp="390" pin=0"/></net>

<net id="394"><net_src comp="390" pin="1"/><net_sink comp="133" pin=6"/></net>

<net id="398"><net_src comp="275" pin="1"/><net_sink comp="395" pin=0"/></net>

<net id="399"><net_src comp="395" pin="1"/><net_sink comp="299" pin=0"/></net>

<net id="406"><net_src comp="295" pin="1"/><net_sink comp="403" pin=0"/></net>

<net id="407"><net_src comp="403" pin="1"/><net_sink comp="133" pin=3"/></net>

<net id="411"><net_src comp="299" pin="2"/><net_sink comp="408" pin=0"/></net>

<net id="412"><net_src comp="408" pin="1"/><net_sink comp="120" pin=0"/></net>

</net_list>

</model> 
---------------- Datapath Model END ------------------

* FSMD analyzer results:
  - Output states:
	Port: data_real | {5 6 9 10 }
	Port: data_imag | {5 6 9 10 }
	Port: TWIDDLE_REAL | {}
	Port: TWIDDLE_IMAG | {}
 - Input state : 
	Port: fft1d_fixed_col : data_real | {4 5 6 9 10 }
	Port: fft1d_fixed_col : data_imag | {4 5 6 9 10 }
	Port: fft1d_fixed_col : TWIDDLE_REAL | {9 10 }
	Port: fft1d_fixed_col : TWIDDLE_IMAG | {9 10 }
  - Chain level:
	State 1
		store_ln132 : 1
		store_ln132 : 1
	State 2
		icmp_ln132 : 1
		br_ln132 : 2
		call_ln0 : 1
		store_ln149 : 1
	State 3
	State 4
		zext_ln142 : 1
		icmp_ln142 : 1
		br_ln142 : 2
		data_real_addr : 1
		data_imag_addr : 1
		data_real_addr_1 : 2
		data_imag_addr_1 : 2
		data_real_load_1 : 3
		data_imag_load_1 : 3
	State 5
		store_ln144 : 1
		store_ln144 : 1
	State 6
		store_ln145 : 1
		store_ln145 : 1
		store_ln132 : 1
	State 7
		icmp_ln149 : 1
		br_ln149 : 2
		tmp : 1
		sub_ln151 : 1
		lshr_ln151_1 : 2
		sub_ln151_1 : 3
		lshr_ln151_2 : 1
		select_ln151 : 4
		trunc_ln150 : 5
		sext_ln150 : 1
	State 8
		tmp_19 : 1
		icmp_ln150 : 2
		br_ln150 : 3
		trunc_ln150_1 : 1
		add_ln150 : 1
	State 9
	State 10


============================================================
+ Verbose Summary: Datapath Resource usage 
============================================================

* Functional unit list:
|----------|------------------------------------------------------|---------|---------|---------|---------|
| Operation|                    Functional Unit                   |   DSP   |  Delay  |    FF   |   LUT   |
|----------|------------------------------------------------------|---------|---------|---------|---------|
|   call   | grp_fft1d_fixed_col_Pipeline_VITIS_LOOP_135_2_fu_127 |    0    |    0    |    62   |   103   |
|          | grp_fft1d_fixed_col_Pipeline_VITIS_LOOP_151_5_fu_133 |    8    | 29.0612 |   3794  |   3000  |
|----------|------------------------------------------------------|---------|---------|---------|---------|
|          |                      grp_fu_413                      |    2    |    0    |   165   |    50   |
|    mul   |                      grp_fu_417                      |    2    |    0    |   165   |    50   |
|          |                      grp_fu_421                      |    2    |    0    |   165   |    50   |
|          |                      grp_fu_425                      |    2    |    0    |   165   |    50   |
|----------|------------------------------------------------------|---------|---------|---------|---------|
|          |                   icmp_ln132_fu_162                  |    0    |    0    |    0    |    14   |
|   icmp   |                   icmp_ln142_fu_194                  |    0    |    0    |    0    |    39   |
|          |                   icmp_ln149_fu_217                  |    0    |    0    |    0    |    39   |
|          |                   icmp_ln150_fu_289                  |    0    |    0    |    0    |    65   |
|----------|------------------------------------------------------|---------|---------|---------|---------|
|    add   |                   add_ln132_fu_200                   |    0    |    0    |    0    |    14   |
|          |                   add_ln150_fu_299                   |    0    |    0    |    0    |    71   |
|----------|------------------------------------------------------|---------|---------|---------|---------|
|    sub   |                   sub_ln151_fu_231                   |    0    |    0    |    0    |    39   |
|          |                  sub_ln151_1_fu_247                  |    0    |    0    |    0    |    38   |
|----------|------------------------------------------------------|---------|---------|---------|---------|
|  select  |                  select_ln151_fu_263                 |    0    |    0    |    0    |    31   |
|----------|------------------------------------------------------|---------|---------|---------|---------|
|          |                   zext_ln132_fu_177                  |    0    |    0    |    0    |    0    |
|   zext   |                  zext_ln132_1_fu_182                 |    0    |    0    |    0    |    0    |
|          |                   zext_ln142_fu_188                  |    0    |    0    |    0    |    0    |
|----------|------------------------------------------------------|---------|---------|---------|---------|
| bitselect|                      tmp_fu_223                      |    0    |    0    |    0    |    0    |
|----------|------------------------------------------------------|---------|---------|---------|---------|
|          |                  lshr_ln151_1_fu_237                 |    0    |    0    |    0    |    0    |
|partselect|                  lshr_ln151_2_fu_253                 |    0    |    0    |    0    |    0    |
|          |                     tmp_19_fu_279                    |    0    |    0    |    0    |    0    |
|----------|------------------------------------------------------|---------|---------|---------|---------|
|   trunc  |                  trunc_ln150_fu_271                  |    0    |    0    |    0    |    0    |
|          |                 trunc_ln150_1_fu_295                 |    0    |    0    |    0    |    0    |
|----------|------------------------------------------------------|---------|---------|---------|---------|
|   sext   |                   sext_ln150_fu_275                  |    0    |    0    |    0    |    0    |
|----------|------------------------------------------------------|---------|---------|---------|---------|
|    shl   |                     len_2_fu_304                     |    0    |    0    |    0    |    0    |
|----------|------------------------------------------------------|---------|---------|---------|---------|
|   Total  |                                                      |    16   | 29.0612 |   4516  |   3653  |
|----------|------------------------------------------------------|---------|---------|---------|---------|

Memories:
N/A

* Register list:
+------------------------+--------+
|                        |   FF   |
+------------------------+--------+
|    add_ln150_reg_408   |   64   |
|data_imag_addr_1_reg_372|    6   |
| data_imag_addr_reg_362 |    6   |
|data_real_addr_1_reg_367|    6   |
| data_real_addr_reg_357 |    6   |
|       i_1_reg_116      |   64   |
|        i_reg_321       |    7   |
|   icmp_ln142_reg_353   |    1   |
|     j_2_loc_reg_328    |   32   |
|        j_reg_314       |   32   |
|      len_1_reg_377     |   32   |
|       len_reg_343      |   32   |
|  select_ln151_reg_385  |   31   |
|   sext_ln150_reg_395   |   64   |
|  trunc_ln150_1_reg_403 |    6   |
|   trunc_ln150_reg_390  |    6   |
+------------------------+--------+
|          Total         |   395  |
+------------------------+--------+

* Multiplexer (MUX) list: 
|-------------------|------|------|------|--------||---------||---------||---------|
|        Comp       |  Pin | Size |  BW  | S x BW ||  Delay  ||    FF   ||   LUT   |
|-------------------|------|------|------|--------||---------||---------||---------|
| grp_access_fu_102 |  p0  |   3  |   6  |   18   ||    0    ||    14   |
| grp_access_fu_108 |  p0  |   3  |   6  |   18   ||    0    ||    14   |
|-------------------|------|------|------|--------||---------||---------||---------|
|       Total       |      |      |      |   36   ||  3.4146 ||    0    ||    28   |
|-------------------|------|------|------|--------||---------||---------||---------|



* Summary:
+-----------+--------+--------+--------+--------+
|           |   DSP  |  Delay |   FF   |   LUT  |
+-----------+--------+--------+--------+--------+
|  Function |   16   |   29   |  4516  |  3653  |
|   Memory  |    -   |    -   |    -   |    -   |
|Multiplexer|    -   |    3   |    0   |   28   |
|  Register |    -   |    -   |   395  |    -   |
+-----------+--------+--------+--------+--------+
|   Total   |   16   |   32   |  4911  |  3681  |
+-----------+--------+--------+--------+--------+
