

================================================================
== Vitis HLS Report for 'fft1d_fixed_Pipeline_VITIS_LOOP_119_5'
================================================================
* Date:           Mon Jun 29 12:38:33 2026

* Version:        2025.2 (Build 6295257 on Nov 14 2025)
* Project:        fft2d_accel_rgb_prj
* Solution:       solution1 (Vivado IP Flow Target)
* Product family: zynq
* Target device:  xc7z020-clg400-1


================================================================
== Performance Estimates
================================================================
+ Timing: 
    * Summary: 
    +--------+----------+----------+------------+
    |  Clock |  Target  | Estimated| Uncertainty|
    +--------+----------+----------+------------+
    |ap_clk  |  10.00 ns|  6.912 ns|     2.70 ns|
    +--------+----------+----------+------------+

+ Latency: 
    * Summary: 
    +---------+------------+-----------+------------+-----+-----+-------------------+
    |   Latency (cycles)   |   Latency (absolute)   |  Interval |      Pipeline     |
    |   min   |     max    |    min    |     max    | min | max |        Type       |
    +---------+------------+-----------+------------+-----+-----+-------------------+
    |        2|  7516192778|  20.000 ns|  75.162 sec|    0|    0|  loop pipeline stp|
    +---------+------------+-----------+------------+-----+-----+-------------------+

    + Detail: 
        * Instance: 
        N/A

        * Loop: 
        +--------------------+---------+------------+----------+-----------+-----------+----------------+----------+
        |                    |   Latency (cycles)   | Iteration|  Initiation Interval  |      Trip      |          |
        |      Loop Name     |   min   |     max    |  Latency |  achieved |   target  |      Count     | Pipelined|
        +--------------------+---------+------------+----------+-----------+-----------+----------------+----------+
        |- VITIS_LOOP_119_5  |        0|  7516192776|        23|          7|          1|  0 ~ 1073741823|       yes|
        +--------------------+---------+------------+----------+-----------+-----------+----------------+----------+

============================================================
+ Verbose Summary: Synthesis Manager
============================================================
InlineROM: 1
ExposeGlobal: 0
============================================================
+ Verbose Summary: CDFG Model
============================================================
IsTopModel: 0
ResetActiveHigh: 1
IsCombinational: 0
IsDatapathOnly: 0
HasWiredReturn: 1
HasMFsm: 2
HasVarLatency: 1
IsPipeline: 0
IsRtlPipelined: 0
IsInstanceOverlapped: 0
IsDontTouch: 0
HasImplIP: 0
IsGatedGlobalClock: 0

+ Individual pipeline summary: 
  * Pipeline-0: initiation interval (II) = 7, depth = 23


============================================================
+ Verbose Summary: Schedule
============================================================
* Number of FSM states : 23
* Pipeline : 1
  Pipeline-0 : II = 7, D = 23, States = { 1 2 3 4 5 6 7 8 9 10 11 12 13 14 15 16 17 18 19 20 21 22 23 }
* Dataflow Pipeline: 0

* FSM state transitions: 
1 --> 2 
2 --> 3 
3 --> 4 
4 --> 5 
5 --> 6 
6 --> 7 
7 --> 8 
8 --> 9 
9 --> 10 
10 --> 11 
11 --> 12 
12 --> 13 
13 --> 14 
14 --> 15 
15 --> 16 
16 --> 17 
17 --> 18 
18 --> 19 
19 --> 20 
20 --> 21 
21 --> 22 
22 --> 23 
23 --> 

* FSM state operations: 

State 1 <SV = 0> <Delay = 5.92>
ST_1 : Operation 26 [1/1] (0.00ns)   --->   "%j = alloca i32 1" [src/fft2d_fixed.cpp:119]   --->   Operation 26 'alloca' 'j' <Predicate = true> <Delay = 0.00>
ST_1 : Operation 27 [1/1] (0.00ns)   --->   "%tmp = read i6 @_ssdm_op_Read.ap_auto.i6, i6 %empty"   --->   Operation 27 'read' 'tmp' <Predicate = true> <Delay = 0.00>
ST_1 : Operation 28 [1/1] (0.00ns)   --->   "%tmp_20 = read i6 @_ssdm_op_Read.ap_auto.i6, i6 %empty_43"   --->   Operation 28 'read' 'tmp_20' <Predicate = true> <Delay = 0.00>
ST_1 : Operation 29 [1/1] (0.00ns)   --->   "%len_read = read i32 @_ssdm_op_Read.ap_auto.i32, i32 %len"   --->   Operation 29 'read' 'len_read' <Predicate = true> <Delay = 0.00>
ST_1 : Operation 30 [1/1] (0.00ns)   --->   "%select_ln119_read = read i31 @_ssdm_op_Read.ap_auto.i31, i31 %select_ln119"   --->   Operation 30 'read' 'select_ln119_read' <Predicate = true> <Delay = 0.00>
ST_1 : Operation 31 [1/1] (1.58ns)   --->   "%store_ln119 = store i6 0, i6 %j" [src/fft2d_fixed.cpp:119]   --->   Operation 31 'store' 'store_ln119' <Predicate = true> <Delay = 1.58>
ST_1 : Operation 32 [1/1] (0.00ns)   --->   "%br_ln0 = br void %for.inc40"   --->   Operation 32 'br' 'br_ln0' <Predicate = true> <Delay = 0.00>
ST_1 : Operation 33 [1/1] (0.00ns)   --->   "%j_4 = load i6 %j" [src/fft2d_fixed.cpp:119]   --->   Operation 33 'load' 'j_4' <Predicate = true> <Delay = 0.00>
ST_1 : Operation 34 [1/1] (0.00ns)   --->   "%zext_ln119 = zext i6 %j_4" [src/fft2d_fixed.cpp:119]   --->   Operation 34 'zext' 'zext_ln119' <Predicate = true> <Delay = 0.00>
ST_1 : Operation 35 [1/1] (2.52ns)   --->   "%icmp_ln119 = icmp_slt  i31 %zext_ln119, i31 %select_ln119_read" [src/fft2d_fixed.cpp:119]   --->   Operation 35 'icmp' 'icmp_ln119' <Predicate = true> <Delay = 2.52> <CoreInst = "Cmp">   --->   Core 9 'Cmp' <Latency = 0> <II = 1> <Delay = 2.52> <FuncUnit> <Opcode : 'seteq' 'setne' 'setle' 'setge' 'setlt' 'setgt'> <InPorts = 2> <OutPorts = 1>
ST_1 : Operation 36 [1/1] (1.82ns)   --->   "%add_ln119 = add i6 %j_4, i6 1" [src/fft2d_fixed.cpp:119]   --->   Operation 36 'add' 'add_ln119' <Predicate = true> <Delay = 1.82> <CoreInst = "Adder">   --->   Core 1 'Adder' <Latency = 0> <II = 1> <Delay = 1.82> <FuncUnit> <Opcode : 'add' 'sub'> <InPorts = 2> <OutPorts = 1>
ST_1 : Operation 37 [1/1] (0.00ns)   --->   "%br_ln119 = br i1 %icmp_ln119, void %for.inc43.exitStub, void %for.inc40.split" [src/fft2d_fixed.cpp:119]   --->   Operation 37 'br' 'br_ln119' <Predicate = true> <Delay = 0.00>
ST_1 : Operation 38 [1/1] (0.00ns)   --->   "%trunc_ln119 = trunc i6 %j_4" [src/fft2d_fixed.cpp:119]   --->   Operation 38 'trunc' 'trunc_ln119' <Predicate = (icmp_ln119)> <Delay = 0.00>
ST_1 : Operation 39 [1/1] (0.00ns)   --->   "%zext_ln119_1 = zext i5 %trunc_ln119" [src/fft2d_fixed.cpp:119]   --->   Operation 39 'zext' 'zext_ln119_1' <Predicate = (icmp_ln119)> <Delay = 0.00>
ST_1 : Operation 40 [1/1] (0.00ns)   --->   "%shl_ln = bitconcatenate i11 @_ssdm_op_BitConcatenate.i11.i5.i6, i5 %trunc_ln119, i6 0" [src/fft2d_fixed.cpp:80->src/fft2d_fixed.cpp:120]   --->   Operation 40 'bitconcatenate' 'shl_ln' <Predicate = (icmp_ln119)> <Delay = 0.00>
ST_1 : Operation 41 [1/1] (0.00ns)   --->   "%zext_ln80 = zext i11 %shl_ln" [src/fft2d_fixed.cpp:80->src/fft2d_fixed.cpp:120]   --->   Operation 41 'zext' 'zext_ln80' <Predicate = (icmp_ln119)> <Delay = 0.00>
ST_1 : Operation 42 [16/16] (4.33ns)   --->   "%index = sdiv i32 %zext_ln80, i32 %len_read" [src/fft2d_fixed.cpp:80->src/fft2d_fixed.cpp:120]   --->   Operation 42 'sdiv' 'index' <Predicate = (icmp_ln119)> <Delay = 4.33> <CoreInst = "Divider">   --->   Core 6 'Divider' <Latency = 15> <II = 1> <Delay = 4.33> <FuncUnit> <Opcode : 'udiv' 'sdiv' 'urem' 'srem'> <InPorts = 2> <OutPorts = 1>
ST_1 : Operation 43 [1/1] (1.82ns)   --->   "%add_ln121 = add i6 %zext_ln119_1, i6 %tmp_20" [src/fft2d_fixed.cpp:121]   --->   Operation 43 'add' 'add_ln121' <Predicate = (icmp_ln119)> <Delay = 1.82> <CoreInst = "Adder">   --->   Core 1 'Adder' <Latency = 0> <II = 1> <Delay = 1.82> <FuncUnit> <Opcode : 'add' 'sub'> <InPorts = 2> <OutPorts = 1>
ST_1 : Operation 44 [1/1] (1.58ns)   --->   "%store_ln119 = store i6 %add_ln119, i6 %j" [src/fft2d_fixed.cpp:119]   --->   Operation 44 'store' 'store_ln119' <Predicate = (icmp_ln119)> <Delay = 1.58>

State 2 <SV = 1> <Delay = 4.33>
ST_2 : Operation 45 [15/16] (4.33ns)   --->   "%index = sdiv i32 %zext_ln80, i32 %len_read" [src/fft2d_fixed.cpp:80->src/fft2d_fixed.cpp:120]   --->   Operation 45 'sdiv' 'index' <Predicate = (icmp_ln119)> <Delay = 4.33> <CoreInst = "Divider">   --->   Core 6 'Divider' <Latency = 15> <II = 1> <Delay = 4.33> <FuncUnit> <Opcode : 'udiv' 'sdiv' 'urem' 'srem'> <InPorts = 2> <OutPorts = 1>

State 3 <SV = 2> <Delay = 4.33>
ST_3 : Operation 46 [14/16] (4.33ns)   --->   "%index = sdiv i32 %zext_ln80, i32 %len_read" [src/fft2d_fixed.cpp:80->src/fft2d_fixed.cpp:120]   --->   Operation 46 'sdiv' 'index' <Predicate = (icmp_ln119)> <Delay = 4.33> <CoreInst = "Divider">   --->   Core 6 'Divider' <Latency = 15> <II = 1> <Delay = 4.33> <FuncUnit> <Opcode : 'udiv' 'sdiv' 'urem' 'srem'> <InPorts = 2> <OutPorts = 1>

State 4 <SV = 3> <Delay = 4.33>
ST_4 : Operation 47 [13/16] (4.33ns)   --->   "%index = sdiv i32 %zext_ln80, i32 %len_read" [src/fft2d_fixed.cpp:80->src/fft2d_fixed.cpp:120]   --->   Operation 47 'sdiv' 'index' <Predicate = (icmp_ln119)> <Delay = 4.33> <CoreInst = "Divider">   --->   Core 6 'Divider' <Latency = 15> <II = 1> <Delay = 4.33> <FuncUnit> <Opcode : 'udiv' 'sdiv' 'urem' 'srem'> <InPorts = 2> <OutPorts = 1>

State 5 <SV = 4> <Delay = 4.33>
ST_5 : Operation 48 [12/16] (4.33ns)   --->   "%index = sdiv i32 %zext_ln80, i32 %len_read" [src/fft2d_fixed.cpp:80->src/fft2d_fixed.cpp:120]   --->   Operation 48 'sdiv' 'index' <Predicate = (icmp_ln119)> <Delay = 4.33> <CoreInst = "Divider">   --->   Core 6 'Divider' <Latency = 15> <II = 1> <Delay = 4.33> <FuncUnit> <Opcode : 'udiv' 'sdiv' 'urem' 'srem'> <InPorts = 2> <OutPorts = 1>

State 6 <SV = 5> <Delay = 4.33>
ST_6 : Operation 49 [11/16] (4.33ns)   --->   "%index = sdiv i32 %zext_ln80, i32 %len_read" [src/fft2d_fixed.cpp:80->src/fft2d_fixed.cpp:120]   --->   Operation 49 'sdiv' 'index' <Predicate = (icmp_ln119)> <Delay = 4.33> <CoreInst = "Divider">   --->   Core 6 'Divider' <Latency = 15> <II = 1> <Delay = 4.33> <FuncUnit> <Opcode : 'udiv' 'sdiv' 'urem' 'srem'> <InPorts = 2> <OutPorts = 1>

State 7 <SV = 6> <Delay = 4.33>
ST_7 : Operation 50 [10/16] (4.33ns)   --->   "%index = sdiv i32 %zext_ln80, i32 %len_read" [src/fft2d_fixed.cpp:80->src/fft2d_fixed.cpp:120]   --->   Operation 50 'sdiv' 'index' <Predicate = (icmp_ln119)> <Delay = 4.33> <CoreInst = "Divider">   --->   Core 6 'Divider' <Latency = 15> <II = 1> <Delay = 4.33> <FuncUnit> <Opcode : 'udiv' 'sdiv' 'urem' 'srem'> <InPorts = 2> <OutPorts = 1>

State 8 <SV = 7> <Delay = 4.33>
ST_8 : Operation 51 [9/16] (4.33ns)   --->   "%index = sdiv i32 %zext_ln80, i32 %len_read" [src/fft2d_fixed.cpp:80->src/fft2d_fixed.cpp:120]   --->   Operation 51 'sdiv' 'index' <Predicate = true> <Delay = 4.33> <CoreInst = "Divider">   --->   Core 6 'Divider' <Latency = 15> <II = 1> <Delay = 4.33> <FuncUnit> <Opcode : 'udiv' 'sdiv' 'urem' 'srem'> <InPorts = 2> <OutPorts = 1>

State 9 <SV = 8> <Delay = 4.33>
ST_9 : Operation 52 [8/16] (4.33ns)   --->   "%index = sdiv i32 %zext_ln80, i32 %len_read" [src/fft2d_fixed.cpp:80->src/fft2d_fixed.cpp:120]   --->   Operation 52 'sdiv' 'index' <Predicate = true> <Delay = 4.33> <CoreInst = "Divider">   --->   Core 6 'Divider' <Latency = 15> <II = 1> <Delay = 4.33> <FuncUnit> <Opcode : 'udiv' 'sdiv' 'urem' 'srem'> <InPorts = 2> <OutPorts = 1>

State 10 <SV = 9> <Delay = 4.33>
ST_10 : Operation 53 [7/16] (4.33ns)   --->   "%index = sdiv i32 %zext_ln80, i32 %len_read" [src/fft2d_fixed.cpp:80->src/fft2d_fixed.cpp:120]   --->   Operation 53 'sdiv' 'index' <Predicate = true> <Delay = 4.33> <CoreInst = "Divider">   --->   Core 6 'Divider' <Latency = 15> <II = 1> <Delay = 4.33> <FuncUnit> <Opcode : 'udiv' 'sdiv' 'urem' 'srem'> <InPorts = 2> <OutPorts = 1>

State 11 <SV = 10> <Delay = 4.33>
ST_11 : Operation 54 [6/16] (4.33ns)   --->   "%index = sdiv i32 %zext_ln80, i32 %len_read" [src/fft2d_fixed.cpp:80->src/fft2d_fixed.cpp:120]   --->   Operation 54 'sdiv' 'index' <Predicate = true> <Delay = 4.33> <CoreInst = "Divider">   --->   Core 6 'Divider' <Latency = 15> <II = 1> <Delay = 4.33> <FuncUnit> <Opcode : 'udiv' 'sdiv' 'urem' 'srem'> <InPorts = 2> <OutPorts = 1>

State 12 <SV = 11> <Delay = 4.33>
ST_12 : Operation 55 [5/16] (4.33ns)   --->   "%index = sdiv i32 %zext_ln80, i32 %len_read" [src/fft2d_fixed.cpp:80->src/fft2d_fixed.cpp:120]   --->   Operation 55 'sdiv' 'index' <Predicate = true> <Delay = 4.33> <CoreInst = "Divider">   --->   Core 6 'Divider' <Latency = 15> <II = 1> <Delay = 4.33> <FuncUnit> <Opcode : 'udiv' 'sdiv' 'urem' 'srem'> <InPorts = 2> <OutPorts = 1>

State 13 <SV = 12> <Delay = 4.33>
ST_13 : Operation 56 [4/16] (4.33ns)   --->   "%index = sdiv i32 %zext_ln80, i32 %len_read" [src/fft2d_fixed.cpp:80->src/fft2d_fixed.cpp:120]   --->   Operation 56 'sdiv' 'index' <Predicate = true> <Delay = 4.33> <CoreInst = "Divider">   --->   Core 6 'Divider' <Latency = 15> <II = 1> <Delay = 4.33> <FuncUnit> <Opcode : 'udiv' 'sdiv' 'urem' 'srem'> <InPorts = 2> <OutPorts = 1>

State 14 <SV = 13> <Delay = 4.33>
ST_14 : Operation 57 [3/16] (4.33ns)   --->   "%index = sdiv i32 %zext_ln80, i32 %len_read" [src/fft2d_fixed.cpp:80->src/fft2d_fixed.cpp:120]   --->   Operation 57 'sdiv' 'index' <Predicate = true> <Delay = 4.33> <CoreInst = "Divider">   --->   Core 6 'Divider' <Latency = 15> <II = 1> <Delay = 4.33> <FuncUnit> <Opcode : 'udiv' 'sdiv' 'urem' 'srem'> <InPorts = 2> <OutPorts = 1>

State 15 <SV = 14> <Delay = 4.33>
ST_15 : Operation 58 [2/16] (4.33ns)   --->   "%index = sdiv i32 %zext_ln80, i32 %len_read" [src/fft2d_fixed.cpp:80->src/fft2d_fixed.cpp:120]   --->   Operation 58 'sdiv' 'index' <Predicate = true> <Delay = 4.33> <CoreInst = "Divider">   --->   Core 6 'Divider' <Latency = 15> <II = 1> <Delay = 4.33> <FuncUnit> <Opcode : 'udiv' 'sdiv' 'urem' 'srem'> <InPorts = 2> <OutPorts = 1>

State 16 <SV = 15> <Delay = 6.65>
ST_16 : Operation 59 [1/16] (4.33ns)   --->   "%index = sdiv i32 %zext_ln80, i32 %len_read" [src/fft2d_fixed.cpp:80->src/fft2d_fixed.cpp:120]   --->   Operation 59 'sdiv' 'index' <Predicate = true> <Delay = 4.33> <CoreInst = "Divider">   --->   Core 6 'Divider' <Latency = 15> <II = 1> <Delay = 4.33> <FuncUnit> <Opcode : 'udiv' 'sdiv' 'urem' 'srem'> <InPorts = 2> <OutPorts = 1>
ST_16 : Operation 60 [1/1] (0.00ns)   --->   "%trunc_ln81 = trunc i5 %index" [src/fft2d_fixed.cpp:81->src/fft2d_fixed.cpp:120]   --->   Operation 60 'trunc' 'trunc_ln81' <Predicate = true> <Delay = 0.00>
ST_16 : Operation 61 [1/1] (0.00ns)   --->   "%zext_ln81 = zext i5 %trunc_ln81" [src/fft2d_fixed.cpp:81->src/fft2d_fixed.cpp:120]   --->   Operation 61 'zext' 'zext_ln81' <Predicate = true> <Delay = 0.00>
ST_16 : Operation 62 [1/1] (0.00ns)   --->   "%TWIDDLE_REAL_addr = getelementptr i14 %TWIDDLE_REAL, i64 0, i64 %zext_ln81" [src/fft2d_fixed.cpp:81->src/fft2d_fixed.cpp:120]   --->   Operation 62 'getelementptr' 'TWIDDLE_REAL_addr' <Predicate = true> <Delay = 0.00>
ST_16 : Operation 63 [2/2] (2.32ns)   --->   "%w_real = load i5 %TWIDDLE_REAL_addr" [src/fft2d_fixed.cpp:81->src/fft2d_fixed.cpp:120]   --->   Operation 63 'load' 'w_real' <Predicate = true> <Delay = 2.32> <CoreInst = "ROM">   --->   Core 94 'ROM' <Latency = 1> <II = 1> <Delay = 2.32> <Storage> <Opcode : 'load'> <Ports = 0> <Width = 14> <Depth = 32> <ROM>
ST_16 : Operation 64 [1/1] (0.00ns)   --->   "%TWIDDLE_IMAG_addr = getelementptr i13 %TWIDDLE_IMAG, i64 0, i64 %zext_ln81" [src/fft2d_fixed.cpp:81->src/fft2d_fixed.cpp:120]   --->   Operation 64 'getelementptr' 'TWIDDLE_IMAG_addr' <Predicate = true> <Delay = 0.00>
ST_16 : Operation 65 [2/2] (2.32ns)   --->   "%w_imag = load i5 %TWIDDLE_IMAG_addr" [src/fft2d_fixed.cpp:81->src/fft2d_fixed.cpp:120]   --->   Operation 65 'load' 'w_imag' <Predicate = true> <Delay = 2.32> <CoreInst = "ROM">   --->   Core 94 'ROM' <Latency = 1> <II = 1> <Delay = 2.32> <Storage> <Opcode : 'load'> <Ports = 0> <Width = 13> <Depth = 32> <ROM>
ST_16 : Operation 66 [1/1] (1.82ns)   --->   "%add_ln122 = add i6 %add_ln121, i6 %tmp" [src/fft2d_fixed.cpp:122]   --->   Operation 66 'add' 'add_ln122' <Predicate = true> <Delay = 1.82> <CoreInst = "Adder">   --->   Core 1 'Adder' <Latency = 0> <II = 1> <Delay = 1.82> <FuncUnit> <Opcode : 'add' 'sub'> <InPorts = 2> <OutPorts = 1>
ST_16 : Operation 67 [1/1] (0.00ns)   --->   "%zext_ln122 = zext i6 %add_ln122" [src/fft2d_fixed.cpp:122]   --->   Operation 67 'zext' 'zext_ln122' <Predicate = true> <Delay = 0.00>
ST_16 : Operation 68 [1/1] (0.00ns)   --->   "%a_real = getelementptr i32 %data_real, i64 0, i64 %zext_ln122" [src/fft2d_fixed.cpp:122]   --->   Operation 68 'getelementptr' 'a_real' <Predicate = true> <Delay = 0.00>
ST_16 : Operation 69 [1/1] (0.00ns)   --->   "%a_imag = getelementptr i32 %data_imag, i64 0, i64 %zext_ln122" [src/fft2d_fixed.cpp:122]   --->   Operation 69 'getelementptr' 'a_imag' <Predicate = true> <Delay = 0.00>
ST_16 : Operation 70 [2/2] (3.25ns)   --->   "%a_real_load = load i6 %a_real" [src/fft2d_fixed.cpp:94->src/fft2d_fixed.cpp:122]   --->   Operation 70 'load' 'a_real_load' <Predicate = true> <Delay = 3.25> <CoreInst = "RAM">   --->   Core 81 'RAM' <Latency = 1> <II = 1> <Delay = 3.25> <Storage> <Opcode : 'load' 'store'> <Ports = 2> <Width = 32> <Depth = 64> <RAM>
ST_16 : Operation 71 [2/2] (3.25ns)   --->   "%a_imag_load = load i6 %a_imag" [src/fft2d_fixed.cpp:94->src/fft2d_fixed.cpp:122]   --->   Operation 71 'load' 'a_imag_load' <Predicate = true> <Delay = 3.25> <CoreInst = "RAM">   --->   Core 81 'RAM' <Latency = 1> <II = 1> <Delay = 3.25> <Storage> <Opcode : 'load' 'store'> <Ports = 2> <Width = 32> <Depth = 64> <RAM>
ST_16 : Operation 193 [1/1] (1.58ns)   --->   "%ret_ln0 = ret"   --->   Operation 193 'ret' 'ret_ln0' <Predicate = (!icmp_ln119)> <Delay = 1.58>

State 17 <SV = 16> <Delay = 3.25>
ST_17 : Operation 72 [1/2] ( I:2.32ns O:2.32ns )   --->   "%w_real = load i5 %TWIDDLE_REAL_addr" [src/fft2d_fixed.cpp:81->src/fft2d_fixed.cpp:120]   --->   Operation 72 'load' 'w_real' <Predicate = true> <Delay = 2.32> <CoreInst = "ROM">   --->   Core 94 'ROM' <Latency = 1> <II = 1> <Delay = 2.32> <Storage> <Opcode : 'load'> <Ports = 0> <Width = 14> <Depth = 32> <ROM>
ST_17 : Operation 73 [1/2] ( I:2.32ns O:2.32ns )   --->   "%w_imag = load i5 %TWIDDLE_IMAG_addr" [src/fft2d_fixed.cpp:81->src/fft2d_fixed.cpp:120]   --->   Operation 73 'load' 'w_imag' <Predicate = true> <Delay = 2.32> <CoreInst = "ROM">   --->   Core 94 'ROM' <Latency = 1> <II = 1> <Delay = 2.32> <Storage> <Opcode : 'load'> <Ports = 0> <Width = 13> <Depth = 32> <ROM>
ST_17 : Operation 74 [1/1] (0.00ns)   --->   "%zext_ln121 = zext i6 %add_ln121" [src/fft2d_fixed.cpp:121]   --->   Operation 74 'zext' 'zext_ln121' <Predicate = true> <Delay = 0.00>
ST_17 : Operation 75 [1/1] (0.00ns)   --->   "%data_real_addr = getelementptr i32 %data_real, i64 0, i64 %zext_ln121" [src/fft2d_fixed.cpp:121]   --->   Operation 75 'getelementptr' 'data_real_addr' <Predicate = true> <Delay = 0.00>
ST_17 : Operation 76 [1/1] (0.00ns)   --->   "%data_imag_addr = getelementptr i32 %data_imag, i64 0, i64 %zext_ln121" [src/fft2d_fixed.cpp:121]   --->   Operation 76 'getelementptr' 'data_imag_addr' <Predicate = true> <Delay = 0.00>
ST_17 : Operation 77 [2/2] (3.25ns)   --->   "%u_real = load i6 %data_real_addr" [src/fft2d_fixed.cpp:121]   --->   Operation 77 'load' 'u_real' <Predicate = true> <Delay = 3.25> <CoreInst = "RAM">   --->   Core 81 'RAM' <Latency = 1> <II = 1> <Delay = 3.25> <Storage> <Opcode : 'load' 'store'> <Ports = 2> <Width = 32> <Depth = 64> <RAM>
ST_17 : Operation 78 [2/2] (3.25ns)   --->   "%u_imag = load i6 %data_imag_addr" [src/fft2d_fixed.cpp:121]   --->   Operation 78 'load' 'u_imag' <Predicate = true> <Delay = 3.25> <CoreInst = "RAM">   --->   Core 81 'RAM' <Latency = 1> <II = 1> <Delay = 3.25> <Storage> <Opcode : 'load' 'store'> <Ports = 2> <Width = 32> <Depth = 64> <RAM>
ST_17 : Operation 79 [1/2] ( I:3.25ns O:3.25ns )   --->   "%a_real_load = load i6 %a_real" [src/fft2d_fixed.cpp:94->src/fft2d_fixed.cpp:122]   --->   Operation 79 'load' 'a_real_load' <Predicate = true> <Delay = 3.25> <CoreInst = "RAM">   --->   Core 81 'RAM' <Latency = 1> <II = 1> <Delay = 3.25> <Storage> <Opcode : 'load' 'store'> <Ports = 2> <Width = 32> <Depth = 64> <RAM>
ST_17 : Operation 80 [1/2] ( I:3.25ns O:3.25ns )   --->   "%a_imag_load = load i6 %a_imag" [src/fft2d_fixed.cpp:94->src/fft2d_fixed.cpp:122]   --->   Operation 80 'load' 'a_imag_load' <Predicate = true> <Delay = 3.25> <CoreInst = "RAM">   --->   Core 81 'RAM' <Latency = 1> <II = 1> <Delay = 3.25> <Storage> <Opcode : 'load' 'store'> <Ports = 2> <Width = 32> <Depth = 64> <RAM>

State 18 <SV = 17> <Delay = 6.91>
ST_18 : Operation 81 [1/2] ( I:3.25ns O:3.25ns )   --->   "%u_real = load i6 %data_real_addr" [src/fft2d_fixed.cpp:121]   --->   Operation 81 'load' 'u_real' <Predicate = true> <Delay = 3.25> <CoreInst = "RAM">   --->   Core 81 'RAM' <Latency = 1> <II = 1> <Delay = 3.25> <Storage> <Opcode : 'load' 'store'> <Ports = 2> <Width = 32> <Depth = 64> <RAM>
ST_18 : Operation 82 [1/2] ( I:3.25ns O:3.25ns )   --->   "%u_imag = load i6 %data_imag_addr" [src/fft2d_fixed.cpp:121]   --->   Operation 82 'load' 'u_imag' <Predicate = true> <Delay = 3.25> <CoreInst = "RAM">   --->   Core 81 'RAM' <Latency = 1> <II = 1> <Delay = 3.25> <Storage> <Opcode : 'load' 'store'> <Ports = 2> <Width = 32> <Depth = 64> <RAM>
ST_18 : Operation 83 [1/1] (0.00ns)   --->   "%sext_ln94 = sext i32 %a_real_load" [src/fft2d_fixed.cpp:94->src/fft2d_fixed.cpp:122]   --->   Operation 83 'sext' 'sext_ln94' <Predicate = true> <Delay = 0.00>
ST_18 : Operation 84 [1/1] (0.00ns)   --->   "%sext_ln95_3 = sext i14 %w_real" [src/fft2d_fixed.cpp:95->src/fft2d_fixed.cpp:122]   --->   Operation 84 'sext' 'sext_ln95_3' <Predicate = true> <Delay = 0.00>
ST_18 : Operation 85 [1/1] (0.00ns)   --->   "%sext_ln94_5 = sext i32 %a_real_load" [src/fft2d_fixed.cpp:94->src/fft2d_fixed.cpp:122]   --->   Operation 85 'sext' 'sext_ln94_5' <Predicate = true> <Delay = 0.00>
ST_18 : Operation 86 [1/1] (0.00ns)   --->   "%sext_ln95_4 = sext i32 %a_imag_load" [src/fft2d_fixed.cpp:95->src/fft2d_fixed.cpp:122]   --->   Operation 86 'sext' 'sext_ln95_4' <Predicate = true> <Delay = 0.00>
ST_18 : Operation 87 [1/1] (0.00ns)   --->   "%sext_ln94_6 = sext i32 %a_imag_load" [src/fft2d_fixed.cpp:94->src/fft2d_fixed.cpp:122]   --->   Operation 87 'sext' 'sext_ln94_6' <Predicate = true> <Delay = 0.00>
ST_18 : Operation 88 [1/1] (0.00ns)   --->   "%sext_ln94_7 = sext i13 %w_imag" [src/fft2d_fixed.cpp:94->src/fft2d_fixed.cpp:122]   --->   Operation 88 'sext' 'sext_ln94_7' <Predicate = true> <Delay = 0.00>
ST_18 : Operation 89 [2/2] (6.91ns)   --->   "%mul_ln94 = mul i45 %sext_ln94_6, i45 %sext_ln94_7" [src/fft2d_fixed.cpp:94->src/fft2d_fixed.cpp:122]   --->   Operation 89 'mul' 'mul_ln94' <Predicate = true> <Delay = 6.91> <CoreInst = "Multiplier">   --->   Core 3 'Multiplier' <Latency = 1> <II = 1> <Delay = 6.91> <FuncUnit> <Opcode : 'mul'> <InPorts = 2> <OutPorts = 1>
ST_18 : Operation 90 [2/2] (6.91ns)   --->   "%mul_ln94_2 = mul i44 %sext_ln94_5, i44 %sext_ln95_3" [src/fft2d_fixed.cpp:94->src/fft2d_fixed.cpp:122]   --->   Operation 90 'mul' 'mul_ln94_2' <Predicate = true> <Delay = 6.91> <CoreInst = "Multiplier">   --->   Core 3 'Multiplier' <Latency = 1> <II = 1> <Delay = 6.91> <FuncUnit> <Opcode : 'mul'> <InPorts = 2> <OutPorts = 1>
ST_18 : Operation 91 [2/2] (6.91ns)   --->   "%mul_ln95 = mul i45 %sext_ln94, i45 %sext_ln94_7" [src/fft2d_fixed.cpp:95->src/fft2d_fixed.cpp:122]   --->   Operation 91 'mul' 'mul_ln95' <Predicate = true> <Delay = 6.91> <CoreInst = "Multiplier">   --->   Core 3 'Multiplier' <Latency = 1> <II = 1> <Delay = 6.91> <FuncUnit> <Opcode : 'mul'> <InPorts = 2> <OutPorts = 1>
ST_18 : Operation 92 [2/2] (6.91ns)   --->   "%mul_ln95_2 = mul i44 %sext_ln95_4, i44 %sext_ln95_3" [src/fft2d_fixed.cpp:95->src/fft2d_fixed.cpp:122]   --->   Operation 92 'mul' 'mul_ln95_2' <Predicate = true> <Delay = 6.91> <CoreInst = "Multiplier">   --->   Core 3 'Multiplier' <Latency = 1> <II = 1> <Delay = 6.91> <FuncUnit> <Opcode : 'mul'> <InPorts = 2> <OutPorts = 1>

State 19 <SV = 18> <Delay = 6.91>
ST_19 : Operation 93 [1/2] (6.91ns)   --->   "%mul_ln94 = mul i45 %sext_ln94_6, i45 %sext_ln94_7" [src/fft2d_fixed.cpp:94->src/fft2d_fixed.cpp:122]   --->   Operation 93 'mul' 'mul_ln94' <Predicate = true> <Delay = 6.91> <CoreInst = "Multiplier">   --->   Core 3 'Multiplier' <Latency = 1> <II = 1> <Delay = 6.91> <FuncUnit> <Opcode : 'mul'> <InPorts = 2> <OutPorts = 1>
ST_19 : Operation 94 [1/2] (6.91ns)   --->   "%mul_ln94_2 = mul i44 %sext_ln94_5, i44 %sext_ln95_3" [src/fft2d_fixed.cpp:94->src/fft2d_fixed.cpp:122]   --->   Operation 94 'mul' 'mul_ln94_2' <Predicate = true> <Delay = 6.91> <CoreInst = "Multiplier">   --->   Core 3 'Multiplier' <Latency = 1> <II = 1> <Delay = 6.91> <FuncUnit> <Opcode : 'mul'> <InPorts = 2> <OutPorts = 1>
ST_19 : Operation 95 [1/2] (6.91ns)   --->   "%mul_ln95 = mul i45 %sext_ln94, i45 %sext_ln94_7" [src/fft2d_fixed.cpp:95->src/fft2d_fixed.cpp:122]   --->   Operation 95 'mul' 'mul_ln95' <Predicate = true> <Delay = 6.91> <CoreInst = "Multiplier">   --->   Core 3 'Multiplier' <Latency = 1> <II = 1> <Delay = 6.91> <FuncUnit> <Opcode : 'mul'> <InPorts = 2> <OutPorts = 1>
ST_19 : Operation 96 [1/2] (6.91ns)   --->   "%mul_ln95_2 = mul i44 %sext_ln95_4, i44 %sext_ln95_3" [src/fft2d_fixed.cpp:95->src/fft2d_fixed.cpp:122]   --->   Operation 96 'mul' 'mul_ln95_2' <Predicate = true> <Delay = 6.91> <CoreInst = "Multiplier">   --->   Core 3 'Multiplier' <Latency = 1> <II = 1> <Delay = 6.91> <FuncUnit> <Opcode : 'mul'> <InPorts = 2> <OutPorts = 1>

State 20 <SV = 19> <Delay = 3.01>
ST_20 : Operation 97 [1/1] (0.00ns)   --->   "%sext_ln94_8 = sext i44 %mul_ln94_2" [src/fft2d_fixed.cpp:94->src/fft2d_fixed.cpp:122]   --->   Operation 97 'sext' 'sext_ln94_8' <Predicate = true> <Delay = 0.00>
ST_20 : Operation 98 [1/1] (3.01ns)   --->   "%sub_ln94 = sub i45 %sext_ln94_8, i45 %mul_ln94" [src/fft2d_fixed.cpp:94->src/fft2d_fixed.cpp:122]   --->   Operation 98 'sub' 'sub_ln94' <Predicate = true> <Delay = 3.01> <CoreInst = "Adder">   --->   Core 1 'Adder' <Latency = 0> <II = 1> <Delay = 3.01> <FuncUnit> <Opcode : 'add' 'sub'> <InPorts = 2> <OutPorts = 1>
ST_20 : Operation 99 [1/1] (0.00ns)   --->   "%tmp_21 = bitselect i1 @_ssdm_op_BitSelect.i1.i45.i32, i45 %sub_ln94, i32 44" [src/fft2d_fixed.cpp:94->src/fft2d_fixed.cpp:122]   --->   Operation 99 'bitselect' 'tmp_21' <Predicate = true> <Delay = 0.00>
ST_20 : Operation 100 [1/1] (0.00ns)   --->   "%trunc_ln = partselect i32 @_ssdm_op_PartSelect.i32.i45.i32.i32, i45 %sub_ln94, i32 12, i32 43" [src/fft2d_fixed.cpp:94->src/fft2d_fixed.cpp:122]   --->   Operation 100 'partselect' 'trunc_ln' <Predicate = true> <Delay = 0.00>
ST_20 : Operation 101 [1/1] (0.00ns)   --->   "%tmp_22 = bitselect i1 @_ssdm_op_BitSelect.i1.i45.i32, i45 %sub_ln94, i32 11" [src/fft2d_fixed.cpp:94->src/fft2d_fixed.cpp:122]   --->   Operation 101 'bitselect' 'tmp_22' <Predicate = true> <Delay = 0.00>
ST_20 : Operation 102 [1/1] (0.00ns)   --->   "%tmp_23 = bitselect i1 @_ssdm_op_BitSelect.i1.i45.i32, i45 %sub_ln94, i32 43" [src/fft2d_fixed.cpp:94->src/fft2d_fixed.cpp:122]   --->   Operation 102 'bitselect' 'tmp_23' <Predicate = true> <Delay = 0.00>
ST_20 : Operation 103 [1/1] (0.00ns)   --->   "%sext_ln95 = sext i44 %mul_ln95_2" [src/fft2d_fixed.cpp:95->src/fft2d_fixed.cpp:122]   --->   Operation 103 'sext' 'sext_ln95' <Predicate = true> <Delay = 0.00>
ST_20 : Operation 104 [1/1] (3.01ns)   --->   "%add_ln95 = add i45 %sext_ln95, i45 %mul_ln95" [src/fft2d_fixed.cpp:95->src/fft2d_fixed.cpp:122]   --->   Operation 104 'add' 'add_ln95' <Predicate = true> <Delay = 3.01> <CoreInst = "Adder">   --->   Core 1 'Adder' <Latency = 0> <II = 1> <Delay = 3.01> <FuncUnit> <Opcode : 'add' 'sub'> <InPorts = 2> <OutPorts = 1>
ST_20 : Operation 105 [1/1] (0.00ns)   --->   "%tmp_25 = bitselect i1 @_ssdm_op_BitSelect.i1.i45.i32, i45 %add_ln95, i32 44" [src/fft2d_fixed.cpp:95->src/fft2d_fixed.cpp:122]   --->   Operation 105 'bitselect' 'tmp_25' <Predicate = true> <Delay = 0.00>
ST_20 : Operation 106 [1/1] (0.00ns)   --->   "%trunc_ln1 = partselect i32 @_ssdm_op_PartSelect.i32.i45.i32.i32, i45 %add_ln95, i32 12, i32 43" [src/fft2d_fixed.cpp:95->src/fft2d_fixed.cpp:122]   --->   Operation 106 'partselect' 'trunc_ln1' <Predicate = true> <Delay = 0.00>
ST_20 : Operation 107 [1/1] (0.00ns)   --->   "%tmp_26 = bitselect i1 @_ssdm_op_BitSelect.i1.i45.i32, i45 %add_ln95, i32 11" [src/fft2d_fixed.cpp:95->src/fft2d_fixed.cpp:122]   --->   Operation 107 'bitselect' 'tmp_26' <Predicate = true> <Delay = 0.00>
ST_20 : Operation 108 [1/1] (0.00ns)   --->   "%tmp_27 = bitselect i1 @_ssdm_op_BitSelect.i1.i45.i32, i45 %add_ln95, i32 43" [src/fft2d_fixed.cpp:95->src/fft2d_fixed.cpp:122]   --->   Operation 108 'bitselect' 'tmp_27' <Predicate = true> <Delay = 0.00>

State 21 <SV = 20> <Delay = 5.20>
ST_21 : Operation 109 [1/1] (0.00ns)   --->   "%zext_ln94 = zext i1 %tmp_22" [src/fft2d_fixed.cpp:94->src/fft2d_fixed.cpp:122]   --->   Operation 109 'zext' 'zext_ln94' <Predicate = true> <Delay = 0.00>
ST_21 : Operation 110 [1/1] (2.55ns)   --->   "%add_ln94 = add i32 %trunc_ln, i32 %zext_ln94" [src/fft2d_fixed.cpp:94->src/fft2d_fixed.cpp:122]   --->   Operation 110 'add' 'add_ln94' <Predicate = true> <Delay = 2.55> <CoreInst = "Adder">   --->   Core 1 'Adder' <Latency = 0> <II = 1> <Delay = 2.55> <FuncUnit> <Opcode : 'add' 'sub'> <InPorts = 2> <OutPorts = 1>
ST_21 : Operation 111 [1/1] (0.00ns)   --->   "%tmp_24 = bitselect i1 @_ssdm_op_BitSelect.i1.i32.i32, i32 %add_ln94, i32 31" [src/fft2d_fixed.cpp:94->src/fft2d_fixed.cpp:122]   --->   Operation 111 'bitselect' 'tmp_24' <Predicate = true> <Delay = 0.00>
ST_21 : Operation 112 [1/1] (0.00ns) (grouped into LUT with out node or_ln94_2)   --->   "%xor_ln94 = xor i1 %tmp_24, i1 1" [src/fft2d_fixed.cpp:94->src/fft2d_fixed.cpp:122]   --->   Operation 112 'xor' 'xor_ln94' <Predicate = true> <Delay = 0.00> <CoreInst = "LogicGate">   --->   Core 74 'LogicGate' <Latency = 0> <II = 1> <Delay = 0.97> <FuncUnit> <Opcode : 'and' 'or' 'xor'> <InPorts = 2> <OutPorts = 1>
ST_21 : Operation 113 [1/1] (0.00ns) (grouped into LUT with out node or_ln94_2)   --->   "%and_ln94 = and i1 %tmp_23, i1 %xor_ln94" [src/fft2d_fixed.cpp:94->src/fft2d_fixed.cpp:122]   --->   Operation 113 'and' 'and_ln94' <Predicate = true> <Delay = 0.00> <CoreInst = "LogicGate">   --->   Core 74 'LogicGate' <Latency = 0> <II = 1> <Delay = 0.97> <FuncUnit> <Opcode : 'and' 'or' 'xor'> <InPorts = 2> <OutPorts = 1>
ST_21 : Operation 114 [1/1] (0.00ns) (grouped into LUT with out node and_ln94_3)   --->   "%xor_ln94_7 = xor i1 %tmp_23, i1 1" [src/fft2d_fixed.cpp:94->src/fft2d_fixed.cpp:122]   --->   Operation 114 'xor' 'xor_ln94_7' <Predicate = true> <Delay = 0.00> <CoreInst = "LogicGate">   --->   Core 74 'LogicGate' <Latency = 0> <II = 1> <Delay = 0.97> <FuncUnit> <Opcode : 'and' 'or' 'xor'> <InPorts = 2> <OutPorts = 1>
ST_21 : Operation 115 [1/1] (0.00ns) (grouped into LUT with out node and_ln94_3)   --->   "%or_ln94_4 = or i1 %tmp_24, i1 %xor_ln94_7" [src/fft2d_fixed.cpp:94->src/fft2d_fixed.cpp:122]   --->   Operation 115 'or' 'or_ln94_4' <Predicate = true> <Delay = 0.00> <CoreInst = "LogicGate">   --->   Core 74 'LogicGate' <Latency = 0> <II = 1> <Delay = 0.97> <FuncUnit> <Opcode : 'and' 'or' 'xor'> <InPorts = 2> <OutPorts = 1>
ST_21 : Operation 116 [1/1] (0.00ns) (grouped into LUT with out node and_ln94_3)   --->   "%xor_ln94_6 = xor i1 %tmp_21, i1 1" [src/fft2d_fixed.cpp:94->src/fft2d_fixed.cpp:122]   --->   Operation 116 'xor' 'xor_ln94_6' <Predicate = true> <Delay = 0.00> <CoreInst = "LogicGate">   --->   Core 74 'LogicGate' <Latency = 0> <II = 1> <Delay = 0.97> <FuncUnit> <Opcode : 'and' 'or' 'xor'> <InPorts = 2> <OutPorts = 1>
ST_21 : Operation 117 [1/1] (0.00ns) (grouped into LUT with out node and_ln94_3)   --->   "%xor_ln94_9 = xor i1 1, i1 %tmp_21" [src/fft2d_fixed.cpp:94->src/fft2d_fixed.cpp:122]   --->   Operation 117 'xor' 'xor_ln94_9' <Predicate = true> <Delay = 0.00> <CoreInst = "LogicGate">   --->   Core 74 'LogicGate' <Latency = 0> <II = 1> <Delay = 0.97> <FuncUnit> <Opcode : 'and' 'or' 'xor'> <InPorts = 2> <OutPorts = 1>
ST_21 : Operation 118 [1/1] (0.00ns) (grouped into LUT with out node and_ln94_3)   --->   "%xor_ln94_8 = xor i1 %xor_ln94_9, i1 %or_ln94_4" [src/fft2d_fixed.cpp:94->src/fft2d_fixed.cpp:122]   --->   Operation 118 'xor' 'xor_ln94_8' <Predicate = true> <Delay = 0.00> <CoreInst = "LogicGate">   --->   Core 74 'LogicGate' <Latency = 0> <II = 1> <Delay = 0.97> <FuncUnit> <Opcode : 'and' 'or' 'xor'> <InPorts = 2> <OutPorts = 1>
ST_21 : Operation 119 [1/1] (0.00ns) (grouped into LUT with out node and_ln94_3)   --->   "%or_ln94 = or i1 %tmp_24, i1 %xor_ln94_8" [src/fft2d_fixed.cpp:94->src/fft2d_fixed.cpp:122]   --->   Operation 119 'or' 'or_ln94' <Predicate = true> <Delay = 0.00> <CoreInst = "LogicGate">   --->   Core 74 'LogicGate' <Latency = 0> <II = 1> <Delay = 0.97> <FuncUnit> <Opcode : 'and' 'or' 'xor'> <InPorts = 2> <OutPorts = 1>
ST_21 : Operation 120 [1/1] (0.97ns) (out node of the LUT)   --->   "%and_ln94_3 = and i1 %or_ln94, i1 %xor_ln94_6" [src/fft2d_fixed.cpp:94->src/fft2d_fixed.cpp:122]   --->   Operation 120 'and' 'and_ln94_3' <Predicate = true> <Delay = 0.97> <CoreInst = "LogicGate">   --->   Core 74 'LogicGate' <Latency = 0> <II = 1> <Delay = 0.97> <FuncUnit> <Opcode : 'and' 'or' 'xor'> <InPorts = 2> <OutPorts = 1>
ST_21 : Operation 121 [1/1] (0.00ns) (grouped into LUT with out node or_ln94_2)   --->   "%or_ln94_5 = or i1 %and_ln94, i1 %tmp_24" [src/fft2d_fixed.cpp:94->src/fft2d_fixed.cpp:122]   --->   Operation 121 'or' 'or_ln94_5' <Predicate = true> <Delay = 0.00> <CoreInst = "LogicGate">   --->   Core 74 'LogicGate' <Latency = 0> <II = 1> <Delay = 0.97> <FuncUnit> <Opcode : 'and' 'or' 'xor'> <InPorts = 2> <OutPorts = 1>
ST_21 : Operation 122 [1/1] (0.00ns) (grouped into LUT with out node or_ln94_2)   --->   "%xor_ln94_10 = xor i1 %or_ln94_5, i1 1" [src/fft2d_fixed.cpp:94->src/fft2d_fixed.cpp:122]   --->   Operation 122 'xor' 'xor_ln94_10' <Predicate = true> <Delay = 0.00> <CoreInst = "LogicGate">   --->   Core 74 'LogicGate' <Latency = 0> <II = 1> <Delay = 0.97> <FuncUnit> <Opcode : 'and' 'or' 'xor'> <InPorts = 2> <OutPorts = 1>
ST_21 : Operation 123 [1/1] (0.00ns) (grouped into LUT with out node or_ln94_2)   --->   "%and_ln94_4 = and i1 %tmp_21, i1 %xor_ln94_10" [src/fft2d_fixed.cpp:94->src/fft2d_fixed.cpp:122]   --->   Operation 123 'and' 'and_ln94_4' <Predicate = true> <Delay = 0.00> <CoreInst = "LogicGate">   --->   Core 74 'LogicGate' <Latency = 0> <II = 1> <Delay = 0.97> <FuncUnit> <Opcode : 'and' 'or' 'xor'> <InPorts = 2> <OutPorts = 1>
ST_21 : Operation 124 [1/1] (0.00ns) (grouped into LUT with out node v_real)   --->   "%select_ln94 = select i1 %and_ln94_3, i32 2147483647, i32 2147483648" [src/fft2d_fixed.cpp:94->src/fft2d_fixed.cpp:122]   --->   Operation 124 'select' 'select_ln94' <Predicate = true> <Delay = 0.00> <CoreInst = "Sel">   --->   Core 73 'Sel' <Latency = 0> <II = 1> <Delay = 0.69> <FuncUnit> <Opcode : 'select'> <InPorts = 3> <OutPorts = 1>
ST_21 : Operation 125 [1/1] (0.97ns) (out node of the LUT)   --->   "%or_ln94_2 = or i1 %and_ln94_3, i1 %and_ln94_4" [src/fft2d_fixed.cpp:94->src/fft2d_fixed.cpp:122]   --->   Operation 125 'or' 'or_ln94_2' <Predicate = true> <Delay = 0.97> <CoreInst = "LogicGate">   --->   Core 74 'LogicGate' <Latency = 0> <II = 1> <Delay = 0.97> <FuncUnit> <Opcode : 'and' 'or' 'xor'> <InPorts = 2> <OutPorts = 1>
ST_21 : Operation 126 [1/1] (0.69ns) (out node of the LUT)   --->   "%v_real = select i1 %or_ln94_2, i32 %select_ln94, i32 %add_ln94" [src/fft2d_fixed.cpp:94->src/fft2d_fixed.cpp:122]   --->   Operation 126 'select' 'v_real' <Predicate = true> <Delay = 0.69> <CoreInst = "Sel">   --->   Core 73 'Sel' <Latency = 0> <II = 1> <Delay = 0.69> <FuncUnit> <Opcode : 'select'> <InPorts = 3> <OutPorts = 1>
ST_21 : Operation 127 [1/1] (0.00ns)   --->   "%zext_ln95 = zext i1 %tmp_26" [src/fft2d_fixed.cpp:95->src/fft2d_fixed.cpp:122]   --->   Operation 127 'zext' 'zext_ln95' <Predicate = true> <Delay = 0.00>
ST_21 : Operation 128 [1/1] (2.55ns)   --->   "%add_ln95_2 = add i32 %trunc_ln1, i32 %zext_ln95" [src/fft2d_fixed.cpp:95->src/fft2d_fixed.cpp:122]   --->   Operation 128 'add' 'add_ln95_2' <Predicate = true> <Delay = 2.55> <CoreInst = "Adder">   --->   Core 1 'Adder' <Latency = 0> <II = 1> <Delay = 2.55> <FuncUnit> <Opcode : 'add' 'sub'> <InPorts = 2> <OutPorts = 1>
ST_21 : Operation 129 [1/1] (0.00ns)   --->   "%tmp_28 = bitselect i1 @_ssdm_op_BitSelect.i1.i32.i32, i32 %add_ln95_2, i32 31" [src/fft2d_fixed.cpp:95->src/fft2d_fixed.cpp:122]   --->   Operation 129 'bitselect' 'tmp_28' <Predicate = true> <Delay = 0.00>
ST_21 : Operation 130 [1/1] (0.00ns) (grouped into LUT with out node or_ln95_2)   --->   "%xor_ln95 = xor i1 %tmp_28, i1 1" [src/fft2d_fixed.cpp:95->src/fft2d_fixed.cpp:122]   --->   Operation 130 'xor' 'xor_ln95' <Predicate = true> <Delay = 0.00> <CoreInst = "LogicGate">   --->   Core 74 'LogicGate' <Latency = 0> <II = 1> <Delay = 0.97> <FuncUnit> <Opcode : 'and' 'or' 'xor'> <InPorts = 2> <OutPorts = 1>
ST_21 : Operation 131 [1/1] (0.00ns) (grouped into LUT with out node or_ln95_2)   --->   "%and_ln95 = and i1 %tmp_27, i1 %xor_ln95" [src/fft2d_fixed.cpp:95->src/fft2d_fixed.cpp:122]   --->   Operation 131 'and' 'and_ln95' <Predicate = true> <Delay = 0.00> <CoreInst = "LogicGate">   --->   Core 74 'LogicGate' <Latency = 0> <II = 1> <Delay = 0.97> <FuncUnit> <Opcode : 'and' 'or' 'xor'> <InPorts = 2> <OutPorts = 1>
ST_21 : Operation 132 [1/1] (0.00ns) (grouped into LUT with out node and_ln95_3)   --->   "%xor_ln95_7 = xor i1 %tmp_27, i1 1" [src/fft2d_fixed.cpp:95->src/fft2d_fixed.cpp:122]   --->   Operation 132 'xor' 'xor_ln95_7' <Predicate = true> <Delay = 0.00> <CoreInst = "LogicGate">   --->   Core 74 'LogicGate' <Latency = 0> <II = 1> <Delay = 0.97> <FuncUnit> <Opcode : 'and' 'or' 'xor'> <InPorts = 2> <OutPorts = 1>
ST_21 : Operation 133 [1/1] (0.00ns) (grouped into LUT with out node and_ln95_3)   --->   "%or_ln95_4 = or i1 %tmp_28, i1 %xor_ln95_7" [src/fft2d_fixed.cpp:95->src/fft2d_fixed.cpp:122]   --->   Operation 133 'or' 'or_ln95_4' <Predicate = true> <Delay = 0.00> <CoreInst = "LogicGate">   --->   Core 74 'LogicGate' <Latency = 0> <II = 1> <Delay = 0.97> <FuncUnit> <Opcode : 'and' 'or' 'xor'> <InPorts = 2> <OutPorts = 1>
ST_21 : Operation 134 [1/1] (0.00ns) (grouped into LUT with out node and_ln95_3)   --->   "%xor_ln95_6 = xor i1 %tmp_25, i1 1" [src/fft2d_fixed.cpp:95->src/fft2d_fixed.cpp:122]   --->   Operation 134 'xor' 'xor_ln95_6' <Predicate = true> <Delay = 0.00> <CoreInst = "LogicGate">   --->   Core 74 'LogicGate' <Latency = 0> <II = 1> <Delay = 0.97> <FuncUnit> <Opcode : 'and' 'or' 'xor'> <InPorts = 2> <OutPorts = 1>
ST_21 : Operation 135 [1/1] (0.00ns) (grouped into LUT with out node and_ln95_3)   --->   "%xor_ln95_9 = xor i1 1, i1 %tmp_25" [src/fft2d_fixed.cpp:95->src/fft2d_fixed.cpp:122]   --->   Operation 135 'xor' 'xor_ln95_9' <Predicate = true> <Delay = 0.00> <CoreInst = "LogicGate">   --->   Core 74 'LogicGate' <Latency = 0> <II = 1> <Delay = 0.97> <FuncUnit> <Opcode : 'and' 'or' 'xor'> <InPorts = 2> <OutPorts = 1>
ST_21 : Operation 136 [1/1] (0.00ns) (grouped into LUT with out node and_ln95_3)   --->   "%xor_ln95_8 = xor i1 %xor_ln95_9, i1 %or_ln95_4" [src/fft2d_fixed.cpp:95->src/fft2d_fixed.cpp:122]   --->   Operation 136 'xor' 'xor_ln95_8' <Predicate = true> <Delay = 0.00> <CoreInst = "LogicGate">   --->   Core 74 'LogicGate' <Latency = 0> <II = 1> <Delay = 0.97> <FuncUnit> <Opcode : 'and' 'or' 'xor'> <InPorts = 2> <OutPorts = 1>
ST_21 : Operation 137 [1/1] (0.00ns) (grouped into LUT with out node and_ln95_3)   --->   "%or_ln95 = or i1 %tmp_28, i1 %xor_ln95_8" [src/fft2d_fixed.cpp:95->src/fft2d_fixed.cpp:122]   --->   Operation 137 'or' 'or_ln95' <Predicate = true> <Delay = 0.00> <CoreInst = "LogicGate">   --->   Core 74 'LogicGate' <Latency = 0> <II = 1> <Delay = 0.97> <FuncUnit> <Opcode : 'and' 'or' 'xor'> <InPorts = 2> <OutPorts = 1>
ST_21 : Operation 138 [1/1] (0.97ns) (out node of the LUT)   --->   "%and_ln95_3 = and i1 %or_ln95, i1 %xor_ln95_6" [src/fft2d_fixed.cpp:95->src/fft2d_fixed.cpp:122]   --->   Operation 138 'and' 'and_ln95_3' <Predicate = true> <Delay = 0.97> <CoreInst = "LogicGate">   --->   Core 74 'LogicGate' <Latency = 0> <II = 1> <Delay = 0.97> <FuncUnit> <Opcode : 'and' 'or' 'xor'> <InPorts = 2> <OutPorts = 1>
ST_21 : Operation 139 [1/1] (0.00ns) (grouped into LUT with out node or_ln95_2)   --->   "%or_ln95_5 = or i1 %and_ln95, i1 %tmp_28" [src/fft2d_fixed.cpp:95->src/fft2d_fixed.cpp:122]   --->   Operation 139 'or' 'or_ln95_5' <Predicate = true> <Delay = 0.00> <CoreInst = "LogicGate">   --->   Core 74 'LogicGate' <Latency = 0> <II = 1> <Delay = 0.97> <FuncUnit> <Opcode : 'and' 'or' 'xor'> <InPorts = 2> <OutPorts = 1>
ST_21 : Operation 140 [1/1] (0.00ns) (grouped into LUT with out node or_ln95_2)   --->   "%xor_ln95_10 = xor i1 %or_ln95_5, i1 1" [src/fft2d_fixed.cpp:95->src/fft2d_fixed.cpp:122]   --->   Operation 140 'xor' 'xor_ln95_10' <Predicate = true> <Delay = 0.00> <CoreInst = "LogicGate">   --->   Core 74 'LogicGate' <Latency = 0> <II = 1> <Delay = 0.97> <FuncUnit> <Opcode : 'and' 'or' 'xor'> <InPorts = 2> <OutPorts = 1>
ST_21 : Operation 141 [1/1] (0.00ns) (grouped into LUT with out node or_ln95_2)   --->   "%and_ln95_4 = and i1 %tmp_25, i1 %xor_ln95_10" [src/fft2d_fixed.cpp:95->src/fft2d_fixed.cpp:122]   --->   Operation 141 'and' 'and_ln95_4' <Predicate = true> <Delay = 0.00> <CoreInst = "LogicGate">   --->   Core 74 'LogicGate' <Latency = 0> <II = 1> <Delay = 0.97> <FuncUnit> <Opcode : 'and' 'or' 'xor'> <InPorts = 2> <OutPorts = 1>
ST_21 : Operation 142 [1/1] (0.00ns) (grouped into LUT with out node v_imag)   --->   "%select_ln95 = select i1 %and_ln95_3, i32 2147483647, i32 2147483648" [src/fft2d_fixed.cpp:95->src/fft2d_fixed.cpp:122]   --->   Operation 142 'select' 'select_ln95' <Predicate = true> <Delay = 0.00> <CoreInst = "Sel">   --->   Core 73 'Sel' <Latency = 0> <II = 1> <Delay = 0.69> <FuncUnit> <Opcode : 'select'> <InPorts = 3> <OutPorts = 1>
ST_21 : Operation 143 [1/1] (0.97ns) (out node of the LUT)   --->   "%or_ln95_2 = or i1 %and_ln95_3, i1 %and_ln95_4" [src/fft2d_fixed.cpp:95->src/fft2d_fixed.cpp:122]   --->   Operation 143 'or' 'or_ln95_2' <Predicate = true> <Delay = 0.97> <CoreInst = "LogicGate">   --->   Core 74 'LogicGate' <Latency = 0> <II = 1> <Delay = 0.97> <FuncUnit> <Opcode : 'and' 'or' 'xor'> <InPorts = 2> <OutPorts = 1>
ST_21 : Operation 144 [1/1] (0.69ns) (out node of the LUT)   --->   "%v_imag = select i1 %or_ln95_2, i32 %select_ln95, i32 %add_ln95_2" [src/fft2d_fixed.cpp:95->src/fft2d_fixed.cpp:122]   --->   Operation 144 'select' 'v_imag' <Predicate = true> <Delay = 0.69> <CoreInst = "Sel">   --->   Core 73 'Sel' <Latency = 0> <II = 1> <Delay = 0.69> <FuncUnit> <Opcode : 'select'> <InPorts = 3> <OutPorts = 1>

State 22 <SV = 21> <Delay = 6.78>
ST_22 : Operation 145 [1/1] (0.00ns)   --->   "%sext_ln85 = sext i32 %u_real" [src/fft2d_fixed.cpp:85->src/fft2d_fixed.cpp:124]   --->   Operation 145 'sext' 'sext_ln85' <Predicate = true> <Delay = 0.00>
ST_22 : Operation 146 [1/1] (0.00ns)   --->   "%sext_ln85_4 = sext i32 %v_real" [src/fft2d_fixed.cpp:85->src/fft2d_fixed.cpp:124]   --->   Operation 146 'sext' 'sext_ln85_4' <Predicate = true> <Delay = 0.00>
ST_22 : Operation 147 [1/1] (2.55ns)   --->   "%add_ln85 = add i33 %sext_ln85_4, i33 %sext_ln85" [src/fft2d_fixed.cpp:85->src/fft2d_fixed.cpp:124]   --->   Operation 147 'add' 'add_ln85' <Predicate = true> <Delay = 2.55> <CoreInst = "Adder">   --->   Core 1 'Adder' <Latency = 0> <II = 1> <Delay = 2.55> <FuncUnit> <Opcode : 'add' 'sub'> <InPorts = 2> <OutPorts = 1>
ST_22 : Operation 148 [1/1] (0.00ns)   --->   "%tmp_29 = bitselect i1 @_ssdm_op_BitSelect.i1.i33.i32, i33 %add_ln85, i32 32" [src/fft2d_fixed.cpp:85->src/fft2d_fixed.cpp:124]   --->   Operation 148 'bitselect' 'tmp_29' <Predicate = true> <Delay = 0.00>
ST_22 : Operation 149 [1/1] (0.00ns) (grouped into LUT with out node select_ln85_4)   --->   "%trunc_ln85 = trunc i33 %add_ln85" [src/fft2d_fixed.cpp:85->src/fft2d_fixed.cpp:124]   --->   Operation 149 'trunc' 'trunc_ln85' <Predicate = true> <Delay = 0.00>
ST_22 : Operation 150 [1/1] (0.00ns)   --->   "%tmp_30 = bitselect i1 @_ssdm_op_BitSelect.i1.i33.i32, i33 %add_ln85, i32 31" [src/fft2d_fixed.cpp:85->src/fft2d_fixed.cpp:124]   --->   Operation 150 'bitselect' 'tmp_30' <Predicate = true> <Delay = 0.00>
ST_22 : Operation 151 [1/1] (0.00ns) (grouped into LUT with out node select_ln85_4)   --->   "%xor_ln85 = xor i1 %tmp_29, i1 1" [src/fft2d_fixed.cpp:85->src/fft2d_fixed.cpp:124]   --->   Operation 151 'xor' 'xor_ln85' <Predicate = true> <Delay = 0.00> <CoreInst = "LogicGate">   --->   Core 74 'LogicGate' <Latency = 0> <II = 1> <Delay = 0.97> <FuncUnit> <Opcode : 'and' 'or' 'xor'> <InPorts = 2> <OutPorts = 1>
ST_22 : Operation 152 [1/1] (0.00ns) (grouped into LUT with out node select_ln85_4)   --->   "%and_ln85 = and i1 %tmp_30, i1 %xor_ln85" [src/fft2d_fixed.cpp:85->src/fft2d_fixed.cpp:124]   --->   Operation 152 'and' 'and_ln85' <Predicate = true> <Delay = 0.00> <CoreInst = "LogicGate">   --->   Core 74 'LogicGate' <Latency = 0> <II = 1> <Delay = 0.97> <FuncUnit> <Opcode : 'and' 'or' 'xor'> <InPorts = 2> <OutPorts = 1>
ST_22 : Operation 153 [1/1] (0.00ns) (grouped into LUT with out node select_ln85_4)   --->   "%xor_ln85_4 = xor i1 %tmp_29, i1 %tmp_30" [src/fft2d_fixed.cpp:85->src/fft2d_fixed.cpp:124]   --->   Operation 153 'xor' 'xor_ln85_4' <Predicate = true> <Delay = 0.00> <CoreInst = "LogicGate">   --->   Core 74 'LogicGate' <Latency = 0> <II = 1> <Delay = 0.97> <FuncUnit> <Opcode : 'and' 'or' 'xor'> <InPorts = 2> <OutPorts = 1>
ST_22 : Operation 154 [1/1] (0.00ns) (grouped into LUT with out node select_ln85_4)   --->   "%select_ln85 = select i1 %and_ln85, i32 2147483647, i32 2147483648" [src/fft2d_fixed.cpp:85->src/fft2d_fixed.cpp:124]   --->   Operation 154 'select' 'select_ln85' <Predicate = true> <Delay = 0.00> <CoreInst = "Sel">   --->   Core 73 'Sel' <Latency = 0> <II = 1> <Delay = 0.69> <FuncUnit> <Opcode : 'select'> <InPorts = 3> <OutPorts = 1>
ST_22 : Operation 155 [1/1] (0.97ns) (out node of the LUT)   --->   "%select_ln85_4 = select i1 %xor_ln85_4, i32 %select_ln85, i32 %trunc_ln85" [src/fft2d_fixed.cpp:85->src/fft2d_fixed.cpp:124]   --->   Operation 155 'select' 'select_ln85_4' <Predicate = true> <Delay = 0.97> <CoreInst = "Sel">   --->   Core 73 'Sel' <Latency = 0> <II = 1> <Delay = 0.69> <FuncUnit> <Opcode : 'select'> <InPorts = 3> <OutPorts = 1>
ST_22 : Operation 156 [1/1] (0.00ns)   --->   "%sext_ln85_5 = sext i32 %u_imag" [src/fft2d_fixed.cpp:85->src/fft2d_fixed.cpp:124]   --->   Operation 156 'sext' 'sext_ln85_5' <Predicate = true> <Delay = 0.00>
ST_22 : Operation 157 [1/1] (0.00ns)   --->   "%sext_ln85_6 = sext i32 %v_imag" [src/fft2d_fixed.cpp:85->src/fft2d_fixed.cpp:124]   --->   Operation 157 'sext' 'sext_ln85_6' <Predicate = true> <Delay = 0.00>
ST_22 : Operation 158 [1/1] (2.55ns)   --->   "%add_ln85_2 = add i33 %sext_ln85_6, i33 %sext_ln85_5" [src/fft2d_fixed.cpp:85->src/fft2d_fixed.cpp:124]   --->   Operation 158 'add' 'add_ln85_2' <Predicate = true> <Delay = 2.55> <CoreInst = "Adder">   --->   Core 1 'Adder' <Latency = 0> <II = 1> <Delay = 2.55> <FuncUnit> <Opcode : 'add' 'sub'> <InPorts = 2> <OutPorts = 1>
ST_22 : Operation 159 [1/1] (0.00ns)   --->   "%tmp_31 = bitselect i1 @_ssdm_op_BitSelect.i1.i33.i32, i33 %add_ln85_2, i32 32" [src/fft2d_fixed.cpp:85->src/fft2d_fixed.cpp:124]   --->   Operation 159 'bitselect' 'tmp_31' <Predicate = true> <Delay = 0.00>
ST_22 : Operation 160 [1/1] (0.00ns) (grouped into LUT with out node select_ln85_6)   --->   "%trunc_ln85_2 = trunc i33 %add_ln85_2" [src/fft2d_fixed.cpp:85->src/fft2d_fixed.cpp:124]   --->   Operation 160 'trunc' 'trunc_ln85_2' <Predicate = true> <Delay = 0.00>
ST_22 : Operation 161 [1/1] (0.00ns)   --->   "%tmp_32 = bitselect i1 @_ssdm_op_BitSelect.i1.i33.i32, i33 %add_ln85_2, i32 31" [src/fft2d_fixed.cpp:85->src/fft2d_fixed.cpp:124]   --->   Operation 161 'bitselect' 'tmp_32' <Predicate = true> <Delay = 0.00>
ST_22 : Operation 162 [1/1] (0.00ns) (grouped into LUT with out node select_ln85_6)   --->   "%xor_ln85_5 = xor i1 %tmp_31, i1 1" [src/fft2d_fixed.cpp:85->src/fft2d_fixed.cpp:124]   --->   Operation 162 'xor' 'xor_ln85_5' <Predicate = true> <Delay = 0.00> <CoreInst = "LogicGate">   --->   Core 74 'LogicGate' <Latency = 0> <II = 1> <Delay = 0.97> <FuncUnit> <Opcode : 'and' 'or' 'xor'> <InPorts = 2> <OutPorts = 1>
ST_22 : Operation 163 [1/1] (0.00ns) (grouped into LUT with out node select_ln85_6)   --->   "%and_ln85_2 = and i1 %tmp_32, i1 %xor_ln85_5" [src/fft2d_fixed.cpp:85->src/fft2d_fixed.cpp:124]   --->   Operation 163 'and' 'and_ln85_2' <Predicate = true> <Delay = 0.00> <CoreInst = "LogicGate">   --->   Core 74 'LogicGate' <Latency = 0> <II = 1> <Delay = 0.97> <FuncUnit> <Opcode : 'and' 'or' 'xor'> <InPorts = 2> <OutPorts = 1>
ST_22 : Operation 164 [1/1] (0.00ns) (grouped into LUT with out node select_ln85_6)   --->   "%xor_ln85_6 = xor i1 %tmp_31, i1 %tmp_32" [src/fft2d_fixed.cpp:85->src/fft2d_fixed.cpp:124]   --->   Operation 164 'xor' 'xor_ln85_6' <Predicate = true> <Delay = 0.00> <CoreInst = "LogicGate">   --->   Core 74 'LogicGate' <Latency = 0> <II = 1> <Delay = 0.97> <FuncUnit> <Opcode : 'and' 'or' 'xor'> <InPorts = 2> <OutPorts = 1>
ST_22 : Operation 165 [1/1] (0.00ns) (grouped into LUT with out node select_ln85_6)   --->   "%select_ln85_5 = select i1 %and_ln85_2, i32 2147483647, i32 2147483648" [src/fft2d_fixed.cpp:85->src/fft2d_fixed.cpp:124]   --->   Operation 165 'select' 'select_ln85_5' <Predicate = true> <Delay = 0.00> <CoreInst = "Sel">   --->   Core 73 'Sel' <Latency = 0> <II = 1> <Delay = 0.69> <FuncUnit> <Opcode : 'select'> <InPorts = 3> <OutPorts = 1>
ST_22 : Operation 166 [1/1] (0.97ns) (out node of the LUT)   --->   "%select_ln85_6 = select i1 %xor_ln85_6, i32 %select_ln85_5, i32 %trunc_ln85_2" [src/fft2d_fixed.cpp:85->src/fft2d_fixed.cpp:124]   --->   Operation 166 'select' 'select_ln85_6' <Predicate = true> <Delay = 0.97> <CoreInst = "Sel">   --->   Core 73 'Sel' <Latency = 0> <II = 1> <Delay = 0.69> <FuncUnit> <Opcode : 'select'> <InPorts = 3> <OutPorts = 1>
ST_22 : Operation 167 [1/1] ( I:3.25ns O:3.25ns )   --->   "%store_ln124 = store i32 %select_ln85_4, i6 %data_real_addr" [src/fft2d_fixed.cpp:124]   --->   Operation 167 'store' 'store_ln124' <Predicate = true> <Delay = 3.25> <CoreInst = "RAM">   --->   Core 81 'RAM' <Latency = 1> <II = 1> <Delay = 3.25> <Storage> <Opcode : 'load' 'store'> <Ports = 2> <Width = 32> <Depth = 64> <RAM>
ST_22 : Operation 168 [1/1] ( I:3.25ns O:3.25ns )   --->   "%store_ln124 = store i32 %select_ln85_6, i6 %data_imag_addr" [src/fft2d_fixed.cpp:124]   --->   Operation 168 'store' 'store_ln124' <Predicate = true> <Delay = 3.25> <CoreInst = "RAM">   --->   Core 81 'RAM' <Latency = 1> <II = 1> <Delay = 3.25> <Storage> <Opcode : 'load' 'store'> <Ports = 2> <Width = 32> <Depth = 64> <RAM>
ST_22 : Operation 169 [1/1] (2.55ns)   --->   "%sub_ln89 = sub i33 %sext_ln85, i33 %sext_ln85_4" [src/fft2d_fixed.cpp:89->src/fft2d_fixed.cpp:125]   --->   Operation 169 'sub' 'sub_ln89' <Predicate = true> <Delay = 2.55> <CoreInst = "Adder">   --->   Core 1 'Adder' <Latency = 0> <II = 1> <Delay = 2.55> <FuncUnit> <Opcode : 'add' 'sub'> <InPorts = 2> <OutPorts = 1>
ST_22 : Operation 170 [1/1] (0.00ns)   --->   "%tmp_33 = bitselect i1 @_ssdm_op_BitSelect.i1.i33.i32, i33 %sub_ln89, i32 32" [src/fft2d_fixed.cpp:89->src/fft2d_fixed.cpp:125]   --->   Operation 170 'bitselect' 'tmp_33' <Predicate = true> <Delay = 0.00>
ST_22 : Operation 171 [1/1] (0.00ns) (grouped into LUT with out node select_ln89_4)   --->   "%trunc_ln89 = trunc i33 %sub_ln89" [src/fft2d_fixed.cpp:89->src/fft2d_fixed.cpp:125]   --->   Operation 171 'trunc' 'trunc_ln89' <Predicate = true> <Delay = 0.00>
ST_22 : Operation 172 [1/1] (0.00ns)   --->   "%tmp_34 = bitselect i1 @_ssdm_op_BitSelect.i1.i33.i32, i33 %sub_ln89, i32 31" [src/fft2d_fixed.cpp:89->src/fft2d_fixed.cpp:125]   --->   Operation 172 'bitselect' 'tmp_34' <Predicate = true> <Delay = 0.00>
ST_22 : Operation 173 [1/1] (0.00ns) (grouped into LUT with out node select_ln89_4)   --->   "%xor_ln89 = xor i1 %tmp_33, i1 1" [src/fft2d_fixed.cpp:89->src/fft2d_fixed.cpp:125]   --->   Operation 173 'xor' 'xor_ln89' <Predicate = true> <Delay = 0.00> <CoreInst = "LogicGate">   --->   Core 74 'LogicGate' <Latency = 0> <II = 1> <Delay = 0.97> <FuncUnit> <Opcode : 'and' 'or' 'xor'> <InPorts = 2> <OutPorts = 1>
ST_22 : Operation 174 [1/1] (0.00ns) (grouped into LUT with out node select_ln89_4)   --->   "%and_ln89 = and i1 %tmp_34, i1 %xor_ln89" [src/fft2d_fixed.cpp:89->src/fft2d_fixed.cpp:125]   --->   Operation 174 'and' 'and_ln89' <Predicate = true> <Delay = 0.00> <CoreInst = "LogicGate">   --->   Core 74 'LogicGate' <Latency = 0> <II = 1> <Delay = 0.97> <FuncUnit> <Opcode : 'and' 'or' 'xor'> <InPorts = 2> <OutPorts = 1>
ST_22 : Operation 175 [1/1] (0.00ns) (grouped into LUT with out node select_ln89_4)   --->   "%xor_ln89_4 = xor i1 %tmp_33, i1 %tmp_34" [src/fft2d_fixed.cpp:89->src/fft2d_fixed.cpp:125]   --->   Operation 175 'xor' 'xor_ln89_4' <Predicate = true> <Delay = 0.00> <CoreInst = "LogicGate">   --->   Core 74 'LogicGate' <Latency = 0> <II = 1> <Delay = 0.97> <FuncUnit> <Opcode : 'and' 'or' 'xor'> <InPorts = 2> <OutPorts = 1>
ST_22 : Operation 176 [1/1] (0.00ns) (grouped into LUT with out node select_ln89_4)   --->   "%select_ln89 = select i1 %and_ln89, i32 2147483647, i32 2147483648" [src/fft2d_fixed.cpp:89->src/fft2d_fixed.cpp:125]   --->   Operation 176 'select' 'select_ln89' <Predicate = true> <Delay = 0.00> <CoreInst = "Sel">   --->   Core 73 'Sel' <Latency = 0> <II = 1> <Delay = 0.69> <FuncUnit> <Opcode : 'select'> <InPorts = 3> <OutPorts = 1>
ST_22 : Operation 177 [1/1] (0.97ns) (out node of the LUT)   --->   "%select_ln89_4 = select i1 %xor_ln89_4, i32 %select_ln89, i32 %trunc_ln89" [src/fft2d_fixed.cpp:89->src/fft2d_fixed.cpp:125]   --->   Operation 177 'select' 'select_ln89_4' <Predicate = true> <Delay = 0.97> <CoreInst = "Sel">   --->   Core 73 'Sel' <Latency = 0> <II = 1> <Delay = 0.69> <FuncUnit> <Opcode : 'select'> <InPorts = 3> <OutPorts = 1>
ST_22 : Operation 178 [1/1] (2.55ns)   --->   "%sub_ln89_2 = sub i33 %sext_ln85_5, i33 %sext_ln85_6" [src/fft2d_fixed.cpp:89->src/fft2d_fixed.cpp:125]   --->   Operation 178 'sub' 'sub_ln89_2' <Predicate = true> <Delay = 2.55> <CoreInst = "Adder">   --->   Core 1 'Adder' <Latency = 0> <II = 1> <Delay = 2.55> <FuncUnit> <Opcode : 'add' 'sub'> <InPorts = 2> <OutPorts = 1>
ST_22 : Operation 179 [1/1] (0.00ns)   --->   "%tmp_35 = bitselect i1 @_ssdm_op_BitSelect.i1.i33.i32, i33 %sub_ln89_2, i32 32" [src/fft2d_fixed.cpp:89->src/fft2d_fixed.cpp:125]   --->   Operation 179 'bitselect' 'tmp_35' <Predicate = true> <Delay = 0.00>
ST_22 : Operation 180 [1/1] (0.00ns) (grouped into LUT with out node select_ln89_6)   --->   "%trunc_ln89_2 = trunc i33 %sub_ln89_2" [src/fft2d_fixed.cpp:89->src/fft2d_fixed.cpp:125]   --->   Operation 180 'trunc' 'trunc_ln89_2' <Predicate = true> <Delay = 0.00>
ST_22 : Operation 181 [1/1] (0.00ns)   --->   "%tmp_36 = bitselect i1 @_ssdm_op_BitSelect.i1.i33.i32, i33 %sub_ln89_2, i32 31" [src/fft2d_fixed.cpp:89->src/fft2d_fixed.cpp:125]   --->   Operation 181 'bitselect' 'tmp_36' <Predicate = true> <Delay = 0.00>
ST_22 : Operation 182 [1/1] (0.00ns) (grouped into LUT with out node select_ln89_6)   --->   "%xor_ln89_5 = xor i1 %tmp_35, i1 1" [src/fft2d_fixed.cpp:89->src/fft2d_fixed.cpp:125]   --->   Operation 182 'xor' 'xor_ln89_5' <Predicate = true> <Delay = 0.00> <CoreInst = "LogicGate">   --->   Core 74 'LogicGate' <Latency = 0> <II = 1> <Delay = 0.97> <FuncUnit> <Opcode : 'and' 'or' 'xor'> <InPorts = 2> <OutPorts = 1>
ST_22 : Operation 183 [1/1] (0.00ns) (grouped into LUT with out node select_ln89_6)   --->   "%and_ln89_2 = and i1 %tmp_36, i1 %xor_ln89_5" [src/fft2d_fixed.cpp:89->src/fft2d_fixed.cpp:125]   --->   Operation 183 'and' 'and_ln89_2' <Predicate = true> <Delay = 0.00> <CoreInst = "LogicGate">   --->   Core 74 'LogicGate' <Latency = 0> <II = 1> <Delay = 0.97> <FuncUnit> <Opcode : 'and' 'or' 'xor'> <InPorts = 2> <OutPorts = 1>
ST_22 : Operation 184 [1/1] (0.00ns) (grouped into LUT with out node select_ln89_6)   --->   "%xor_ln89_6 = xor i1 %tmp_35, i1 %tmp_36" [src/fft2d_fixed.cpp:89->src/fft2d_fixed.cpp:125]   --->   Operation 184 'xor' 'xor_ln89_6' <Predicate = true> <Delay = 0.00> <CoreInst = "LogicGate">   --->   Core 74 'LogicGate' <Latency = 0> <II = 1> <Delay = 0.97> <FuncUnit> <Opcode : 'and' 'or' 'xor'> <InPorts = 2> <OutPorts = 1>
ST_22 : Operation 185 [1/1] (0.00ns) (grouped into LUT with out node select_ln89_6)   --->   "%select_ln89_5 = select i1 %and_ln89_2, i32 2147483647, i32 2147483648" [src/fft2d_fixed.cpp:89->src/fft2d_fixed.cpp:125]   --->   Operation 185 'select' 'select_ln89_5' <Predicate = true> <Delay = 0.00> <CoreInst = "Sel">   --->   Core 73 'Sel' <Latency = 0> <II = 1> <Delay = 0.69> <FuncUnit> <Opcode : 'select'> <InPorts = 3> <OutPorts = 1>
ST_22 : Operation 186 [1/1] (0.97ns) (out node of the LUT)   --->   "%select_ln89_6 = select i1 %xor_ln89_6, i32 %select_ln89_5, i32 %trunc_ln89_2" [src/fft2d_fixed.cpp:89->src/fft2d_fixed.cpp:125]   --->   Operation 186 'select' 'select_ln89_6' <Predicate = true> <Delay = 0.97> <CoreInst = "Sel">   --->   Core 73 'Sel' <Latency = 0> <II = 1> <Delay = 0.69> <FuncUnit> <Opcode : 'select'> <InPorts = 3> <OutPorts = 1>

State 23 <SV = 22> <Delay = 3.25>
ST_23 : Operation 187 [1/1] (0.00ns)   --->   "%specpipeline_ln119 = specpipeline void @_ssdm_op_SpecPipeline, i32 4294967295, i32 0, i32 0, i32 0, i32 4294967295, void @empty" [src/fft2d_fixed.cpp:119]   --->   Operation 187 'specpipeline' 'specpipeline_ln119' <Predicate = true> <Delay = 0.00>
ST_23 : Operation 188 [1/1] (0.00ns)   --->   "%speclooptripcount_ln119 = speclooptripcount void @_ssdm_op_SpecLoopTripCount, i64 0, i64 1073741823, i64 536870911" [src/fft2d_fixed.cpp:119]   --->   Operation 188 'speclooptripcount' 'speclooptripcount_ln119' <Predicate = true> <Delay = 0.00>
ST_23 : Operation 189 [1/1] (0.00ns)   --->   "%specloopname_ln119 = specloopname void @_ssdm_op_SpecLoopName, void @empty_14" [src/fft2d_fixed.cpp:119]   --->   Operation 189 'specloopname' 'specloopname_ln119' <Predicate = true> <Delay = 0.00>
ST_23 : Operation 190 [1/1] ( I:3.25ns O:3.25ns )   --->   "%store_ln125 = store i32 %select_ln89_4, i6 %a_real" [src/fft2d_fixed.cpp:125]   --->   Operation 190 'store' 'store_ln125' <Predicate = true> <Delay = 3.25> <CoreInst = "RAM">   --->   Core 81 'RAM' <Latency = 1> <II = 1> <Delay = 3.25> <Storage> <Opcode : 'load' 'store'> <Ports = 2> <Width = 32> <Depth = 64> <RAM>
ST_23 : Operation 191 [1/1] ( I:3.25ns O:3.25ns )   --->   "%store_ln125 = store i32 %select_ln89_6, i6 %a_imag" [src/fft2d_fixed.cpp:125]   --->   Operation 191 'store' 'store_ln125' <Predicate = true> <Delay = 3.25> <CoreInst = "RAM">   --->   Core 81 'RAM' <Latency = 1> <II = 1> <Delay = 3.25> <Storage> <Opcode : 'load' 'store'> <Ports = 2> <Width = 32> <Depth = 64> <RAM>
ST_23 : Operation 192 [1/1] (0.00ns)   --->   "%br_ln119 = br void %for.inc40" [src/fft2d_fixed.cpp:119]   --->   Operation 192 'br' 'br_ln119' <Predicate = true> <Delay = 0.00>


============================================================
+ Verbose Summary: Timing violations
============================================================
Target clock period: 10.000ns, clock uncertainty: 2.700ns.

 <State 1>: 5.924ns
The critical path consists of the following:
	'store' operation ('store_ln119', src/fft2d_fixed.cpp:119) of constant 0 6 bit on local variable 'j', src/fft2d_fixed.cpp:119 [14]  (1.588 ns)
	'load' operation 6 bit ('j', src/fft2d_fixed.cpp:119) on local variable 'j', src/fft2d_fixed.cpp:119 [17]  (0.000 ns)
	'sdiv' operation 5 bit ('index', src/fft2d_fixed.cpp:80->src/fft2d_fixed.cpp:120) [30]  (4.336 ns)

 <State 2>: 4.336ns
The critical path consists of the following:
	'sdiv' operation 5 bit ('index', src/fft2d_fixed.cpp:80->src/fft2d_fixed.cpp:120) [30]  (4.336 ns)

 <State 3>: 4.336ns
The critical path consists of the following:
	'sdiv' operation 5 bit ('index', src/fft2d_fixed.cpp:80->src/fft2d_fixed.cpp:120) [30]  (4.336 ns)

 <State 4>: 4.336ns
The critical path consists of the following:
	'sdiv' operation 5 bit ('index', src/fft2d_fixed.cpp:80->src/fft2d_fixed.cpp:120) [30]  (4.336 ns)

 <State 5>: 4.336ns
The critical path consists of the following:
	'sdiv' operation 5 bit ('index', src/fft2d_fixed.cpp:80->src/fft2d_fixed.cpp:120) [30]  (4.336 ns)

 <State 6>: 4.336ns
The critical path consists of the following:
	'sdiv' operation 5 bit ('index', src/fft2d_fixed.cpp:80->src/fft2d_fixed.cpp:120) [30]  (4.336 ns)

 <State 7>: 4.336ns
The critical path consists of the following:
	'sdiv' operation 5 bit ('index', src/fft2d_fixed.cpp:80->src/fft2d_fixed.cpp:120) [30]  (4.336 ns)

 <State 8>: 4.336ns
The critical path consists of the following:
	'sdiv' operation 5 bit ('index', src/fft2d_fixed.cpp:80->src/fft2d_fixed.cpp:120) [30]  (4.336 ns)

 <State 9>: 4.336ns
The critical path consists of the following:
	'sdiv' operation 5 bit ('index', src/fft2d_fixed.cpp:80->src/fft2d_fixed.cpp:120) [30]  (4.336 ns)

 <State 10>: 4.336ns
The critical path consists of the following:
	'sdiv' operation 5 bit ('index', src/fft2d_fixed.cpp:80->src/fft2d_fixed.cpp:120) [30]  (4.336 ns)

 <State 11>: 4.336ns
The critical path consists of the following:
	'sdiv' operation 5 bit ('index', src/fft2d_fixed.cpp:80->src/fft2d_fixed.cpp:120) [30]  (4.336 ns)

 <State 12>: 4.336ns
The critical path consists of the following:
	'sdiv' operation 5 bit ('index', src/fft2d_fixed.cpp:80->src/fft2d_fixed.cpp:120) [30]  (4.336 ns)

 <State 13>: 4.336ns
The critical path consists of the following:
	'sdiv' operation 5 bit ('index', src/fft2d_fixed.cpp:80->src/fft2d_fixed.cpp:120) [30]  (4.336 ns)

 <State 14>: 4.336ns
The critical path consists of the following:
	'sdiv' operation 5 bit ('index', src/fft2d_fixed.cpp:80->src/fft2d_fixed.cpp:120) [30]  (4.336 ns)

 <State 15>: 4.336ns
The critical path consists of the following:
	'sdiv' operation 5 bit ('index', src/fft2d_fixed.cpp:80->src/fft2d_fixed.cpp:120) [30]  (4.336 ns)

 <State 16>: 6.658ns
The critical path consists of the following:
	'sdiv' operation 5 bit ('index', src/fft2d_fixed.cpp:80->src/fft2d_fixed.cpp:120) [30]  (4.336 ns)
	'getelementptr' operation 5 bit ('TWIDDLE_REAL_addr', src/fft2d_fixed.cpp:81->src/fft2d_fixed.cpp:120) [33]  (0.000 ns)
	'load' operation 14 bit ('w.real', src/fft2d_fixed.cpp:81->src/fft2d_fixed.cpp:120) on array 'TWIDDLE_REAL' [34]  (2.322 ns)

 <State 17>: 3.254ns
The critical path consists of the following:
	'getelementptr' operation 6 bit ('data_real_addr', src/fft2d_fixed.cpp:121) [39]  (0.000 ns)
	'load' operation 32 bit ('u.real', src/fft2d_fixed.cpp:121) on array 'data_real' [41]  (3.254 ns)

 <State 18>: 6.912ns
The critical path consists of the following:
	'mul' operation 45 bit ('mul_ln94', src/fft2d_fixed.cpp:94->src/fft2d_fixed.cpp:122) [55]  (6.912 ns)

 <State 19>: 6.912ns
The critical path consists of the following:
	'mul' operation 45 bit ('mul_ln94', src/fft2d_fixed.cpp:94->src/fft2d_fixed.cpp:122) [55]  (6.912 ns)

 <State 20>: 3.018ns
The critical path consists of the following:
	'sub' operation 45 bit ('sub_ln94', src/fft2d_fixed.cpp:94->src/fft2d_fixed.cpp:122) [58]  (3.018 ns)

 <State 21>: 5.206ns
The critical path consists of the following:
	'add' operation 32 bit ('add_ln94', src/fft2d_fixed.cpp:94->src/fft2d_fixed.cpp:122) [64]  (2.552 ns)
	'or' operation 1 bit ('or_ln94', src/fft2d_fixed.cpp:94->src/fft2d_fixed.cpp:122) [73]  (0.000 ns)
	'and' operation 1 bit ('and_ln94_3', src/fft2d_fixed.cpp:94->src/fft2d_fixed.cpp:122) [74]  (0.978 ns)
	'or' operation 1 bit ('or_ln94_2', src/fft2d_fixed.cpp:94->src/fft2d_fixed.cpp:122) [79]  (0.978 ns)
	'select' operation 32 bit ('v.real', src/fft2d_fixed.cpp:94->src/fft2d_fixed.cpp:122) [80]  (0.698 ns)

 <State 22>: 6.784ns
The critical path consists of the following:
	'add' operation 33 bit ('add_ln85', src/fft2d_fixed.cpp:85->src/fft2d_fixed.cpp:124) [109]  (2.552 ns)
	'xor' operation 1 bit ('xor_ln85_4', src/fft2d_fixed.cpp:85->src/fft2d_fixed.cpp:124) [115]  (0.000 ns)
	'select' operation 32 bit ('select_ln85_4', src/fft2d_fixed.cpp:85->src/fft2d_fixed.cpp:124) [117]  (0.978 ns)
	'store' operation ('store_ln124', src/fft2d_fixed.cpp:124) of variable 'select_ln85_4', src/fft2d_fixed.cpp:85->src/fft2d_fixed.cpp:124 32 bit on array 'data_real' [129]  (3.254 ns)

 <State 23>: 3.254ns
The critical path consists of the following:
	'store' operation ('store_ln125', src/fft2d_fixed.cpp:125) of variable 'select_ln89_4', src/fft2d_fixed.cpp:89->src/fft2d_fixed.cpp:125 32 bit on array 'data_real' [149]  (3.254 ns)


============================================================
+ Verbose Summary: Binding
============================================================
N/A
* FSMD analyzer results:
  - Output states:
 - Input state : 
  - Chain level:
	State 1
	State 2
	State 3
	State 4
	State 5
	State 6
	State 7
	State 8
	State 9
	State 10
	State 11
	State 12
	State 13
	State 14
	State 15
	State 16
	State 17
	State 18
	State 19
	State 20
	State 21
	State 22
	State 23


============================================================
+ Verbose Summary: Datapath Resource usage 
============================================================
N/A
