

================================================================
== Vitis HLS Report for 'fft1d_fixed'
================================================================
* Date:           Mon Jun 29 12:38:33 2026

* Version:        2025.2 (Build 6295257 on Nov 14 2025)
* Project:        fft2d_accel_rgb_prj
* Solution:       solution1 (Vivado IP Flow Target)
* Product family: zynq
* Target device:  xc7z020-clg400-1


================================================================
== Performance Estimates
================================================================
+ Timing: 
    * Summary: 
    +--------+----------+----------+------------+
    |  Clock |  Target  | Estimated| Uncertainty|
    +--------+----------+----------+------------+
    |ap_clk  |  10.00 ns|  6.912 ns|     2.70 ns|
    +--------+----------+----------+------------+

+ Latency: 
    * Summary: 
    +---------+---------+----------+----------+-----+-----+---------+
    |  Latency (cycles) |  Latency (absolute) |  Interval | Pipeline|
    |   min   |   max   |    min   |    max   | min | max |   Type  |
    +---------+---------+----------+----------+-----+-----+---------+
    |        ?|        ?|         ?|         ?|    ?|    ?|       no|
    +---------+---------+----------+----------+-----+-----+---------+

    + Detail: 
        * Instance: 
        N/A

        * Loop: 
        +---------------------+---------+---------+----------------+-----------+-----------+------+----------+
        |                     |  Latency (cycles) |    Iteration   |  Initiation Interval  | Trip |          |
        |      Loop Name      |   min   |   max   |     Latency    |  achieved |   target  | Count| Pipelined|
        +---------------------+---------+---------+----------------+-----------+-----------+------+----------+
        |- VITIS_LOOP_100_1   |        ?|        ?|               ?|          -|          -|    63|        no|
        |- VITIS_LOOP_117_3   |        ?|        ?|               ?|          -|          -|     6|        no|
        | + VITIS_LOOP_118_4  |        ?|        ?|  5 ~ 7516192781|          -|          -|     ?|        no|
        +---------------------+---------+---------+----------------+-----------+-----------+------+----------+

============================================================
+ Verbose Summary: Synthesis Manager
============================================================
InlineROM: 1
ExposeGlobal: 0
============================================================
+ Verbose Summary: CDFG Model
============================================================
IsTopModel: 0
ResetActiveHigh: 1
IsCombinational: 0
IsDatapathOnly: 0
HasWiredReturn: 1
HasMFsm: 0
HasVarLatency: 1
IsPipeline: 0
IsRtlPipelined: 0
IsInstanceOverlapped: 0
IsDontTouch: 0
HasImplIP: 0
IsGatedGlobalClock: 0


============================================================
+ Verbose Summary: Schedule
============================================================
* Number of FSM states : 10
* Pipeline : 0
* Dataflow Pipeline: 0

* FSM state transitions: 
1 --> 2 
2 --> 3 7 
3 --> 4 
4 --> 5 6 
5 --> 6 
6 --> 2 
7 --> 8 
8 --> 9 7 
9 --> 10 
10 --> 8 

* FSM state operations: 

State 1 <SV = 0> <Delay = 1.58>
ST_1 : Operation 11 [1/1] (0.00ns)   --->   "%j = alloca i32 1" [src/fft2d_fixed.cpp:100]   --->   Operation 11 'alloca' 'j' <Predicate = true> <Delay = 0.00>
ST_1 : Operation 12 [1/1] (0.00ns)   --->   "%i = alloca i32 1" [src/fft2d_fixed.cpp:100]   --->   Operation 12 'alloca' 'i' <Predicate = true> <Delay = 0.00>
ST_1 : Operation 13 [1/1] (0.00ns)   --->   "%j_4_loc = alloca i64 1"   --->   Operation 13 'alloca' 'j_4_loc' <Predicate = true> <Delay = 0.00>
ST_1 : Operation 14 [1/1] (1.58ns)   --->   "%store_ln100 = store i7 1, i7 %i" [src/fft2d_fixed.cpp:100]   --->   Operation 14 'store' 'store_ln100' <Predicate = true> <Delay = 1.58>
ST_1 : Operation 15 [1/1] (1.58ns)   --->   "%store_ln100 = store i32 0, i32 %j" [src/fft2d_fixed.cpp:100]   --->   Operation 15 'store' 'store_ln100' <Predicate = true> <Delay = 1.58>
ST_1 : Operation 16 [1/1] (0.00ns)   --->   "%br_ln100 = br void %VITIS_LOOP_103_2" [src/fft2d_fixed.cpp:100]   --->   Operation 16 'br' 'br_ln100' <Predicate = true> <Delay = 0.00>

State 2 <SV = 1> <Delay = 3.45>
ST_2 : Operation 17 [1/1] (0.00ns)   --->   "%i_3 = load i7 %i" [src/fft2d_fixed.cpp:100]   --->   Operation 17 'load' 'i_3' <Predicate = true> <Delay = 0.00>
ST_2 : Operation 18 [1/1] (1.87ns)   --->   "%icmp_ln100 = icmp_eq  i7 %i_3, i7 64" [src/fft2d_fixed.cpp:100]   --->   Operation 18 'icmp' 'icmp_ln100' <Predicate = true> <Delay = 1.87> <CoreInst = "Cmp">   --->   Core 9 'Cmp' <Latency = 0> <II = 1> <Delay = 1.87> <FuncUnit> <Opcode : 'seteq' 'setne' 'setle' 'setge' 'setlt' 'setgt'> <InPorts = 2> <OutPorts = 1>
ST_2 : Operation 19 [1/1] (0.00ns)   --->   "%br_ln100 = br i1 %icmp_ln100, void %VITIS_LOOP_103_2.split, void %for.cond10.preheader" [src/fft2d_fixed.cpp:100]   --->   Operation 19 'br' 'br_ln100' <Predicate = true> <Delay = 0.00>
ST_2 : Operation 20 [1/1] (0.00ns)   --->   "%j_load = load i32 %j"   --->   Operation 20 'load' 'j_load' <Predicate = (!icmp_ln100)> <Delay = 0.00>
ST_2 : Operation 21 [2/2] (1.58ns)   --->   "%call_ln0 = call void @fft1d_fixed_Pipeline_VITIS_LOOP_103_2, i32 %j_load, i32 %j_4_loc"   --->   Operation 21 'call' 'call_ln0' <Predicate = (!icmp_ln100)> <Delay = 1.58> <CoreType = "Generic">   --->   Generic Core
ST_2 : Operation 22 [1/1] (0.00ns)   --->   "%len = alloca i32 1" [src/fft2d_fixed.cpp:117]   --->   Operation 22 'alloca' 'len' <Predicate = (icmp_ln100)> <Delay = 0.00>
ST_2 : Operation 23 [1/1] (1.58ns)   --->   "%store_ln117 = store i32 2, i32 %len" [src/fft2d_fixed.cpp:117]   --->   Operation 23 'store' 'store_ln117' <Predicate = (icmp_ln100)> <Delay = 1.58>
ST_2 : Operation 24 [1/1] (0.00ns)   --->   "%br_ln117 = br void %for.cond10" [src/fft2d_fixed.cpp:117]   --->   Operation 24 'br' 'br_ln117' <Predicate = (icmp_ln100)> <Delay = 0.00>

State 3 <SV = 2> <Delay = 4.14>
ST_3 : Operation 25 [1/2] (4.14ns)   --->   "%call_ln0 = call void @fft1d_fixed_Pipeline_VITIS_LOOP_103_2, i32 %j_load, i32 %j_4_loc"   --->   Operation 25 'call' 'call_ln0' <Predicate = true> <Delay = 4.14> <CoreType = "Generic">   --->   Generic Core

State 4 <SV = 3> <Delay = 3.25>
ST_4 : Operation 26 [1/1] (0.00ns)   --->   "%zext_ln100 = zext i7 %i_3" [src/fft2d_fixed.cpp:100]   --->   Operation 26 'zext' 'zext_ln100' <Predicate = true> <Delay = 0.00>
ST_4 : Operation 27 [1/1] (0.00ns)   --->   "%zext_ln100_1 = zext i7 %i_3" [src/fft2d_fixed.cpp:100]   --->   Operation 27 'zext' 'zext_ln100_1' <Predicate = true> <Delay = 0.00>
ST_4 : Operation 28 [1/1] (0.00ns)   --->   "%speclooptripcount_ln100 = speclooptripcount void @_ssdm_op_SpecLoopTripCount, i64 63, i64 63, i64 63" [src/fft2d_fixed.cpp:100]   --->   Operation 28 'speclooptripcount' 'speclooptripcount_ln100' <Predicate = true> <Delay = 0.00>
ST_4 : Operation 29 [1/1] (0.00ns)   --->   "%specloopname_ln100 = specloopname void @_ssdm_op_SpecLoopName, void @empty_20" [src/fft2d_fixed.cpp:100]   --->   Operation 29 'specloopname' 'specloopname_ln100' <Predicate = true> <Delay = 0.00>
ST_4 : Operation 30 [1/1] (0.00ns)   --->   "%j_4_loc_load = load i32 %j_4_loc"   --->   Operation 30 'load' 'j_4_loc_load' <Predicate = true> <Delay = 0.00>
ST_4 : Operation 31 [1/1] (0.00ns)   --->   "%zext_ln110 = zext i32 %j_4_loc_load" [src/fft2d_fixed.cpp:110]   --->   Operation 31 'zext' 'zext_ln110' <Predicate = true> <Delay = 0.00>
ST_4 : Operation 32 [1/1] (2.55ns)   --->   "%icmp_ln110 = icmp_slt  i32 %zext_ln100_1, i32 %j_4_loc_load" [src/fft2d_fixed.cpp:110]   --->   Operation 32 'icmp' 'icmp_ln110' <Predicate = true> <Delay = 2.55> <CoreInst = "Cmp">   --->   Core 9 'Cmp' <Latency = 0> <II = 1> <Delay = 2.55> <FuncUnit> <Opcode : 'seteq' 'setne' 'setle' 'setge' 'setlt' 'setgt'> <InPorts = 2> <OutPorts = 1>
ST_4 : Operation 33 [1/1] (0.00ns)   --->   "%br_ln110 = br i1 %icmp_ln110, void %for.inc, void %if.then" [src/fft2d_fixed.cpp:110]   --->   Operation 33 'br' 'br_ln110' <Predicate = true> <Delay = 0.00>
ST_4 : Operation 34 [1/1] (0.00ns)   --->   "%data_real_addr = getelementptr i32 %data_real, i64 0, i64 %zext_ln100" [src/fft2d_fixed.cpp:111]   --->   Operation 34 'getelementptr' 'data_real_addr' <Predicate = (icmp_ln110)> <Delay = 0.00>
ST_4 : Operation 35 [1/1] (0.00ns)   --->   "%data_imag_addr = getelementptr i32 %data_imag, i64 0, i64 %zext_ln100" [src/fft2d_fixed.cpp:111]   --->   Operation 35 'getelementptr' 'data_imag_addr' <Predicate = (icmp_ln110)> <Delay = 0.00>
ST_4 : Operation 36 [1/1] (0.00ns)   --->   "%data_real_addr_3 = getelementptr i32 %data_real, i64 0, i64 %zext_ln110" [src/fft2d_fixed.cpp:112]   --->   Operation 36 'getelementptr' 'data_real_addr_3' <Predicate = (icmp_ln110)> <Delay = 0.00>
ST_4 : Operation 37 [1/1] (0.00ns)   --->   "%data_imag_addr_3 = getelementptr i32 %data_imag, i64 0, i64 %zext_ln110" [src/fft2d_fixed.cpp:112]   --->   Operation 37 'getelementptr' 'data_imag_addr_3' <Predicate = (icmp_ln110)> <Delay = 0.00>
ST_4 : Operation 38 [2/2] (3.25ns)   --->   "%data_real_load_2 = load i6 %data_real_addr_3" [src/fft2d_fixed.cpp:112]   --->   Operation 38 'load' 'data_real_load_2' <Predicate = (icmp_ln110)> <Delay = 3.25> <CoreInst = "RAM">   --->   Core 81 'RAM' <Latency = 1> <II = 1> <Delay = 3.25> <Storage> <Opcode : 'load' 'store'> <Ports = 2> <Width = 32> <Depth = 64> <RAM>
ST_4 : Operation 39 [2/2] (3.25ns)   --->   "%data_imag_load_2 = load i6 %data_imag_addr_3" [src/fft2d_fixed.cpp:112]   --->   Operation 39 'load' 'data_imag_load_2' <Predicate = (icmp_ln110)> <Delay = 3.25> <CoreInst = "RAM">   --->   Core 81 'RAM' <Latency = 1> <II = 1> <Delay = 3.25> <Storage> <Opcode : 'load' 'store'> <Ports = 2> <Width = 32> <Depth = 64> <RAM>

State 5 <SV = 4> <Delay = 6.50>
ST_5 : Operation 40 [2/2] (3.25ns)   --->   "%data_real_load = load i6 %data_real_addr" [src/fft2d_fixed.cpp:113]   --->   Operation 40 'load' 'data_real_load' <Predicate = true> <Delay = 3.25> <CoreInst = "RAM">   --->   Core 81 'RAM' <Latency = 1> <II = 1> <Delay = 3.25> <Storage> <Opcode : 'load' 'store'> <Ports = 2> <Width = 32> <Depth = 64> <RAM>
ST_5 : Operation 41 [2/2] (3.25ns)   --->   "%data_imag_load = load i6 %data_imag_addr" [src/fft2d_fixed.cpp:113]   --->   Operation 41 'load' 'data_imag_load' <Predicate = true> <Delay = 3.25> <CoreInst = "RAM">   --->   Core 81 'RAM' <Latency = 1> <II = 1> <Delay = 3.25> <Storage> <Opcode : 'load' 'store'> <Ports = 2> <Width = 32> <Depth = 64> <RAM>
ST_5 : Operation 42 [1/2] ( I:3.25ns O:3.25ns )   --->   "%data_real_load_2 = load i6 %data_real_addr_3" [src/fft2d_fixed.cpp:112]   --->   Operation 42 'load' 'data_real_load_2' <Predicate = true> <Delay = 3.25> <CoreInst = "RAM">   --->   Core 81 'RAM' <Latency = 1> <II = 1> <Delay = 3.25> <Storage> <Opcode : 'load' 'store'> <Ports = 2> <Width = 32> <Depth = 64> <RAM>
ST_5 : Operation 43 [1/2] ( I:3.25ns O:3.25ns )   --->   "%data_imag_load_2 = load i6 %data_imag_addr_3" [src/fft2d_fixed.cpp:112]   --->   Operation 43 'load' 'data_imag_load_2' <Predicate = true> <Delay = 3.25> <CoreInst = "RAM">   --->   Core 81 'RAM' <Latency = 1> <II = 1> <Delay = 3.25> <Storage> <Opcode : 'load' 'store'> <Ports = 2> <Width = 32> <Depth = 64> <RAM>
ST_5 : Operation 44 [1/1] ( I:3.25ns O:3.25ns )   --->   "%store_ln112 = store i32 %data_real_load_2, i6 %data_real_addr" [src/fft2d_fixed.cpp:112]   --->   Operation 44 'store' 'store_ln112' <Predicate = true> <Delay = 3.25> <CoreInst = "RAM">   --->   Core 81 'RAM' <Latency = 1> <II = 1> <Delay = 3.25> <Storage> <Opcode : 'load' 'store'> <Ports = 2> <Width = 32> <Depth = 64> <RAM>
ST_5 : Operation 45 [1/1] ( I:3.25ns O:3.25ns )   --->   "%store_ln112 = store i32 %data_imag_load_2, i6 %data_imag_addr" [src/fft2d_fixed.cpp:112]   --->   Operation 45 'store' 'store_ln112' <Predicate = true> <Delay = 3.25> <CoreInst = "RAM">   --->   Core 81 'RAM' <Latency = 1> <II = 1> <Delay = 3.25> <Storage> <Opcode : 'load' 'store'> <Ports = 2> <Width = 32> <Depth = 64> <RAM>

State 6 <SV = 5> <Delay = 6.50>
ST_6 : Operation 46 [1/2] ( I:3.25ns O:3.25ns )   --->   "%data_real_load = load i6 %data_real_addr" [src/fft2d_fixed.cpp:113]   --->   Operation 46 'load' 'data_real_load' <Predicate = (icmp_ln110)> <Delay = 3.25> <CoreInst = "RAM">   --->   Core 81 'RAM' <Latency = 1> <II = 1> <Delay = 3.25> <Storage> <Opcode : 'load' 'store'> <Ports = 2> <Width = 32> <Depth = 64> <RAM>
ST_6 : Operation 47 [1/2] ( I:3.25ns O:3.25ns )   --->   "%data_imag_load = load i6 %data_imag_addr" [src/fft2d_fixed.cpp:113]   --->   Operation 47 'load' 'data_imag_load' <Predicate = (icmp_ln110)> <Delay = 3.25> <CoreInst = "RAM">   --->   Core 81 'RAM' <Latency = 1> <II = 1> <Delay = 3.25> <Storage> <Opcode : 'load' 'store'> <Ports = 2> <Width = 32> <Depth = 64> <RAM>
ST_6 : Operation 48 [1/1] ( I:3.25ns O:3.25ns )   --->   "%store_ln113 = store i32 %data_real_load, i6 %data_real_addr_3" [src/fft2d_fixed.cpp:113]   --->   Operation 48 'store' 'store_ln113' <Predicate = (icmp_ln110)> <Delay = 3.25> <CoreInst = "RAM">   --->   Core 81 'RAM' <Latency = 1> <II = 1> <Delay = 3.25> <Storage> <Opcode : 'load' 'store'> <Ports = 2> <Width = 32> <Depth = 64> <RAM>
ST_6 : Operation 49 [1/1] ( I:3.25ns O:3.25ns )   --->   "%store_ln113 = store i32 %data_imag_load, i6 %data_imag_addr_3" [src/fft2d_fixed.cpp:113]   --->   Operation 49 'store' 'store_ln113' <Predicate = (icmp_ln110)> <Delay = 3.25> <CoreInst = "RAM">   --->   Core 81 'RAM' <Latency = 1> <II = 1> <Delay = 3.25> <Storage> <Opcode : 'load' 'store'> <Ports = 2> <Width = 32> <Depth = 64> <RAM>
ST_6 : Operation 50 [1/1] (0.00ns)   --->   "%br_ln114 = br void %for.inc" [src/fft2d_fixed.cpp:114]   --->   Operation 50 'br' 'br_ln114' <Predicate = (icmp_ln110)> <Delay = 0.00>
ST_6 : Operation 51 [1/1] (1.87ns)   --->   "%add_ln100 = add i7 %i_3, i7 1" [src/fft2d_fixed.cpp:100]   --->   Operation 51 'add' 'add_ln100' <Predicate = true> <Delay = 1.87> <CoreInst = "Adder">   --->   Core 1 'Adder' <Latency = 0> <II = 1> <Delay = 1.87> <FuncUnit> <Opcode : 'add' 'sub'> <InPorts = 2> <OutPorts = 1>
ST_6 : Operation 52 [1/1] (1.58ns)   --->   "%store_ln100 = store i7 %add_ln100, i7 %i" [src/fft2d_fixed.cpp:100]   --->   Operation 52 'store' 'store_ln100' <Predicate = true> <Delay = 1.58>
ST_6 : Operation 53 [1/1] (1.58ns)   --->   "%store_ln100 = store i32 %j_4_loc_load, i32 %j" [src/fft2d_fixed.cpp:100]   --->   Operation 53 'store' 'store_ln100' <Predicate = true> <Delay = 1.58>
ST_6 : Operation 54 [1/1] (0.00ns)   --->   "%br_ln100 = br void %VITIS_LOOP_103_2" [src/fft2d_fixed.cpp:100]   --->   Operation 54 'br' 'br_ln100' <Predicate = true> <Delay = 0.00>

State 7 <SV = 2> <Delay = 5.80>
ST_7 : Operation 55 [1/1] (0.00ns)   --->   "%len_3 = load i32 %len" [src/fft2d_fixed.cpp:117]   --->   Operation 55 'load' 'len_3' <Predicate = true> <Delay = 0.00>
ST_7 : Operation 56 [1/1] (2.55ns)   --->   "%icmp_ln117 = icmp_slt  i32 %len_3, i32 65" [src/fft2d_fixed.cpp:117]   --->   Operation 56 'icmp' 'icmp_ln117' <Predicate = true> <Delay = 2.55> <CoreInst = "Cmp">   --->   Core 9 'Cmp' <Latency = 0> <II = 1> <Delay = 2.55> <FuncUnit> <Opcode : 'seteq' 'setne' 'setle' 'setge' 'setlt' 'setgt'> <InPorts = 2> <OutPorts = 1>
ST_7 : Operation 57 [1/1] (0.00ns)   --->   "%br_ln117 = br i1 %icmp_ln117, void %for.end47, void %VITIS_LOOP_118_4" [src/fft2d_fixed.cpp:117]   --->   Operation 57 'br' 'br_ln117' <Predicate = true> <Delay = 0.00>
ST_7 : Operation 58 [1/1] (0.00ns)   --->   "%speclooptripcount_ln119 = speclooptripcount void @_ssdm_op_SpecLoopTripCount, i64 6, i64 6, i64 6" [src/fft2d_fixed.cpp:119]   --->   Operation 58 'speclooptripcount' 'speclooptripcount_ln119' <Predicate = (icmp_ln117)> <Delay = 0.00>
ST_7 : Operation 59 [1/1] (0.00ns)   --->   "%specloopname_ln117 = specloopname void @_ssdm_op_SpecLoopName, void @empty_16" [src/fft2d_fixed.cpp:117]   --->   Operation 59 'specloopname' 'specloopname_ln117' <Predicate = (icmp_ln117)> <Delay = 0.00>
ST_7 : Operation 60 [1/1] (0.00ns)   --->   "%tmp = bitselect i1 @_ssdm_op_BitSelect.i1.i32.i32, i32 %len_3, i32 31" [src/fft2d_fixed.cpp:119]   --->   Operation 60 'bitselect' 'tmp' <Predicate = (icmp_ln117)> <Delay = 0.00>
ST_7 : Operation 61 [1/1] (2.55ns)   --->   "%sub_ln119 = sub i32 0, i32 %len_3" [src/fft2d_fixed.cpp:119]   --->   Operation 61 'sub' 'sub_ln119' <Predicate = (icmp_ln117)> <Delay = 2.55> <CoreInst = "Adder">   --->   Core 1 'Adder' <Latency = 0> <II = 1> <Delay = 2.55> <FuncUnit> <Opcode : 'add' 'sub'> <InPorts = 2> <OutPorts = 1>
ST_7 : Operation 62 [1/1] (0.00ns)   --->   "%lshr_ln119_1 = partselect i31 @_ssdm_op_PartSelect.i31.i32.i32.i32, i32 %sub_ln119, i32 1, i32 31" [src/fft2d_fixed.cpp:119]   --->   Operation 62 'partselect' 'lshr_ln119_1' <Predicate = (icmp_ln117)> <Delay = 0.00>
ST_7 : Operation 63 [1/1] (2.52ns)   --->   "%sub_ln119_1 = sub i31 0, i31 %lshr_ln119_1" [src/fft2d_fixed.cpp:119]   --->   Operation 63 'sub' 'sub_ln119_1' <Predicate = (icmp_ln117)> <Delay = 2.52> <CoreInst = "Adder">   --->   Core 1 'Adder' <Latency = 0> <II = 1> <Delay = 2.52> <FuncUnit> <Opcode : 'add' 'sub'> <InPorts = 2> <OutPorts = 1>
ST_7 : Operation 64 [1/1] (0.00ns)   --->   "%lshr_ln119_2 = partselect i31 @_ssdm_op_PartSelect.i31.i32.i32.i32, i32 %len_3, i32 1, i32 31" [src/fft2d_fixed.cpp:119]   --->   Operation 64 'partselect' 'lshr_ln119_2' <Predicate = (icmp_ln117)> <Delay = 0.00>
ST_7 : Operation 65 [1/1] (0.73ns)   --->   "%select_ln119 = select i1 %tmp, i31 %sub_ln119_1, i31 %lshr_ln119_2" [src/fft2d_fixed.cpp:119]   --->   Operation 65 'select' 'select_ln119' <Predicate = (icmp_ln117)> <Delay = 0.73> <CoreInst = "Sel">   --->   Core 73 'Sel' <Latency = 0> <II = 1> <Delay = 0.73> <FuncUnit> <Opcode : 'select'> <InPorts = 3> <OutPorts = 1>
ST_7 : Operation 66 [1/1] (0.00ns)   --->   "%trunc_ln118 = trunc i31 %select_ln119" [src/fft2d_fixed.cpp:118]   --->   Operation 66 'trunc' 'trunc_ln118' <Predicate = (icmp_ln117)> <Delay = 0.00>
ST_7 : Operation 67 [1/1] (0.00ns)   --->   "%sext_ln118 = sext i32 %len_3" [src/fft2d_fixed.cpp:118]   --->   Operation 67 'sext' 'sext_ln118' <Predicate = (icmp_ln117)> <Delay = 0.00>
ST_7 : Operation 68 [1/1] (1.58ns)   --->   "%br_ln118 = br void %for.cond15" [src/fft2d_fixed.cpp:118]   --->   Operation 68 'br' 'br_ln118' <Predicate = (icmp_ln117)> <Delay = 1.58>
ST_7 : Operation 69 [1/1] (0.00ns)   --->   "%ret_ln129 = ret" [src/fft2d_fixed.cpp:129]   --->   Operation 69 'ret' 'ret_ln129' <Predicate = (!icmp_ln117)> <Delay = 0.00>

State 8 <SV = 3> <Delay = 4.95>
ST_8 : Operation 70 [1/1] (0.00ns)   --->   "%i_2 = phi i64 %add_ln118, void %for.inc40.lr.ph, i64 0, void %VITIS_LOOP_118_4" [src/fft2d_fixed.cpp:118]   --->   Operation 70 'phi' 'i_2' <Predicate = true> <Delay = 0.00>
ST_8 : Operation 71 [1/1] (0.00ns)   --->   "%tmp_37 = partselect i58 @_ssdm_op_PartSelect.i58.i64.i32.i32, i64 %i_2, i32 6, i32 63" [src/fft2d_fixed.cpp:118]   --->   Operation 71 'partselect' 'tmp_37' <Predicate = true> <Delay = 0.00>
ST_8 : Operation 72 [1/1] (3.36ns)   --->   "%icmp_ln118 = icmp_slt  i58 %tmp_37, i58 1" [src/fft2d_fixed.cpp:118]   --->   Operation 72 'icmp' 'icmp_ln118' <Predicate = true> <Delay = 3.36> <CoreInst = "Cmp">   --->   Core 9 'Cmp' <Latency = 0> <II = 1> <Delay = 3.36> <FuncUnit> <Opcode : 'seteq' 'setne' 'setle' 'setge' 'setlt' 'setgt'> <InPorts = 2> <OutPorts = 1>
ST_8 : Operation 73 [1/1] (0.00ns)   --->   "%br_ln118 = br i1 %icmp_ln118, void %for.inc46, void %for.inc40.lr.ph" [src/fft2d_fixed.cpp:118]   --->   Operation 73 'br' 'br_ln118' <Predicate = true> <Delay = 0.00>
ST_8 : Operation 74 [1/1] (0.00ns)   --->   "%trunc_ln118_1 = trunc i64 %i_2" [src/fft2d_fixed.cpp:118]   --->   Operation 74 'trunc' 'trunc_ln118_1' <Predicate = (icmp_ln118)> <Delay = 0.00>
ST_8 : Operation 75 [1/1] (3.52ns)   --->   "%add_ln118 = add i64 %sext_ln118, i64 %i_2" [src/fft2d_fixed.cpp:118]   --->   Operation 75 'add' 'add_ln118' <Predicate = (icmp_ln118)> <Delay = 3.52> <CoreInst = "Adder">   --->   Core 1 'Adder' <Latency = 0> <II = 1> <Delay = 3.52> <FuncUnit> <Opcode : 'add' 'sub'> <InPorts = 2> <OutPorts = 1>
ST_8 : Operation 76 [1/1] (0.00ns)   --->   "%len_4 = shl i32 %len_3, i32 1" [src/fft2d_fixed.cpp:117]   --->   Operation 76 'shl' 'len_4' <Predicate = (!icmp_ln118)> <Delay = 0.00>
ST_8 : Operation 77 [1/1] (1.58ns)   --->   "%store_ln117 = store i32 %len_4, i32 %len" [src/fft2d_fixed.cpp:117]   --->   Operation 77 'store' 'store_ln117' <Predicate = (!icmp_ln118)> <Delay = 1.58>
ST_8 : Operation 78 [1/1] (0.00ns)   --->   "%br_ln117 = br void %for.cond10" [src/fft2d_fixed.cpp:117]   --->   Operation 78 'br' 'br_ln117' <Predicate = (!icmp_ln118)> <Delay = 0.00>

State 9 <SV = 4> <Delay = 4.33>
ST_9 : Operation 79 [2/2] (4.33ns)   --->   "%call_ln119 = call void @fft1d_fixed_Pipeline_VITIS_LOOP_119_5, i31 %select_ln119, i32 %len_3, i6 %trunc_ln118_1, i32 %data_real, i32 %data_imag, i6 %trunc_ln118, i14 %TWIDDLE_REAL, i13 %TWIDDLE_IMAG" [src/fft2d_fixed.cpp:119]   --->   Operation 79 'call' 'call_ln119' <Predicate = true> <Delay = 4.33> <CoreType = "Generic">   --->   Generic Core

State 10 <SV = 5> <Delay = 0.00>
ST_10 : Operation 80 [1/1] (0.00ns)   --->   "%specloopname_ln118 = specloopname void @_ssdm_op_SpecLoopName, void @empty_1" [src/fft2d_fixed.cpp:118]   --->   Operation 80 'specloopname' 'specloopname_ln118' <Predicate = true> <Delay = 0.00>
ST_10 : Operation 81 [1/2] (0.00ns)   --->   "%call_ln119 = call void @fft1d_fixed_Pipeline_VITIS_LOOP_119_5, i31 %select_ln119, i32 %len_3, i6 %trunc_ln118_1, i32 %data_real, i32 %data_imag, i6 %trunc_ln118, i14 %TWIDDLE_REAL, i13 %TWIDDLE_IMAG" [src/fft2d_fixed.cpp:119]   --->   Operation 81 'call' 'call_ln119' <Predicate = true> <Delay = 0.00> <CoreType = "Generic">   --->   Generic Core
ST_10 : Operation 82 [1/1] (0.00ns)   --->   "%br_ln118 = br void %for.cond15" [src/fft2d_fixed.cpp:118]   --->   Operation 82 'br' 'br_ln118' <Predicate = true> <Delay = 0.00>


============================================================
+ Verbose Summary: Timing violations
============================================================
Target clock period: 10.000ns, clock uncertainty: 2.700ns.

 <State 1>: 1.588ns
The critical path consists of the following:
	'alloca' operation 7 bit ('i', src/fft2d_fixed.cpp:100) [6]  (0.000 ns)
	'store' operation ('store_ln100', src/fft2d_fixed.cpp:100) of constant 1 7 bit on local variable 'i', src/fft2d_fixed.cpp:100 [8]  (1.588 ns)

 <State 2>: 3.458ns
The critical path consists of the following:
	'load' operation 7 bit ('i', src/fft2d_fixed.cpp:100) on local variable 'i', src/fft2d_fixed.cpp:100 [12]  (0.000 ns)
	'icmp' operation 1 bit ('icmp_ln100', src/fft2d_fixed.cpp:100) [13]  (1.870 ns)
	'store' operation ('store_ln117', src/fft2d_fixed.cpp:117) of constant 2 32 bit on local variable 'len', src/fft2d_fixed.cpp:117 [47]  (1.588 ns)

 <State 3>: 4.140ns
The critical path consists of the following:
	'call' operation ('call_ln0') to 'fft1d_fixed_Pipeline_VITIS_LOOP_103_2' [21]  (4.140 ns)

 <State 4>: 3.254ns
The critical path consists of the following:
	'load' operation 32 bit ('j_4_loc_load') on local variable 'j_4_loc' [22]  (0.000 ns)
	'getelementptr' operation 6 bit ('data_real_addr_3', src/fft2d_fixed.cpp:112) [31]  (0.000 ns)
	'load' operation 32 bit ('data_real_load_2', src/fft2d_fixed.cpp:112) on array 'data_real' [33]  (3.254 ns)

 <State 5>: 6.508ns
The critical path consists of the following:
	'load' operation 32 bit ('data_real_load_2', src/fft2d_fixed.cpp:112) on array 'data_real' [33]  (3.254 ns)
	'store' operation ('store_ln112', src/fft2d_fixed.cpp:112) of variable 'data_real_load_2', src/fft2d_fixed.cpp:112 32 bit on array 'data_real' [35]  (3.254 ns)

 <State 6>: 6.508ns
The critical path consists of the following:
	'load' operation 32 bit ('data_real_load', src/fft2d_fixed.cpp:113) on array 'data_real' [29]  (3.254 ns)
	'store' operation ('store_ln113', src/fft2d_fixed.cpp:113) of variable 'data_real_load', src/fft2d_fixed.cpp:113 32 bit on array 'data_real' [37]  (3.254 ns)

 <State 7>: 5.808ns
The critical path consists of the following:
	'load' operation 32 bit ('len', src/fft2d_fixed.cpp:117) on local variable 'len', src/fft2d_fixed.cpp:117 [50]  (0.000 ns)
	'sub' operation 32 bit ('sub_ln119', src/fft2d_fixed.cpp:119) [57]  (2.552 ns)
	'sub' operation 31 bit ('sub_ln119_1', src/fft2d_fixed.cpp:119) [59]  (2.522 ns)
	'select' operation 31 bit ('select_ln119', src/fft2d_fixed.cpp:119) [61]  (0.733 ns)

 <State 8>: 4.954ns
The critical path consists of the following:
	'phi' operation 64 bit ('i', src/fft2d_fixed.cpp:118) with incoming values : ('add_ln118', src/fft2d_fixed.cpp:118) [66]  (0.000 ns)
	'icmp' operation 1 bit ('icmp_ln118', src/fft2d_fixed.cpp:118) [68]  (3.365 ns)
	'store' operation ('store_ln117', src/fft2d_fixed.cpp:117) of variable 'len', src/fft2d_fixed.cpp:117 32 bit on local variable 'len', src/fft2d_fixed.cpp:117 [78]  (1.588 ns)

 <State 9>: 4.336ns
The critical path consists of the following:
	'call' operation ('call_ln119', src/fft2d_fixed.cpp:119) to 'fft1d_fixed_Pipeline_VITIS_LOOP_119_5' [73]  (4.336 ns)

 <State 10>: 0.000ns
The critical path consists of the following:


============================================================
+ Verbose Summary: Binding
============================================================
N/A
* FSMD analyzer results:
  - Output states:
 - Input state : 
  - Chain level:
	State 1
	State 2
	State 3
	State 4
	State 5
	State 6
	State 7
	State 8
	State 9
	State 10


============================================================
+ Verbose Summary: Datapath Resource usage 
============================================================
N/A
