

================================================================
== Vitis HLS Report for 'fft1d_fixed_Pipeline_VITIS_LOOP_103_2'
================================================================
* Date:           Mon Jun 29 12:38:41 2026

* Version:        2025.2 (Build 6295257 on Nov 14 2025)
* Project:        fft2d_accel_rgb_prj
* Solution:       solution1 (Vivado IP Flow Target)
* Product family: zynq
* Target device:  xc7z020-clg400-1


================================================================
== Performance Estimates
================================================================
+ Timing: 
    * Summary: 
    +--------+----------+----------+------------+
    |  Clock |  Target  | Estimated| Uncertainty|
    +--------+----------+----------+------------+
    |ap_clk  |  10.00 ns|  4.140 ns|     2.70 ns|
    +--------+----------+----------+------------+

+ Latency: 
    * Summary: 
    +---------+---------+----------+----------+-----+-----+-------------------+
    |  Latency (cycles) |  Latency (absolute) |  Interval |      Pipeline     |
    |   min   |   max   |    min   |    max   | min | max |        Type       |
    +---------+---------+----------+----------+-----+-----+-------------------+
    |        ?|        ?|         ?|         ?|    0|    0|  loop pipeline stp|
    +---------+---------+----------+----------+-----+-----+-------------------+

    + Detail: 
        * Instance: 
        N/A

        * Loop: 
        +--------------------+---------+---------+----------+-----------+-----------+------+----------+
        |                    |  Latency (cycles) | Iteration|  Initiation Interval  | Trip |          |
        |      Loop Name     |   min   |   max   |  Latency |  achieved |   target  | Count| Pipelined|
        +--------------------+---------+---------+----------+-----------+-----------+------+----------+
        |- VITIS_LOOP_103_2  |        ?|        ?|         1|          1|          1|     ?|       yes|
        +--------------------+---------+---------+----------+-----------+-----------+------+----------+



================================================================
== Utilization Estimates
================================================================
* Summary: 
+-----------------+---------+-----+--------+-------+-----+
|       Name      | BRAM_18K| DSP |   FF   |  LUT  | URAM|
+-----------------+---------+-----+--------+-------+-----+
|DSP              |        -|    -|       -|      -|    -|
|Expression       |        -|    -|       0|    105|    -|
|FIFO             |        -|    -|       -|      -|    -|
|Instance         |        -|    -|       -|      -|    -|
|Memory           |        -|    -|       -|      -|    -|
|Multiplexer      |        -|    -|       0|     36|    -|
|Register         |        -|    -|      65|      -|    -|
+-----------------+---------+-----+--------+-------+-----+
|Total            |        0|    0|      65|    141|    0|
+-----------------+---------+-----+--------+-------+-----+
|Available        |      280|  220|  106400|  53200|    0|
+-----------------+---------+-----+--------+-------+-----+
|Utilization (%)  |        0|    0|      ~0|     ~0|    0|
+-----------------+---------+-----+--------+-------+-----+

+ Detail: 
    * Instance: 
    N/A

    * DSP: 
    N/A

    * Memory: 
    N/A

    * FIFO: 
    N/A

    * Expression: 
    +---------------------+----------+----+---+----+------------+------------+
    |    Variable Name    | Operation| DSP| FF| LUT| Bitwidth P0| Bitwidth P1|
    +---------------------+----------+----+---+----+------------+------------+
    |and_ln103_fu_69_p2   |       and|   0|  0|  32|          32|          32|
    |icmp_ln103_fu_75_p2  |      icmp|   0|  0|  39|          32|           1|
    |ap_enable_pp0        |       xor|   0|  0|   2|           1|           2|
    |j_4_out              |       xor|   0|  0|  32|          32|          32|
    +---------------------+----------+----+---+----+------------+------------+
    |Total                |          |   0|  0| 105|          97|          67|
    +---------------------+----------+----+---+----+------------+------------+

    * Multiplexer: 
    +-------------------------+----+-----------+-----+-----------+
    |           Name          | LUT| Input Size| Bits| Total Bits|
    +-------------------------+----+-----------+-----+-----------+
    |ap_done_int              |   9|          2|    1|          2|
    |ap_enable_reg_pp0_iter1  |   9|          2|    1|          2|
    |bit_fu_32                |   9|          2|   30|         60|
    |j_1_fu_28                |   9|          2|   32|         64|
    +-------------------------+----+-----------+-----+-----------+
    |Total                    |  36|          8|   64|        128|
    +-------------------------+----+-----------+-----+-----------+

    * Register: 
    +-------------------------+----+----+-----+-----------+
    |           Name          | FF | LUT| Bits| Const Bits|
    +-------------------------+----+----+-----+-----------+
    |ap_CS_fsm                |   1|   0|    1|          0|
    |ap_done_reg              |   1|   0|    1|          0|
    |ap_enable_reg_pp0_iter1  |   1|   0|    1|          0|
    |bit_fu_32                |  30|   0|   30|          0|
    |j_1_fu_28                |  32|   0|   32|          0|
    +-------------------------+----+----+-----+-----------+
    |Total                    |  65|   0|   65|          0|
    +-------------------------+----+----+-----+-----------+



================================================================
== Interface
================================================================
* Summary: 
+----------------+-----+-----+------------+---------------------------------------+--------------+
|    RTL Ports   | Dir | Bits|  Protocol  |             Source Object             |    C Type    |
+----------------+-----+-----+------------+---------------------------------------+--------------+
|ap_clk          |   in|    1|  ap_ctrl_hs|  fft1d_fixed_Pipeline_VITIS_LOOP_103_2|  return value|
|ap_rst          |   in|    1|  ap_ctrl_hs|  fft1d_fixed_Pipeline_VITIS_LOOP_103_2|  return value|
|ap_start        |   in|    1|  ap_ctrl_hs|  fft1d_fixed_Pipeline_VITIS_LOOP_103_2|  return value|
|ap_done         |  out|    1|  ap_ctrl_hs|  fft1d_fixed_Pipeline_VITIS_LOOP_103_2|  return value|
|ap_idle         |  out|    1|  ap_ctrl_hs|  fft1d_fixed_Pipeline_VITIS_LOOP_103_2|  return value|
|ap_ready        |  out|    1|  ap_ctrl_hs|  fft1d_fixed_Pipeline_VITIS_LOOP_103_2|  return value|
|j               |   in|   32|     ap_none|                                      j|        scalar|
|j_4_out         |  out|   32|      ap_vld|                                j_4_out|       pointer|
|j_4_out_ap_vld  |  out|    1|      ap_vld|                                j_4_out|       pointer|
+----------------+-----+-----+------------+---------------------------------------+--------------+

============================================================
+ Verbose Summary: Synthesis Manager
============================================================
InlineROM: 1
ExposeGlobal: 0
============================================================
+ Verbose Summary: CDFG Model
============================================================
IsTopModel: 0
ResetActiveHigh: 1
IsCombinational: 2
IsDatapathOnly: 2
HasWiredReturn: 1
HasMFsm: 2
HasVarLatency: 1
IsPipeline: 0
IsRtlPipelined: 0
IsInstanceOverlapped: 0
IsDontTouch: 0
HasImplIP: 0
IsGatedGlobalClock: 0

+ Individual pipeline summary: 
  * Pipeline-0: initiation interval (II) = 1, depth = 2


============================================================
+ Verbose Summary: Schedule
============================================================
* Number of FSM states : 2
* Pipeline : 1
  Pipeline-0 : II = 1, D = 2, States = { 1 2 }
* Dataflow Pipeline: 0

* FSM state transitions: 
1 --> 2 
2 --> 

* FSM state operations: 

State 1 <SV = 0> <Delay = 1.58>
ST_1 : Operation 4 [1/1] (0.00ns)   --->   "%j_1 = alloca i32 1" [src/fft2d_fixed.cpp:100]   --->   Operation 4 'alloca' 'j_1' <Predicate = true> <Delay = 0.00>
ST_1 : Operation 5 [1/1] (0.00ns)   --->   "%bit = alloca i32 1" [src/fft2d_fixed.cpp:101]   --->   Operation 5 'alloca' 'bit' <Predicate = true> <Delay = 0.00>
ST_1 : Operation 6 [1/1] (0.00ns)   --->   "%j_read = read i32 @_ssdm_op_Read.ap_auto.i32, i32 %j"   --->   Operation 6 'read' 'j_read' <Predicate = true> <Delay = 0.00>
ST_1 : Operation 7 [1/1] (1.58ns)   --->   "%store_ln101 = store i30 32, i30 %bit" [src/fft2d_fixed.cpp:101]   --->   Operation 7 'store' 'store_ln101' <Predicate = true> <Delay = 1.58>
ST_1 : Operation 8 [1/1] (1.58ns)   --->   "%store_ln100 = store i32 %j_read, i32 %j_1" [src/fft2d_fixed.cpp:100]   --->   Operation 8 'store' 'store_ln100' <Predicate = true> <Delay = 1.58>
ST_1 : Operation 9 [1/1] (0.00ns)   --->   "%br_ln0 = br void %while.cond"   --->   Operation 9 'br' 'br_ln0' <Predicate = true> <Delay = 0.00>

State 2 <SV = 1> <Delay = 4.14>
ST_2 : Operation 10 [1/1] (0.00ns)   --->   "%j_5 = load i32 %j_1" [src/fft2d_fixed.cpp:108]   --->   Operation 10 'load' 'j_5' <Predicate = true> <Delay = 0.00>
ST_2 : Operation 11 [1/1] (0.00ns)   --->   "%bit_3 = load i30 %bit" [src/fft2d_fixed.cpp:105]   --->   Operation 11 'load' 'bit_3' <Predicate = true> <Delay = 0.00>
ST_2 : Operation 12 [1/1] (0.00ns)   --->   "%sext_ln100 = sext i30 %bit_3" [src/fft2d_fixed.cpp:100]   --->   Operation 12 'sext' 'sext_ln100' <Predicate = true> <Delay = 0.00>
ST_2 : Operation 13 [1/1] (0.00ns) (grouped into LUT with out node icmp_ln103)   --->   "%and_ln103 = and i32 %j_5, i32 %sext_ln100" [src/fft2d_fixed.cpp:103]   --->   Operation 13 'and' 'and_ln103' <Predicate = true> <Delay = 0.00> <CoreInst = "LogicGate">   --->   Core 74 'LogicGate' <Latency = 0> <II = 1> <Delay = 0.99> <FuncUnit> <Opcode : 'and' 'or' 'xor'> <InPorts = 2> <OutPorts = 1>
ST_2 : Operation 14 [1/1] (2.55ns) (out node of the LUT)   --->   "%icmp_ln103 = icmp_eq  i32 %and_ln103, i32 0" [src/fft2d_fixed.cpp:103]   --->   Operation 14 'icmp' 'icmp_ln103' <Predicate = true> <Delay = 2.55> <CoreInst = "Cmp">   --->   Core 9 'Cmp' <Latency = 0> <II = 1> <Delay = 2.55> <FuncUnit> <Opcode : 'seteq' 'setne' 'setle' 'setge' 'setlt' 'setgt'> <InPorts = 2> <OutPorts = 1>
ST_2 : Operation 15 [1/1] (0.99ns)   --->   "%j_6 = xor i32 %sext_ln100, i32 %j_5" [src/fft2d_fixed.cpp:108]   --->   Operation 15 'xor' 'j_6' <Predicate = true> <Delay = 0.99> <CoreInst = "LogicGate">   --->   Core 74 'LogicGate' <Latency = 0> <II = 1> <Delay = 0.99> <FuncUnit> <Opcode : 'and' 'or' 'xor'> <InPorts = 2> <OutPorts = 1>
ST_2 : Operation 16 [1/1] (0.00ns)   --->   "%br_ln103 = br i1 %icmp_ln103, void %while.body, void %while.end.exitStub" [src/fft2d_fixed.cpp:103]   --->   Operation 16 'br' 'br_ln103' <Predicate = true> <Delay = 0.00>
ST_2 : Operation 17 [1/1] (0.00ns)   --->   "%specpipeline_ln100 = specpipeline void @_ssdm_op_SpecPipeline, i32 4294967295, i32 0, i32 0, i32 0, i32 4294967295, void @empty" [src/fft2d_fixed.cpp:100]   --->   Operation 17 'specpipeline' 'specpipeline_ln100' <Predicate = (!icmp_ln103)> <Delay = 0.00>
ST_2 : Operation 18 [1/1] (0.00ns)   --->   "%specloopname_ln103 = specloopname void @_ssdm_op_SpecLoopName, void @empty_17" [src/fft2d_fixed.cpp:103]   --->   Operation 18 'specloopname' 'specloopname_ln103' <Predicate = (!icmp_ln103)> <Delay = 0.00>
ST_2 : Operation 19 [1/1] (0.00ns)   --->   "%tmp = partselect i29 @_ssdm_op_PartSelect.i29.i30.i32.i32, i30 %bit_3, i32 1, i32 29" [src/fft2d_fixed.cpp:105]   --->   Operation 19 'partselect' 'tmp' <Predicate = (!icmp_ln103)> <Delay = 0.00>
ST_2 : Operation 20 [1/1] (0.00ns)   --->   "%bit_4 = sext i29 %tmp" [src/fft2d_fixed.cpp:105]   --->   Operation 20 'sext' 'bit_4' <Predicate = (!icmp_ln103)> <Delay = 0.00>
ST_2 : Operation 21 [1/1] (1.58ns)   --->   "%store_ln101 = store i30 %bit_4, i30 %bit" [src/fft2d_fixed.cpp:101]   --->   Operation 21 'store' 'store_ln101' <Predicate = (!icmp_ln103)> <Delay = 1.58>
ST_2 : Operation 22 [1/1] (1.58ns)   --->   "%store_ln100 = store i32 %j_6, i32 %j_1" [src/fft2d_fixed.cpp:100]   --->   Operation 22 'store' 'store_ln100' <Predicate = (!icmp_ln103)> <Delay = 1.58>
ST_2 : Operation 23 [1/1] (0.00ns)   --->   "%br_ln103 = br void %while.cond" [src/fft2d_fixed.cpp:103]   --->   Operation 23 'br' 'br_ln103' <Predicate = (!icmp_ln103)> <Delay = 0.00>
ST_2 : Operation 24 [1/1] (0.00ns)   --->   "%write_ln108 = write void @_ssdm_op_Write.ap_auto.i32P0A, i32 %j_4_out, i32 %j_6" [src/fft2d_fixed.cpp:108]   --->   Operation 24 'write' 'write_ln108' <Predicate = (icmp_ln103)> <Delay = 0.00>
ST_2 : Operation 25 [1/1] (1.58ns)   --->   "%ret_ln0 = ret"   --->   Operation 25 'ret' 'ret_ln0' <Predicate = (icmp_ln103)> <Delay = 1.58>


============================================================
+ Verbose Summary: Binding
============================================================
STG Binding: 
---------------- STG Properties BEGIN ----------------
- Is combinational: 0
- Is one-state seq: 0
- Is datapath-only: 0
- Is pipelined: 0
- Is top level: 0
Port [ Return ] is wired: 1; IO mode=ap_ctrl_hs:ce=0
Port [ j]:  wired=1; compound=0; hidden=0; nouse=0; global=0; static=0; extern=0; dir=0; type=0; pingpong=0; private_global=0; IO mode=ap_none:ce=0
Port [ j_4_out]:  wired=1; compound=0; hidden=0; nouse=0; global=0; static=0; extern=0; dir=1; type=0; pingpong=0; private_global=0; IO mode=ap_vld:ce=0
---------------- STG Properties END ------------------

---------------- Datapath Model BEGIN ----------------

<LifeTime>
<method=bitvector/>
j_1                (alloca      ) [ 011]
bit                (alloca      ) [ 011]
j_read             (read        ) [ 000]
store_ln101        (store       ) [ 000]
store_ln100        (store       ) [ 000]
br_ln0             (br          ) [ 000]
j_5                (load        ) [ 000]
bit_3              (load        ) [ 000]
sext_ln100         (sext        ) [ 000]
and_ln103          (and         ) [ 000]
icmp_ln103         (icmp        ) [ 011]
j_6                (xor         ) [ 000]
br_ln103           (br          ) [ 000]
specpipeline_ln100 (specpipeline) [ 000]
specloopname_ln103 (specloopname) [ 000]
tmp                (partselect  ) [ 000]
bit_4              (sext        ) [ 000]
store_ln101        (store       ) [ 000]
store_ln100        (store       ) [ 000]
br_ln103           (br          ) [ 000]
write_ln108        (write       ) [ 000]
ret_ln0            (ret         ) [ 000]
</LifeTime>

<model>

<comp_list>
<comp id="0" class="1000" name="j">
<pin_list>
<pin id="1" dir="1" index="0" bw="1" slack="0"/>
</pin_list>
<bind>
<StgValue><ssdm name="j"/></StgValue>
</bind>
</comp>

<comp id="2" class="1000" name="j_4_out">
<pin_list>
<pin id="3" dir="1" index="0" bw="1" slack="0"/>
</pin_list>
<bind>
<StgValue><ssdm name="j_4_out"/></StgValue>
</bind>
</comp>

<comp id="4" class="1001" name="const_4">
<pin_list>
<pin id="5" dir="1" index="0" bw="1" slack="0"/>
</pin_list>
<bind>
<StgValue><ssdm name=""/></StgValue>
</bind>
</comp>

<comp id="6" class="1001" name="const_6">
<pin_list>
<pin id="7" dir="1" index="0" bw="1" slack="0"/>
</pin_list>
<bind>
<StgValue><ssdm name="_ssdm_op_Read.ap_auto.i32"/></StgValue>
</bind>
</comp>

<comp id="8" class="1001" name="const_8">
<pin_list>
<pin id="9" dir="1" index="0" bw="1" slack="0"/>
</pin_list>
<bind>
<StgValue><ssdm name=""/></StgValue>
</bind>
</comp>

<comp id="10" class="1001" name="const_10">
<pin_list>
<pin id="11" dir="1" index="0" bw="1" slack="0"/>
</pin_list>
<bind>
<StgValue><ssdm name=""/></StgValue>
</bind>
</comp>

<comp id="12" class="1001" name="const_12">
<pin_list>
<pin id="13" dir="1" index="0" bw="1" slack="2147483647"/>
</pin_list>
<bind>
<StgValue><ssdm name="_ssdm_op_SpecPipeline"/></StgValue>
</bind>
</comp>

<comp id="14" class="1001" name="const_14">
<pin_list>
<pin id="15" dir="1" index="0" bw="1" slack="2147483647"/>
</pin_list>
<bind>
<StgValue><ssdm name=""/></StgValue>
</bind>
</comp>

<comp id="16" class="1001" name="const_16">
<pin_list>
<pin id="17" dir="1" index="0" bw="1" slack="2147483647"/>
</pin_list>
<bind>
<StgValue><ssdm name="empty"/></StgValue>
</bind>
</comp>

<comp id="18" class="1001" name="const_18">
<pin_list>
<pin id="19" dir="1" index="0" bw="1" slack="2147483647"/>
</pin_list>
<bind>
<StgValue><ssdm name="_ssdm_op_SpecLoopName"/></StgValue>
</bind>
</comp>

<comp id="20" class="1001" name="const_20">
<pin_list>
<pin id="21" dir="1" index="0" bw="1" slack="2147483647"/>
</pin_list>
<bind>
<StgValue><ssdm name="empty_17"/></StgValue>
</bind>
</comp>

<comp id="22" class="1001" name="const_22">
<pin_list>
<pin id="23" dir="1" index="0" bw="1" slack="0"/>
</pin_list>
<bind>
<StgValue><ssdm name="_ssdm_op_PartSelect.i29.i30.i32.i32"/></StgValue>
</bind>
</comp>

<comp id="24" class="1001" name="const_24">
<pin_list>
<pin id="25" dir="1" index="0" bw="1" slack="0"/>
</pin_list>
<bind>
<StgValue><ssdm name=""/></StgValue>
</bind>
</comp>

<comp id="26" class="1001" name="const_26">
<pin_list>
<pin id="27" dir="1" index="0" bw="1" slack="0"/>
</pin_list>
<bind>
<StgValue><ssdm name="_ssdm_op_Write.ap_auto.i32P0A"/></StgValue>
</bind>
</comp>

<comp id="28" class="1004" name="j_1_fu_28">
<pin_list>
<pin id="29" dir="0" index="0" bw="1" slack="0"/>
<pin id="30" dir="1" index="1" bw="32" slack="0"/>
</pin_list>
<bind>
<opcode="alloca(26) " fcode="alloca"/>
<opset="j_1/1 "/>
</bind>
</comp>

<comp id="32" class="1004" name="bit_fu_32">
<pin_list>
<pin id="33" dir="0" index="0" bw="1" slack="0"/>
<pin id="34" dir="1" index="1" bw="30" slack="0"/>
</pin_list>
<bind>
<opcode="alloca(26) " fcode="alloca"/>
<opset="bit/1 "/>
</bind>
</comp>

<comp id="36" class="1004" name="j_read_read_fu_36">
<pin_list>
<pin id="37" dir="0" index="0" bw="32" slack="0"/>
<pin id="38" dir="0" index="1" bw="32" slack="0"/>
<pin id="39" dir="1" index="2" bw="32" slack="0"/>
</pin_list>
<bind>
<opcode="read(1150) " fcode="read"/>
<opset="j_read/1 "/>
</bind>
</comp>

<comp id="42" class="1004" name="write_ln108_write_fu_42">
<pin_list>
<pin id="43" dir="0" index="0" bw="0" slack="0"/>
<pin id="44" dir="0" index="1" bw="32" slack="0"/>
<pin id="45" dir="0" index="2" bw="32" slack="0"/>
<pin id="46" dir="1" index="3" bw="0" slack="2147483647"/>
</pin_list>
<bind>
<opcode="write(1151) " fcode="write"/>
<opset="write_ln108/2 "/>
</bind>
</comp>

<comp id="49" class="1004" name="store_ln101_store_fu_49">
<pin_list>
<pin id="50" dir="0" index="0" bw="7" slack="0"/>
<pin id="51" dir="0" index="1" bw="30" slack="0"/>
<pin id="52" dir="1" index="2" bw="0" slack="2147483647"/>
</pin_list>
<bind>
<opcode="store(28) " fcode="store"/>
<opset="store_ln101/1 "/>
</bind>
</comp>

<comp id="54" class="1004" name="store_ln100_store_fu_54">
<pin_list>
<pin id="55" dir="0" index="0" bw="32" slack="0"/>
<pin id="56" dir="0" index="1" bw="32" slack="0"/>
<pin id="57" dir="1" index="2" bw="0" slack="2147483647"/>
</pin_list>
<bind>
<opcode="store(28) " fcode="store"/>
<opset="store_ln100/1 "/>
</bind>
</comp>

<comp id="59" class="1004" name="j_5_load_fu_59">
<pin_list>
<pin id="60" dir="0" index="0" bw="32" slack="1"/>
<pin id="61" dir="1" index="1" bw="32" slack="0"/>
</pin_list>
<bind>
<opcode="load(27) " fcode="load"/>
<opset="j_5/2 "/>
</bind>
</comp>

<comp id="62" class="1004" name="bit_3_load_fu_62">
<pin_list>
<pin id="63" dir="0" index="0" bw="30" slack="1"/>
<pin id="64" dir="1" index="1" bw="30" slack="0"/>
</pin_list>
<bind>
<opcode="load(27) " fcode="load"/>
<opset="bit_3/2 "/>
</bind>
</comp>

<comp id="65" class="1004" name="sext_ln100_fu_65">
<pin_list>
<pin id="66" dir="0" index="0" bw="30" slack="0"/>
<pin id="67" dir="1" index="1" bw="32" slack="0"/>
</pin_list>
<bind>
<opcode="sext(35) " fcode="sext"/>
<opset="sext_ln100/2 "/>
</bind>
</comp>

<comp id="69" class="1004" name="and_ln103_fu_69">
<pin_list>
<pin id="70" dir="0" index="0" bw="32" slack="0"/>
<pin id="71" dir="0" index="1" bw="32" slack="0"/>
<pin id="72" dir="1" index="2" bw="32" slack="0"/>
</pin_list>
<bind>
<opcode="and(23) " fcode="and"/>
<opset="and_ln103/2 "/>
</bind>
</comp>

<comp id="75" class="1004" name="icmp_ln103_fu_75">
<pin_list>
<pin id="76" dir="0" index="0" bw="32" slack="0"/>
<pin id="77" dir="0" index="1" bw="32" slack="0"/>
<pin id="78" dir="1" index="2" bw="1" slack="2147483647"/>
</pin_list>
<bind>
<opcode="icmp(45) " fcode="icmp"/>
<opset="icmp_ln103/2 "/>
</bind>
</comp>

<comp id="81" class="1004" name="j_6_fu_81">
<pin_list>
<pin id="82" dir="0" index="0" bw="32" slack="0"/>
<pin id="83" dir="0" index="1" bw="32" slack="0"/>
<pin id="84" dir="1" index="2" bw="32" slack="0"/>
</pin_list>
<bind>
<opcode="xor(25) " fcode="xor"/>
<opset="j_6/2 "/>
</bind>
</comp>

<comp id="88" class="1004" name="tmp_fu_88">
<pin_list>
<pin id="89" dir="0" index="0" bw="29" slack="0"/>
<pin id="90" dir="0" index="1" bw="30" slack="0"/>
<pin id="91" dir="0" index="2" bw="1" slack="0"/>
<pin id="92" dir="0" index="3" bw="6" slack="0"/>
<pin id="93" dir="1" index="4" bw="29" slack="0"/>
</pin_list>
<bind>
<opcode="partselect(1002) " fcode="partselect"/>
<opset="tmp/2 "/>
</bind>
</comp>

<comp id="98" class="1004" name="bit_4_fu_98">
<pin_list>
<pin id="99" dir="0" index="0" bw="29" slack="0"/>
<pin id="100" dir="1" index="1" bw="30" slack="0"/>
</pin_list>
<bind>
<opcode="sext(35) " fcode="sext"/>
<opset="bit_4/2 "/>
</bind>
</comp>

<comp id="102" class="1004" name="store_ln101_store_fu_102">
<pin_list>
<pin id="103" dir="0" index="0" bw="29" slack="0"/>
<pin id="104" dir="0" index="1" bw="30" slack="1"/>
<pin id="105" dir="1" index="2" bw="0" slack="2147483647"/>
</pin_list>
<bind>
<opcode="store(28) " fcode="store"/>
<opset="store_ln101/2 "/>
</bind>
</comp>

<comp id="107" class="1004" name="store_ln100_store_fu_107">
<pin_list>
<pin id="108" dir="0" index="0" bw="32" slack="0"/>
<pin id="109" dir="0" index="1" bw="32" slack="1"/>
<pin id="110" dir="1" index="2" bw="0" slack="2147483647"/>
</pin_list>
<bind>
<opcode="store(28) " fcode="store"/>
<opset="store_ln100/2 "/>
</bind>
</comp>

<comp id="112" class="1005" name="j_1_reg_112">
<pin_list>
<pin id="113" dir="0" index="0" bw="32" slack="0"/>
<pin id="114" dir="1" index="1" bw="32" slack="0"/>
</pin_list>
<bind>
<opset="j_1 "/>
</bind>
</comp>

<comp id="119" class="1005" name="bit_reg_119">
<pin_list>
<pin id="120" dir="0" index="0" bw="30" slack="0"/>
<pin id="121" dir="1" index="1" bw="30" slack="0"/>
</pin_list>
<bind>
<opset="bit "/>
</bind>
</comp>

</comp_list>

<net_list>
<net id="31"><net_src comp="4" pin="0"/><net_sink comp="28" pin=0"/></net>

<net id="35"><net_src comp="4" pin="0"/><net_sink comp="32" pin=0"/></net>

<net id="40"><net_src comp="6" pin="0"/><net_sink comp="36" pin=0"/></net>

<net id="41"><net_src comp="0" pin="0"/><net_sink comp="36" pin=1"/></net>

<net id="47"><net_src comp="26" pin="0"/><net_sink comp="42" pin=0"/></net>

<net id="48"><net_src comp="2" pin="0"/><net_sink comp="42" pin=1"/></net>

<net id="53"><net_src comp="8" pin="0"/><net_sink comp="49" pin=0"/></net>

<net id="58"><net_src comp="36" pin="2"/><net_sink comp="54" pin=0"/></net>

<net id="68"><net_src comp="62" pin="1"/><net_sink comp="65" pin=0"/></net>

<net id="73"><net_src comp="59" pin="1"/><net_sink comp="69" pin=0"/></net>

<net id="74"><net_src comp="65" pin="1"/><net_sink comp="69" pin=1"/></net>

<net id="79"><net_src comp="69" pin="2"/><net_sink comp="75" pin=0"/></net>

<net id="80"><net_src comp="10" pin="0"/><net_sink comp="75" pin=1"/></net>

<net id="85"><net_src comp="65" pin="1"/><net_sink comp="81" pin=0"/></net>

<net id="86"><net_src comp="59" pin="1"/><net_sink comp="81" pin=1"/></net>

<net id="87"><net_src comp="81" pin="2"/><net_sink comp="42" pin=2"/></net>

<net id="94"><net_src comp="22" pin="0"/><net_sink comp="88" pin=0"/></net>

<net id="95"><net_src comp="62" pin="1"/><net_sink comp="88" pin=1"/></net>

<net id="96"><net_src comp="4" pin="0"/><net_sink comp="88" pin=2"/></net>

<net id="97"><net_src comp="24" pin="0"/><net_sink comp="88" pin=3"/></net>

<net id="101"><net_src comp="88" pin="4"/><net_sink comp="98" pin=0"/></net>

<net id="106"><net_src comp="98" pin="1"/><net_sink comp="102" pin=0"/></net>

<net id="111"><net_src comp="81" pin="2"/><net_sink comp="107" pin=0"/></net>

<net id="115"><net_src comp="28" pin="1"/><net_sink comp="112" pin=0"/></net>

<net id="116"><net_src comp="112" pin="1"/><net_sink comp="54" pin=1"/></net>

<net id="117"><net_src comp="112" pin="1"/><net_sink comp="59" pin=0"/></net>

<net id="118"><net_src comp="112" pin="1"/><net_sink comp="107" pin=1"/></net>

<net id="122"><net_src comp="32" pin="1"/><net_sink comp="119" pin=0"/></net>

<net id="123"><net_src comp="119" pin="1"/><net_sink comp="49" pin=1"/></net>

<net id="124"><net_src comp="119" pin="1"/><net_sink comp="62" pin=0"/></net>

<net id="125"><net_src comp="119" pin="1"/><net_sink comp="102" pin=1"/></net>

</net_list>

</model> 
---------------- Datapath Model END ------------------

* FSMD analyzer results:
  - Output states:
	Port: j_4_out | {2 }
 - Input state : 
	Port: fft1d_fixed_Pipeline_VITIS_LOOP_103_2 : j | {1 }
  - Chain level:
	State 1
		store_ln101 : 1
	State 2
		sext_ln100 : 1
		and_ln103 : 2
		icmp_ln103 : 2
		j_6 : 2
		br_ln103 : 3
		tmp : 1
		bit_4 : 2
		store_ln101 : 3
		store_ln100 : 2
		write_ln108 : 2


============================================================
+ Verbose Summary: Datapath Resource usage 
============================================================

* Functional unit list:
|----------|-------------------------|---------|---------|
| Operation|     Functional Unit     |    FF   |   LUT   |
|----------|-------------------------|---------|---------|
|   icmp   |     icmp_ln103_fu_75    |    0    |    39   |
|----------|-------------------------|---------|---------|
|    and   |     and_ln103_fu_69     |    0    |    32   |
|----------|-------------------------|---------|---------|
|    xor   |        j_6_fu_81        |    0    |    32   |
|----------|-------------------------|---------|---------|
|   read   |    j_read_read_fu_36    |    0    |    0    |
|----------|-------------------------|---------|---------|
|   write  | write_ln108_write_fu_42 |    0    |    0    |
|----------|-------------------------|---------|---------|
|   sext   |     sext_ln100_fu_65    |    0    |    0    |
|          |       bit_4_fu_98       |    0    |    0    |
|----------|-------------------------|---------|---------|
|partselect|        tmp_fu_88        |    0    |    0    |
|----------|-------------------------|---------|---------|
|   Total  |                         |    0    |   103   |
|----------|-------------------------|---------|---------|

Memories:
N/A

* Register list:
+-----------+--------+
|           |   FF   |
+-----------+--------+
|bit_reg_119|   30   |
|j_1_reg_112|   32   |
+-----------+--------+
|   Total   |   62   |
+-----------+--------+

* Multiplexer (MUX) list: 
|--------|------|------|------|--------|
|  Comp  |  Pin | Size |  BW  | S x BW |
|--------|------|------|------|--------|
|  Total |      |      |      |    0   |
|--------|------|------|------|--------|



* Summary:
+-----------+--------+--------+
|           |   FF   |   LUT  |
+-----------+--------+--------+
|  Function |    0   |   103  |
|   Memory  |    -   |    -   |
|Multiplexer|    -   |    -   |
|  Register |   62   |    -   |
+-----------+--------+--------+
|   Total   |   62   |   103  |
+-----------+--------+--------+
