

================================================================
== Vitis HLS Report for 'fft1d_fixed_col_Pipeline_VITIS_LOOP_135_2'
================================================================
* Date:           Mon Jun 29 12:38:35 2026

* Version:        2025.2 (Build 6295257 on Nov 14 2025)
* Project:        fft2d_accel_rgb_prj
* Solution:       solution1 (Vivado IP Flow Target)
* Product family: zynq
* Target device:  xc7z020-clg400-1


================================================================
== Performance Estimates
================================================================
+ Timing: 
    * Summary: 
    +--------+----------+----------+------------+
    |  Clock |  Target  | Estimated| Uncertainty|
    +--------+----------+----------+------------+
    |ap_clk  |  10.00 ns|  4.140 ns|     2.70 ns|
    +--------+----------+----------+------------+

+ Latency: 
    * Summary: 
    +---------+---------+----------+----------+-----+-----+-------------------+
    |  Latency (cycles) |  Latency (absolute) |  Interval |      Pipeline     |
    |   min   |   max   |    min   |    max   | min | max |        Type       |
    +---------+---------+----------+----------+-----+-----+-------------------+
    |        ?|        ?|         ?|         ?|    0|    0|  loop pipeline stp|
    +---------+---------+----------+----------+-----+-----+-------------------+

    + Detail: 
        * Instance: 
        N/A

        * Loop: 
        +--------------------+---------+---------+----------+-----------+-----------+------+----------+
        |                    |  Latency (cycles) | Iteration|  Initiation Interval  | Trip |          |
        |      Loop Name     |   min   |   max   |  Latency |  achieved |   target  | Count| Pipelined|
        +--------------------+---------+---------+----------+-----------+-----------+------+----------+
        |- VITIS_LOOP_135_2  |        ?|        ?|         1|          1|          1|     ?|       yes|
        +--------------------+---------+---------+----------+-----------+-----------+------+----------+

============================================================
+ Verbose Summary: Synthesis Manager
============================================================
InlineROM: 1
ExposeGlobal: 0
============================================================
+ Verbose Summary: CDFG Model
============================================================
IsTopModel: 0
ResetActiveHigh: 1
IsCombinational: 0
IsDatapathOnly: 0
HasWiredReturn: 1
HasMFsm: 2
HasVarLatency: 1
IsPipeline: 0
IsRtlPipelined: 0
IsInstanceOverlapped: 0
IsDontTouch: 0
HasImplIP: 0
IsGatedGlobalClock: 0

+ Individual pipeline summary: 
  * Pipeline-0: initiation interval (II) = 1, depth = 2


============================================================
+ Verbose Summary: Schedule
============================================================
* Number of FSM states : 2
* Pipeline : 1
  Pipeline-0 : II = 1, D = 2, States = { 1 2 }
* Dataflow Pipeline: 0

* FSM state transitions: 
1 --> 2 
2 --> 

* FSM state operations: 

State 1 <SV = 0> <Delay = 1.58>
ST_1 : Operation 4 [1/1] (0.00ns)   --->   "%j_1 = alloca i32 1" [src/fft2d_fixed.cpp:132]   --->   Operation 4 'alloca' 'j_1' <Predicate = true> <Delay = 0.00>
ST_1 : Operation 5 [1/1] (0.00ns)   --->   "%bit = alloca i32 1" [src/fft2d_fixed.cpp:133]   --->   Operation 5 'alloca' 'bit' <Predicate = true> <Delay = 0.00>
ST_1 : Operation 6 [1/1] (0.00ns)   --->   "%j_read = read i32 @_ssdm_op_Read.ap_auto.i32, i32 %j"   --->   Operation 6 'read' 'j_read' <Predicate = true> <Delay = 0.00>
ST_1 : Operation 7 [1/1] (1.58ns)   --->   "%store_ln133 = store i30 32, i30 %bit" [src/fft2d_fixed.cpp:133]   --->   Operation 7 'store' 'store_ln133' <Predicate = true> <Delay = 1.58>
ST_1 : Operation 8 [1/1] (1.58ns)   --->   "%store_ln132 = store i32 %j_read, i32 %j_1" [src/fft2d_fixed.cpp:132]   --->   Operation 8 'store' 'store_ln132' <Predicate = true> <Delay = 1.58>
ST_1 : Operation 9 [1/1] (0.00ns)   --->   "%br_ln0 = br void %while.cond"   --->   Operation 9 'br' 'br_ln0' <Predicate = true> <Delay = 0.00>

State 2 <SV = 1> <Delay = 4.14>
ST_2 : Operation 10 [1/1] (0.00ns)   --->   "%j_2 = load i32 %j_1" [src/fft2d_fixed.cpp:140]   --->   Operation 10 'load' 'j_2' <Predicate = true> <Delay = 0.00>
ST_2 : Operation 11 [1/1] (0.00ns)   --->   "%bit_1 = load i30 %bit" [src/fft2d_fixed.cpp:137]   --->   Operation 11 'load' 'bit_1' <Predicate = true> <Delay = 0.00>
ST_2 : Operation 12 [1/1] (0.00ns)   --->   "%sext_ln132 = sext i30 %bit_1" [src/fft2d_fixed.cpp:132]   --->   Operation 12 'sext' 'sext_ln132' <Predicate = true> <Delay = 0.00>
ST_2 : Operation 13 [1/1] (0.00ns) (grouped into LUT with out node icmp_ln135)   --->   "%and_ln135 = and i32 %j_2, i32 %sext_ln132" [src/fft2d_fixed.cpp:135]   --->   Operation 13 'and' 'and_ln135' <Predicate = true> <Delay = 0.00> <CoreInst = "LogicGate">   --->   Core 74 'LogicGate' <Latency = 0> <II = 1> <Delay = 0.99> <FuncUnit> <Opcode : 'and' 'or' 'xor'> <InPorts = 2> <OutPorts = 1>
ST_2 : Operation 14 [1/1] (2.55ns) (out node of the LUT)   --->   "%icmp_ln135 = icmp_eq  i32 %and_ln135, i32 0" [src/fft2d_fixed.cpp:135]   --->   Operation 14 'icmp' 'icmp_ln135' <Predicate = true> <Delay = 2.55> <CoreInst = "Cmp">   --->   Core 9 'Cmp' <Latency = 0> <II = 1> <Delay = 2.55> <FuncUnit> <Opcode : 'seteq' 'setne' 'setle' 'setge' 'setlt' 'setgt'> <InPorts = 2> <OutPorts = 1>
ST_2 : Operation 15 [1/1] (0.99ns)   --->   "%j_3 = xor i32 %sext_ln132, i32 %j_2" [src/fft2d_fixed.cpp:140]   --->   Operation 15 'xor' 'j_3' <Predicate = true> <Delay = 0.99> <CoreInst = "LogicGate">   --->   Core 74 'LogicGate' <Latency = 0> <II = 1> <Delay = 0.99> <FuncUnit> <Opcode : 'and' 'or' 'xor'> <InPorts = 2> <OutPorts = 1>
ST_2 : Operation 16 [1/1] (0.00ns)   --->   "%br_ln135 = br i1 %icmp_ln135, void %while.body, void %while.end.exitStub" [src/fft2d_fixed.cpp:135]   --->   Operation 16 'br' 'br_ln135' <Predicate = true> <Delay = 0.00>
ST_2 : Operation 17 [1/1] (0.00ns)   --->   "%specpipeline_ln132 = specpipeline void @_ssdm_op_SpecPipeline, i32 4294967295, i32 0, i32 0, i32 0, i32 4294967295, void @empty" [src/fft2d_fixed.cpp:132]   --->   Operation 17 'specpipeline' 'specpipeline_ln132' <Predicate = (!icmp_ln135)> <Delay = 0.00>
ST_2 : Operation 18 [1/1] (0.00ns)   --->   "%specloopname_ln135 = specloopname void @_ssdm_op_SpecLoopName, void @empty_23" [src/fft2d_fixed.cpp:135]   --->   Operation 18 'specloopname' 'specloopname_ln135' <Predicate = (!icmp_ln135)> <Delay = 0.00>
ST_2 : Operation 19 [1/1] (0.00ns)   --->   "%tmp = partselect i29 @_ssdm_op_PartSelect.i29.i30.i32.i32, i30 %bit_1, i32 1, i32 29" [src/fft2d_fixed.cpp:137]   --->   Operation 19 'partselect' 'tmp' <Predicate = (!icmp_ln135)> <Delay = 0.00>
ST_2 : Operation 20 [1/1] (0.00ns)   --->   "%bit_2 = sext i29 %tmp" [src/fft2d_fixed.cpp:137]   --->   Operation 20 'sext' 'bit_2' <Predicate = (!icmp_ln135)> <Delay = 0.00>
ST_2 : Operation 21 [1/1] (1.58ns)   --->   "%store_ln133 = store i30 %bit_2, i30 %bit" [src/fft2d_fixed.cpp:133]   --->   Operation 21 'store' 'store_ln133' <Predicate = (!icmp_ln135)> <Delay = 1.58>
ST_2 : Operation 22 [1/1] (1.58ns)   --->   "%store_ln132 = store i32 %j_3, i32 %j_1" [src/fft2d_fixed.cpp:132]   --->   Operation 22 'store' 'store_ln132' <Predicate = (!icmp_ln135)> <Delay = 1.58>
ST_2 : Operation 23 [1/1] (0.00ns)   --->   "%br_ln135 = br void %while.cond" [src/fft2d_fixed.cpp:135]   --->   Operation 23 'br' 'br_ln135' <Predicate = (!icmp_ln135)> <Delay = 0.00>
ST_2 : Operation 24 [1/1] (0.00ns)   --->   "%write_ln140 = write void @_ssdm_op_Write.ap_auto.i32P0A, i32 %j_2_out, i32 %j_3" [src/fft2d_fixed.cpp:140]   --->   Operation 24 'write' 'write_ln140' <Predicate = (icmp_ln135)> <Delay = 0.00>
ST_2 : Operation 25 [1/1] (1.58ns)   --->   "%ret_ln0 = ret"   --->   Operation 25 'ret' 'ret_ln0' <Predicate = (icmp_ln135)> <Delay = 1.58>


============================================================
+ Verbose Summary: Timing violations
============================================================
Target clock period: 10.000ns, clock uncertainty: 2.700ns.

 <State 1>: 1.588ns
The critical path consists of the following:
	'alloca' operation 30 bit ('bit', src/fft2d_fixed.cpp:133) [4]  (0.000 ns)
	'store' operation ('store_ln133', src/fft2d_fixed.cpp:133) of constant 32 30 bit on local variable 'bit', src/fft2d_fixed.cpp:133 [6]  (1.588 ns)

 <State 2>: 4.140ns
The critical path consists of the following:
	'load' operation 32 bit ('j', src/fft2d_fixed.cpp:140) on local variable 'j', src/fft2d_fixed.cpp:132 [10]  (0.000 ns)
	'and' operation 32 bit ('and_ln135', src/fft2d_fixed.cpp:135) [13]  (0.000 ns)
	'icmp' operation 1 bit ('icmp_ln135', src/fft2d_fixed.cpp:135) [14]  (2.552 ns)
	'store' operation ('store_ln133', src/fft2d_fixed.cpp:133) of variable 'bit', src/fft2d_fixed.cpp:137 30 bit on local variable 'bit', src/fft2d_fixed.cpp:133 [22]  (1.588 ns)


============================================================
+ Verbose Summary: Binding
============================================================
N/A
* FSMD analyzer results:
  - Output states:
 - Input state : 
  - Chain level:
	State 1
	State 2


============================================================
+ Verbose Summary: Datapath Resource usage 
============================================================
N/A
