

================================================================
== Vitis HLS Report for 'fft2d_fixed_top_Pipeline_VITIS_LOOP_191_6'
================================================================
* Date:           Mon Jun 29 12:38:31 2026

* Version:        2025.2 (Build 6295257 on Nov 14 2025)
* Project:        fft2d_accel_rgb_prj
* Solution:       solution1 (Vivado IP Flow Target)
* Product family: zynq
* Target device:  xc7z020-clg400-1


================================================================
== Performance Estimates
================================================================
+ Timing: 
    * Summary: 
    +--------+----------+----------+------------+
    |  Clock |  Target  | Estimated| Uncertainty|
    +--------+----------+----------+------------+
    |ap_clk  |  10.00 ns|  6.654 ns|     2.70 ns|
    +--------+----------+----------+------------+

+ Latency: 
    * Summary: 
    +---------+---------+----------+----------+-----+-----+-------------------+
    |  Latency (cycles) |  Latency (absolute) |  Interval |      Pipeline     |
    |   min   |   max   |    min   |    max   | min | max |        Type       |
    +---------+---------+----------+----------+-----+-----+-------------------+
    |       66|       66|  0.660 us|  0.660 us|    0|    0|  loop pipeline stp|
    +---------+---------+----------+----------+-----+-----+-------------------+

    + Detail: 
        * Instance: 
        N/A

        * Loop: 
        +--------------------+---------+---------+----------+-----------+-----------+------+----------+
        |                    |  Latency (cycles) | Iteration|  Initiation Interval  | Trip |          |
        |      Loop Name     |   min   |   max   |  Latency |  achieved |   target  | Count| Pipelined|
        +--------------------+---------+---------+----------+-----------+-----------+------+----------+
        |- VITIS_LOOP_191_6  |       64|       64|         2|          1|          1|    64|       yes|
        +--------------------+---------+---------+----------+-----------+-----------+------+----------+

============================================================
+ Verbose Summary: Synthesis Manager
============================================================
InlineROM: 1
ExposeGlobal: 0
============================================================
+ Verbose Summary: CDFG Model
============================================================
IsTopModel: 0
ResetActiveHigh: 1
IsCombinational: 0
IsDatapathOnly: 0
HasWiredReturn: 1
HasMFsm: 2
HasVarLatency: 1
IsPipeline: 0
IsRtlPipelined: 0
IsInstanceOverlapped: 0
IsDontTouch: 0
HasImplIP: 0
IsGatedGlobalClock: 0

+ Individual pipeline summary: 
  * Pipeline-0: initiation interval (II) = 1, depth = 2


============================================================
+ Verbose Summary: Schedule
============================================================
* Number of FSM states : 2
* Pipeline : 1
  Pipeline-0 : II = 1, D = 2, States = { 1 2 }
* Dataflow Pipeline: 0

* FSM state transitions: 
1 --> 2 
2 --> 

* FSM state operations: 

State 1 <SV = 0> <Delay = 6.65>
ST_1 : Operation 5 [1/1] (0.00ns)   --->   "%c = alloca i32 1" [src/fft2d_fixed.cpp:191]   --->   Operation 5 'alloca' 'c' <Predicate = true> <Delay = 0.00>
ST_1 : Operation 6 [1/1] (0.00ns)   --->   "%tmp = read i14 @_ssdm_op_Read.ap_auto.i14, i14 %empty"   --->   Operation 6 'read' 'tmp' <Predicate = true> <Delay = 0.00>
ST_1 : Operation 7 [1/1] (1.58ns)   --->   "%store_ln191 = store i7 0, i7 %c" [src/fft2d_fixed.cpp:191]   --->   Operation 7 'store' 'store_ln191' <Predicate = true> <Delay = 1.58>
ST_1 : Operation 8 [1/1] (0.00ns)   --->   "%br_ln0 = br void %for.inc86"   --->   Operation 8 'br' 'br_ln0' <Predicate = true> <Delay = 0.00>
ST_1 : Operation 9 [1/1] (0.00ns)   --->   "%c_2 = load i7 %c" [src/fft2d_fixed.cpp:191]   --->   Operation 9 'load' 'c_2' <Predicate = true> <Delay = 0.00>
ST_1 : Operation 10 [1/1] (1.87ns)   --->   "%icmp_ln191 = icmp_eq  i7 %c_2, i7 64" [src/fft2d_fixed.cpp:191]   --->   Operation 10 'icmp' 'icmp_ln191' <Predicate = true> <Delay = 1.87> <CoreInst = "Cmp">   --->   Core 9 'Cmp' <Latency = 0> <II = 1> <Delay = 1.87> <FuncUnit> <Opcode : 'seteq' 'setne' 'setle' 'setge' 'setlt' 'setgt'> <InPorts = 2> <OutPorts = 1>
ST_1 : Operation 11 [1/1] (1.87ns)   --->   "%add_ln191 = add i7 %c_2, i7 1" [src/fft2d_fixed.cpp:191]   --->   Operation 11 'add' 'add_ln191' <Predicate = true> <Delay = 1.87> <CoreInst = "Adder">   --->   Core 1 'Adder' <Latency = 0> <II = 1> <Delay = 1.87> <FuncUnit> <Opcode : 'add' 'sub'> <InPorts = 2> <OutPorts = 1>
ST_1 : Operation 12 [1/1] (0.00ns)   --->   "%br_ln191 = br i1 %icmp_ln191, void %for.inc86.split, void %VITIS_LOOP_197_7.exitStub" [src/fft2d_fixed.cpp:191]   --->   Operation 12 'br' 'br_ln191' <Predicate = true> <Delay = 0.00>
ST_1 : Operation 13 [1/1] (0.00ns)   --->   "%zext_ln192 = zext i7 %c_2" [src/fft2d_fixed.cpp:192]   --->   Operation 13 'zext' 'zext_ln192' <Predicate = (!icmp_ln191)> <Delay = 0.00>
ST_1 : Operation 14 [1/1] (1.81ns)   --->   "%add_ln192 = add i14 %tmp, i14 %zext_ln192" [src/fft2d_fixed.cpp:192]   --->   Operation 14 'add' 'add_ln192' <Predicate = (!icmp_ln191)> <Delay = 1.81> <CoreInst = "Adder">   --->   Core 1 'Adder' <Latency = 0> <II = 1> <Delay = 1.81> <FuncUnit> <Opcode : 'add' 'sub'> <InPorts = 2> <OutPorts = 1>
ST_1 : Operation 15 [1/1] (0.00ns)   --->   "%zext_ln192_1 = zext i14 %add_ln192" [src/fft2d_fixed.cpp:192]   --->   Operation 15 'zext' 'zext_ln192_1' <Predicate = (!icmp_ln191)> <Delay = 0.00>
ST_1 : Operation 16 [1/1] (0.00ns)   --->   "%matrix_imag_addr = getelementptr i32 %matrix_imag, i64 0, i64 %zext_ln192_1" [src/fft2d_fixed.cpp:192]   --->   Operation 16 'getelementptr' 'matrix_imag_addr' <Predicate = (!icmp_ln191)> <Delay = 0.00>
ST_1 : Operation 17 [1/1] (0.00ns)   --->   "%matrix_real_addr = getelementptr i32 %matrix_real, i64 0, i64 %zext_ln192_1" [src/fft2d_fixed.cpp:192]   --->   Operation 17 'getelementptr' 'matrix_real_addr' <Predicate = (!icmp_ln191)> <Delay = 0.00>
ST_1 : Operation 18 [2/2] (3.25ns)   --->   "%matrix_real_load = load i14 %matrix_real_addr" [src/fft2d_fixed.cpp:192]   --->   Operation 18 'load' 'matrix_real_load' <Predicate = (!icmp_ln191)> <Delay = 3.25> <CoreInst = "RAM">   --->   Core 81 'RAM' <Latency = 1> <II = 1> <Delay = 3.25> <Storage> <Opcode : 'load' 'store'> <Ports = 2> <Width = 32> <Depth = 12288> <RAM>
ST_1 : Operation 19 [2/2] (3.25ns)   --->   "%matrix_imag_load = load i14 %matrix_imag_addr" [src/fft2d_fixed.cpp:192]   --->   Operation 19 'load' 'matrix_imag_load' <Predicate = (!icmp_ln191)> <Delay = 3.25> <CoreInst = "RAM">   --->   Core 81 'RAM' <Latency = 1> <II = 1> <Delay = 3.25> <Storage> <Opcode : 'load' 'store'> <Ports = 2> <Width = 32> <Depth = 12288> <RAM>
ST_1 : Operation 20 [1/1] (1.58ns)   --->   "%store_ln191 = store i7 %add_ln191, i7 %c" [src/fft2d_fixed.cpp:191]   --->   Operation 20 'store' 'store_ln191' <Predicate = (!icmp_ln191)> <Delay = 1.58>
ST_1 : Operation 32 [1/1] (1.58ns)   --->   "%ret_ln0 = ret"   --->   Operation 32 'ret' 'ret_ln0' <Predicate = (icmp_ln191)> <Delay = 1.58>

State 2 <SV = 1> <Delay = 6.50>
ST_2 : Operation 21 [1/1] (0.00ns)   --->   "%zext_ln191 = zext i7 %c_2" [src/fft2d_fixed.cpp:191]   --->   Operation 21 'zext' 'zext_ln191' <Predicate = true> <Delay = 0.00>
ST_2 : Operation 22 [1/1] (0.00ns)   --->   "%specpipeline_ln191 = specpipeline void @_ssdm_op_SpecPipeline, i32 4294967295, i32 0, i32 0, i32 0, i32 4294967295, void @empty" [src/fft2d_fixed.cpp:191]   --->   Operation 22 'specpipeline' 'specpipeline_ln191' <Predicate = true> <Delay = 0.00>
ST_2 : Operation 23 [1/1] (0.00ns)   --->   "%speclooptripcount_ln191 = speclooptripcount void @_ssdm_op_SpecLoopTripCount, i64 64, i64 64, i64 64" [src/fft2d_fixed.cpp:191]   --->   Operation 23 'speclooptripcount' 'speclooptripcount_ln191' <Predicate = true> <Delay = 0.00>
ST_2 : Operation 24 [1/1] (0.00ns)   --->   "%specloopname_ln191 = specloopname void @_ssdm_op_SpecLoopName, void @empty_10" [src/fft2d_fixed.cpp:191]   --->   Operation 24 'specloopname' 'specloopname_ln191' <Predicate = true> <Delay = 0.00>
ST_2 : Operation 25 [1/1] (0.00ns)   --->   "%row_buffer_real_addr = getelementptr i32 %row_buffer_real, i64 0, i64 %zext_ln191" [src/fft2d_fixed.cpp:192]   --->   Operation 25 'getelementptr' 'row_buffer_real_addr' <Predicate = true> <Delay = 0.00>
ST_2 : Operation 26 [1/1] (0.00ns)   --->   "%row_buffer_imag_addr = getelementptr i32 %row_buffer_imag, i64 0, i64 %zext_ln191" [src/fft2d_fixed.cpp:192]   --->   Operation 26 'getelementptr' 'row_buffer_imag_addr' <Predicate = true> <Delay = 0.00>
ST_2 : Operation 27 [1/2] ( I:3.25ns O:3.25ns )   --->   "%matrix_real_load = load i14 %matrix_real_addr" [src/fft2d_fixed.cpp:192]   --->   Operation 27 'load' 'matrix_real_load' <Predicate = true> <Delay = 3.25> <CoreInst = "RAM">   --->   Core 81 'RAM' <Latency = 1> <II = 1> <Delay = 3.25> <Storage> <Opcode : 'load' 'store'> <Ports = 2> <Width = 32> <Depth = 12288> <RAM>
ST_2 : Operation 28 [1/2] ( I:3.25ns O:3.25ns )   --->   "%matrix_imag_load = load i14 %matrix_imag_addr" [src/fft2d_fixed.cpp:192]   --->   Operation 28 'load' 'matrix_imag_load' <Predicate = true> <Delay = 3.25> <CoreInst = "RAM">   --->   Core 81 'RAM' <Latency = 1> <II = 1> <Delay = 3.25> <Storage> <Opcode : 'load' 'store'> <Ports = 2> <Width = 32> <Depth = 12288> <RAM>
ST_2 : Operation 29 [1/1] ( I:3.25ns O:3.25ns )   --->   "%store_ln192 = store i32 %matrix_real_load, i6 %row_buffer_real_addr" [src/fft2d_fixed.cpp:192]   --->   Operation 29 'store' 'store_ln192' <Predicate = true> <Delay = 3.25> <CoreInst = "RAM">   --->   Core 81 'RAM' <Latency = 1> <II = 1> <Delay = 3.25> <Storage> <Opcode : 'load' 'store'> <Ports = 2> <Width = 32> <Depth = 64> <RAM>
ST_2 : Operation 30 [1/1] ( I:3.25ns O:3.25ns )   --->   "%store_ln192 = store i32 %matrix_imag_load, i6 %row_buffer_imag_addr" [src/fft2d_fixed.cpp:192]   --->   Operation 30 'store' 'store_ln192' <Predicate = true> <Delay = 3.25> <CoreInst = "RAM">   --->   Core 81 'RAM' <Latency = 1> <II = 1> <Delay = 3.25> <Storage> <Opcode : 'load' 'store'> <Ports = 2> <Width = 32> <Depth = 64> <RAM>
ST_2 : Operation 31 [1/1] (0.00ns)   --->   "%br_ln191 = br void %for.inc86" [src/fft2d_fixed.cpp:191]   --->   Operation 31 'br' 'br_ln191' <Predicate = true> <Delay = 0.00>


============================================================
+ Verbose Summary: Timing violations
============================================================
Target clock period: 10.000ns, clock uncertainty: 2.700ns.

 <State 1>: 6.654ns
The critical path consists of the following:
	'store' operation ('store_ln191', src/fft2d_fixed.cpp:191) of constant 0 7 bit on local variable 'c', src/fft2d_fixed.cpp:191 [8]  (1.588 ns)
	'load' operation 7 bit ('c', src/fft2d_fixed.cpp:191) on local variable 'c', src/fft2d_fixed.cpp:191 [11]  (0.000 ns)
	'add' operation 14 bit ('add_ln192', src/fft2d_fixed.cpp:192) [18]  (1.812 ns)
	'getelementptr' operation 14 bit ('matrix_real_addr', src/fft2d_fixed.cpp:192) [21]  (0.000 ns)
	'load' operation 32 bit ('matrix_real_load', src/fft2d_fixed.cpp:192) on array 'matrix_real' [27]  (3.254 ns)

 <State 2>: 6.508ns
The critical path consists of the following:
	'load' operation 32 bit ('matrix_real_load', src/fft2d_fixed.cpp:192) on array 'matrix_real' [27]  (3.254 ns)
	'store' operation ('store_ln192', src/fft2d_fixed.cpp:192) of variable 'matrix_real_load', src/fft2d_fixed.cpp:192 32 bit on array 'row_buffer_real' [29]  (3.254 ns)


============================================================
+ Verbose Summary: Binding
============================================================
N/A
* FSMD analyzer results:
  - Output states:
 - Input state : 
  - Chain level:
	State 1
	State 2


============================================================
+ Verbose Summary: Datapath Resource usage 
============================================================
N/A
