

================================================================
== Vitis HLS Report for 'fft2d_fixed_top_Pipeline_VITIS_LOOP_217_12_VITIS_LOOP_218_13_VITIS_LOOP_219_14'
================================================================
* Date:           Mon Jun 29 12:38:37 2026

* Version:        2025.2 (Build 6295257 on Nov 14 2025)
* Project:        fft2d_accel_rgb_prj
* Solution:       solution1 (Vivado IP Flow Target)
* Product family: zynq
* Target device:  xc7z020-clg400-1


================================================================
== Performance Estimates
================================================================
+ Timing: 
    * Summary: 
    +--------+----------+----------+------------+
    |  Clock |  Target  | Estimated| Uncertainty|
    +--------+----------+----------+------------+
    |ap_clk  |  10.00 ns|  7.300 ns|     2.70 ns|
    +--------+----------+----------+------------+

+ Latency: 
    * Summary: 
    +---------+---------+----------+----------+-----+-----+-------------------+
    |  Latency (cycles) |  Latency (absolute) |  Interval |      Pipeline     |
    |   min   |   max   |    min   |    max   | min | max |        Type       |
    +---------+---------+----------+----------+-----+-----+-------------------+
    |    12293|    12293|  0.123 ms|  0.123 ms|    0|    0|  loop pipeline stp|
    +---------+---------+----------+----------+-----+-----+-------------------+

    + Detail: 
        * Instance: 
        N/A

        * Loop: 
        +---------------------------------------------------------+---------+---------+----------+-----------+-----------+-------+----------+
        |                                                         |  Latency (cycles) | Iteration|  Initiation Interval  |  Trip |          |
        |                        Loop Name                        |   min   |   max   |  Latency |  achieved |   target  | Count | Pipelined|
        +---------------------------------------------------------+---------+---------+----------+-----------+-----------+-------+----------+
        |- VITIS_LOOP_217_12_VITIS_LOOP_218_13_VITIS_LOOP_219_14  |    12291|    12291|         5|          1|          1|  12288|       yes|
        +---------------------------------------------------------+---------+---------+----------+-----------+-----------+-------+----------+

============================================================
+ Verbose Summary: Synthesis Manager
============================================================
InlineROM: 1
ExposeGlobal: 0
============================================================
+ Verbose Summary: CDFG Model
============================================================
IsTopModel: 0
ResetActiveHigh: 1
IsCombinational: 0
IsDatapathOnly: 0
HasWiredReturn: 1
HasMFsm: 2
HasVarLatency: 1
IsPipeline: 0
IsRtlPipelined: 0
IsInstanceOverlapped: 0
IsDontTouch: 0
HasImplIP: 0
IsGatedGlobalClock: 0

+ Individual pipeline summary: 
  * Pipeline-0: initiation interval (II) = 1, depth = 5


============================================================
+ Verbose Summary: Schedule
============================================================
* Number of FSM states : 5
* Pipeline : 1
  Pipeline-0 : II = 1, D = 5, States = { 1 2 3 4 5 }
* Dataflow Pipeline: 0

* FSM state transitions: 
1 --> 2 
2 --> 3 
3 --> 4 
4 --> 5 
5 --> 

* FSM state operations: 

State 1 <SV = 0> <Delay = 4.98>
ST_1 : Operation 8 [1/1] (0.00ns)   --->   "%c = alloca i32 1" [src/fft2d_fixed.cpp:219]   --->   Operation 8 'alloca' 'c' <Predicate = true> <Delay = 0.00>
ST_1 : Operation 9 [1/1] (0.00ns)   --->   "%r = alloca i32 1" [src/fft2d_fixed.cpp:218]   --->   Operation 9 'alloca' 'r' <Predicate = true> <Delay = 0.00>
ST_1 : Operation 10 [1/1] (0.00ns)   --->   "%indvar_flatten19 = alloca i32 1"   --->   Operation 10 'alloca' 'indvar_flatten19' <Predicate = true> <Delay = 0.00>
ST_1 : Operation 11 [1/1] (0.00ns)   --->   "%ch = alloca i32 1" [src/fft2d_fixed.cpp:217]   --->   Operation 11 'alloca' 'ch' <Predicate = true> <Delay = 0.00>
ST_1 : Operation 12 [1/1] (0.00ns)   --->   "%indvar_flatten32 = alloca i32 1"   --->   Operation 12 'alloca' 'indvar_flatten32' <Predicate = true> <Delay = 0.00>
ST_1 : Operation 13 [1/1] (0.00ns)   --->   "%sext_ln217_1_read = read i62 @_ssdm_op_Read.ap_auto.i62, i62 %sext_ln217_1"   --->   Operation 13 'read' 'sext_ln217_1_read' <Predicate = true> <Delay = 0.00>
ST_1 : Operation 14 [1/1] (0.00ns)   --->   "%sext_ln217_read = read i62 @_ssdm_op_Read.ap_auto.i62, i62 %sext_ln217"   --->   Operation 14 'read' 'sext_ln217_read' <Predicate = true> <Delay = 0.00>
ST_1 : Operation 15 [1/1] (0.00ns)   --->   "%sext_ln217_1_cast = sext i62 %sext_ln217_1_read"   --->   Operation 15 'sext' 'sext_ln217_1_cast' <Predicate = true> <Delay = 0.00>
ST_1 : Operation 16 [1/1] (0.00ns)   --->   "%sext_ln217_cast = sext i62 %sext_ln217_read"   --->   Operation 16 'sext' 'sext_ln217_cast' <Predicate = true> <Delay = 0.00>
ST_1 : Operation 17 [1/1] (0.00ns)   --->   "%specinterface_ln0 = specinterface void @_ssdm_op_SpecInterface, i32 %gmem2, void @empty_24, i32 0, i32 0, void @empty, i32 0, i32 0, void @empty_29, void @empty_15, void @empty, i32 16, i32 16, i32 16, i32 16, void @empty, void @empty, i32 4294967295, i32 0, i32 0, i32 4"   --->   Operation 17 'specinterface' 'specinterface_ln0' <Predicate = true> <Delay = 0.00>
ST_1 : Operation 18 [1/1] (0.00ns)   --->   "%specinterface_ln0 = specinterface void @_ssdm_op_SpecInterface, i32 %gmem1, void @empty_24, i32 0, i32 0, void @empty, i32 0, i32 0, void @empty_28, void @empty_15, void @empty, i32 16, i32 16, i32 16, i32 16, void @empty, void @empty, i32 4294967295, i32 0, i32 0, i32 4"   --->   Operation 18 'specinterface' 'specinterface_ln0' <Predicate = true> <Delay = 0.00>
ST_1 : Operation 19 [1/1] (1.58ns)   --->   "%store_ln0 = store i14 0, i14 %indvar_flatten32"   --->   Operation 19 'store' 'store_ln0' <Predicate = true> <Delay = 1.58>
ST_1 : Operation 20 [1/1] (1.58ns)   --->   "%store_ln217 = store i2 0, i2 %ch" [src/fft2d_fixed.cpp:217]   --->   Operation 20 'store' 'store_ln217' <Predicate = true> <Delay = 1.58>
ST_1 : Operation 21 [1/1] (1.58ns)   --->   "%store_ln0 = store i14 0, i14 %indvar_flatten19"   --->   Operation 21 'store' 'store_ln0' <Predicate = true> <Delay = 1.58>
ST_1 : Operation 22 [1/1] (1.58ns)   --->   "%store_ln218 = store i7 0, i7 %r" [src/fft2d_fixed.cpp:218]   --->   Operation 22 'store' 'store_ln218' <Predicate = true> <Delay = 1.58>
ST_1 : Operation 23 [1/1] (1.58ns)   --->   "%store_ln219 = store i7 0, i7 %c" [src/fft2d_fixed.cpp:219]   --->   Operation 23 'store' 'store_ln219' <Predicate = true> <Delay = 1.58>
ST_1 : Operation 24 [1/1] (0.00ns)   --->   "%br_ln0 = br void %for.inc201"   --->   Operation 24 'br' 'br_ln0' <Predicate = true> <Delay = 0.00>
ST_1 : Operation 25 [1/1] (0.00ns)   --->   "%indvar_flatten32_load = load i14 %indvar_flatten32" [src/fft2d_fixed.cpp:217]   --->   Operation 25 'load' 'indvar_flatten32_load' <Predicate = true> <Delay = 0.00>
ST_1 : Operation 26 [1/1] (0.00ns)   --->   "%specbitsmap_ln0 = specbitsmap void @_ssdm_op_SpecBitsMap, i32 %gmem2"   --->   Operation 26 'specbitsmap' 'specbitsmap_ln0' <Predicate = true> <Delay = 0.00>
ST_1 : Operation 27 [1/1] (0.00ns)   --->   "%specbitsmap_ln0 = specbitsmap void @_ssdm_op_SpecBitsMap, i32 %gmem1"   --->   Operation 27 'specbitsmap' 'specbitsmap_ln0' <Predicate = true> <Delay = 0.00>
ST_1 : Operation 28 [1/1] (1.81ns)   --->   "%icmp_ln217 = icmp_eq  i14 %indvar_flatten32_load, i14 12288" [src/fft2d_fixed.cpp:217]   --->   Operation 28 'icmp' 'icmp_ln217' <Predicate = true> <Delay = 1.81> <CoreInst = "Cmp">   --->   Core 9 'Cmp' <Latency = 0> <II = 1> <Delay = 1.81> <FuncUnit> <Opcode : 'seteq' 'setne' 'setle' 'setge' 'setlt' 'setgt'> <InPorts = 2> <OutPorts = 1>
ST_1 : Operation 29 [1/1] (1.81ns)   --->   "%add_ln217_1 = add i14 %indvar_flatten32_load, i14 1" [src/fft2d_fixed.cpp:217]   --->   Operation 29 'add' 'add_ln217_1' <Predicate = true> <Delay = 1.81> <CoreInst = "Adder">   --->   Core 1 'Adder' <Latency = 0> <II = 1> <Delay = 1.81> <FuncUnit> <Opcode : 'add' 'sub'> <InPorts = 2> <OutPorts = 1>
ST_1 : Operation 30 [1/1] (0.00ns)   --->   "%br_ln217 = br i1 %icmp_ln217, void %for.inc207, void %for.end209.exitStub" [src/fft2d_fixed.cpp:217]   --->   Operation 30 'br' 'br_ln217' <Predicate = true> <Delay = 0.00>
ST_1 : Operation 31 [1/1] (1.58ns)   --->   "%store_ln217 = store i14 %add_ln217_1, i14 %indvar_flatten32" [src/fft2d_fixed.cpp:217]   --->   Operation 31 'store' 'store_ln217' <Predicate = (!icmp_ln217)> <Delay = 1.58>

State 2 <SV = 1> <Delay = 7.29>
ST_2 : Operation 32 [1/1] (0.00ns)   --->   "%c_load = load i7 %c" [src/fft2d_fixed.cpp:219]   --->   Operation 32 'load' 'c_load' <Predicate = true> <Delay = 0.00>
ST_2 : Operation 33 [1/1] (0.00ns)   --->   "%r_load = load i7 %r" [src/fft2d_fixed.cpp:217]   --->   Operation 33 'load' 'r_load' <Predicate = true> <Delay = 0.00>
ST_2 : Operation 34 [1/1] (0.00ns)   --->   "%indvar_flatten19_load = load i14 %indvar_flatten19" [src/fft2d_fixed.cpp:218]   --->   Operation 34 'load' 'indvar_flatten19_load' <Predicate = true> <Delay = 0.00>
ST_2 : Operation 35 [1/1] (0.00ns)   --->   "%ch_load = load i2 %ch" [src/fft2d_fixed.cpp:217]   --->   Operation 35 'load' 'ch_load' <Predicate = true> <Delay = 0.00>
ST_2 : Operation 36 [1/1] (1.56ns)   --->   "%add_ln217 = add i2 %ch_load, i2 1" [src/fft2d_fixed.cpp:217]   --->   Operation 36 'add' 'add_ln217' <Predicate = true> <Delay = 1.56> <CoreInst = "Adder">   --->   Core 1 'Adder' <Latency = 0> <II = 1> <Delay = 1.56> <FuncUnit> <Opcode : 'add' 'sub'> <InPorts = 2> <OutPorts = 1>
ST_2 : Operation 37 [1/1] (1.81ns)   --->   "%icmp_ln218 = icmp_eq  i14 %indvar_flatten19_load, i14 4096" [src/fft2d_fixed.cpp:218]   --->   Operation 37 'icmp' 'icmp_ln218' <Predicate = true> <Delay = 1.81> <CoreInst = "Cmp">   --->   Core 9 'Cmp' <Latency = 0> <II = 1> <Delay = 1.81> <FuncUnit> <Opcode : 'seteq' 'setne' 'setle' 'setge' 'setlt' 'setgt'> <InPorts = 2> <OutPorts = 1>
ST_2 : Operation 38 [1/1] (0.99ns)   --->   "%select_ln217 = select i1 %icmp_ln218, i7 0, i7 %r_load" [src/fft2d_fixed.cpp:217]   --->   Operation 38 'select' 'select_ln217' <Predicate = true> <Delay = 0.99> <CoreInst = "Sel">   --->   Core 73 'Sel' <Latency = 0> <II = 1> <Delay = 0.99> <FuncUnit> <Opcode : 'select'> <InPorts = 3> <OutPorts = 1>
ST_2 : Operation 39 [1/1] (0.00ns) (grouped into LUT with out node and_ln217)   --->   "%xor_ln217 = xor i1 %icmp_ln218, i1 1" [src/fft2d_fixed.cpp:217]   --->   Operation 39 'xor' 'xor_ln217' <Predicate = true> <Delay = 0.00> <CoreInst = "LogicGate">   --->   Core 74 'LogicGate' <Latency = 0> <II = 1> <Delay = 0.97> <FuncUnit> <Opcode : 'and' 'or' 'xor'> <InPorts = 2> <OutPorts = 1>
ST_2 : Operation 40 [1/1] (1.87ns)   --->   "%icmp_ln219 = icmp_eq  i7 %c_load, i7 64" [src/fft2d_fixed.cpp:219]   --->   Operation 40 'icmp' 'icmp_ln219' <Predicate = true> <Delay = 1.87> <CoreInst = "Cmp">   --->   Core 9 'Cmp' <Latency = 0> <II = 1> <Delay = 1.87> <FuncUnit> <Opcode : 'seteq' 'setne' 'setle' 'setge' 'setlt' 'setgt'> <InPorts = 2> <OutPorts = 1>
ST_2 : Operation 41 [1/1] (0.97ns) (out node of the LUT)   --->   "%and_ln217 = and i1 %icmp_ln219, i1 %xor_ln217" [src/fft2d_fixed.cpp:217]   --->   Operation 41 'and' 'and_ln217' <Predicate = true> <Delay = 0.97> <CoreInst = "LogicGate">   --->   Core 74 'LogicGate' <Latency = 0> <II = 1> <Delay = 0.97> <FuncUnit> <Opcode : 'and' 'or' 'xor'> <InPorts = 2> <OutPorts = 1>
ST_2 : Operation 42 [1/1] (0.99ns)   --->   "%select_ln217_1 = select i1 %icmp_ln218, i2 %add_ln217, i2 %ch_load" [src/fft2d_fixed.cpp:217]   --->   Operation 42 'select' 'select_ln217_1' <Predicate = true> <Delay = 0.99> <CoreInst = "Sel">   --->   Core 73 'Sel' <Latency = 0> <II = 1> <Delay = 0.99> <FuncUnit> <Opcode : 'select'> <InPorts = 3> <OutPorts = 1>
ST_2 : Operation 43 [1/1] (1.87ns)   --->   "%add_ln218 = add i7 %select_ln217, i7 1" [src/fft2d_fixed.cpp:218]   --->   Operation 43 'add' 'add_ln218' <Predicate = true> <Delay = 1.87> <CoreInst = "Adder">   --->   Core 1 'Adder' <Latency = 0> <II = 1> <Delay = 1.87> <FuncUnit> <Opcode : 'add' 'sub'> <InPorts = 2> <OutPorts = 1>
ST_2 : Operation 44 [1/1] (0.00ns) (grouped into LUT with out node c_4_mid2)   --->   "%empty = or i1 %and_ln217, i1 %icmp_ln218" [src/fft2d_fixed.cpp:217]   --->   Operation 44 'or' 'empty' <Predicate = true> <Delay = 0.00> <CoreInst = "LogicGate">   --->   Core 74 'LogicGate' <Latency = 0> <II = 1> <Delay = 0.97> <FuncUnit> <Opcode : 'and' 'or' 'xor'> <InPorts = 2> <OutPorts = 1>
ST_2 : Operation 45 [1/1] (0.99ns) (out node of the LUT)   --->   "%c_4_mid2 = select i1 %empty, i7 0, i7 %c_load" [src/fft2d_fixed.cpp:217]   --->   Operation 45 'select' 'c_4_mid2' <Predicate = true> <Delay = 0.99> <CoreInst = "Sel">   --->   Core 73 'Sel' <Latency = 0> <II = 1> <Delay = 0.99> <FuncUnit> <Opcode : 'select'> <InPorts = 3> <OutPorts = 1>
ST_2 : Operation 46 [1/1] (0.99ns)   --->   "%select_ln218 = select i1 %and_ln217, i7 %add_ln218, i7 %select_ln217" [src/fft2d_fixed.cpp:218]   --->   Operation 46 'select' 'select_ln218' <Predicate = true> <Delay = 0.99> <CoreInst = "Sel">   --->   Core 73 'Sel' <Latency = 0> <II = 1> <Delay = 0.99> <FuncUnit> <Opcode : 'select'> <InPorts = 3> <OutPorts = 1>
ST_2 : Operation 47 [1/1] (1.87ns)   --->   "%add_ln219 = add i7 %c_4_mid2, i7 1" [src/fft2d_fixed.cpp:219]   --->   Operation 47 'add' 'add_ln219' <Predicate = true> <Delay = 1.87> <CoreInst = "Adder">   --->   Core 1 'Adder' <Latency = 0> <II = 1> <Delay = 1.87> <FuncUnit> <Opcode : 'add' 'sub'> <InPorts = 2> <OutPorts = 1>
ST_2 : Operation 48 [1/1] (1.81ns)   --->   "%add_ln218_1 = add i14 %indvar_flatten19_load, i14 1" [src/fft2d_fixed.cpp:218]   --->   Operation 48 'add' 'add_ln218_1' <Predicate = true> <Delay = 1.81> <CoreInst = "Adder">   --->   Core 1 'Adder' <Latency = 0> <II = 1> <Delay = 1.81> <FuncUnit> <Opcode : 'add' 'sub'> <InPorts = 2> <OutPorts = 1>
ST_2 : Operation 49 [1/1] (0.70ns)   --->   "%select_ln218_1 = select i1 %icmp_ln218, i14 1, i14 %add_ln218_1" [src/fft2d_fixed.cpp:218]   --->   Operation 49 'select' 'select_ln218_1' <Predicate = true> <Delay = 0.70> <CoreInst = "Sel">   --->   Core 73 'Sel' <Latency = 0> <II = 1> <Delay = 0.70> <FuncUnit> <Opcode : 'select'> <InPorts = 3> <OutPorts = 1>
ST_2 : Operation 50 [1/1] (1.58ns)   --->   "%store_ln217 = store i2 %select_ln217_1, i2 %ch" [src/fft2d_fixed.cpp:217]   --->   Operation 50 'store' 'store_ln217' <Predicate = true> <Delay = 1.58>
ST_2 : Operation 51 [1/1] (1.58ns)   --->   "%store_ln218 = store i14 %select_ln218_1, i14 %indvar_flatten19" [src/fft2d_fixed.cpp:218]   --->   Operation 51 'store' 'store_ln218' <Predicate = true> <Delay = 1.58>
ST_2 : Operation 52 [1/1] (1.58ns)   --->   "%store_ln218 = store i7 %select_ln218, i7 %r" [src/fft2d_fixed.cpp:218]   --->   Operation 52 'store' 'store_ln218' <Predicate = true> <Delay = 1.58>
ST_2 : Operation 53 [1/1] (1.58ns)   --->   "%store_ln219 = store i7 %add_ln219, i7 %c" [src/fft2d_fixed.cpp:219]   --->   Operation 53 'store' 'store_ln219' <Predicate = true> <Delay = 1.58>

State 3 <SV = 2> <Delay = 6.98>
ST_3 : Operation 54 [1/1] (0.00ns)   --->   "%tmp_7 = bitconcatenate i8 @_ssdm_op_BitConcatenate.i8.i2.i6, i2 %select_ln217_1, i6 0" [src/fft2d_fixed.cpp:221]   --->   Operation 54 'bitconcatenate' 'tmp_7' <Predicate = true> <Delay = 0.00>
ST_3 : Operation 55 [1/1] (0.00ns)   --->   "%zext_ln221 = zext i7 %select_ln218" [src/fft2d_fixed.cpp:221]   --->   Operation 55 'zext' 'zext_ln221' <Predicate = true> <Delay = 0.00>
ST_3 : Operation 56 [1/1] (1.91ns)   --->   "%add_ln221 = add i8 %tmp_7, i8 %zext_ln221" [src/fft2d_fixed.cpp:221]   --->   Operation 56 'add' 'add_ln221' <Predicate = true> <Delay = 1.91> <CoreInst = "Adder">   --->   Core 1 'Adder' <Latency = 0> <II = 1> <Delay = 1.91> <FuncUnit> <Opcode : 'add' 'sub'> <InPorts = 2> <OutPorts = 1>
ST_3 : Operation 57 [1/1] (0.00ns)   --->   "%tmp = bitconcatenate i14 @_ssdm_op_BitConcatenate.i14.i8.i6, i8 %add_ln221, i6 0" [src/fft2d_fixed.cpp:221]   --->   Operation 57 'bitconcatenate' 'tmp' <Predicate = true> <Delay = 0.00>
ST_3 : Operation 58 [1/1] (0.00ns)   --->   "%zext_ln221_1 = zext i7 %c_4_mid2" [src/fft2d_fixed.cpp:221]   --->   Operation 58 'zext' 'zext_ln221_1' <Predicate = true> <Delay = 0.00>
ST_3 : Operation 59 [1/1] (1.81ns)   --->   "%add_ln221_1 = add i14 %tmp, i14 %zext_ln221_1" [src/fft2d_fixed.cpp:221]   --->   Operation 59 'add' 'add_ln221_1' <Predicate = true> <Delay = 1.81> <CoreInst = "Adder">   --->   Core 1 'Adder' <Latency = 0> <II = 1> <Delay = 1.81> <FuncUnit> <Opcode : 'add' 'sub'> <InPorts = 2> <OutPorts = 1>
ST_3 : Operation 60 [1/1] (0.00ns)   --->   "%zext_ln221_2 = zext i14 %add_ln221_1" [src/fft2d_fixed.cpp:221]   --->   Operation 60 'zext' 'zext_ln221_2' <Predicate = true> <Delay = 0.00>
ST_3 : Operation 61 [1/1] (0.00ns)   --->   "%matrix_imag_addr = getelementptr i32 %matrix_imag, i64 0, i64 %zext_ln221_2" [src/fft2d_fixed.cpp:221]   --->   Operation 61 'getelementptr' 'matrix_imag_addr' <Predicate = true> <Delay = 0.00>
ST_3 : Operation 62 [1/1] (0.00ns)   --->   "%matrix_real_addr = getelementptr i32 %matrix_real, i64 0, i64 %zext_ln221_2" [src/fft2d_fixed.cpp:220]   --->   Operation 62 'getelementptr' 'matrix_real_addr' <Predicate = true> <Delay = 0.00>
ST_3 : Operation 63 [2/2] (3.25ns)   --->   "%matrix_real_load = load i14 %matrix_real_addr" [src/fft2d_fixed.cpp:220]   --->   Operation 63 'load' 'matrix_real_load' <Predicate = true> <Delay = 3.25> <CoreInst = "RAM">   --->   Core 81 'RAM' <Latency = 1> <II = 1> <Delay = 3.25> <Storage> <Opcode : 'load' 'store'> <Ports = 2> <Width = 32> <Depth = 12288> <RAM>
ST_3 : Operation 64 [2/2] (3.25ns)   --->   "%matrix_imag_load = load i14 %matrix_imag_addr" [src/fft2d_fixed.cpp:221]   --->   Operation 64 'load' 'matrix_imag_load' <Predicate = true> <Delay = 3.25> <CoreInst = "RAM">   --->   Core 81 'RAM' <Latency = 1> <II = 1> <Delay = 3.25> <Storage> <Opcode : 'load' 'store'> <Ports = 2> <Width = 32> <Depth = 12288> <RAM>

State 4 <SV = 3> <Delay = 3.25>
ST_4 : Operation 65 [1/2] ( I:3.25ns O:3.25ns )   --->   "%matrix_real_load = load i14 %matrix_real_addr" [src/fft2d_fixed.cpp:220]   --->   Operation 65 'load' 'matrix_real_load' <Predicate = true> <Delay = 3.25> <CoreInst = "RAM">   --->   Core 81 'RAM' <Latency = 1> <II = 1> <Delay = 3.25> <Storage> <Opcode : 'load' 'store'> <Ports = 2> <Width = 32> <Depth = 12288> <RAM>
ST_4 : Operation 66 [1/2] ( I:3.25ns O:3.25ns )   --->   "%matrix_imag_load = load i14 %matrix_imag_addr" [src/fft2d_fixed.cpp:221]   --->   Operation 66 'load' 'matrix_imag_load' <Predicate = true> <Delay = 3.25> <CoreInst = "RAM">   --->   Core 81 'RAM' <Latency = 1> <II = 1> <Delay = 3.25> <Storage> <Opcode : 'load' 'store'> <Ports = 2> <Width = 32> <Depth = 12288> <RAM>
ST_4 : Operation 75 [1/1] (1.58ns)   --->   "%ret_ln0 = ret"   --->   Operation 75 'ret' 'ret_ln0' <Predicate = (icmp_ln217)> <Delay = 1.58>

State 5 <SV = 4> <Delay = 7.30>
ST_5 : Operation 67 [1/1] (0.00ns)   --->   "%gmem1_addr = getelementptr i32 %gmem1, i64 %sext_ln217_cast" [src/fft2d_fixed.cpp:217]   --->   Operation 67 'getelementptr' 'gmem1_addr' <Predicate = true> <Delay = 0.00>
ST_5 : Operation 68 [1/1] (0.00ns)   --->   "%gmem2_addr = getelementptr i32 %gmem2, i64 %sext_ln217_1_cast" [src/fft2d_fixed.cpp:217]   --->   Operation 68 'getelementptr' 'gmem2_addr' <Predicate = true> <Delay = 0.00>
ST_5 : Operation 69 [1/1] (0.00ns)   --->   "%specloopname_ln0 = specloopname void @_ssdm_op_SpecLoopName, void @VITIS_LOOP_217_12_VITIS_LOOP_218_13_VITIS_LOOP_219_14_str"   --->   Operation 69 'specloopname' 'specloopname_ln0' <Predicate = true> <Delay = 0.00>
ST_5 : Operation 70 [1/1] (0.00ns)   --->   "%speclooptripcount_ln0 = speclooptripcount void @_ssdm_op_SpecLoopTripCount, i64 12288, i64 12288, i64 12288"   --->   Operation 70 'speclooptripcount' 'speclooptripcount_ln0' <Predicate = true> <Delay = 0.00>
ST_5 : Operation 71 [1/1] (0.00ns)   --->   "%specpipeline_ln219 = specpipeline void @_ssdm_op_SpecPipeline, i32 4294967295, i32 0, i32 0, i32 0, i32 4294967295, void @empty" [src/fft2d_fixed.cpp:219]   --->   Operation 71 'specpipeline' 'specpipeline_ln219' <Predicate = true> <Delay = 0.00>
ST_5 : Operation 72 [1/1] ( I:7.30ns O:7.30ns )   --->   "%write_ln220 = write void @_ssdm_op_Write.m_axi.p1i32.i32, i32 %gmem1_addr, i32 %matrix_real_load, i4 15" [src/fft2d_fixed.cpp:220]   --->   Operation 72 'write' 'write_ln220' <Predicate = true> <Delay = 7.30> <CoreInst = "m_axi">   --->   Core 111 'm_axi' <Latency = 5> <II = 1> <Delay = 1.00> <Adapter> <Opcode : 'readrequnaligned' 'writerequnaligned' 'read' 'write' 'readreq' 'writereq' 'writeresp'>
ST_5 : Operation 73 [1/1] ( I:7.30ns O:7.30ns )   --->   "%write_ln221 = write void @_ssdm_op_Write.m_axi.p1i32.i32, i32 %gmem2_addr, i32 %matrix_imag_load, i4 15" [src/fft2d_fixed.cpp:221]   --->   Operation 73 'write' 'write_ln221' <Predicate = true> <Delay = 7.30> <CoreInst = "m_axi">   --->   Core 111 'm_axi' <Latency = 5> <II = 1> <Delay = 1.00> <Adapter> <Opcode : 'readrequnaligned' 'writerequnaligned' 'read' 'write' 'readreq' 'writereq' 'writeresp'>
ST_5 : Operation 74 [1/1] (0.00ns)   --->   "%br_ln219 = br void %for.inc201" [src/fft2d_fixed.cpp:219]   --->   Operation 74 'br' 'br_ln219' <Predicate = true> <Delay = 0.00>


============================================================
+ Verbose Summary: Timing violations
============================================================
Target clock period: 10.000ns, clock uncertainty: 2.700ns.

 <State 1>: 4.988ns
The critical path consists of the following:
	'store' operation ('store_ln0') of constant 0 14 bit on local variable 'indvar_flatten32' [18]  (1.588 ns)
	'load' operation 14 bit ('indvar_flatten32_load', src/fft2d_fixed.cpp:217) on local variable 'indvar_flatten32' [25]  (0.000 ns)
	'icmp' operation 1 bit ('icmp_ln217', src/fft2d_fixed.cpp:217) [28]  (1.812 ns)
	'store' operation ('store_ln217', src/fft2d_fixed.cpp:217) of variable 'add_ln217_1', src/fft2d_fixed.cpp:217 14 bit on local variable 'indvar_flatten32' [68]  (1.588 ns)

 <State 2>: 7.299ns
The critical path consists of the following:
	'load' operation 7 bit ('c_load', src/fft2d_fixed.cpp:219) on local variable 'c', src/fft2d_fixed.cpp:219 [32]  (0.000 ns)
	'icmp' operation 1 bit ('icmp_ln219', src/fft2d_fixed.cpp:219) [44]  (1.870 ns)
	'and' operation 1 bit ('and_ln217', src/fft2d_fixed.cpp:217) [45]  (0.978 ns)
	'or' operation 1 bit ('empty', src/fft2d_fixed.cpp:217) [48]  (0.000 ns)
	'select' operation 7 bit ('c_4_mid2', src/fft2d_fixed.cpp:217) [49]  (0.993 ns)
	'add' operation 7 bit ('add_ln219', src/fft2d_fixed.cpp:219) [65]  (1.870 ns)
	'store' operation ('store_ln219', src/fft2d_fixed.cpp:219) of variable 'add_ln219', src/fft2d_fixed.cpp:219 7 bit on local variable 'c', src/fft2d_fixed.cpp:219 [72]  (1.588 ns)

 <State 3>: 6.981ns
The critical path consists of the following:
	'add' operation 8 bit ('add_ln221', src/fft2d_fixed.cpp:221) [53]  (1.915 ns)
	'add' operation 14 bit ('add_ln221_1', src/fft2d_fixed.cpp:221) [56]  (1.812 ns)
	'getelementptr' operation 14 bit ('matrix_real_addr', src/fft2d_fixed.cpp:220) [59]  (0.000 ns)
	'load' operation 32 bit ('matrix_real_load', src/fft2d_fixed.cpp:220) on array 'matrix_real' [61]  (3.254 ns)

 <State 4>: 3.254ns
The critical path consists of the following:
	'load' operation 32 bit ('matrix_real_load', src/fft2d_fixed.cpp:220) on array 'matrix_real' [61]  (3.254 ns)

 <State 5>: 7.300ns
The critical path consists of the following:
	'getelementptr' operation 32 bit ('gmem1_addr', src/fft2d_fixed.cpp:217) [36]  (0.000 ns)
	bus write operation ('write_ln220', src/fft2d_fixed.cpp:220) on port 'gmem1' (src/fft2d_fixed.cpp:220) [62]  (7.300 ns)


============================================================
+ Verbose Summary: Binding
============================================================
N/A
* FSMD analyzer results:
  - Output states:
 - Input state : 
  - Chain level:
	State 1
	State 2
	State 3
	State 4
	State 5


============================================================
+ Verbose Summary: Datapath Resource usage 
============================================================
N/A
