

================================================================
== Vitis HLS Report for 'fft2d_fixed_top_Pipeline_VITIS_LOOP_211_11'
================================================================
* Date:           Mon Jun 29 12:38:37 2026

* Version:        2025.2 (Build 6295257 on Nov 14 2025)
* Project:        fft2d_accel_rgb_prj
* Solution:       solution1 (Vivado IP Flow Target)
* Product family: zynq
* Target device:  xc7z020-clg400-1


================================================================
== Performance Estimates
================================================================
+ Timing: 
    * Summary: 
    +--------+----------+----------+------------+
    |  Clock |  Target  | Estimated| Uncertainty|
    +--------+----------+----------+------------+
    |ap_clk  |  10.00 ns|  6.508 ns|     2.70 ns|
    +--------+----------+----------+------------+

+ Latency: 
    * Summary: 
    +---------+---------+----------+----------+-----+-----+-------------------+
    |  Latency (cycles) |  Latency (absolute) |  Interval |      Pipeline     |
    |   min   |   max   |    min   |    max   | min | max |        Type       |
    +---------+---------+----------+----------+-----+-----+-------------------+
    |       66|       66|  0.660 us|  0.660 us|    0|    0|  loop pipeline stp|
    +---------+---------+----------+----------+-----+-----+-------------------+

    + Detail: 
        * Instance: 
        N/A

        * Loop: 
        +---------------------+---------+---------+----------+-----------+-----------+------+----------+
        |                     |  Latency (cycles) | Iteration|  Initiation Interval  | Trip |          |
        |      Loop Name      |   min   |   max   |  Latency |  achieved |   target  | Count| Pipelined|
        +---------------------+---------+---------+----------+-----------+-----------+------+----------+
        |- VITIS_LOOP_211_11  |       64|       64|         2|          1|          1|    64|       yes|
        +---------------------+---------+---------+----------+-----------+-----------+------+----------+

============================================================
+ Verbose Summary: Synthesis Manager
============================================================
InlineROM: 1
ExposeGlobal: 0
============================================================
+ Verbose Summary: CDFG Model
============================================================
IsTopModel: 0
ResetActiveHigh: 1
IsCombinational: 0
IsDatapathOnly: 0
HasWiredReturn: 1
HasMFsm: 2
HasVarLatency: 1
IsPipeline: 0
IsRtlPipelined: 0
IsInstanceOverlapped: 0
IsDontTouch: 0
HasImplIP: 0
IsGatedGlobalClock: 0

+ Individual pipeline summary: 
  * Pipeline-0: initiation interval (II) = 1, depth = 2


============================================================
+ Verbose Summary: Schedule
============================================================
* Number of FSM states : 2
* Pipeline : 1
  Pipeline-0 : II = 1, D = 2, States = { 1 2 }
* Dataflow Pipeline: 0

* FSM state transitions: 
1 --> 2 
2 --> 

* FSM state operations: 

State 1 <SV = 0> <Delay = 5.04>
ST_1 : Operation 5 [1/1] (0.00ns)   --->   "%r = alloca i32 1" [src/fft2d_fixed.cpp:211]   --->   Operation 5 'alloca' 'r' <Predicate = true> <Delay = 0.00>
ST_1 : Operation 6 [1/1] (0.00ns)   --->   "%zext_ln204_read = read i6 @_ssdm_op_Read.ap_auto.i6, i6 %zext_ln204"   --->   Operation 6 'read' 'zext_ln204_read' <Predicate = true> <Delay = 0.00>
ST_1 : Operation 7 [1/1] (0.00ns)   --->   "%zext_ln206_read = read i8 @_ssdm_op_Read.ap_auto.i8, i8 %zext_ln206"   --->   Operation 7 'read' 'zext_ln206_read' <Predicate = true> <Delay = 0.00>
ST_1 : Operation 8 [1/1] (1.58ns)   --->   "%store_ln211 = store i7 0, i7 %r" [src/fft2d_fixed.cpp:211]   --->   Operation 8 'store' 'store_ln211' <Predicate = true> <Delay = 1.58>
ST_1 : Operation 9 [1/1] (0.00ns)   --->   "%br_ln0 = br void %for.inc151"   --->   Operation 9 'br' 'br_ln0' <Predicate = true> <Delay = 0.00>
ST_1 : Operation 10 [1/1] (0.00ns)   --->   "%r_1 = load i7 %r" [src/fft2d_fixed.cpp:211]   --->   Operation 10 'load' 'r_1' <Predicate = true> <Delay = 0.00>
ST_1 : Operation 11 [1/1] (1.87ns)   --->   "%icmp_ln211 = icmp_eq  i7 %r_1, i7 64" [src/fft2d_fixed.cpp:211]   --->   Operation 11 'icmp' 'icmp_ln211' <Predicate = true> <Delay = 1.87> <CoreInst = "Cmp">   --->   Core 9 'Cmp' <Latency = 0> <II = 1> <Delay = 1.87> <FuncUnit> <Opcode : 'seteq' 'setne' 'setle' 'setge' 'setlt' 'setgt'> <InPorts = 2> <OutPorts = 1>
ST_1 : Operation 12 [1/1] (1.87ns)   --->   "%add_ln211 = add i7 %r_1, i7 1" [src/fft2d_fixed.cpp:211]   --->   Operation 12 'add' 'add_ln211' <Predicate = true> <Delay = 1.87> <CoreInst = "Adder">   --->   Core 1 'Adder' <Latency = 0> <II = 1> <Delay = 1.87> <FuncUnit> <Opcode : 'add' 'sub'> <InPorts = 2> <OutPorts = 1>
ST_1 : Operation 13 [1/1] (0.00ns)   --->   "%br_ln211 = br i1 %icmp_ln211, void %for.inc151.split, void %for.inc154.exitStub" [src/fft2d_fixed.cpp:211]   --->   Operation 13 'br' 'br_ln211' <Predicate = true> <Delay = 0.00>
ST_1 : Operation 14 [1/1] (0.00ns)   --->   "%zext_ln211 = zext i7 %r_1" [src/fft2d_fixed.cpp:211]   --->   Operation 14 'zext' 'zext_ln211' <Predicate = (!icmp_ln211)> <Delay = 0.00>
ST_1 : Operation 15 [1/1] (0.00ns)   --->   "%zext_ln212 = zext i7 %r_1" [src/fft2d_fixed.cpp:212]   --->   Operation 15 'zext' 'zext_ln212' <Predicate = (!icmp_ln211)> <Delay = 0.00>
ST_1 : Operation 16 [1/1] (1.91ns)   --->   "%add_ln212 = add i8 %zext_ln206_read, i8 %zext_ln212" [src/fft2d_fixed.cpp:212]   --->   Operation 16 'add' 'add_ln212' <Predicate = (!icmp_ln211)> <Delay = 1.91> <CoreInst = "Adder">   --->   Core 1 'Adder' <Latency = 0> <II = 1> <Delay = 1.91> <FuncUnit> <Opcode : 'add' 'sub'> <InPorts = 2> <OutPorts = 1>
ST_1 : Operation 17 [1/1] (0.00ns)   --->   "%col_buffer_real_addr = getelementptr i32 %col_buffer_real, i64 0, i64 %zext_ln211" [src/fft2d_fixed.cpp:212]   --->   Operation 17 'getelementptr' 'col_buffer_real_addr' <Predicate = (!icmp_ln211)> <Delay = 0.00>
ST_1 : Operation 18 [1/1] (0.00ns)   --->   "%col_buffer_imag_addr = getelementptr i32 %col_buffer_imag, i64 0, i64 %zext_ln211" [src/fft2d_fixed.cpp:212]   --->   Operation 18 'getelementptr' 'col_buffer_imag_addr' <Predicate = (!icmp_ln211)> <Delay = 0.00>
ST_1 : Operation 19 [2/2] (3.25ns)   --->   "%col_buffer_real_load = load i6 %col_buffer_real_addr" [src/fft2d_fixed.cpp:212]   --->   Operation 19 'load' 'col_buffer_real_load' <Predicate = (!icmp_ln211)> <Delay = 3.25> <CoreInst = "RAM">   --->   Core 81 'RAM' <Latency = 1> <II = 1> <Delay = 3.25> <Storage> <Opcode : 'load' 'store'> <Ports = 2> <Width = 32> <Depth = 64> <RAM>
ST_1 : Operation 20 [2/2] (3.25ns)   --->   "%col_buffer_imag_load = load i6 %col_buffer_imag_addr" [src/fft2d_fixed.cpp:212]   --->   Operation 20 'load' 'col_buffer_imag_load' <Predicate = (!icmp_ln211)> <Delay = 3.25> <CoreInst = "RAM">   --->   Core 81 'RAM' <Latency = 1> <II = 1> <Delay = 3.25> <Storage> <Opcode : 'load' 'store'> <Ports = 2> <Width = 32> <Depth = 64> <RAM>
ST_1 : Operation 21 [1/1] (1.58ns)   --->   "%store_ln211 = store i7 %add_ln211, i7 %r" [src/fft2d_fixed.cpp:211]   --->   Operation 21 'store' 'store_ln211' <Predicate = (!icmp_ln211)> <Delay = 1.58>
ST_1 : Operation 34 [1/1] (1.58ns)   --->   "%ret_ln0 = ret"   --->   Operation 34 'ret' 'ret_ln0' <Predicate = (icmp_ln211)> <Delay = 1.58>

State 2 <SV = 1> <Delay = 6.50>
ST_2 : Operation 22 [1/1] (0.00ns)   --->   "%add_ln212_1 = bitconcatenate i14 @_ssdm_op_BitConcatenate.i14.i8.i6, i8 %add_ln212, i6 %zext_ln204_read" [src/fft2d_fixed.cpp:212]   --->   Operation 22 'bitconcatenate' 'add_ln212_1' <Predicate = true> <Delay = 0.00>
ST_2 : Operation 23 [1/1] (0.00ns)   --->   "%zext_ln212_1 = zext i14 %add_ln212_1" [src/fft2d_fixed.cpp:212]   --->   Operation 23 'zext' 'zext_ln212_1' <Predicate = true> <Delay = 0.00>
ST_2 : Operation 24 [1/1] (0.00ns)   --->   "%matrix_imag_addr = getelementptr i32 %matrix_imag, i64 0, i64 %zext_ln212_1" [src/fft2d_fixed.cpp:212]   --->   Operation 24 'getelementptr' 'matrix_imag_addr' <Predicate = true> <Delay = 0.00>
ST_2 : Operation 25 [1/1] (0.00ns)   --->   "%matrix_real_addr = getelementptr i32 %matrix_real, i64 0, i64 %zext_ln212_1" [src/fft2d_fixed.cpp:212]   --->   Operation 25 'getelementptr' 'matrix_real_addr' <Predicate = true> <Delay = 0.00>
ST_2 : Operation 26 [1/1] (0.00ns)   --->   "%specpipeline_ln211 = specpipeline void @_ssdm_op_SpecPipeline, i32 4294967295, i32 0, i32 0, i32 0, i32 4294967295, void @empty" [src/fft2d_fixed.cpp:211]   --->   Operation 26 'specpipeline' 'specpipeline_ln211' <Predicate = true> <Delay = 0.00>
ST_2 : Operation 27 [1/1] (0.00ns)   --->   "%speclooptripcount_ln211 = speclooptripcount void @_ssdm_op_SpecLoopTripCount, i64 64, i64 64, i64 64" [src/fft2d_fixed.cpp:211]   --->   Operation 27 'speclooptripcount' 'speclooptripcount_ln211' <Predicate = true> <Delay = 0.00>
ST_2 : Operation 28 [1/1] (0.00ns)   --->   "%specloopname_ln211 = specloopname void @_ssdm_op_SpecLoopName, void @empty_7" [src/fft2d_fixed.cpp:211]   --->   Operation 28 'specloopname' 'specloopname_ln211' <Predicate = true> <Delay = 0.00>
ST_2 : Operation 29 [1/2] ( I:3.25ns O:3.25ns )   --->   "%col_buffer_real_load = load i6 %col_buffer_real_addr" [src/fft2d_fixed.cpp:212]   --->   Operation 29 'load' 'col_buffer_real_load' <Predicate = true> <Delay = 3.25> <CoreInst = "RAM">   --->   Core 81 'RAM' <Latency = 1> <II = 1> <Delay = 3.25> <Storage> <Opcode : 'load' 'store'> <Ports = 2> <Width = 32> <Depth = 64> <RAM>
ST_2 : Operation 30 [1/2] ( I:3.25ns O:3.25ns )   --->   "%col_buffer_imag_load = load i6 %col_buffer_imag_addr" [src/fft2d_fixed.cpp:212]   --->   Operation 30 'load' 'col_buffer_imag_load' <Predicate = true> <Delay = 3.25> <CoreInst = "RAM">   --->   Core 81 'RAM' <Latency = 1> <II = 1> <Delay = 3.25> <Storage> <Opcode : 'load' 'store'> <Ports = 2> <Width = 32> <Depth = 64> <RAM>
ST_2 : Operation 31 [1/1] ( I:3.25ns O:3.25ns )   --->   "%store_ln212 = store i32 %col_buffer_real_load, i14 %matrix_real_addr" [src/fft2d_fixed.cpp:212]   --->   Operation 31 'store' 'store_ln212' <Predicate = true> <Delay = 3.25> <CoreInst = "RAM">   --->   Core 81 'RAM' <Latency = 1> <II = 1> <Delay = 3.25> <Storage> <Opcode : 'load' 'store'> <Ports = 2> <Width = 32> <Depth = 12288> <RAM>
ST_2 : Operation 32 [1/1] ( I:3.25ns O:3.25ns )   --->   "%store_ln212 = store i32 %col_buffer_imag_load, i14 %matrix_imag_addr" [src/fft2d_fixed.cpp:212]   --->   Operation 32 'store' 'store_ln212' <Predicate = true> <Delay = 3.25> <CoreInst = "RAM">   --->   Core 81 'RAM' <Latency = 1> <II = 1> <Delay = 3.25> <Storage> <Opcode : 'load' 'store'> <Ports = 2> <Width = 32> <Depth = 12288> <RAM>
ST_2 : Operation 33 [1/1] (0.00ns)   --->   "%br_ln211 = br void %for.inc151" [src/fft2d_fixed.cpp:211]   --->   Operation 33 'br' 'br_ln211' <Predicate = true> <Delay = 0.00>


============================================================
+ Verbose Summary: Binding
============================================================
STG Binding: 
---------------- STG Properties BEGIN ----------------
- Is combinational: 0
- Is one-state seq: 0
- Is datapath-only: 0
- Is pipelined: 0
- Is top level: 0
Port [ Return ] is wired: 1; IO mode=ap_ctrl_hs:ce=0
Port [ zext_ln206]:  wired=1; compound=0; hidden=0; nouse=0; global=0; static=0; extern=0; dir=0; type=0; pingpong=0; private_global=0; IO mode=ap_none:ce=0
Port [ zext_ln204]:  wired=1; compound=0; hidden=0; nouse=0; global=0; static=0; extern=0; dir=0; type=0; pingpong=0; private_global=0; IO mode=ap_none:ce=0
Port [ col_buffer_real]:  wired=1; compound=1; hidden=0; nouse=0; global=0; static=0; extern=0; dir=0; type=1; pingpong=0; private_global=0; MemPort=[13]; IO mode=ap_memory:ce=0
Port [ col_buffer_imag]:  wired=1; compound=1; hidden=0; nouse=0; global=0; static=0; extern=0; dir=0; type=1; pingpong=0; private_global=0; MemPort=[13]; IO mode=ap_memory:ce=0
Port [ matrix_real]:  wired=1; compound=1; hidden=0; nouse=0; global=1; static=1; extern=0; dir=1; type=1; pingpong=0; private_global=0; MemPort=[03]; IO mode=ap_memory:ce=0
Port [ matrix_imag]:  wired=1; compound=1; hidden=0; nouse=0; global=1; static=1; extern=0; dir=1; type=1; pingpong=0; private_global=0; MemPort=[03]; IO mode=ap_memory:ce=0
---------------- STG Properties END ------------------

---------------- Datapath Model BEGIN ----------------

<LifeTime>
<method=bitvector/>
r                       (alloca           ) [ 010]
zext_ln204_read         (read             ) [ 011]
zext_ln206_read         (read             ) [ 000]
store_ln211             (store            ) [ 000]
br_ln0                  (br               ) [ 000]
r_1                     (load             ) [ 000]
icmp_ln211              (icmp             ) [ 010]
add_ln211               (add              ) [ 000]
br_ln211                (br               ) [ 000]
zext_ln211              (zext             ) [ 000]
zext_ln212              (zext             ) [ 000]
add_ln212               (add              ) [ 011]
col_buffer_real_addr    (getelementptr    ) [ 011]
col_buffer_imag_addr    (getelementptr    ) [ 011]
store_ln211             (store            ) [ 000]
add_ln212_1             (bitconcatenate   ) [ 000]
zext_ln212_1            (zext             ) [ 000]
matrix_imag_addr        (getelementptr    ) [ 000]
matrix_real_addr        (getelementptr    ) [ 000]
specpipeline_ln211      (specpipeline     ) [ 000]
speclooptripcount_ln211 (speclooptripcount) [ 000]
specloopname_ln211      (specloopname     ) [ 000]
col_buffer_real_load    (load             ) [ 000]
col_buffer_imag_load    (load             ) [ 000]
store_ln212             (store            ) [ 000]
store_ln212             (store            ) [ 000]
br_ln211                (br               ) [ 000]
ret_ln0                 (ret              ) [ 000]
</LifeTime>

<model>

<comp_list>
<comp id="0" class="1000" name="zext_ln206">
<pin_list>
<pin id="1" dir="1" index="0" bw="1" slack="0"/>
</pin_list>
<bind>
<StgValue><ssdm name="zext_ln206"/></StgValue>
</bind>
</comp>

<comp id="2" class="1000" name="zext_ln204">
<pin_list>
<pin id="3" dir="1" index="0" bw="1" slack="0"/>
</pin_list>
<bind>
<StgValue><ssdm name="zext_ln204"/></StgValue>
</bind>
</comp>

<comp id="4" class="1000" name="col_buffer_real">
<pin_list>
<pin id="5" dir="1" index="0" bw="1" slack="0"/>
</pin_list>
<bind>
<StgValue><ssdm name="col_buffer_real"/><MemPortTyVec>1 3 </MemPortTyVec>
</StgValue>
</bind>
</comp>

<comp id="6" class="1000" name="col_buffer_imag">
<pin_list>
<pin id="7" dir="1" index="0" bw="1" slack="0"/>
</pin_list>
<bind>
<StgValue><ssdm name="col_buffer_imag"/><MemPortTyVec>1 3 </MemPortTyVec>
</StgValue>
</bind>
</comp>

<comp id="8" class="1000" name="matrix_real">
<pin_list>
<pin id="9" dir="1" index="0" bw="1" slack="0"/>
</pin_list>
<bind>
<StgValue><ssdm name="matrix_real"/><MemPortTyVec>0 3 </MemPortTyVec>
</StgValue>
</bind>
</comp>

<comp id="10" class="1000" name="matrix_imag">
<pin_list>
<pin id="11" dir="1" index="0" bw="1" slack="0"/>
</pin_list>
<bind>
<StgValue><ssdm name="matrix_imag"/><MemPortTyVec>0 3 </MemPortTyVec>
</StgValue>
</bind>
</comp>

<comp id="12" class="1001" name="const_12">
<pin_list>
<pin id="13" dir="1" index="0" bw="1" slack="0"/>
</pin_list>
<bind>
<StgValue><ssdm name=""/></StgValue>
</bind>
</comp>

<comp id="14" class="1001" name="const_14">
<pin_list>
<pin id="15" dir="1" index="0" bw="1" slack="0"/>
</pin_list>
<bind>
<StgValue><ssdm name="_ssdm_op_Read.ap_auto.i6"/></StgValue>
</bind>
</comp>

<comp id="16" class="1001" name="const_16">
<pin_list>
<pin id="17" dir="1" index="0" bw="1" slack="0"/>
</pin_list>
<bind>
<StgValue><ssdm name="_ssdm_op_Read.ap_auto.i8"/></StgValue>
</bind>
</comp>

<comp id="18" class="1001" name="const_18">
<pin_list>
<pin id="19" dir="1" index="0" bw="1" slack="0"/>
</pin_list>
<bind>
<StgValue><ssdm name=""/></StgValue>
</bind>
</comp>

<comp id="20" class="1001" name="const_20">
<pin_list>
<pin id="21" dir="1" index="0" bw="1" slack="0"/>
</pin_list>
<bind>
<StgValue><ssdm name=""/></StgValue>
</bind>
</comp>

<comp id="22" class="1001" name="const_22">
<pin_list>
<pin id="23" dir="1" index="0" bw="1" slack="0"/>
</pin_list>
<bind>
<StgValue><ssdm name=""/></StgValue>
</bind>
</comp>

<comp id="24" class="1001" name="const_24">
<pin_list>
<pin id="25" dir="1" index="0" bw="1" slack="0"/>
</pin_list>
<bind>
<StgValue><ssdm name=""/></StgValue>
</bind>
</comp>

<comp id="26" class="1001" name="const_26">
<pin_list>
<pin id="27" dir="1" index="0" bw="1" slack="0"/>
</pin_list>
<bind>
<StgValue><ssdm name="_ssdm_op_BitConcatenate.i14.i8.i6"/></StgValue>
</bind>
</comp>

<comp id="28" class="1001" name="const_28">
<pin_list>
<pin id="29" dir="1" index="0" bw="1" slack="2147483647"/>
</pin_list>
<bind>
<StgValue><ssdm name="_ssdm_op_SpecPipeline"/></StgValue>
</bind>
</comp>

<comp id="30" class="1001" name="const_30">
<pin_list>
<pin id="31" dir="1" index="0" bw="1" slack="2147483647"/>
</pin_list>
<bind>
<StgValue><ssdm name=""/></StgValue>
</bind>
</comp>

<comp id="32" class="1001" name="const_32">
<pin_list>
<pin id="33" dir="1" index="0" bw="1" slack="2147483647"/>
</pin_list>
<bind>
<StgValue><ssdm name=""/></StgValue>
</bind>
</comp>

<comp id="34" class="1001" name="const_34">
<pin_list>
<pin id="35" dir="1" index="0" bw="1" slack="2147483647"/>
</pin_list>
<bind>
<StgValue><ssdm name="empty"/></StgValue>
</bind>
</comp>

<comp id="36" class="1001" name="const_36">
<pin_list>
<pin id="37" dir="1" index="0" bw="1" slack="2147483647"/>
</pin_list>
<bind>
<StgValue><ssdm name="_ssdm_op_SpecLoopTripCount"/></StgValue>
</bind>
</comp>

<comp id="38" class="1001" name="const_38">
<pin_list>
<pin id="39" dir="1" index="0" bw="1" slack="2147483647"/>
</pin_list>
<bind>
<StgValue><ssdm name=""/></StgValue>
</bind>
</comp>

<comp id="40" class="1001" name="const_40">
<pin_list>
<pin id="41" dir="1" index="0" bw="1" slack="2147483647"/>
</pin_list>
<bind>
<StgValue><ssdm name="_ssdm_op_SpecLoopName"/></StgValue>
</bind>
</comp>

<comp id="42" class="1001" name="const_42">
<pin_list>
<pin id="43" dir="1" index="0" bw="1" slack="2147483647"/>
</pin_list>
<bind>
<StgValue><ssdm name="empty_7"/></StgValue>
</bind>
</comp>

<comp id="44" class="1004" name="r_fu_44">
<pin_list>
<pin id="45" dir="0" index="0" bw="1" slack="0"/>
<pin id="46" dir="1" index="1" bw="7" slack="0"/>
</pin_list>
<bind>
<opcode="alloca(26) " fcode="alloca"/>
<opset="r/1 "/>
</bind>
</comp>

<comp id="48" class="1004" name="zext_ln204_read_read_fu_48">
<pin_list>
<pin id="49" dir="0" index="0" bw="6" slack="0"/>
<pin id="50" dir="0" index="1" bw="6" slack="0"/>
<pin id="51" dir="1" index="2" bw="6" slack="1"/>
</pin_list>
<bind>
<opcode="read(1150) " fcode="read"/>
<opset="zext_ln204_read/1 "/>
</bind>
</comp>

<comp id="54" class="1004" name="zext_ln206_read_read_fu_54">
<pin_list>
<pin id="55" dir="0" index="0" bw="8" slack="0"/>
<pin id="56" dir="0" index="1" bw="8" slack="0"/>
<pin id="57" dir="1" index="2" bw="8" slack="0"/>
</pin_list>
<bind>
<opcode="read(1150) " fcode="read"/>
<opset="zext_ln206_read/1 "/>
</bind>
</comp>

<comp id="60" class="1004" name="col_buffer_real_addr_gep_fu_60">
<pin_list>
<pin id="61" dir="0" index="0" bw="32" slack="0"/>
<pin id="62" dir="0" index="1" bw="1" slack="0"/>
<pin id="63" dir="0" index="2" bw="7" slack="0"/>
<pin id="64" dir="1" index="3" bw="6" slack="0"/>
</pin_list>
<bind>
<opcode="getelementptr(29) " fcode="getelementptr"/>
<opset="col_buffer_real_addr/1 "/>
</bind>
</comp>

<comp id="67" class="1004" name="col_buffer_imag_addr_gep_fu_67">
<pin_list>
<pin id="68" dir="0" index="0" bw="32" slack="0"/>
<pin id="69" dir="0" index="1" bw="1" slack="0"/>
<pin id="70" dir="0" index="2" bw="7" slack="0"/>
<pin id="71" dir="1" index="3" bw="6" slack="0"/>
</pin_list>
<bind>
<opcode="getelementptr(29) " fcode="getelementptr"/>
<opset="col_buffer_imag_addr/1 "/>
</bind>
</comp>

<comp id="74" class="1004" name="grp_access_fu_74">
<pin_list>
<pin id="75" dir="0" index="0" bw="6" slack="0"/>
<pin id="76" dir="0" index="1" bw="32" slack="2147483647"/>
<pin id="77" dir="0" index="2" bw="0" slack="2147483647"/>
<pin id="78" dir="1" index="3" bw="32" slack="0"/>
</pin_list>
<bind>
<opcode="load(27) " fcode="load"/>
<opset="col_buffer_real_load/1 "/>
</bind>
</comp>

<comp id="80" class="1004" name="grp_access_fu_80">
<pin_list>
<pin id="81" dir="0" index="0" bw="6" slack="0"/>
<pin id="82" dir="0" index="1" bw="32" slack="2147483647"/>
<pin id="83" dir="0" index="2" bw="0" slack="2147483647"/>
<pin id="84" dir="1" index="3" bw="32" slack="0"/>
</pin_list>
<bind>
<opcode="load(27) " fcode="load"/>
<opset="col_buffer_imag_load/1 "/>
</bind>
</comp>

<comp id="86" class="1004" name="matrix_imag_addr_gep_fu_86">
<pin_list>
<pin id="87" dir="0" index="0" bw="32" slack="0"/>
<pin id="88" dir="0" index="1" bw="1" slack="0"/>
<pin id="89" dir="0" index="2" bw="14" slack="0"/>
<pin id="90" dir="1" index="3" bw="14" slack="0"/>
</pin_list>
<bind>
<opcode="getelementptr(29) " fcode="getelementptr"/>
<opset="matrix_imag_addr/2 "/>
</bind>
</comp>

<comp id="93" class="1004" name="matrix_real_addr_gep_fu_93">
<pin_list>
<pin id="94" dir="0" index="0" bw="32" slack="0"/>
<pin id="95" dir="0" index="1" bw="1" slack="0"/>
<pin id="96" dir="0" index="2" bw="14" slack="0"/>
<pin id="97" dir="1" index="3" bw="14" slack="0"/>
</pin_list>
<bind>
<opcode="getelementptr(29) " fcode="getelementptr"/>
<opset="matrix_real_addr/2 "/>
</bind>
</comp>

<comp id="100" class="1004" name="store_ln212_access_fu_100">
<pin_list>
<pin id="101" dir="0" index="0" bw="14" slack="0"/>
<pin id="102" dir="0" index="1" bw="32" slack="0"/>
<pin id="103" dir="0" index="2" bw="0" slack="2147483647"/>
<pin id="104" dir="1" index="3" bw="32" slack="2147483647"/>
</pin_list>
<bind>
<opcode="store(28) " fcode="store"/>
<opset="store_ln212/2 "/>
</bind>
</comp>

<comp id="107" class="1004" name="store_ln212_access_fu_107">
<pin_list>
<pin id="108" dir="0" index="0" bw="14" slack="0"/>
<pin id="109" dir="0" index="1" bw="32" slack="0"/>
<pin id="110" dir="0" index="2" bw="0" slack="2147483647"/>
<pin id="111" dir="1" index="3" bw="32" slack="2147483647"/>
</pin_list>
<bind>
<opcode="store(28) " fcode="store"/>
<opset="store_ln212/2 "/>
</bind>
</comp>

<comp id="114" class="1004" name="store_ln211_store_fu_114">
<pin_list>
<pin id="115" dir="0" index="0" bw="1" slack="0"/>
<pin id="116" dir="0" index="1" bw="7" slack="0"/>
<pin id="117" dir="1" index="2" bw="0" slack="2147483647"/>
</pin_list>
<bind>
<opcode="store(28) " fcode="store"/>
<opset="store_ln211/1 "/>
</bind>
</comp>

<comp id="119" class="1004" name="r_1_load_fu_119">
<pin_list>
<pin id="120" dir="0" index="0" bw="7" slack="0"/>
<pin id="121" dir="1" index="1" bw="7" slack="0"/>
</pin_list>
<bind>
<opcode="load(27) " fcode="load"/>
<opset="r_1/1 "/>
</bind>
</comp>

<comp id="122" class="1004" name="icmp_ln211_fu_122">
<pin_list>
<pin id="123" dir="0" index="0" bw="7" slack="0"/>
<pin id="124" dir="0" index="1" bw="7" slack="0"/>
<pin id="125" dir="1" index="2" bw="1" slack="2147483647"/>
</pin_list>
<bind>
<opcode="icmp(45) " fcode="icmp"/>
<opset="icmp_ln211/1 "/>
</bind>
</comp>

<comp id="128" class="1004" name="add_ln211_fu_128">
<pin_list>
<pin id="129" dir="0" index="0" bw="7" slack="0"/>
<pin id="130" dir="0" index="1" bw="1" slack="0"/>
<pin id="131" dir="1" index="2" bw="7" slack="0"/>
</pin_list>
<bind>
<opcode="add(8) " fcode="add"/>
<opset="add_ln211/1 "/>
</bind>
</comp>

<comp id="134" class="1004" name="zext_ln211_fu_134">
<pin_list>
<pin id="135" dir="0" index="0" bw="7" slack="0"/>
<pin id="136" dir="1" index="1" bw="64" slack="0"/>
</pin_list>
<bind>
<opcode="zext(34) " fcode="zext"/>
<opset="zext_ln211/1 "/>
</bind>
</comp>

<comp id="140" class="1004" name="zext_ln212_fu_140">
<pin_list>
<pin id="141" dir="0" index="0" bw="7" slack="0"/>
<pin id="142" dir="1" index="1" bw="8" slack="0"/>
</pin_list>
<bind>
<opcode="zext(34) " fcode="zext"/>
<opset="zext_ln212/1 "/>
</bind>
</comp>

<comp id="144" class="1004" name="add_ln212_fu_144">
<pin_list>
<pin id="145" dir="0" index="0" bw="8" slack="0"/>
<pin id="146" dir="0" index="1" bw="7" slack="0"/>
<pin id="147" dir="1" index="2" bw="8" slack="1"/>
</pin_list>
<bind>
<opcode="add(8) " fcode="add"/>
<opset="add_ln212/1 "/>
</bind>
</comp>

<comp id="150" class="1004" name="store_ln211_store_fu_150">
<pin_list>
<pin id="151" dir="0" index="0" bw="7" slack="0"/>
<pin id="152" dir="0" index="1" bw="7" slack="0"/>
<pin id="153" dir="1" index="2" bw="0" slack="2147483647"/>
</pin_list>
<bind>
<opcode="store(28) " fcode="store"/>
<opset="store_ln211/1 "/>
</bind>
</comp>

<comp id="155" class="1004" name="add_ln212_1_fu_155">
<pin_list>
<pin id="156" dir="0" index="0" bw="14" slack="0"/>
<pin id="157" dir="0" index="1" bw="8" slack="1"/>
<pin id="158" dir="0" index="2" bw="6" slack="1"/>
<pin id="159" dir="1" index="3" bw="14" slack="0"/>
</pin_list>
<bind>
<opcode="bitconcatenate(1004) " fcode="bitconcatenate"/>
<opset="add_ln212_1/2 "/>
</bind>
</comp>

<comp id="161" class="1004" name="zext_ln212_1_fu_161">
<pin_list>
<pin id="162" dir="0" index="0" bw="14" slack="0"/>
<pin id="163" dir="1" index="1" bw="64" slack="0"/>
</pin_list>
<bind>
<opcode="zext(34) " fcode="zext"/>
<opset="zext_ln212_1/2 "/>
</bind>
</comp>

<comp id="167" class="1005" name="r_reg_167">
<pin_list>
<pin id="168" dir="0" index="0" bw="7" slack="0"/>
<pin id="169" dir="1" index="1" bw="7" slack="0"/>
</pin_list>
<bind>
<opset="r "/>
</bind>
</comp>

<comp id="174" class="1005" name="zext_ln204_read_reg_174">
<pin_list>
<pin id="175" dir="0" index="0" bw="6" slack="1"/>
<pin id="176" dir="1" index="1" bw="6" slack="1"/>
</pin_list>
<bind>
<opset="zext_ln204_read "/>
</bind>
</comp>

<comp id="182" class="1005" name="add_ln212_reg_182">
<pin_list>
<pin id="183" dir="0" index="0" bw="8" slack="1"/>
<pin id="184" dir="1" index="1" bw="8" slack="1"/>
</pin_list>
<bind>
<opset="add_ln212 "/>
</bind>
</comp>

<comp id="187" class="1005" name="col_buffer_real_addr_reg_187">
<pin_list>
<pin id="188" dir="0" index="0" bw="6" slack="1"/>
<pin id="189" dir="1" index="1" bw="6" slack="1"/>
</pin_list>
<bind>
<opset="col_buffer_real_addr "/>
</bind>
</comp>

<comp id="192" class="1005" name="col_buffer_imag_addr_reg_192">
<pin_list>
<pin id="193" dir="0" index="0" bw="6" slack="1"/>
<pin id="194" dir="1" index="1" bw="6" slack="1"/>
</pin_list>
<bind>
<opset="col_buffer_imag_addr "/>
</bind>
</comp>

</comp_list>

<net_list>
<net id="47"><net_src comp="12" pin="0"/><net_sink comp="44" pin=0"/></net>

<net id="52"><net_src comp="14" pin="0"/><net_sink comp="48" pin=0"/></net>

<net id="53"><net_src comp="2" pin="0"/><net_sink comp="48" pin=1"/></net>

<net id="58"><net_src comp="16" pin="0"/><net_sink comp="54" pin=0"/></net>

<net id="59"><net_src comp="0" pin="0"/><net_sink comp="54" pin=1"/></net>

<net id="65"><net_src comp="4" pin="0"/><net_sink comp="60" pin=0"/></net>

<net id="66"><net_src comp="24" pin="0"/><net_sink comp="60" pin=1"/></net>

<net id="72"><net_src comp="6" pin="0"/><net_sink comp="67" pin=0"/></net>

<net id="73"><net_src comp="24" pin="0"/><net_sink comp="67" pin=1"/></net>

<net id="79"><net_src comp="60" pin="3"/><net_sink comp="74" pin=0"/></net>

<net id="85"><net_src comp="67" pin="3"/><net_sink comp="80" pin=0"/></net>

<net id="91"><net_src comp="10" pin="0"/><net_sink comp="86" pin=0"/></net>

<net id="92"><net_src comp="24" pin="0"/><net_sink comp="86" pin=1"/></net>

<net id="98"><net_src comp="8" pin="0"/><net_sink comp="93" pin=0"/></net>

<net id="99"><net_src comp="24" pin="0"/><net_sink comp="93" pin=1"/></net>

<net id="105"><net_src comp="74" pin="3"/><net_sink comp="100" pin=1"/></net>

<net id="106"><net_src comp="93" pin="3"/><net_sink comp="100" pin=0"/></net>

<net id="112"><net_src comp="80" pin="3"/><net_sink comp="107" pin=1"/></net>

<net id="113"><net_src comp="86" pin="3"/><net_sink comp="107" pin=0"/></net>

<net id="118"><net_src comp="18" pin="0"/><net_sink comp="114" pin=0"/></net>

<net id="126"><net_src comp="119" pin="1"/><net_sink comp="122" pin=0"/></net>

<net id="127"><net_src comp="20" pin="0"/><net_sink comp="122" pin=1"/></net>

<net id="132"><net_src comp="119" pin="1"/><net_sink comp="128" pin=0"/></net>

<net id="133"><net_src comp="22" pin="0"/><net_sink comp="128" pin=1"/></net>

<net id="137"><net_src comp="119" pin="1"/><net_sink comp="134" pin=0"/></net>

<net id="138"><net_src comp="134" pin="1"/><net_sink comp="60" pin=2"/></net>

<net id="139"><net_src comp="134" pin="1"/><net_sink comp="67" pin=2"/></net>

<net id="143"><net_src comp="119" pin="1"/><net_sink comp="140" pin=0"/></net>

<net id="148"><net_src comp="54" pin="2"/><net_sink comp="144" pin=0"/></net>

<net id="149"><net_src comp="140" pin="1"/><net_sink comp="144" pin=1"/></net>

<net id="154"><net_src comp="128" pin="2"/><net_sink comp="150" pin=0"/></net>

<net id="160"><net_src comp="26" pin="0"/><net_sink comp="155" pin=0"/></net>

<net id="164"><net_src comp="155" pin="3"/><net_sink comp="161" pin=0"/></net>

<net id="165"><net_src comp="161" pin="1"/><net_sink comp="86" pin=2"/></net>

<net id="166"><net_src comp="161" pin="1"/><net_sink comp="93" pin=2"/></net>

<net id="170"><net_src comp="44" pin="1"/><net_sink comp="167" pin=0"/></net>

<net id="171"><net_src comp="167" pin="1"/><net_sink comp="114" pin=1"/></net>

<net id="172"><net_src comp="167" pin="1"/><net_sink comp="119" pin=0"/></net>

<net id="173"><net_src comp="167" pin="1"/><net_sink comp="150" pin=1"/></net>

<net id="177"><net_src comp="48" pin="2"/><net_sink comp="174" pin=0"/></net>

<net id="178"><net_src comp="174" pin="1"/><net_sink comp="155" pin=2"/></net>

<net id="185"><net_src comp="144" pin="2"/><net_sink comp="182" pin=0"/></net>

<net id="186"><net_src comp="182" pin="1"/><net_sink comp="155" pin=1"/></net>

<net id="190"><net_src comp="60" pin="3"/><net_sink comp="187" pin=0"/></net>

<net id="191"><net_src comp="187" pin="1"/><net_sink comp="74" pin=0"/></net>

<net id="195"><net_src comp="67" pin="3"/><net_sink comp="192" pin=0"/></net>

<net id="196"><net_src comp="192" pin="1"/><net_sink comp="80" pin=0"/></net>

</net_list>

</model> 
---------------- Datapath Model END ------------------

* FSMD analyzer results:
  - Output states:
	Port: matrix_real | {2 }
	Port: matrix_imag | {2 }
 - Input state : 
	Port: fft2d_fixed_top_Pipeline_VITIS_LOOP_211_11 : zext_ln206 | {1 }
	Port: fft2d_fixed_top_Pipeline_VITIS_LOOP_211_11 : zext_ln204 | {1 }
	Port: fft2d_fixed_top_Pipeline_VITIS_LOOP_211_11 : col_buffer_real | {1 2 }
	Port: fft2d_fixed_top_Pipeline_VITIS_LOOP_211_11 : col_buffer_imag | {1 2 }
  - Chain level:
	State 1
		store_ln211 : 1
		r_1 : 1
		icmp_ln211 : 2
		add_ln211 : 2
		br_ln211 : 3
		zext_ln211 : 2
		zext_ln212 : 2
		add_ln212 : 3
		col_buffer_real_addr : 3
		col_buffer_imag_addr : 3
		col_buffer_real_load : 4
		col_buffer_imag_load : 4
		store_ln211 : 3
	State 2
		zext_ln212_1 : 1
		matrix_imag_addr : 2
		matrix_real_addr : 2
		store_ln212 : 3
		store_ln212 : 3


============================================================
+ Verbose Summary: Datapath Resource usage 
============================================================

* Functional unit list:
|----------|----------------------------|---------|---------|
| Operation|       Functional Unit      |    FF   |   LUT   |
|----------|----------------------------|---------|---------|
|    add   |      add_ln211_fu_128      |    0    |    14   |
|          |      add_ln212_fu_144      |    0    |    15   |
|----------|----------------------------|---------|---------|
|   icmp   |      icmp_ln211_fu_122     |    0    |    14   |
|----------|----------------------------|---------|---------|
|   read   | zext_ln204_read_read_fu_48 |    0    |    0    |
|          | zext_ln206_read_read_fu_54 |    0    |    0    |
|----------|----------------------------|---------|---------|
|          |      zext_ln211_fu_134     |    0    |    0    |
|   zext   |      zext_ln212_fu_140     |    0    |    0    |
|          |     zext_ln212_1_fu_161    |    0    |    0    |
|----------|----------------------------|---------|---------|
|bitconcatenate|     add_ln212_1_fu_155     |    0    |    0    |
|----------|----------------------------|---------|---------|
|   Total  |                            |    0    |    43   |
|----------|----------------------------|---------|---------|

Memories:
N/A

* Register list:
+----------------------------+--------+
|                            |   FF   |
+----------------------------+--------+
|      add_ln212_reg_182     |    8   |
|col_buffer_imag_addr_reg_192|    6   |
|col_buffer_real_addr_reg_187|    6   |
|          r_reg_167         |    7   |
|   zext_ln204_read_reg_174  |    6   |
+----------------------------+--------+
|            Total           |   33   |
+----------------------------+--------+

* Multiplexer (MUX) list: 
|------------------|------|------|------|--------||---------||---------||---------|
|       Comp       |  Pin | Size |  BW  | S x BW ||  Delay  ||    FF   ||   LUT   |
|------------------|------|------|------|--------||---------||---------||---------|
| grp_access_fu_74 |  p0  |   2  |   6  |   12   ||    0    ||    9    |
| grp_access_fu_80 |  p0  |   2  |   6  |   12   ||    0    ||    9    |
|------------------|------|------|------|--------||---------||---------||---------|
|       Total      |      |      |      |   24   ||  3.176  ||    0    ||    18   |
|------------------|------|------|------|--------||---------||---------||---------|



* Summary:
+-----------+--------+--------+--------+
|           |  Delay |   FF   |   LUT  |
+-----------+--------+--------+--------+
|  Function |    -   |    0   |   43   |
|   Memory  |    -   |    -   |    -   |
|Multiplexer|    3   |    0   |   18   |
|  Register |    -   |   33   |    -   |
+-----------+--------+--------+--------+
|   Total   |    3   |   33   |   61   |
+-----------+--------+--------+--------+
