

================================================================
== Vitis HLS Report for 'fft2d_fixed_top_Pipeline_VITIS_LOOP_191_6'
================================================================
* Date:           Mon Jun 29 12:38:31 2026

* Version:        2025.2 (Build 6295257 on Nov 14 2025)
* Project:        fft2d_accel_rgb_prj
* Solution:       solution1 (Vivado IP Flow Target)
* Product family: zynq
* Target device:  xc7z020-clg400-1


================================================================
== Performance Estimates
================================================================
+ Timing: 
    * Summary: 
    +--------+----------+----------+------------+
    |  Clock |  Target  | Estimated| Uncertainty|
    +--------+----------+----------+------------+
    |ap_clk  |  10.00 ns|  6.654 ns|     2.70 ns|
    +--------+----------+----------+------------+

+ Latency: 
    * Summary: 
    +---------+---------+----------+----------+-----+-----+-------------------+
    |  Latency (cycles) |  Latency (absolute) |  Interval |      Pipeline     |
    |   min   |   max   |    min   |    max   | min | max |        Type       |
    +---------+---------+----------+----------+-----+-----+-------------------+
    |       66|       66|  0.660 us|  0.660 us|    0|    0|  loop pipeline stp|
    +---------+---------+----------+----------+-----+-----+-------------------+

    + Detail: 
        * Instance: 
        N/A

        * Loop: 
        +--------------------+---------+---------+----------+-----------+-----------+------+----------+
        |                    |  Latency (cycles) | Iteration|  Initiation Interval  | Trip |          |
        |      Loop Name     |   min   |   max   |  Latency |  achieved |   target  | Count| Pipelined|
        +--------------------+---------+---------+----------+-----------+-----------+------+----------+
        |- VITIS_LOOP_191_6  |       64|       64|         2|          1|          1|    64|       yes|
        +--------------------+---------+---------+----------+-----------+-----------+------+----------+

============================================================
+ Verbose Summary: Synthesis Manager
============================================================
InlineROM: 1
ExposeGlobal: 0
============================================================
+ Verbose Summary: CDFG Model
============================================================
IsTopModel: 0
ResetActiveHigh: 1
IsCombinational: 0
IsDatapathOnly: 0
HasWiredReturn: 1
HasMFsm: 2
HasVarLatency: 1
IsPipeline: 0
IsRtlPipelined: 0
IsInstanceOverlapped: 0
IsDontTouch: 0
HasImplIP: 0
IsGatedGlobalClock: 0

+ Individual pipeline summary: 
  * Pipeline-0: initiation interval (II) = 1, depth = 2


============================================================
+ Verbose Summary: Schedule
============================================================
* Number of FSM states : 2
* Pipeline : 1
  Pipeline-0 : II = 1, D = 2, States = { 1 2 }
* Dataflow Pipeline: 0

* FSM state transitions: 
1 --> 2 
2 --> 

* FSM state operations: 

State 1 <SV = 0> <Delay = 6.65>
ST_1 : Operation 5 [1/1] (0.00ns)   --->   "%c = alloca i32 1" [src/fft2d_fixed.cpp:191]   --->   Operation 5 'alloca' 'c' <Predicate = true> <Delay = 0.00>
ST_1 : Operation 6 [1/1] (0.00ns)   --->   "%tmp = read i14 @_ssdm_op_Read.ap_auto.i14, i14 %empty"   --->   Operation 6 'read' 'tmp' <Predicate = true> <Delay = 0.00>
ST_1 : Operation 7 [1/1] (1.58ns)   --->   "%store_ln191 = store i7 0, i7 %c" [src/fft2d_fixed.cpp:191]   --->   Operation 7 'store' 'store_ln191' <Predicate = true> <Delay = 1.58>
ST_1 : Operation 8 [1/1] (0.00ns)   --->   "%br_ln0 = br void %for.inc86"   --->   Operation 8 'br' 'br_ln0' <Predicate = true> <Delay = 0.00>
ST_1 : Operation 9 [1/1] (0.00ns)   --->   "%c_2 = load i7 %c" [src/fft2d_fixed.cpp:191]   --->   Operation 9 'load' 'c_2' <Predicate = true> <Delay = 0.00>
ST_1 : Operation 10 [1/1] (1.87ns)   --->   "%icmp_ln191 = icmp_eq  i7 %c_2, i7 64" [src/fft2d_fixed.cpp:191]   --->   Operation 10 'icmp' 'icmp_ln191' <Predicate = true> <Delay = 1.87> <CoreInst = "Cmp">   --->   Core 9 'Cmp' <Latency = 0> <II = 1> <Delay = 1.87> <FuncUnit> <Opcode : 'seteq' 'setne' 'setle' 'setge' 'setlt' 'setgt'> <InPorts = 2> <OutPorts = 1>
ST_1 : Operation 11 [1/1] (1.87ns)   --->   "%add_ln191 = add i7 %c_2, i7 1" [src/fft2d_fixed.cpp:191]   --->   Operation 11 'add' 'add_ln191' <Predicate = true> <Delay = 1.87> <CoreInst = "Adder">   --->   Core 1 'Adder' <Latency = 0> <II = 1> <Delay = 1.87> <FuncUnit> <Opcode : 'add' 'sub'> <InPorts = 2> <OutPorts = 1>
ST_1 : Operation 12 [1/1] (0.00ns)   --->   "%br_ln191 = br i1 %icmp_ln191, void %for.inc86.split, void %VITIS_LOOP_197_7.exitStub" [src/fft2d_fixed.cpp:191]   --->   Operation 12 'br' 'br_ln191' <Predicate = true> <Delay = 0.00>
ST_1 : Operation 13 [1/1] (0.00ns)   --->   "%zext_ln192 = zext i7 %c_2" [src/fft2d_fixed.cpp:192]   --->   Operation 13 'zext' 'zext_ln192' <Predicate = (!icmp_ln191)> <Delay = 0.00>
ST_1 : Operation 14 [1/1] (1.81ns)   --->   "%add_ln192 = add i14 %tmp, i14 %zext_ln192" [src/fft2d_fixed.cpp:192]   --->   Operation 14 'add' 'add_ln192' <Predicate = (!icmp_ln191)> <Delay = 1.81> <CoreInst = "Adder">   --->   Core 1 'Adder' <Latency = 0> <II = 1> <Delay = 1.81> <FuncUnit> <Opcode : 'add' 'sub'> <InPorts = 2> <OutPorts = 1>
ST_1 : Operation 15 [1/1] (0.00ns)   --->   "%zext_ln192_1 = zext i14 %add_ln192" [src/fft2d_fixed.cpp:192]   --->   Operation 15 'zext' 'zext_ln192_1' <Predicate = (!icmp_ln191)> <Delay = 0.00>
ST_1 : Operation 16 [1/1] (0.00ns)   --->   "%matrix_imag_addr = getelementptr i32 %matrix_imag, i64 0, i64 %zext_ln192_1" [src/fft2d_fixed.cpp:192]   --->   Operation 16 'getelementptr' 'matrix_imag_addr' <Predicate = (!icmp_ln191)> <Delay = 0.00>
ST_1 : Operation 17 [1/1] (0.00ns)   --->   "%matrix_real_addr = getelementptr i32 %matrix_real, i64 0, i64 %zext_ln192_1" [src/fft2d_fixed.cpp:192]   --->   Operation 17 'getelementptr' 'matrix_real_addr' <Predicate = (!icmp_ln191)> <Delay = 0.00>
ST_1 : Operation 18 [2/2] (3.25ns)   --->   "%matrix_real_load = load i14 %matrix_real_addr" [src/fft2d_fixed.cpp:192]   --->   Operation 18 'load' 'matrix_real_load' <Predicate = (!icmp_ln191)> <Delay = 3.25> <CoreInst = "RAM">   --->   Core 81 'RAM' <Latency = 1> <II = 1> <Delay = 3.25> <Storage> <Opcode : 'load' 'store'> <Ports = 2> <Width = 32> <Depth = 12288> <RAM>
ST_1 : Operation 19 [2/2] (3.25ns)   --->   "%matrix_imag_load = load i14 %matrix_imag_addr" [src/fft2d_fixed.cpp:192]   --->   Operation 19 'load' 'matrix_imag_load' <Predicate = (!icmp_ln191)> <Delay = 3.25> <CoreInst = "RAM">   --->   Core 81 'RAM' <Latency = 1> <II = 1> <Delay = 3.25> <Storage> <Opcode : 'load' 'store'> <Ports = 2> <Width = 32> <Depth = 12288> <RAM>
ST_1 : Operation 20 [1/1] (1.58ns)   --->   "%store_ln191 = store i7 %add_ln191, i7 %c" [src/fft2d_fixed.cpp:191]   --->   Operation 20 'store' 'store_ln191' <Predicate = (!icmp_ln191)> <Delay = 1.58>
ST_1 : Operation 32 [1/1] (1.58ns)   --->   "%ret_ln0 = ret"   --->   Operation 32 'ret' 'ret_ln0' <Predicate = (icmp_ln191)> <Delay = 1.58>

State 2 <SV = 1> <Delay = 6.50>
ST_2 : Operation 21 [1/1] (0.00ns)   --->   "%zext_ln191 = zext i7 %c_2" [src/fft2d_fixed.cpp:191]   --->   Operation 21 'zext' 'zext_ln191' <Predicate = true> <Delay = 0.00>
ST_2 : Operation 22 [1/1] (0.00ns)   --->   "%specpipeline_ln191 = specpipeline void @_ssdm_op_SpecPipeline, i32 4294967295, i32 0, i32 0, i32 0, i32 4294967295, void @empty" [src/fft2d_fixed.cpp:191]   --->   Operation 22 'specpipeline' 'specpipeline_ln191' <Predicate = true> <Delay = 0.00>
ST_2 : Operation 23 [1/1] (0.00ns)   --->   "%speclooptripcount_ln191 = speclooptripcount void @_ssdm_op_SpecLoopTripCount, i64 64, i64 64, i64 64" [src/fft2d_fixed.cpp:191]   --->   Operation 23 'speclooptripcount' 'speclooptripcount_ln191' <Predicate = true> <Delay = 0.00>
ST_2 : Operation 24 [1/1] (0.00ns)   --->   "%specloopname_ln191 = specloopname void @_ssdm_op_SpecLoopName, void @empty_10" [src/fft2d_fixed.cpp:191]   --->   Operation 24 'specloopname' 'specloopname_ln191' <Predicate = true> <Delay = 0.00>
ST_2 : Operation 25 [1/1] (0.00ns)   --->   "%row_buffer_real_addr = getelementptr i32 %row_buffer_real, i64 0, i64 %zext_ln191" [src/fft2d_fixed.cpp:192]   --->   Operation 25 'getelementptr' 'row_buffer_real_addr' <Predicate = true> <Delay = 0.00>
ST_2 : Operation 26 [1/1] (0.00ns)   --->   "%row_buffer_imag_addr = getelementptr i32 %row_buffer_imag, i64 0, i64 %zext_ln191" [src/fft2d_fixed.cpp:192]   --->   Operation 26 'getelementptr' 'row_buffer_imag_addr' <Predicate = true> <Delay = 0.00>
ST_2 : Operation 27 [1/2] ( I:3.25ns O:3.25ns )   --->   "%matrix_real_load = load i14 %matrix_real_addr" [src/fft2d_fixed.cpp:192]   --->   Operation 27 'load' 'matrix_real_load' <Predicate = true> <Delay = 3.25> <CoreInst = "RAM">   --->   Core 81 'RAM' <Latency = 1> <II = 1> <Delay = 3.25> <Storage> <Opcode : 'load' 'store'> <Ports = 2> <Width = 32> <Depth = 12288> <RAM>
ST_2 : Operation 28 [1/2] ( I:3.25ns O:3.25ns )   --->   "%matrix_imag_load = load i14 %matrix_imag_addr" [src/fft2d_fixed.cpp:192]   --->   Operation 28 'load' 'matrix_imag_load' <Predicate = true> <Delay = 3.25> <CoreInst = "RAM">   --->   Core 81 'RAM' <Latency = 1> <II = 1> <Delay = 3.25> <Storage> <Opcode : 'load' 'store'> <Ports = 2> <Width = 32> <Depth = 12288> <RAM>
ST_2 : Operation 29 [1/1] ( I:3.25ns O:3.25ns )   --->   "%store_ln192 = store i32 %matrix_real_load, i6 %row_buffer_real_addr" [src/fft2d_fixed.cpp:192]   --->   Operation 29 'store' 'store_ln192' <Predicate = true> <Delay = 3.25> <CoreInst = "RAM">   --->   Core 81 'RAM' <Latency = 1> <II = 1> <Delay = 3.25> <Storage> <Opcode : 'load' 'store'> <Ports = 2> <Width = 32> <Depth = 64> <RAM>
ST_2 : Operation 30 [1/1] ( I:3.25ns O:3.25ns )   --->   "%store_ln192 = store i32 %matrix_imag_load, i6 %row_buffer_imag_addr" [src/fft2d_fixed.cpp:192]   --->   Operation 30 'store' 'store_ln192' <Predicate = true> <Delay = 3.25> <CoreInst = "RAM">   --->   Core 81 'RAM' <Latency = 1> <II = 1> <Delay = 3.25> <Storage> <Opcode : 'load' 'store'> <Ports = 2> <Width = 32> <Depth = 64> <RAM>
ST_2 : Operation 31 [1/1] (0.00ns)   --->   "%br_ln191 = br void %for.inc86" [src/fft2d_fixed.cpp:191]   --->   Operation 31 'br' 'br_ln191' <Predicate = true> <Delay = 0.00>


============================================================
+ Verbose Summary: Binding
============================================================
STG Binding: 
---------------- STG Properties BEGIN ----------------
- Is combinational: 0
- Is one-state seq: 0
- Is datapath-only: 0
- Is pipelined: 0
- Is top level: 0
Port [ Return ] is wired: 1; IO mode=ap_ctrl_hs:ce=0
Port [ empty]:  wired=1; compound=0; hidden=0; nouse=0; global=0; static=0; extern=0; dir=0; type=0; pingpong=0; private_global=0; IO mode=ap_none:ce=0
Port [ row_buffer_real]:  wired=1; compound=1; hidden=0; nouse=0; global=0; static=0; extern=0; dir=1; type=1; pingpong=0; private_global=0; MemPort=[03]; IO mode=ap_memory:ce=0
Port [ row_buffer_imag]:  wired=1; compound=1; hidden=0; nouse=0; global=0; static=0; extern=0; dir=1; type=1; pingpong=0; private_global=0; MemPort=[03]; IO mode=ap_memory:ce=0
Port [ matrix_real]:  wired=1; compound=1; hidden=0; nouse=0; global=1; static=1; extern=0; dir=0; type=1; pingpong=0; private_global=0; MemPort=[13]; IO mode=ap_memory:ce=0
Port [ matrix_imag]:  wired=1; compound=1; hidden=0; nouse=0; global=1; static=1; extern=0; dir=0; type=1; pingpong=0; private_global=0; MemPort=[13]; IO mode=ap_memory:ce=0
---------------- STG Properties END ------------------

---------------- Datapath Model BEGIN ----------------

<LifeTime>
<method=bitvector/>
c                       (alloca           ) [ 010]
tmp                     (read             ) [ 000]
store_ln191             (store            ) [ 000]
br_ln0                  (br               ) [ 000]
c_2                     (load             ) [ 011]
icmp_ln191              (icmp             ) [ 010]
add_ln191               (add              ) [ 000]
br_ln191                (br               ) [ 000]
zext_ln192              (zext             ) [ 000]
add_ln192               (add              ) [ 000]
zext_ln192_1            (zext             ) [ 000]
matrix_imag_addr        (getelementptr    ) [ 011]
matrix_real_addr        (getelementptr    ) [ 011]
store_ln191             (store            ) [ 000]
zext_ln191              (zext             ) [ 000]
specpipeline_ln191      (specpipeline     ) [ 000]
speclooptripcount_ln191 (speclooptripcount) [ 000]
specloopname_ln191      (specloopname     ) [ 000]
row_buffer_real_addr    (getelementptr    ) [ 000]
row_buffer_imag_addr    (getelementptr    ) [ 000]
matrix_real_load        (load             ) [ 000]
matrix_imag_load        (load             ) [ 000]
store_ln192             (store            ) [ 000]
store_ln192             (store            ) [ 000]
br_ln191                (br               ) [ 000]
ret_ln0                 (ret              ) [ 000]
</LifeTime>

<model>

<comp_list>
<comp id="0" class="1000" name="empty">
<pin_list>
<pin id="1" dir="1" index="0" bw="1" slack="0"/>
</pin_list>
<bind>
<StgValue><ssdm name="empty"/></StgValue>
</bind>
</comp>

<comp id="2" class="1000" name="row_buffer_real">
<pin_list>
<pin id="3" dir="1" index="0" bw="1" slack="0"/>
</pin_list>
<bind>
<StgValue><ssdm name="row_buffer_real"/><MemPortTyVec>0 3 </MemPortTyVec>
</StgValue>
</bind>
</comp>

<comp id="4" class="1000" name="row_buffer_imag">
<pin_list>
<pin id="5" dir="1" index="0" bw="1" slack="0"/>
</pin_list>
<bind>
<StgValue><ssdm name="row_buffer_imag"/><MemPortTyVec>0 3 </MemPortTyVec>
</StgValue>
</bind>
</comp>

<comp id="6" class="1000" name="matrix_real">
<pin_list>
<pin id="7" dir="1" index="0" bw="1" slack="0"/>
</pin_list>
<bind>
<StgValue><ssdm name="matrix_real"/><MemPortTyVec>1 3 </MemPortTyVec>
</StgValue>
</bind>
</comp>

<comp id="8" class="1000" name="matrix_imag">
<pin_list>
<pin id="9" dir="1" index="0" bw="1" slack="0"/>
</pin_list>
<bind>
<StgValue><ssdm name="matrix_imag"/><MemPortTyVec>1 3 </MemPortTyVec>
</StgValue>
</bind>
</comp>

<comp id="10" class="1001" name="const_10">
<pin_list>
<pin id="11" dir="1" index="0" bw="1" slack="0"/>
</pin_list>
<bind>
<StgValue><ssdm name=""/></StgValue>
</bind>
</comp>

<comp id="12" class="1001" name="const_12">
<pin_list>
<pin id="13" dir="1" index="0" bw="1" slack="0"/>
</pin_list>
<bind>
<StgValue><ssdm name="_ssdm_op_Read.ap_auto.i14"/></StgValue>
</bind>
</comp>

<comp id="14" class="1001" name="const_14">
<pin_list>
<pin id="15" dir="1" index="0" bw="1" slack="0"/>
</pin_list>
<bind>
<StgValue><ssdm name=""/></StgValue>
</bind>
</comp>

<comp id="16" class="1001" name="const_16">
<pin_list>
<pin id="17" dir="1" index="0" bw="1" slack="0"/>
</pin_list>
<bind>
<StgValue><ssdm name=""/></StgValue>
</bind>
</comp>

<comp id="18" class="1001" name="const_18">
<pin_list>
<pin id="19" dir="1" index="0" bw="1" slack="0"/>
</pin_list>
<bind>
<StgValue><ssdm name=""/></StgValue>
</bind>
</comp>

<comp id="20" class="1001" name="const_20">
<pin_list>
<pin id="21" dir="1" index="0" bw="1" slack="0"/>
</pin_list>
<bind>
<StgValue><ssdm name=""/></StgValue>
</bind>
</comp>

<comp id="22" class="1001" name="const_22">
<pin_list>
<pin id="23" dir="1" index="0" bw="1" slack="2147483647"/>
</pin_list>
<bind>
<StgValue><ssdm name="_ssdm_op_SpecPipeline"/></StgValue>
</bind>
</comp>

<comp id="24" class="1001" name="const_24">
<pin_list>
<pin id="25" dir="1" index="0" bw="1" slack="2147483647"/>
</pin_list>
<bind>
<StgValue><ssdm name=""/></StgValue>
</bind>
</comp>

<comp id="26" class="1001" name="const_26">
<pin_list>
<pin id="27" dir="1" index="0" bw="1" slack="2147483647"/>
</pin_list>
<bind>
<StgValue><ssdm name=""/></StgValue>
</bind>
</comp>

<comp id="28" class="1001" name="const_28">
<pin_list>
<pin id="29" dir="1" index="0" bw="1" slack="2147483647"/>
</pin_list>
<bind>
<StgValue><ssdm name="empty"/></StgValue>
</bind>
</comp>

<comp id="30" class="1001" name="const_30">
<pin_list>
<pin id="31" dir="1" index="0" bw="1" slack="2147483647"/>
</pin_list>
<bind>
<StgValue><ssdm name="_ssdm_op_SpecLoopTripCount"/></StgValue>
</bind>
</comp>

<comp id="32" class="1001" name="const_32">
<pin_list>
<pin id="33" dir="1" index="0" bw="1" slack="2147483647"/>
</pin_list>
<bind>
<StgValue><ssdm name=""/></StgValue>
</bind>
</comp>

<comp id="34" class="1001" name="const_34">
<pin_list>
<pin id="35" dir="1" index="0" bw="1" slack="2147483647"/>
</pin_list>
<bind>
<StgValue><ssdm name="_ssdm_op_SpecLoopName"/></StgValue>
</bind>
</comp>

<comp id="36" class="1001" name="const_36">
<pin_list>
<pin id="37" dir="1" index="0" bw="1" slack="2147483647"/>
</pin_list>
<bind>
<StgValue><ssdm name="empty_10"/></StgValue>
</bind>
</comp>

<comp id="38" class="1004" name="c_fu_38">
<pin_list>
<pin id="39" dir="0" index="0" bw="1" slack="0"/>
<pin id="40" dir="1" index="1" bw="7" slack="0"/>
</pin_list>
<bind>
<opcode="alloca(26) " fcode="alloca"/>
<opset="c/1 "/>
</bind>
</comp>

<comp id="42" class="1004" name="tmp_read_fu_42">
<pin_list>
<pin id="43" dir="0" index="0" bw="14" slack="0"/>
<pin id="44" dir="0" index="1" bw="14" slack="0"/>
<pin id="45" dir="1" index="2" bw="14" slack="0"/>
</pin_list>
<bind>
<opcode="read(1150) " fcode="read"/>
<opset="tmp/1 "/>
</bind>
</comp>

<comp id="48" class="1004" name="matrix_imag_addr_gep_fu_48">
<pin_list>
<pin id="49" dir="0" index="0" bw="32" slack="0"/>
<pin id="50" dir="0" index="1" bw="1" slack="0"/>
<pin id="51" dir="0" index="2" bw="14" slack="0"/>
<pin id="52" dir="1" index="3" bw="14" slack="0"/>
</pin_list>
<bind>
<opcode="getelementptr(29) " fcode="getelementptr"/>
<opset="matrix_imag_addr/1 "/>
</bind>
</comp>

<comp id="55" class="1004" name="matrix_real_addr_gep_fu_55">
<pin_list>
<pin id="56" dir="0" index="0" bw="32" slack="0"/>
<pin id="57" dir="0" index="1" bw="1" slack="0"/>
<pin id="58" dir="0" index="2" bw="14" slack="0"/>
<pin id="59" dir="1" index="3" bw="14" slack="0"/>
</pin_list>
<bind>
<opcode="getelementptr(29) " fcode="getelementptr"/>
<opset="matrix_real_addr/1 "/>
</bind>
</comp>

<comp id="62" class="1004" name="grp_access_fu_62">
<pin_list>
<pin id="63" dir="0" index="0" bw="14" slack="0"/>
<pin id="64" dir="0" index="1" bw="32" slack="2147483647"/>
<pin id="65" dir="0" index="2" bw="0" slack="2147483647"/>
<pin id="66" dir="1" index="3" bw="32" slack="0"/>
</pin_list>
<bind>
<opcode="load(27) " fcode="load"/>
<opset="matrix_real_load/1 "/>
</bind>
</comp>

<comp id="68" class="1004" name="grp_access_fu_68">
<pin_list>
<pin id="69" dir="0" index="0" bw="14" slack="0"/>
<pin id="70" dir="0" index="1" bw="32" slack="2147483647"/>
<pin id="71" dir="0" index="2" bw="0" slack="2147483647"/>
<pin id="72" dir="1" index="3" bw="32" slack="0"/>
</pin_list>
<bind>
<opcode="load(27) " fcode="load"/>
<opset="matrix_imag_load/1 "/>
</bind>
</comp>

<comp id="74" class="1004" name="row_buffer_real_addr_gep_fu_74">
<pin_list>
<pin id="75" dir="0" index="0" bw="32" slack="0"/>
<pin id="76" dir="0" index="1" bw="1" slack="0"/>
<pin id="77" dir="0" index="2" bw="7" slack="0"/>
<pin id="78" dir="1" index="3" bw="6" slack="0"/>
</pin_list>
<bind>
<opcode="getelementptr(29) " fcode="getelementptr"/>
<opset="row_buffer_real_addr/2 "/>
</bind>
</comp>

<comp id="81" class="1004" name="row_buffer_imag_addr_gep_fu_81">
<pin_list>
<pin id="82" dir="0" index="0" bw="32" slack="0"/>
<pin id="83" dir="0" index="1" bw="1" slack="0"/>
<pin id="84" dir="0" index="2" bw="7" slack="0"/>
<pin id="85" dir="1" index="3" bw="6" slack="0"/>
</pin_list>
<bind>
<opcode="getelementptr(29) " fcode="getelementptr"/>
<opset="row_buffer_imag_addr/2 "/>
</bind>
</comp>

<comp id="88" class="1004" name="store_ln192_access_fu_88">
<pin_list>
<pin id="89" dir="0" index="0" bw="6" slack="0"/>
<pin id="90" dir="0" index="1" bw="32" slack="0"/>
<pin id="91" dir="0" index="2" bw="0" slack="2147483647"/>
<pin id="92" dir="1" index="3" bw="32" slack="2147483647"/>
</pin_list>
<bind>
<opcode="store(28) " fcode="store"/>
<opset="store_ln192/2 "/>
</bind>
</comp>

<comp id="95" class="1004" name="store_ln192_access_fu_95">
<pin_list>
<pin id="96" dir="0" index="0" bw="6" slack="0"/>
<pin id="97" dir="0" index="1" bw="32" slack="0"/>
<pin id="98" dir="0" index="2" bw="0" slack="2147483647"/>
<pin id="99" dir="1" index="3" bw="32" slack="2147483647"/>
</pin_list>
<bind>
<opcode="store(28) " fcode="store"/>
<opset="store_ln192/2 "/>
</bind>
</comp>

<comp id="102" class="1004" name="store_ln191_store_fu_102">
<pin_list>
<pin id="103" dir="0" index="0" bw="1" slack="0"/>
<pin id="104" dir="0" index="1" bw="7" slack="0"/>
<pin id="105" dir="1" index="2" bw="0" slack="2147483647"/>
</pin_list>
<bind>
<opcode="store(28) " fcode="store"/>
<opset="store_ln191/1 "/>
</bind>
</comp>

<comp id="107" class="1004" name="c_2_load_fu_107">
<pin_list>
<pin id="108" dir="0" index="0" bw="7" slack="0"/>
<pin id="109" dir="1" index="1" bw="7" slack="0"/>
</pin_list>
<bind>
<opcode="load(27) " fcode="load"/>
<opset="c_2/1 "/>
</bind>
</comp>

<comp id="110" class="1004" name="icmp_ln191_fu_110">
<pin_list>
<pin id="111" dir="0" index="0" bw="7" slack="0"/>
<pin id="112" dir="0" index="1" bw="7" slack="0"/>
<pin id="113" dir="1" index="2" bw="1" slack="2147483647"/>
</pin_list>
<bind>
<opcode="icmp(45) " fcode="icmp"/>
<opset="icmp_ln191/1 "/>
</bind>
</comp>

<comp id="116" class="1004" name="add_ln191_fu_116">
<pin_list>
<pin id="117" dir="0" index="0" bw="7" slack="0"/>
<pin id="118" dir="0" index="1" bw="1" slack="0"/>
<pin id="119" dir="1" index="2" bw="7" slack="0"/>
</pin_list>
<bind>
<opcode="add(8) " fcode="add"/>
<opset="add_ln191/1 "/>
</bind>
</comp>

<comp id="122" class="1004" name="zext_ln192_fu_122">
<pin_list>
<pin id="123" dir="0" index="0" bw="7" slack="0"/>
<pin id="124" dir="1" index="1" bw="14" slack="0"/>
</pin_list>
<bind>
<opcode="zext(34) " fcode="zext"/>
<opset="zext_ln192/1 "/>
</bind>
</comp>

<comp id="126" class="1004" name="add_ln192_fu_126">
<pin_list>
<pin id="127" dir="0" index="0" bw="14" slack="0"/>
<pin id="128" dir="0" index="1" bw="7" slack="0"/>
<pin id="129" dir="1" index="2" bw="14" slack="0"/>
</pin_list>
<bind>
<opcode="add(8) " fcode="add"/>
<opset="add_ln192/1 "/>
</bind>
</comp>

<comp id="132" class="1004" name="zext_ln192_1_fu_132">
<pin_list>
<pin id="133" dir="0" index="0" bw="14" slack="0"/>
<pin id="134" dir="1" index="1" bw="64" slack="0"/>
</pin_list>
<bind>
<opcode="zext(34) " fcode="zext"/>
<opset="zext_ln192_1/1 "/>
</bind>
</comp>

<comp id="138" class="1004" name="store_ln191_store_fu_138">
<pin_list>
<pin id="139" dir="0" index="0" bw="7" slack="0"/>
<pin id="140" dir="0" index="1" bw="7" slack="0"/>
<pin id="141" dir="1" index="2" bw="0" slack="2147483647"/>
</pin_list>
<bind>
<opcode="store(28) " fcode="store"/>
<opset="store_ln191/1 "/>
</bind>
</comp>

<comp id="143" class="1004" name="zext_ln191_fu_143">
<pin_list>
<pin id="144" dir="0" index="0" bw="7" slack="1"/>
<pin id="145" dir="1" index="1" bw="64" slack="0"/>
</pin_list>
<bind>
<opcode="zext(34) " fcode="zext"/>
<opset="zext_ln191/2 "/>
</bind>
</comp>

<comp id="148" class="1005" name="c_reg_148">
<pin_list>
<pin id="149" dir="0" index="0" bw="7" slack="0"/>
<pin id="150" dir="1" index="1" bw="7" slack="0"/>
</pin_list>
<bind>
<opset="c "/>
</bind>
</comp>

<comp id="155" class="1005" name="c_2_reg_155">
<pin_list>
<pin id="156" dir="0" index="0" bw="7" slack="1"/>
<pin id="157" dir="1" index="1" bw="7" slack="1"/>
</pin_list>
<bind>
<opset="c_2 "/>
</bind>
</comp>

<comp id="163" class="1005" name="matrix_imag_addr_reg_163">
<pin_list>
<pin id="164" dir="0" index="0" bw="14" slack="1"/>
<pin id="165" dir="1" index="1" bw="14" slack="1"/>
</pin_list>
<bind>
<opset="matrix_imag_addr "/>
</bind>
</comp>

<comp id="168" class="1005" name="matrix_real_addr_reg_168">
<pin_list>
<pin id="169" dir="0" index="0" bw="14" slack="1"/>
<pin id="170" dir="1" index="1" bw="14" slack="1"/>
</pin_list>
<bind>
<opset="matrix_real_addr "/>
</bind>
</comp>

</comp_list>

<net_list>
<net id="41"><net_src comp="10" pin="0"/><net_sink comp="38" pin=0"/></net>

<net id="46"><net_src comp="12" pin="0"/><net_sink comp="42" pin=0"/></net>

<net id="47"><net_src comp="0" pin="0"/><net_sink comp="42" pin=1"/></net>

<net id="53"><net_src comp="8" pin="0"/><net_sink comp="48" pin=0"/></net>

<net id="54"><net_src comp="20" pin="0"/><net_sink comp="48" pin=1"/></net>

<net id="60"><net_src comp="6" pin="0"/><net_sink comp="55" pin=0"/></net>

<net id="61"><net_src comp="20" pin="0"/><net_sink comp="55" pin=1"/></net>

<net id="67"><net_src comp="55" pin="3"/><net_sink comp="62" pin=0"/></net>

<net id="73"><net_src comp="48" pin="3"/><net_sink comp="68" pin=0"/></net>

<net id="79"><net_src comp="2" pin="0"/><net_sink comp="74" pin=0"/></net>

<net id="80"><net_src comp="20" pin="0"/><net_sink comp="74" pin=1"/></net>

<net id="86"><net_src comp="4" pin="0"/><net_sink comp="81" pin=0"/></net>

<net id="87"><net_src comp="20" pin="0"/><net_sink comp="81" pin=1"/></net>

<net id="93"><net_src comp="62" pin="3"/><net_sink comp="88" pin=1"/></net>

<net id="94"><net_src comp="74" pin="3"/><net_sink comp="88" pin=0"/></net>

<net id="100"><net_src comp="68" pin="3"/><net_sink comp="95" pin=1"/></net>

<net id="101"><net_src comp="81" pin="3"/><net_sink comp="95" pin=0"/></net>

<net id="106"><net_src comp="14" pin="0"/><net_sink comp="102" pin=0"/></net>

<net id="114"><net_src comp="107" pin="1"/><net_sink comp="110" pin=0"/></net>

<net id="115"><net_src comp="16" pin="0"/><net_sink comp="110" pin=1"/></net>

<net id="120"><net_src comp="107" pin="1"/><net_sink comp="116" pin=0"/></net>

<net id="121"><net_src comp="18" pin="0"/><net_sink comp="116" pin=1"/></net>

<net id="125"><net_src comp="107" pin="1"/><net_sink comp="122" pin=0"/></net>

<net id="130"><net_src comp="42" pin="2"/><net_sink comp="126" pin=0"/></net>

<net id="131"><net_src comp="122" pin="1"/><net_sink comp="126" pin=1"/></net>

<net id="135"><net_src comp="126" pin="2"/><net_sink comp="132" pin=0"/></net>

<net id="136"><net_src comp="132" pin="1"/><net_sink comp="48" pin=2"/></net>

<net id="137"><net_src comp="132" pin="1"/><net_sink comp="55" pin=2"/></net>

<net id="142"><net_src comp="116" pin="2"/><net_sink comp="138" pin=0"/></net>

<net id="146"><net_src comp="143" pin="1"/><net_sink comp="74" pin=2"/></net>

<net id="147"><net_src comp="143" pin="1"/><net_sink comp="81" pin=2"/></net>

<net id="151"><net_src comp="38" pin="1"/><net_sink comp="148" pin=0"/></net>

<net id="152"><net_src comp="148" pin="1"/><net_sink comp="102" pin=1"/></net>

<net id="153"><net_src comp="148" pin="1"/><net_sink comp="107" pin=0"/></net>

<net id="154"><net_src comp="148" pin="1"/><net_sink comp="138" pin=1"/></net>

<net id="158"><net_src comp="107" pin="1"/><net_sink comp="155" pin=0"/></net>

<net id="159"><net_src comp="155" pin="1"/><net_sink comp="143" pin=0"/></net>

<net id="166"><net_src comp="48" pin="3"/><net_sink comp="163" pin=0"/></net>

<net id="167"><net_src comp="163" pin="1"/><net_sink comp="68" pin=0"/></net>

<net id="171"><net_src comp="55" pin="3"/><net_sink comp="168" pin=0"/></net>

<net id="172"><net_src comp="168" pin="1"/><net_sink comp="62" pin=0"/></net>

</net_list>

</model> 
---------------- Datapath Model END ------------------

* FSMD analyzer results:
  - Output states:
	Port: row_buffer_real | {2 }
	Port: row_buffer_imag | {2 }
 - Input state : 
	Port: fft2d_fixed_top_Pipeline_VITIS_LOOP_191_6 : empty | {1 }
	Port: fft2d_fixed_top_Pipeline_VITIS_LOOP_191_6 : matrix_real | {1 2 }
	Port: fft2d_fixed_top_Pipeline_VITIS_LOOP_191_6 : matrix_imag | {1 2 }
  - Chain level:
	State 1
		store_ln191 : 1
		c_2 : 1
		icmp_ln191 : 2
		add_ln191 : 2
		br_ln191 : 3
		zext_ln192 : 2
		add_ln192 : 3
		zext_ln192_1 : 4
		matrix_imag_addr : 5
		matrix_real_addr : 5
		matrix_real_load : 6
		matrix_imag_load : 6
		store_ln191 : 3
	State 2
		row_buffer_real_addr : 1
		row_buffer_imag_addr : 1
		store_ln192 : 2
		store_ln192 : 2


============================================================
+ Verbose Summary: Datapath Resource usage 
============================================================

* Functional unit list:
|----------|---------------------|---------|---------|
| Operation|   Functional Unit   |    FF   |   LUT   |
|----------|---------------------|---------|---------|
|    add   |   add_ln191_fu_116  |    0    |    14   |
|          |   add_ln192_fu_126  |    0    |    17   |
|----------|---------------------|---------|---------|
|   icmp   |  icmp_ln191_fu_110  |    0    |    14   |
|----------|---------------------|---------|---------|
|   read   |    tmp_read_fu_42   |    0    |    0    |
|----------|---------------------|---------|---------|
|          |  zext_ln192_fu_122  |    0    |    0    |
|   zext   | zext_ln192_1_fu_132 |    0    |    0    |
|          |  zext_ln191_fu_143  |    0    |    0    |
|----------|---------------------|---------|---------|
|   Total  |                     |    0    |    45   |
|----------|---------------------|---------|---------|

Memories:
N/A

* Register list:
+------------------------+--------+
|                        |   FF   |
+------------------------+--------+
|       c_2_reg_155      |    7   |
|        c_reg_148       |    7   |
|matrix_imag_addr_reg_163|   14   |
|matrix_real_addr_reg_168|   14   |
+------------------------+--------+
|          Total         |   42   |
+------------------------+--------+

* Multiplexer (MUX) list: 
|------------------|------|------|------|--------||---------||---------||---------|
|       Comp       |  Pin | Size |  BW  | S x BW ||  Delay  ||    FF   ||   LUT   |
|------------------|------|------|------|--------||---------||---------||---------|
| grp_access_fu_62 |  p0  |   2  |  14  |   28   ||    0    ||    9    |
| grp_access_fu_68 |  p0  |   2  |  14  |   28   ||    0    ||    9    |
|------------------|------|------|------|--------||---------||---------||---------|
|       Total      |      |      |      |   56   ||  3.176  ||    0    ||    18   |
|------------------|------|------|------|--------||---------||---------||---------|



* Summary:
+-----------+--------+--------+--------+
|           |  Delay |   FF   |   LUT  |
+-----------+--------+--------+--------+
|  Function |    -   |    0   |   45   |
|   Memory  |    -   |    -   |    -   |
|Multiplexer|    3   |    0   |   18   |
|  Register |    -   |   42   |    -   |
+-----------+--------+--------+--------+
|   Total   |    3   |   42   |   63   |
+-----------+--------+--------+--------+
