

================================================================
== Vitis HLS Report for 'fft2d_fixed_top_Pipeline_VITIS_LOOP_180_1_VITIS_LOOP_181_2_VITIS_LOOP_182_3'
================================================================
* Date:           Mon Jun 29 12:38:30 2026

* Version:        2025.2 (Build 6295257 on Nov 14 2025)
* Project:        fft2d_accel_rgb_prj
* Solution:       solution1 (Vivado IP Flow Target)
* Product family: zynq
* Target device:  xc7z020-clg400-1


================================================================
== Performance Estimates
================================================================
+ Timing: 
    * Summary: 
    +--------+----------+----------+------------+
    |  Clock |  Target  | Estimated| Uncertainty|
    +--------+----------+----------+------------+
    |ap_clk  |  10.00 ns|  7.300 ns|     2.70 ns|
    +--------+----------+----------+------------+

+ Latency: 
    * Summary: 
    +---------+---------+----------+----------+-----+-----+-------------------+
    |  Latency (cycles) |  Latency (absolute) |  Interval |      Pipeline     |
    |   min   |   max   |    min   |    max   | min | max |        Type       |
    +---------+---------+----------+----------+-----+-----+-------------------+
    |    12291|    12291|  0.123 ms|  0.123 ms|    0|    0|  loop pipeline stp|
    +---------+---------+----------+----------+-----+-----+-------------------+

    + Detail: 
        * Instance: 
        N/A

        * Loop: 
        +------------------------------------------------------+---------+---------+----------+-----------+-----------+-------+----------+
        |                                                      |  Latency (cycles) | Iteration|  Initiation Interval  |  Trip |          |
        |                       Loop Name                      |   min   |   max   |  Latency |  achieved |   target  | Count | Pipelined|
        +------------------------------------------------------+---------+---------+----------+-----------+-----------+-------+----------+
        |- VITIS_LOOP_180_1_VITIS_LOOP_181_2_VITIS_LOOP_182_3  |    12289|    12289|         3|          1|          1|  12288|       yes|
        +------------------------------------------------------+---------+---------+----------+-----------+-----------+-------+----------+

============================================================
+ Verbose Summary: Synthesis Manager
============================================================
InlineROM: 1
ExposeGlobal: 0
============================================================
+ Verbose Summary: CDFG Model
============================================================
IsTopModel: 0
ResetActiveHigh: 1
IsCombinational: 0
IsDatapathOnly: 0
HasWiredReturn: 1
HasMFsm: 2
HasVarLatency: 1
IsPipeline: 0
IsRtlPipelined: 0
IsInstanceOverlapped: 0
IsDontTouch: 0
HasImplIP: 0
IsGatedGlobalClock: 0

+ Individual pipeline summary: 
  * Pipeline-0: initiation interval (II) = 1, depth = 3


============================================================
+ Verbose Summary: Schedule
============================================================
* Number of FSM states : 3
* Pipeline : 1
  Pipeline-0 : II = 1, D = 3, States = { 1 2 3 }
* Dataflow Pipeline: 0

* FSM state transitions: 
1 --> 2 
2 --> 3 
3 --> 

* FSM state operations: 

State 1 <SV = 0> <Delay = 4.98>
ST_1 : Operation 6 [1/1] (0.00ns)   --->   "%c = alloca i32 1" [src/fft2d_fixed.cpp:182]   --->   Operation 6 'alloca' 'c' <Predicate = true> <Delay = 0.00>
ST_1 : Operation 7 [1/1] (0.00ns)   --->   "%r = alloca i32 1" [src/fft2d_fixed.cpp:181]   --->   Operation 7 'alloca' 'r' <Predicate = true> <Delay = 0.00>
ST_1 : Operation 8 [1/1] (0.00ns)   --->   "%indvar_flatten = alloca i32 1"   --->   Operation 8 'alloca' 'indvar_flatten' <Predicate = true> <Delay = 0.00>
ST_1 : Operation 9 [1/1] (0.00ns)   --->   "%ch = alloca i32 1" [src/fft2d_fixed.cpp:180]   --->   Operation 9 'alloca' 'ch' <Predicate = true> <Delay = 0.00>
ST_1 : Operation 10 [1/1] (0.00ns)   --->   "%indvar_flatten12 = alloca i32 1"   --->   Operation 10 'alloca' 'indvar_flatten12' <Predicate = true> <Delay = 0.00>
ST_1 : Operation 11 [1/1] (0.00ns)   --->   "%sext_ln180_read = read i62 @_ssdm_op_Read.ap_auto.i62, i62 %sext_ln180"   --->   Operation 11 'read' 'sext_ln180_read' <Predicate = true> <Delay = 0.00>
ST_1 : Operation 12 [1/1] (0.00ns)   --->   "%sext_ln180_cast = sext i62 %sext_ln180_read"   --->   Operation 12 'sext' 'sext_ln180_cast' <Predicate = true> <Delay = 0.00>
ST_1 : Operation 13 [1/1] (0.00ns)   --->   "%specinterface_ln0 = specinterface void @_ssdm_op_SpecInterface, i32 %gmem0, void @empty_24, i32 0, i32 0, void @empty, i32 0, i32 0, void @empty_26, void @empty_15, void @empty, i32 16, i32 16, i32 16, i32 16, void @empty, void @empty, i32 4294967295, i32 0, i32 0, i32 4"   --->   Operation 13 'specinterface' 'specinterface_ln0' <Predicate = true> <Delay = 0.00>
ST_1 : Operation 14 [1/1] (1.58ns)   --->   "%store_ln0 = store i14 0, i14 %indvar_flatten12"   --->   Operation 14 'store' 'store_ln0' <Predicate = true> <Delay = 1.58>
ST_1 : Operation 15 [1/1] (1.58ns)   --->   "%store_ln180 = store i2 0, i2 %ch" [src/fft2d_fixed.cpp:180]   --->   Operation 15 'store' 'store_ln180' <Predicate = true> <Delay = 1.58>
ST_1 : Operation 16 [1/1] (1.58ns)   --->   "%store_ln0 = store i14 0, i14 %indvar_flatten"   --->   Operation 16 'store' 'store_ln0' <Predicate = true> <Delay = 1.58>
ST_1 : Operation 17 [1/1] (1.58ns)   --->   "%store_ln181 = store i7 0, i7 %r" [src/fft2d_fixed.cpp:181]   --->   Operation 17 'store' 'store_ln181' <Predicate = true> <Delay = 1.58>
ST_1 : Operation 18 [1/1] (1.58ns)   --->   "%store_ln182 = store i7 0, i7 %c" [src/fft2d_fixed.cpp:182]   --->   Operation 18 'store' 'store_ln182' <Predicate = true> <Delay = 1.58>
ST_1 : Operation 19 [1/1] (0.00ns)   --->   "%br_ln0 = br void %for.body40"   --->   Operation 19 'br' 'br_ln0' <Predicate = true> <Delay = 0.00>
ST_1 : Operation 20 [1/1] (0.00ns)   --->   "%indvar_flatten12_load = load i14 %indvar_flatten12" [src/fft2d_fixed.cpp:180]   --->   Operation 20 'load' 'indvar_flatten12_load' <Predicate = true> <Delay = 0.00>
ST_1 : Operation 21 [1/1] (0.00ns)   --->   "%specbitsmap_ln0 = specbitsmap void @_ssdm_op_SpecBitsMap, i32 %gmem0"   --->   Operation 21 'specbitsmap' 'specbitsmap_ln0' <Predicate = true> <Delay = 0.00>
ST_1 : Operation 22 [1/1] (1.81ns)   --->   "%icmp_ln180 = icmp_eq  i14 %indvar_flatten12_load, i14 12288" [src/fft2d_fixed.cpp:180]   --->   Operation 22 'icmp' 'icmp_ln180' <Predicate = true> <Delay = 1.81> <CoreInst = "Cmp">   --->   Core 9 'Cmp' <Latency = 0> <II = 1> <Delay = 1.81> <FuncUnit> <Opcode : 'seteq' 'setne' 'setle' 'setge' 'setlt' 'setgt'> <InPorts = 2> <OutPorts = 1>
ST_1 : Operation 23 [1/1] (1.81ns)   --->   "%add_ln180_1 = add i14 %indvar_flatten12_load, i14 1" [src/fft2d_fixed.cpp:180]   --->   Operation 23 'add' 'add_ln180_1' <Predicate = true> <Delay = 1.81> <CoreInst = "Adder">   --->   Core 1 'Adder' <Latency = 0> <II = 1> <Delay = 1.81> <FuncUnit> <Opcode : 'add' 'sub'> <InPorts = 2> <OutPorts = 1>
ST_1 : Operation 24 [1/1] (0.00ns)   --->   "%br_ln180 = br i1 %icmp_ln180, void %for.inc60, void %VITIS_LOOP_190_5.preheader.exitStub" [src/fft2d_fixed.cpp:180]   --->   Operation 24 'br' 'br_ln180' <Predicate = true> <Delay = 0.00>
ST_1 : Operation 25 [1/1] (1.58ns)   --->   "%store_ln180 = store i14 %add_ln180_1, i14 %indvar_flatten12" [src/fft2d_fixed.cpp:180]   --->   Operation 25 'store' 'store_ln180' <Predicate = (!icmp_ln180)> <Delay = 1.58>

State 2 <SV = 1> <Delay = 7.30>
ST_2 : Operation 26 [1/1] (0.00ns)   --->   "%c_load = load i7 %c" [src/fft2d_fixed.cpp:182]   --->   Operation 26 'load' 'c_load' <Predicate = true> <Delay = 0.00>
ST_2 : Operation 27 [1/1] (0.00ns)   --->   "%r_load = load i7 %r" [src/fft2d_fixed.cpp:180]   --->   Operation 27 'load' 'r_load' <Predicate = true> <Delay = 0.00>
ST_2 : Operation 28 [1/1] (0.00ns)   --->   "%indvar_flatten_load = load i14 %indvar_flatten" [src/fft2d_fixed.cpp:181]   --->   Operation 28 'load' 'indvar_flatten_load' <Predicate = true> <Delay = 0.00>
ST_2 : Operation 29 [1/1] (0.00ns)   --->   "%ch_load = load i2 %ch" [src/fft2d_fixed.cpp:180]   --->   Operation 29 'load' 'ch_load' <Predicate = true> <Delay = 0.00>
ST_2 : Operation 30 [1/1] (0.00ns)   --->   "%gmem0_addr = getelementptr i32 %gmem0, i64 %sext_ln180_cast" [src/fft2d_fixed.cpp:180]   --->   Operation 30 'getelementptr' 'gmem0_addr' <Predicate = true> <Delay = 0.00>
ST_2 : Operation 31 [1/1] (1.56ns)   --->   "%add_ln180 = add i2 %ch_load, i2 1" [src/fft2d_fixed.cpp:180]   --->   Operation 31 'add' 'add_ln180' <Predicate = true> <Delay = 1.56> <CoreInst = "Adder">   --->   Core 1 'Adder' <Latency = 0> <II = 1> <Delay = 1.56> <FuncUnit> <Opcode : 'add' 'sub'> <InPorts = 2> <OutPorts = 1>
ST_2 : Operation 32 [1/1] (1.81ns)   --->   "%icmp_ln181 = icmp_eq  i14 %indvar_flatten_load, i14 4096" [src/fft2d_fixed.cpp:181]   --->   Operation 32 'icmp' 'icmp_ln181' <Predicate = true> <Delay = 1.81> <CoreInst = "Cmp">   --->   Core 9 'Cmp' <Latency = 0> <II = 1> <Delay = 1.81> <FuncUnit> <Opcode : 'seteq' 'setne' 'setle' 'setge' 'setlt' 'setgt'> <InPorts = 2> <OutPorts = 1>
ST_2 : Operation 33 [1/1] (0.99ns)   --->   "%select_ln180 = select i1 %icmp_ln181, i7 0, i7 %r_load" [src/fft2d_fixed.cpp:180]   --->   Operation 33 'select' 'select_ln180' <Predicate = true> <Delay = 0.99> <CoreInst = "Sel">   --->   Core 73 'Sel' <Latency = 0> <II = 1> <Delay = 0.99> <FuncUnit> <Opcode : 'select'> <InPorts = 3> <OutPorts = 1>
ST_2 : Operation 34 [1/1] (0.00ns) (grouped into LUT with out node and_ln180)   --->   "%xor_ln180 = xor i1 %icmp_ln181, i1 1" [src/fft2d_fixed.cpp:180]   --->   Operation 34 'xor' 'xor_ln180' <Predicate = true> <Delay = 0.00> <CoreInst = "LogicGate">   --->   Core 74 'LogicGate' <Latency = 0> <II = 1> <Delay = 0.97> <FuncUnit> <Opcode : 'and' 'or' 'xor'> <InPorts = 2> <OutPorts = 1>
ST_2 : Operation 35 [1/1] (1.87ns)   --->   "%icmp_ln182 = icmp_eq  i7 %c_load, i7 64" [src/fft2d_fixed.cpp:182]   --->   Operation 35 'icmp' 'icmp_ln182' <Predicate = true> <Delay = 1.87> <CoreInst = "Cmp">   --->   Core 9 'Cmp' <Latency = 0> <II = 1> <Delay = 1.87> <FuncUnit> <Opcode : 'seteq' 'setne' 'setle' 'setge' 'setlt' 'setgt'> <InPorts = 2> <OutPorts = 1>
ST_2 : Operation 36 [1/1] (0.97ns) (out node of the LUT)   --->   "%and_ln180 = and i1 %icmp_ln182, i1 %xor_ln180" [src/fft2d_fixed.cpp:180]   --->   Operation 36 'and' 'and_ln180' <Predicate = true> <Delay = 0.97> <CoreInst = "LogicGate">   --->   Core 74 'LogicGate' <Latency = 0> <II = 1> <Delay = 0.97> <FuncUnit> <Opcode : 'and' 'or' 'xor'> <InPorts = 2> <OutPorts = 1>
ST_2 : Operation 37 [1/1] (0.99ns)   --->   "%select_ln180_1 = select i1 %icmp_ln181, i2 %add_ln180, i2 %ch_load" [src/fft2d_fixed.cpp:180]   --->   Operation 37 'select' 'select_ln180_1' <Predicate = true> <Delay = 0.99> <CoreInst = "Sel">   --->   Core 73 'Sel' <Latency = 0> <II = 1> <Delay = 0.99> <FuncUnit> <Opcode : 'select'> <InPorts = 3> <OutPorts = 1>
ST_2 : Operation 38 [1/1] (1.87ns)   --->   "%add_ln181 = add i7 %select_ln180, i7 1" [src/fft2d_fixed.cpp:181]   --->   Operation 38 'add' 'add_ln181' <Predicate = true> <Delay = 1.87> <CoreInst = "Adder">   --->   Core 1 'Adder' <Latency = 0> <II = 1> <Delay = 1.87> <FuncUnit> <Opcode : 'add' 'sub'> <InPorts = 2> <OutPorts = 1>
ST_2 : Operation 39 [1/1] (0.00ns) (grouped into LUT with out node c_mid2)   --->   "%empty = or i1 %and_ln180, i1 %icmp_ln181" [src/fft2d_fixed.cpp:180]   --->   Operation 39 'or' 'empty' <Predicate = true> <Delay = 0.00> <CoreInst = "LogicGate">   --->   Core 74 'LogicGate' <Latency = 0> <II = 1> <Delay = 0.97> <FuncUnit> <Opcode : 'and' 'or' 'xor'> <InPorts = 2> <OutPorts = 1>
ST_2 : Operation 40 [1/1] (0.99ns) (out node of the LUT)   --->   "%c_mid2 = select i1 %empty, i7 0, i7 %c_load" [src/fft2d_fixed.cpp:180]   --->   Operation 40 'select' 'c_mid2' <Predicate = true> <Delay = 0.99> <CoreInst = "Sel">   --->   Core 73 'Sel' <Latency = 0> <II = 1> <Delay = 0.99> <FuncUnit> <Opcode : 'select'> <InPorts = 3> <OutPorts = 1>
ST_2 : Operation 41 [1/1] (0.99ns)   --->   "%select_ln181 = select i1 %and_ln180, i7 %add_ln181, i7 %select_ln180" [src/fft2d_fixed.cpp:181]   --->   Operation 41 'select' 'select_ln181' <Predicate = true> <Delay = 0.99> <CoreInst = "Sel">   --->   Core 73 'Sel' <Latency = 0> <II = 1> <Delay = 0.99> <FuncUnit> <Opcode : 'select'> <InPorts = 3> <OutPorts = 1>
ST_2 : Operation 42 [1/1] ( I:7.30ns O:7.30ns )   --->   "%gmem0_addr_read = read i32 @_ssdm_op_Read.m_axi.i32.p1i32, i32 %gmem0_addr" [src/fft2d_fixed.cpp:183]   --->   Operation 42 'read' 'gmem0_addr_read' <Predicate = true> <Delay = 7.30> <CoreInst = "m_axi">   --->   Core 111 'm_axi' <Latency = 3> <II = 1> <Delay = 1.00> <Adapter> <Opcode : 'readrequnaligned' 'writerequnaligned' 'read' 'write' 'readreq' 'writereq' 'writeresp'>
ST_2 : Operation 43 [1/1] (1.87ns)   --->   "%add_ln182 = add i7 %c_mid2, i7 1" [src/fft2d_fixed.cpp:182]   --->   Operation 43 'add' 'add_ln182' <Predicate = true> <Delay = 1.87> <CoreInst = "Adder">   --->   Core 1 'Adder' <Latency = 0> <II = 1> <Delay = 1.87> <FuncUnit> <Opcode : 'add' 'sub'> <InPorts = 2> <OutPorts = 1>
ST_2 : Operation 44 [1/1] (1.81ns)   --->   "%add_ln181_1 = add i14 %indvar_flatten_load, i14 1" [src/fft2d_fixed.cpp:181]   --->   Operation 44 'add' 'add_ln181_1' <Predicate = true> <Delay = 1.81> <CoreInst = "Adder">   --->   Core 1 'Adder' <Latency = 0> <II = 1> <Delay = 1.81> <FuncUnit> <Opcode : 'add' 'sub'> <InPorts = 2> <OutPorts = 1>
ST_2 : Operation 45 [1/1] (0.70ns)   --->   "%select_ln181_1 = select i1 %icmp_ln181, i14 1, i14 %add_ln181_1" [src/fft2d_fixed.cpp:181]   --->   Operation 45 'select' 'select_ln181_1' <Predicate = true> <Delay = 0.70> <CoreInst = "Sel">   --->   Core 73 'Sel' <Latency = 0> <II = 1> <Delay = 0.70> <FuncUnit> <Opcode : 'select'> <InPorts = 3> <OutPorts = 1>
ST_2 : Operation 46 [1/1] (1.58ns)   --->   "%store_ln180 = store i2 %select_ln180_1, i2 %ch" [src/fft2d_fixed.cpp:180]   --->   Operation 46 'store' 'store_ln180' <Predicate = true> <Delay = 1.58>
ST_2 : Operation 47 [1/1] (1.58ns)   --->   "%store_ln181 = store i14 %select_ln181_1, i14 %indvar_flatten" [src/fft2d_fixed.cpp:181]   --->   Operation 47 'store' 'store_ln181' <Predicate = true> <Delay = 1.58>
ST_2 : Operation 48 [1/1] (1.58ns)   --->   "%store_ln181 = store i7 %select_ln181, i7 %r" [src/fft2d_fixed.cpp:181]   --->   Operation 48 'store' 'store_ln181' <Predicate = true> <Delay = 1.58>
ST_2 : Operation 49 [1/1] (1.58ns)   --->   "%store_ln182 = store i7 %add_ln182, i7 %c" [src/fft2d_fixed.cpp:182]   --->   Operation 49 'store' 'store_ln182' <Predicate = true> <Delay = 1.58>
ST_2 : Operation 65 [1/1] (1.58ns)   --->   "%ret_ln0 = ret"   --->   Operation 65 'ret' 'ret_ln0' <Predicate = (icmp_ln180)> <Delay = 1.58>

State 3 <SV = 2> <Delay = 6.98>
ST_3 : Operation 50 [1/1] (0.00ns)   --->   "%specloopname_ln0 = specloopname void @_ssdm_op_SpecLoopName, void @VITIS_LOOP_180_1_VITIS_LOOP_181_2_VITIS_LOOP_182_3_str"   --->   Operation 50 'specloopname' 'specloopname_ln0' <Predicate = true> <Delay = 0.00>
ST_3 : Operation 51 [1/1] (0.00ns)   --->   "%speclooptripcount_ln0 = speclooptripcount void @_ssdm_op_SpecLoopTripCount, i64 12288, i64 12288, i64 12288"   --->   Operation 51 'speclooptripcount' 'speclooptripcount_ln0' <Predicate = true> <Delay = 0.00>
ST_3 : Operation 52 [1/1] (0.00ns)   --->   "%tmp = bitconcatenate i8 @_ssdm_op_BitConcatenate.i8.i2.i6, i2 %select_ln180_1, i6 0" [src/fft2d_fixed.cpp:184]   --->   Operation 52 'bitconcatenate' 'tmp' <Predicate = true> <Delay = 0.00>
ST_3 : Operation 53 [1/1] (0.00ns)   --->   "%zext_ln184 = zext i7 %select_ln181" [src/fft2d_fixed.cpp:184]   --->   Operation 53 'zext' 'zext_ln184' <Predicate = true> <Delay = 0.00>
ST_3 : Operation 54 [1/1] (1.91ns)   --->   "%add_ln184 = add i8 %tmp, i8 %zext_ln184" [src/fft2d_fixed.cpp:184]   --->   Operation 54 'add' 'add_ln184' <Predicate = true> <Delay = 1.91> <CoreInst = "Adder">   --->   Core 1 'Adder' <Latency = 0> <II = 1> <Delay = 1.91> <FuncUnit> <Opcode : 'add' 'sub'> <InPorts = 2> <OutPorts = 1>
ST_3 : Operation 55 [1/1] (0.00ns)   --->   "%tmp_1 = bitconcatenate i14 @_ssdm_op_BitConcatenate.i14.i8.i6, i8 %add_ln184, i6 0" [src/fft2d_fixed.cpp:184]   --->   Operation 55 'bitconcatenate' 'tmp_1' <Predicate = true> <Delay = 0.00>
ST_3 : Operation 56 [1/1] (0.00ns)   --->   "%zext_ln184_1 = zext i7 %c_mid2" [src/fft2d_fixed.cpp:184]   --->   Operation 56 'zext' 'zext_ln184_1' <Predicate = true> <Delay = 0.00>
ST_3 : Operation 57 [1/1] (1.81ns)   --->   "%add_ln184_1 = add i14 %tmp_1, i14 %zext_ln184_1" [src/fft2d_fixed.cpp:184]   --->   Operation 57 'add' 'add_ln184_1' <Predicate = true> <Delay = 1.81> <CoreInst = "Adder">   --->   Core 1 'Adder' <Latency = 0> <II = 1> <Delay = 1.81> <FuncUnit> <Opcode : 'add' 'sub'> <InPorts = 2> <OutPorts = 1>
ST_3 : Operation 58 [1/1] (0.00ns)   --->   "%zext_ln184_2 = zext i14 %add_ln184_1" [src/fft2d_fixed.cpp:184]   --->   Operation 58 'zext' 'zext_ln184_2' <Predicate = true> <Delay = 0.00>
ST_3 : Operation 59 [1/1] (0.00ns)   --->   "%matrix_imag_addr = getelementptr i32 %matrix_imag, i64 0, i64 %zext_ln184_2" [src/fft2d_fixed.cpp:184]   --->   Operation 59 'getelementptr' 'matrix_imag_addr' <Predicate = true> <Delay = 0.00>
ST_3 : Operation 60 [1/1] (0.00ns)   --->   "%matrix_real_addr = getelementptr i32 %matrix_real, i64 0, i64 %zext_ln184_2" [src/fft2d_fixed.cpp:183]   --->   Operation 60 'getelementptr' 'matrix_real_addr' <Predicate = true> <Delay = 0.00>
ST_3 : Operation 61 [1/1] (0.00ns)   --->   "%specpipeline_ln182 = specpipeline void @_ssdm_op_SpecPipeline, i32 4294967295, i32 0, i32 0, i32 0, i32 4294967295, void @empty" [src/fft2d_fixed.cpp:182]   --->   Operation 61 'specpipeline' 'specpipeline_ln182' <Predicate = true> <Delay = 0.00>
ST_3 : Operation 62 [1/1] ( I:3.25ns O:3.25ns )   --->   "%store_ln183 = store i32 %gmem0_addr_read, i14 %matrix_real_addr" [src/fft2d_fixed.cpp:183]   --->   Operation 62 'store' 'store_ln183' <Predicate = true> <Delay = 3.25> <CoreInst = "RAM">   --->   Core 81 'RAM' <Latency = 1> <II = 1> <Delay = 3.25> <Storage> <Opcode : 'load' 'store'> <Ports = 2> <Width = 32> <Depth = 12288> <RAM>
ST_3 : Operation 63 [1/1] ( I:3.25ns O:3.25ns )   --->   "%store_ln184 = store i32 0, i14 %matrix_imag_addr" [src/fft2d_fixed.cpp:184]   --->   Operation 63 'store' 'store_ln184' <Predicate = true> <Delay = 3.25> <CoreInst = "RAM">   --->   Core 81 'RAM' <Latency = 1> <II = 1> <Delay = 3.25> <Storage> <Opcode : 'load' 'store'> <Ports = 2> <Width = 32> <Depth = 12288> <RAM>
ST_3 : Operation 64 [1/1] (0.00ns)   --->   "%br_ln182 = br void %for.body40" [src/fft2d_fixed.cpp:182]   --->   Operation 64 'br' 'br_ln182' <Predicate = true> <Delay = 0.00>


============================================================
+ Verbose Summary: Timing violations
============================================================
Target clock period: 10.000ns, clock uncertainty: 2.700ns.

 <State 1>: 4.988ns
The critical path consists of the following:
	'store' operation ('store_ln0') of constant 0 14 bit on local variable 'indvar_flatten12' [13]  (1.588 ns)
	'load' operation 14 bit ('indvar_flatten12_load', src/fft2d_fixed.cpp:180) on local variable 'indvar_flatten12' [20]  (0.000 ns)
	'icmp' operation 1 bit ('icmp_ln180', src/fft2d_fixed.cpp:180) [22]  (1.812 ns)
	'store' operation ('store_ln180', src/fft2d_fixed.cpp:180) of variable 'add_ln180_1', src/fft2d_fixed.cpp:180 14 bit on local variable 'indvar_flatten12' [60]  (1.588 ns)

 <State 2>: 7.300ns
The critical path consists of the following:
	'getelementptr' operation 32 bit ('gmem0_addr', src/fft2d_fixed.cpp:180) [30]  (0.000 ns)
	bus read operation ('gmem0_addr_read', src/fft2d_fixed.cpp:183) on port 'gmem0' (src/fft2d_fixed.cpp:183) [54]  (7.300 ns)

 <State 3>: 6.981ns
The critical path consists of the following:
	'add' operation 8 bit ('add_ln184', src/fft2d_fixed.cpp:184) [46]  (1.915 ns)
	'add' operation 14 bit ('add_ln184_1', src/fft2d_fixed.cpp:184) [49]  (1.812 ns)
	'getelementptr' operation 14 bit ('matrix_real_addr', src/fft2d_fixed.cpp:183) [52]  (0.000 ns)
	'store' operation ('store_ln183', src/fft2d_fixed.cpp:183) of variable 'gmem0_addr_read', src/fft2d_fixed.cpp:183 32 bit on array 'matrix_real' [55]  (3.254 ns)


============================================================
+ Verbose Summary: Binding
============================================================
N/A
* FSMD analyzer results:
  - Output states:
 - Input state : 
  - Chain level:
	State 1
	State 2
	State 3


============================================================
+ Verbose Summary: Datapath Resource usage 
============================================================
N/A
