

================================================================
== Vitis HLS Report for 'fft2d_fixed_top_Pipeline_VITIS_LOOP_180_1_VITIS_LOOP_181_2_VITIS_LOOP_182_3'
================================================================
* Date:           Mon Jun 29 12:38:41 2026

* Version:        2025.2 (Build 6295257 on Nov 14 2025)
* Project:        fft2d_accel_rgb_prj
* Solution:       solution1 (Vivado IP Flow Target)
* Product family: zynq
* Target device:  xc7z020-clg400-1


================================================================
== Performance Estimates
================================================================
+ Timing: 
    * Summary: 
    +--------+----------+----------+------------+
    |  Clock |  Target  | Estimated| Uncertainty|
    +--------+----------+----------+------------+
    |ap_clk  |  10.00 ns|  7.300 ns|     2.70 ns|
    +--------+----------+----------+------------+

+ Latency: 
    * Summary: 
    +---------+---------+----------+----------+-----+-----+-------------------+
    |  Latency (cycles) |  Latency (absolute) |  Interval |      Pipeline     |
    |   min   |   max   |    min   |    max   | min | max |        Type       |
    +---------+---------+----------+----------+-----+-----+-------------------+
    |    12291|    12291|  0.123 ms|  0.123 ms|    0|    0|  loop pipeline stp|
    +---------+---------+----------+----------+-----+-----+-------------------+

    + Detail: 
        * Instance: 
        N/A

        * Loop: 
        +------------------------------------------------------+---------+---------+----------+-----------+-----------+-------+----------+
        |                                                      |  Latency (cycles) | Iteration|  Initiation Interval  |  Trip |          |
        |                       Loop Name                      |   min   |   max   |  Latency |  achieved |   target  | Count | Pipelined|
        +------------------------------------------------------+---------+---------+----------+-----------+-----------+-------+----------+
        |- VITIS_LOOP_180_1_VITIS_LOOP_181_2_VITIS_LOOP_182_3  |    12289|    12289|         3|          1|          1|  12288|       yes|
        +------------------------------------------------------+---------+---------+----------+-----------+-----------+-------+----------+



================================================================
== Utilization Estimates
================================================================
* Summary: 
+-----------------+---------+-----+--------+-------+-----+
|       Name      | BRAM_18K| DSP |   FF   |  LUT  | URAM|
+-----------------+---------+-----+--------+-------+-----+
|DSP              |        -|    -|       -|      -|    -|
|Expression       |        -|    -|       0|    202|    -|
|FIFO             |        -|    -|       -|      -|    -|
|Instance         |        -|    -|       -|      -|    -|
|Memory           |        -|    -|       -|      -|    -|
|Multiplexer      |        -|    -|       0|     81|    -|
|Register         |        -|    -|      98|      -|    -|
+-----------------+---------+-----+--------+-------+-----+
|Total            |        0|    0|      98|    283|    0|
+-----------------+---------+-----+--------+-------+-----+
|Available        |      280|  220|  106400|  53200|    0|
+-----------------+---------+-----+--------+-------+-----+
|Utilization (%)  |        0|    0|      ~0|     ~0|    0|
+-----------------+---------+-----+--------+-------+-----+

+ Detail: 
    * Instance: 
    N/A

    * DSP: 
    N/A

    * Memory: 
    N/A

    * FIFO: 
    N/A

    * Expression: 
    +---------------------------+----------+----+---+----+------------+------------+
    |       Variable Name       | Operation| DSP| FF| LUT| Bitwidth P0| Bitwidth P1|
    +---------------------------+----------+----+---+----+------------+------------+
    |add_ln180_1_fu_168_p2      |         +|   0|  0|  17|          14|           1|
    |add_ln180_fu_197_p2        |         +|   0|  0|  10|           2|           1|
    |add_ln181_1_fu_277_p2      |         +|   0|  0|  17|          14|           1|
    |add_ln181_fu_243_p2        |         +|   0|  0|  14|           7|           1|
    |add_ln182_fu_271_p2        |         +|   0|  0|  14|           7|           1|
    |add_ln184_1_fu_338_p2      |         +|   0|  0|  17|          14|          14|
    |add_ln184_fu_321_p2        |         +|   0|  0|  15|           8|           8|
    |and_ln180_fu_229_p2        |       and|   0|  0|   2|           1|           1|
    |ap_block_pp0_stage0_11001  |       and|   0|  0|   2|           1|           1|
    |ap_condition_148           |       and|   0|  0|   2|           1|           1|
    |icmp_ln180_fu_162_p2       |      icmp|   0|  0|  17|          14|          14|
    |icmp_ln181_fu_203_p2       |      icmp|   0|  0|  17|          14|          13|
    |icmp_ln182_fu_223_p2       |      icmp|   0|  0|  15|           7|           8|
    |empty_fu_249_p2            |        or|   0|  0|   2|           1|           1|
    |c_mid2_fu_255_p3           |    select|   0|  0|   7|           1|           1|
    |select_ln180_1_fu_235_p3   |    select|   0|  0|   2|           1|           2|
    |select_ln180_fu_209_p3     |    select|   0|  0|   7|           1|           1|
    |select_ln181_1_fu_283_p3   |    select|   0|  0|  14|           1|           1|
    |select_ln181_fu_263_p3     |    select|   0|  0|   7|           1|           7|
    |ap_enable_pp0              |       xor|   0|  0|   2|           1|           2|
    |xor_ln180_fu_217_p2        |       xor|   0|  0|   2|           1|           2|
    +---------------------------+----------+----+---+----+------------+------------+
    |Total                      |          |   0|  0| 202|         112|          82|
    +---------------------------+----------+----+---+----+------------+------------+

    * Multiplexer: 
    +----------------------------------------+----+-----------+-----+-----------+
    |                  Name                  | LUT| Input Size| Bits| Total Bits|
    +----------------------------------------+----+-----------+-----+-----------+
    |ap_done_int                             |   9|          2|    1|          2|
    |ap_enable_reg_pp0_iter1                 |   9|          2|    1|          2|
    |ap_sig_allocacmp_indvar_flatten12_load  |   9|          2|   14|         28|
    |c_fu_72                                 |   9|          2|    7|         14|
    |ch_fu_84                                |   9|          2|    2|          4|
    |gmem0_blk_n_R                           |   9|          2|    1|          2|
    |indvar_flatten12_fu_88                  |   9|          2|   14|         28|
    |indvar_flatten_fu_80                    |   9|          2|   14|         28|
    |r_fu_76                                 |   9|          2|    7|         14|
    +----------------------------------------+----+-----------+-----+-----------+
    |Total                                   |  81|         18|   61|        122|
    +----------------------------------------+----+-----------+-----+-----------+

    * Register: 
    +-------------------------------------------+----+----+-----+-----------+
    |                    Name                   | FF | LUT| Bits| Const Bits|
    +-------------------------------------------+----+----+-----+-----------+
    |ap_CS_fsm                                  |   1|   0|    1|          0|
    |ap_block_pp0_stage0_subdone_grp0_done_reg  |   1|   0|    1|          0|
    |ap_done_reg                                |   1|   0|    1|          0|
    |ap_enable_reg_pp0_iter1                    |   1|   0|    1|          0|
    |ap_enable_reg_pp0_iter2                    |   1|   0|    1|          0|
    |ap_loop_exit_ready_pp0_iter1_reg           |   1|   0|    1|          0|
    |c_fu_72                                    |   7|   0|    7|          0|
    |c_mid2_reg_399                             |   7|   0|    7|          0|
    |ch_fu_84                                   |   2|   0|    2|          0|
    |gmem0_addr_read_reg_409                    |  32|   0|   32|          0|
    |indvar_flatten12_fu_88                     |  14|   0|   14|          0|
    |indvar_flatten_fu_80                       |  14|   0|   14|          0|
    |r_fu_76                                    |   7|   0|    7|          0|
    |select_ln180_1_reg_394                     |   2|   0|    2|          0|
    |select_ln181_reg_404                       |   7|   0|    7|          0|
    +-------------------------------------------+----+----+-----+-----------+
    |Total                                      |  98|   0|   98|          0|
    +-------------------------------------------+----+----+-----+-----------+



================================================================
== Interface
================================================================
* Summary: 
+------------------------+-----+-----+------------+-----------------------------------------------------------------------------+--------------+
|        RTL Ports       | Dir | Bits|  Protocol  |                                Source Object                                |    C Type    |
+------------------------+-----+-----+------------+-----------------------------------------------------------------------------+--------------+
|ap_clk                  |   in|    1|  ap_ctrl_hs|  fft2d_fixed_top_Pipeline_VITIS_LOOP_180_1_VITIS_LOOP_181_2_VITIS_LOOP_182_3|  return value|
|ap_rst                  |   in|    1|  ap_ctrl_hs|  fft2d_fixed_top_Pipeline_VITIS_LOOP_180_1_VITIS_LOOP_181_2_VITIS_LOOP_182_3|  return value|
|ap_start                |   in|    1|  ap_ctrl_hs|  fft2d_fixed_top_Pipeline_VITIS_LOOP_180_1_VITIS_LOOP_181_2_VITIS_LOOP_182_3|  return value|
|ap_done                 |  out|    1|  ap_ctrl_hs|  fft2d_fixed_top_Pipeline_VITIS_LOOP_180_1_VITIS_LOOP_181_2_VITIS_LOOP_182_3|  return value|
|ap_idle                 |  out|    1|  ap_ctrl_hs|  fft2d_fixed_top_Pipeline_VITIS_LOOP_180_1_VITIS_LOOP_181_2_VITIS_LOOP_182_3|  return value|
|ap_ready                |  out|    1|  ap_ctrl_hs|  fft2d_fixed_top_Pipeline_VITIS_LOOP_180_1_VITIS_LOOP_181_2_VITIS_LOOP_182_3|  return value|
|m_axi_gmem0_0_AWVALID   |  out|    1|       m_axi|                                                                        gmem0|       pointer|
|m_axi_gmem0_0_AWREADY   |   in|    1|       m_axi|                                                                        gmem0|       pointer|
|m_axi_gmem0_0_AWADDR    |  out|   64|       m_axi|                                                                        gmem0|       pointer|
|m_axi_gmem0_0_AWID      |  out|    1|       m_axi|                                                                        gmem0|       pointer|
|m_axi_gmem0_0_AWLEN     |  out|   32|       m_axi|                                                                        gmem0|       pointer|
|m_axi_gmem0_0_AWSIZE    |  out|    3|       m_axi|                                                                        gmem0|       pointer|
|m_axi_gmem0_0_AWBURST   |  out|    2|       m_axi|                                                                        gmem0|       pointer|
|m_axi_gmem0_0_AWLOCK    |  out|    2|       m_axi|                                                                        gmem0|       pointer|
|m_axi_gmem0_0_AWCACHE   |  out|    4|       m_axi|                                                                        gmem0|       pointer|
|m_axi_gmem0_0_AWPROT    |  out|    3|       m_axi|                                                                        gmem0|       pointer|
|m_axi_gmem0_0_AWQOS     |  out|    4|       m_axi|                                                                        gmem0|       pointer|
|m_axi_gmem0_0_AWREGION  |  out|    4|       m_axi|                                                                        gmem0|       pointer|
|m_axi_gmem0_0_AWUSER    |  out|    1|       m_axi|                                                                        gmem0|       pointer|
|m_axi_gmem0_0_WVALID    |  out|    1|       m_axi|                                                                        gmem0|       pointer|
|m_axi_gmem0_0_WREADY    |   in|    1|       m_axi|                                                                        gmem0|       pointer|
|m_axi_gmem0_0_WDATA     |  out|   32|       m_axi|                                                                        gmem0|       pointer|
|m_axi_gmem0_0_WSTRB     |  out|    4|       m_axi|                                                                        gmem0|       pointer|
|m_axi_gmem0_0_WLAST     |  out|    1|       m_axi|                                                                        gmem0|       pointer|
|m_axi_gmem0_0_WID       |  out|    1|       m_axi|                                                                        gmem0|       pointer|
|m_axi_gmem0_0_WUSER     |  out|    1|       m_axi|                                                                        gmem0|       pointer|
|m_axi_gmem0_0_ARVALID   |  out|    1|       m_axi|                                                                        gmem0|       pointer|
|m_axi_gmem0_0_ARREADY   |   in|    1|       m_axi|                                                                        gmem0|       pointer|
|m_axi_gmem0_0_ARADDR    |  out|   64|       m_axi|                                                                        gmem0|       pointer|
|m_axi_gmem0_0_ARID      |  out|    1|       m_axi|                                                                        gmem0|       pointer|
|m_axi_gmem0_0_ARLEN     |  out|   32|       m_axi|                                                                        gmem0|       pointer|
|m_axi_gmem0_0_ARSIZE    |  out|    3|       m_axi|                                                                        gmem0|       pointer|
|m_axi_gmem0_0_ARBURST   |  out|    2|       m_axi|                                                                        gmem0|       pointer|
|m_axi_gmem0_0_ARLOCK    |  out|    2|       m_axi|                                                                        gmem0|       pointer|
|m_axi_gmem0_0_ARCACHE   |  out|    4|       m_axi|                                                                        gmem0|       pointer|
|m_axi_gmem0_0_ARPROT    |  out|    3|       m_axi|                                                                        gmem0|       pointer|
|m_axi_gmem0_0_ARQOS     |  out|    4|       m_axi|                                                                        gmem0|       pointer|
|m_axi_gmem0_0_ARREGION  |  out|    4|       m_axi|                                                                        gmem0|       pointer|
|m_axi_gmem0_0_ARUSER    |  out|    1|       m_axi|                                                                        gmem0|       pointer|
|m_axi_gmem0_0_RVALID    |   in|    1|       m_axi|                                                                        gmem0|       pointer|
|m_axi_gmem0_0_RREADY    |  out|    1|       m_axi|                                                                        gmem0|       pointer|
|m_axi_gmem0_0_RDATA     |   in|   32|       m_axi|                                                                        gmem0|       pointer|
|m_axi_gmem0_0_RLAST     |   in|    1|       m_axi|                                                                        gmem0|       pointer|
|m_axi_gmem0_0_RID       |   in|    1|       m_axi|                                                                        gmem0|       pointer|
|m_axi_gmem0_0_RFIFONUM  |   in|    9|       m_axi|                                                                        gmem0|       pointer|
|m_axi_gmem0_0_RUSER     |   in|    1|       m_axi|                                                                        gmem0|       pointer|
|m_axi_gmem0_0_RRESP     |   in|    2|       m_axi|                                                                        gmem0|       pointer|
|m_axi_gmem0_0_BVALID    |   in|    1|       m_axi|                                                                        gmem0|       pointer|
|m_axi_gmem0_0_BREADY    |  out|    1|       m_axi|                                                                        gmem0|       pointer|
|m_axi_gmem0_0_BRESP     |   in|    2|       m_axi|                                                                        gmem0|       pointer|
|m_axi_gmem0_0_BID       |   in|    1|       m_axi|                                                                        gmem0|       pointer|
|m_axi_gmem0_0_BUSER     |   in|    1|       m_axi|                                                                        gmem0|       pointer|
|sext_ln180              |   in|   62|     ap_none|                                                                   sext_ln180|        scalar|
|matrix_real_address0    |  out|   14|   ap_memory|                                                                  matrix_real|         array|
|matrix_real_ce0         |  out|    1|   ap_memory|                                                                  matrix_real|         array|
|matrix_real_we0         |  out|    1|   ap_memory|                                                                  matrix_real|         array|
|matrix_real_d0          |  out|   32|   ap_memory|                                                                  matrix_real|         array|
|matrix_imag_address0    |  out|   14|   ap_memory|                                                                  matrix_imag|         array|
|matrix_imag_ce0         |  out|    1|   ap_memory|                                                                  matrix_imag|         array|
|matrix_imag_we0         |  out|    1|   ap_memory|                                                                  matrix_imag|         array|
|matrix_imag_d0          |  out|   32|   ap_memory|                                                                  matrix_imag|         array|
+------------------------+-----+-----+------------+-----------------------------------------------------------------------------+--------------+

============================================================
+ Verbose Summary: Synthesis Manager
============================================================
InlineROM: 1
ExposeGlobal: 0
============================================================
+ Verbose Summary: CDFG Model
============================================================
IsTopModel: 0
ResetActiveHigh: 1
IsCombinational: 2
IsDatapathOnly: 2
HasWiredReturn: 1
HasMFsm: 2
HasVarLatency: 1
IsPipeline: 0
IsRtlPipelined: 0
IsInstanceOverlapped: 0
IsDontTouch: 0
HasImplIP: 0
IsGatedGlobalClock: 0

+ Individual pipeline summary: 
  * Pipeline-0: initiation interval (II) = 1, depth = 3


============================================================
+ Verbose Summary: Schedule
============================================================
* Number of FSM states : 3
* Pipeline : 1
  Pipeline-0 : II = 1, D = 3, States = { 1 2 3 }
* Dataflow Pipeline: 0

* FSM state transitions: 
1 --> 2 
2 --> 3 
3 --> 

* FSM state operations: 

State 1 <SV = 0> <Delay = 4.98>
ST_1 : Operation 6 [1/1] (0.00ns)   --->   "%c = alloca i32 1" [src/fft2d_fixed.cpp:182]   --->   Operation 6 'alloca' 'c' <Predicate = true> <Delay = 0.00>
ST_1 : Operation 7 [1/1] (0.00ns)   --->   "%r = alloca i32 1" [src/fft2d_fixed.cpp:181]   --->   Operation 7 'alloca' 'r' <Predicate = true> <Delay = 0.00>
ST_1 : Operation 8 [1/1] (0.00ns)   --->   "%indvar_flatten = alloca i32 1"   --->   Operation 8 'alloca' 'indvar_flatten' <Predicate = true> <Delay = 0.00>
ST_1 : Operation 9 [1/1] (0.00ns)   --->   "%ch = alloca i32 1" [src/fft2d_fixed.cpp:180]   --->   Operation 9 'alloca' 'ch' <Predicate = true> <Delay = 0.00>
ST_1 : Operation 10 [1/1] (0.00ns)   --->   "%indvar_flatten12 = alloca i32 1"   --->   Operation 10 'alloca' 'indvar_flatten12' <Predicate = true> <Delay = 0.00>
ST_1 : Operation 11 [1/1] (0.00ns)   --->   "%sext_ln180_read = read i62 @_ssdm_op_Read.ap_auto.i62, i62 %sext_ln180"   --->   Operation 11 'read' 'sext_ln180_read' <Predicate = true> <Delay = 0.00>
ST_1 : Operation 12 [1/1] (0.00ns)   --->   "%sext_ln180_cast = sext i62 %sext_ln180_read"   --->   Operation 12 'sext' 'sext_ln180_cast' <Predicate = true> <Delay = 0.00>
ST_1 : Operation 13 [1/1] (0.00ns)   --->   "%specinterface_ln0 = specinterface void @_ssdm_op_SpecInterface, i32 %gmem0, void @empty_24, i32 0, i32 0, void @empty, i32 0, i32 0, void @empty_26, void @empty_15, void @empty, i32 16, i32 16, i32 16, i32 16, void @empty, void @empty, i32 4294967295, i32 0, i32 0, i32 4"   --->   Operation 13 'specinterface' 'specinterface_ln0' <Predicate = true> <Delay = 0.00>
ST_1 : Operation 14 [1/1] (1.58ns)   --->   "%store_ln0 = store i14 0, i14 %indvar_flatten12"   --->   Operation 14 'store' 'store_ln0' <Predicate = true> <Delay = 1.58>
ST_1 : Operation 15 [1/1] (1.58ns)   --->   "%store_ln180 = store i2 0, i2 %ch" [src/fft2d_fixed.cpp:180]   --->   Operation 15 'store' 'store_ln180' <Predicate = true> <Delay = 1.58>
ST_1 : Operation 16 [1/1] (1.58ns)   --->   "%store_ln0 = store i14 0, i14 %indvar_flatten"   --->   Operation 16 'store' 'store_ln0' <Predicate = true> <Delay = 1.58>
ST_1 : Operation 17 [1/1] (1.58ns)   --->   "%store_ln181 = store i7 0, i7 %r" [src/fft2d_fixed.cpp:181]   --->   Operation 17 'store' 'store_ln181' <Predicate = true> <Delay = 1.58>
ST_1 : Operation 18 [1/1] (1.58ns)   --->   "%store_ln182 = store i7 0, i7 %c" [src/fft2d_fixed.cpp:182]   --->   Operation 18 'store' 'store_ln182' <Predicate = true> <Delay = 1.58>
ST_1 : Operation 19 [1/1] (0.00ns)   --->   "%br_ln0 = br void %for.body40"   --->   Operation 19 'br' 'br_ln0' <Predicate = true> <Delay = 0.00>
ST_1 : Operation 20 [1/1] (0.00ns)   --->   "%indvar_flatten12_load = load i14 %indvar_flatten12" [src/fft2d_fixed.cpp:180]   --->   Operation 20 'load' 'indvar_flatten12_load' <Predicate = true> <Delay = 0.00>
ST_1 : Operation 21 [1/1] (0.00ns)   --->   "%specbitsmap_ln0 = specbitsmap void @_ssdm_op_SpecBitsMap, i32 %gmem0"   --->   Operation 21 'specbitsmap' 'specbitsmap_ln0' <Predicate = true> <Delay = 0.00>
ST_1 : Operation 22 [1/1] (1.81ns)   --->   "%icmp_ln180 = icmp_eq  i14 %indvar_flatten12_load, i14 12288" [src/fft2d_fixed.cpp:180]   --->   Operation 22 'icmp' 'icmp_ln180' <Predicate = true> <Delay = 1.81> <CoreInst = "Cmp">   --->   Core 9 'Cmp' <Latency = 0> <II = 1> <Delay = 1.81> <FuncUnit> <Opcode : 'seteq' 'setne' 'setle' 'setge' 'setlt' 'setgt'> <InPorts = 2> <OutPorts = 1>
ST_1 : Operation 23 [1/1] (1.81ns)   --->   "%add_ln180_1 = add i14 %indvar_flatten12_load, i14 1" [src/fft2d_fixed.cpp:180]   --->   Operation 23 'add' 'add_ln180_1' <Predicate = true> <Delay = 1.81> <CoreInst = "Adder">   --->   Core 1 'Adder' <Latency = 0> <II = 1> <Delay = 1.81> <FuncUnit> <Opcode : 'add' 'sub'> <InPorts = 2> <OutPorts = 1>
ST_1 : Operation 24 [1/1] (0.00ns)   --->   "%br_ln180 = br i1 %icmp_ln180, void %for.inc60, void %VITIS_LOOP_190_5.preheader.exitStub" [src/fft2d_fixed.cpp:180]   --->   Operation 24 'br' 'br_ln180' <Predicate = true> <Delay = 0.00>
ST_1 : Operation 25 [1/1] (1.58ns)   --->   "%store_ln180 = store i14 %add_ln180_1, i14 %indvar_flatten12" [src/fft2d_fixed.cpp:180]   --->   Operation 25 'store' 'store_ln180' <Predicate = (!icmp_ln180)> <Delay = 1.58>

State 2 <SV = 1> <Delay = 7.30>
ST_2 : Operation 26 [1/1] (0.00ns)   --->   "%c_load = load i7 %c" [src/fft2d_fixed.cpp:182]   --->   Operation 26 'load' 'c_load' <Predicate = true> <Delay = 0.00>
ST_2 : Operation 27 [1/1] (0.00ns)   --->   "%r_load = load i7 %r" [src/fft2d_fixed.cpp:180]   --->   Operation 27 'load' 'r_load' <Predicate = true> <Delay = 0.00>
ST_2 : Operation 28 [1/1] (0.00ns)   --->   "%indvar_flatten_load = load i14 %indvar_flatten" [src/fft2d_fixed.cpp:181]   --->   Operation 28 'load' 'indvar_flatten_load' <Predicate = true> <Delay = 0.00>
ST_2 : Operation 29 [1/1] (0.00ns)   --->   "%ch_load = load i2 %ch" [src/fft2d_fixed.cpp:180]   --->   Operation 29 'load' 'ch_load' <Predicate = true> <Delay = 0.00>
ST_2 : Operation 30 [1/1] (0.00ns)   --->   "%gmem0_addr = getelementptr i32 %gmem0, i64 %sext_ln180_cast" [src/fft2d_fixed.cpp:180]   --->   Operation 30 'getelementptr' 'gmem0_addr' <Predicate = true> <Delay = 0.00>
ST_2 : Operation 31 [1/1] (1.56ns)   --->   "%add_ln180 = add i2 %ch_load, i2 1" [src/fft2d_fixed.cpp:180]   --->   Operation 31 'add' 'add_ln180' <Predicate = true> <Delay = 1.56> <CoreInst = "Adder">   --->   Core 1 'Adder' <Latency = 0> <II = 1> <Delay = 1.56> <FuncUnit> <Opcode : 'add' 'sub'> <InPorts = 2> <OutPorts = 1>
ST_2 : Operation 32 [1/1] (1.81ns)   --->   "%icmp_ln181 = icmp_eq  i14 %indvar_flatten_load, i14 4096" [src/fft2d_fixed.cpp:181]   --->   Operation 32 'icmp' 'icmp_ln181' <Predicate = true> <Delay = 1.81> <CoreInst = "Cmp">   --->   Core 9 'Cmp' <Latency = 0> <II = 1> <Delay = 1.81> <FuncUnit> <Opcode : 'seteq' 'setne' 'setle' 'setge' 'setlt' 'setgt'> <InPorts = 2> <OutPorts = 1>
ST_2 : Operation 33 [1/1] (0.99ns)   --->   "%select_ln180 = select i1 %icmp_ln181, i7 0, i7 %r_load" [src/fft2d_fixed.cpp:180]   --->   Operation 33 'select' 'select_ln180' <Predicate = true> <Delay = 0.99> <CoreInst = "Sel">   --->   Core 73 'Sel' <Latency = 0> <II = 1> <Delay = 0.99> <FuncUnit> <Opcode : 'select'> <InPorts = 3> <OutPorts = 1>
ST_2 : Operation 34 [1/1] (0.00ns) (grouped into LUT with out node and_ln180)   --->   "%xor_ln180 = xor i1 %icmp_ln181, i1 1" [src/fft2d_fixed.cpp:180]   --->   Operation 34 'xor' 'xor_ln180' <Predicate = true> <Delay = 0.00> <CoreInst = "LogicGate">   --->   Core 74 'LogicGate' <Latency = 0> <II = 1> <Delay = 0.97> <FuncUnit> <Opcode : 'and' 'or' 'xor'> <InPorts = 2> <OutPorts = 1>
ST_2 : Operation 35 [1/1] (1.87ns)   --->   "%icmp_ln182 = icmp_eq  i7 %c_load, i7 64" [src/fft2d_fixed.cpp:182]   --->   Operation 35 'icmp' 'icmp_ln182' <Predicate = true> <Delay = 1.87> <CoreInst = "Cmp">   --->   Core 9 'Cmp' <Latency = 0> <II = 1> <Delay = 1.91> <FuncUnit> <Opcode : 'seteq' 'setne' 'setle' 'setge' 'setlt' 'setgt'> <InPorts = 2> <OutPorts = 1>
ST_2 : Operation 36 [1/1] (0.97ns) (out node of the LUT)   --->   "%and_ln180 = and i1 %icmp_ln182, i1 %xor_ln180" [src/fft2d_fixed.cpp:180]   --->   Operation 36 'and' 'and_ln180' <Predicate = true> <Delay = 0.97> <CoreInst = "LogicGate">   --->   Core 74 'LogicGate' <Latency = 0> <II = 1> <Delay = 0.97> <FuncUnit> <Opcode : 'and' 'or' 'xor'> <InPorts = 2> <OutPorts = 1>
ST_2 : Operation 37 [1/1] (0.99ns)   --->   "%select_ln180_1 = select i1 %icmp_ln181, i2 %add_ln180, i2 %ch_load" [src/fft2d_fixed.cpp:180]   --->   Operation 37 'select' 'select_ln180_1' <Predicate = true> <Delay = 0.99> <CoreInst = "Sel">   --->   Core 73 'Sel' <Latency = 0> <II = 1> <Delay = 0.99> <FuncUnit> <Opcode : 'select'> <InPorts = 3> <OutPorts = 1>
ST_2 : Operation 38 [1/1] (1.87ns)   --->   "%add_ln181 = add i7 %select_ln180, i7 1" [src/fft2d_fixed.cpp:181]   --->   Operation 38 'add' 'add_ln181' <Predicate = true> <Delay = 1.87> <CoreInst = "Adder">   --->   Core 1 'Adder' <Latency = 0> <II = 1> <Delay = 1.87> <FuncUnit> <Opcode : 'add' 'sub'> <InPorts = 2> <OutPorts = 1>
ST_2 : Operation 39 [1/1] (0.00ns) (grouped into LUT with out node c_mid2)   --->   "%empty = or i1 %and_ln180, i1 %icmp_ln181" [src/fft2d_fixed.cpp:180]   --->   Operation 39 'or' 'empty' <Predicate = true> <Delay = 0.00> <CoreInst = "LogicGate">   --->   Core 74 'LogicGate' <Latency = 0> <II = 1> <Delay = 0.97> <FuncUnit> <Opcode : 'and' 'or' 'xor'> <InPorts = 2> <OutPorts = 1>
ST_2 : Operation 40 [1/1] (0.99ns) (out node of the LUT)   --->   "%c_mid2 = select i1 %empty, i7 0, i7 %c_load" [src/fft2d_fixed.cpp:180]   --->   Operation 40 'select' 'c_mid2' <Predicate = true> <Delay = 0.99> <CoreInst = "Sel">   --->   Core 73 'Sel' <Latency = 0> <II = 1> <Delay = 0.99> <FuncUnit> <Opcode : 'select'> <InPorts = 3> <OutPorts = 1>
ST_2 : Operation 41 [1/1] (0.99ns)   --->   "%select_ln181 = select i1 %and_ln180, i7 %add_ln181, i7 %select_ln180" [src/fft2d_fixed.cpp:181]   --->   Operation 41 'select' 'select_ln181' <Predicate = true> <Delay = 0.99> <CoreInst = "Sel">   --->   Core 73 'Sel' <Latency = 0> <II = 1> <Delay = 0.99> <FuncUnit> <Opcode : 'select'> <InPorts = 3> <OutPorts = 1>
ST_2 : Operation 42 [1/1] ( I:7.30ns O:7.30ns )   --->   "%gmem0_addr_read = read i32 @_ssdm_op_Read.m_axi.i32.p1i32, i64 %gmem0_addr" [src/fft2d_fixed.cpp:183]   --->   Operation 42 'read' 'gmem0_addr_read' <Predicate = true> <Delay = 7.30> <CoreInst = "m_axi">   --->   Core 111 'm_axi' <Latency = 3> <II = 1> <Delay = 1.00> <Adapter> <Opcode : 'readrequnaligned' 'writerequnaligned' 'read' 'write' 'readreq' 'writereq' 'writeresp'>
ST_2 : Operation 43 [1/1] (1.87ns)   --->   "%add_ln182 = add i7 %c_mid2, i7 1" [src/fft2d_fixed.cpp:182]   --->   Operation 43 'add' 'add_ln182' <Predicate = true> <Delay = 1.87> <CoreInst = "Adder">   --->   Core 1 'Adder' <Latency = 0> <II = 1> <Delay = 1.87> <FuncUnit> <Opcode : 'add' 'sub'> <InPorts = 2> <OutPorts = 1>
ST_2 : Operation 44 [1/1] (1.81ns)   --->   "%add_ln181_1 = add i14 %indvar_flatten_load, i14 1" [src/fft2d_fixed.cpp:181]   --->   Operation 44 'add' 'add_ln181_1' <Predicate = true> <Delay = 1.81> <CoreInst = "Adder">   --->   Core 1 'Adder' <Latency = 0> <II = 1> <Delay = 1.81> <FuncUnit> <Opcode : 'add' 'sub'> <InPorts = 2> <OutPorts = 1>
ST_2 : Operation 45 [1/1] (0.70ns)   --->   "%select_ln181_1 = select i1 %icmp_ln181, i14 1, i14 %add_ln181_1" [src/fft2d_fixed.cpp:181]   --->   Operation 45 'select' 'select_ln181_1' <Predicate = true> <Delay = 0.70> <CoreInst = "Sel">   --->   Core 73 'Sel' <Latency = 0> <II = 1> <Delay = 0.70> <FuncUnit> <Opcode : 'select'> <InPorts = 3> <OutPorts = 1>
ST_2 : Operation 46 [1/1] (1.58ns)   --->   "%store_ln180 = store i2 %select_ln180_1, i2 %ch" [src/fft2d_fixed.cpp:180]   --->   Operation 46 'store' 'store_ln180' <Predicate = true> <Delay = 1.58>
ST_2 : Operation 47 [1/1] (1.58ns)   --->   "%store_ln181 = store i14 %select_ln181_1, i14 %indvar_flatten" [src/fft2d_fixed.cpp:181]   --->   Operation 47 'store' 'store_ln181' <Predicate = true> <Delay = 1.58>
ST_2 : Operation 48 [1/1] (1.58ns)   --->   "%store_ln181 = store i7 %select_ln181, i7 %r" [src/fft2d_fixed.cpp:181]   --->   Operation 48 'store' 'store_ln181' <Predicate = true> <Delay = 1.58>
ST_2 : Operation 49 [1/1] (1.58ns)   --->   "%store_ln182 = store i7 %add_ln182, i7 %c" [src/fft2d_fixed.cpp:182]   --->   Operation 49 'store' 'store_ln182' <Predicate = true> <Delay = 1.58>
ST_2 : Operation 65 [1/1] (1.58ns)   --->   "%ret_ln0 = ret"   --->   Operation 65 'ret' 'ret_ln0' <Predicate = (icmp_ln180)> <Delay = 1.58>

State 3 <SV = 2> <Delay = 6.98>
ST_3 : Operation 50 [1/1] (0.00ns)   --->   "%specloopname_ln0 = specloopname void @_ssdm_op_SpecLoopName, void @VITIS_LOOP_180_1_VITIS_LOOP_181_2_VITIS_LOOP_182_3_str"   --->   Operation 50 'specloopname' 'specloopname_ln0' <Predicate = true> <Delay = 0.00>
ST_3 : Operation 51 [1/1] (0.00ns)   --->   "%speclooptripcount_ln0 = speclooptripcount void @_ssdm_op_SpecLoopTripCount, i64 12288, i64 12288, i64 12288"   --->   Operation 51 'speclooptripcount' 'speclooptripcount_ln0' <Predicate = true> <Delay = 0.00>
ST_3 : Operation 52 [1/1] (0.00ns)   --->   "%tmp = bitconcatenate i8 @_ssdm_op_BitConcatenate.i8.i2.i6, i2 %select_ln180_1, i6 0" [src/fft2d_fixed.cpp:184]   --->   Operation 52 'bitconcatenate' 'tmp' <Predicate = true> <Delay = 0.00>
ST_3 : Operation 53 [1/1] (0.00ns)   --->   "%zext_ln184 = zext i7 %select_ln181" [src/fft2d_fixed.cpp:184]   --->   Operation 53 'zext' 'zext_ln184' <Predicate = true> <Delay = 0.00>
ST_3 : Operation 54 [1/1] (1.91ns)   --->   "%add_ln184 = add i8 %tmp, i8 %zext_ln184" [src/fft2d_fixed.cpp:184]   --->   Operation 54 'add' 'add_ln184' <Predicate = true> <Delay = 1.91> <CoreInst = "Adder">   --->   Core 1 'Adder' <Latency = 0> <II = 1> <Delay = 1.91> <FuncUnit> <Opcode : 'add' 'sub'> <InPorts = 2> <OutPorts = 1>
ST_3 : Operation 55 [1/1] (0.00ns)   --->   "%tmp_1 = bitconcatenate i14 @_ssdm_op_BitConcatenate.i14.i8.i6, i8 %add_ln184, i6 0" [src/fft2d_fixed.cpp:184]   --->   Operation 55 'bitconcatenate' 'tmp_1' <Predicate = true> <Delay = 0.00>
ST_3 : Operation 56 [1/1] (0.00ns)   --->   "%zext_ln184_1 = zext i7 %c_mid2" [src/fft2d_fixed.cpp:184]   --->   Operation 56 'zext' 'zext_ln184_1' <Predicate = true> <Delay = 0.00>
ST_3 : Operation 57 [1/1] (1.81ns)   --->   "%add_ln184_1 = add i14 %tmp_1, i14 %zext_ln184_1" [src/fft2d_fixed.cpp:184]   --->   Operation 57 'add' 'add_ln184_1' <Predicate = true> <Delay = 1.81> <CoreInst = "Adder">   --->   Core 1 'Adder' <Latency = 0> <II = 1> <Delay = 1.81> <FuncUnit> <Opcode : 'add' 'sub'> <InPorts = 2> <OutPorts = 1>
ST_3 : Operation 58 [1/1] (0.00ns)   --->   "%zext_ln184_2 = zext i14 %add_ln184_1" [src/fft2d_fixed.cpp:184]   --->   Operation 58 'zext' 'zext_ln184_2' <Predicate = true> <Delay = 0.00>
ST_3 : Operation 59 [1/1] (0.00ns)   --->   "%matrix_imag_addr = getelementptr i32 %matrix_imag, i64 0, i64 %zext_ln184_2" [src/fft2d_fixed.cpp:184]   --->   Operation 59 'getelementptr' 'matrix_imag_addr' <Predicate = true> <Delay = 0.00>
ST_3 : Operation 60 [1/1] (0.00ns)   --->   "%matrix_real_addr = getelementptr i32 %matrix_real, i64 0, i64 %zext_ln184_2" [src/fft2d_fixed.cpp:183]   --->   Operation 60 'getelementptr' 'matrix_real_addr' <Predicate = true> <Delay = 0.00>
ST_3 : Operation 61 [1/1] (0.00ns)   --->   "%specpipeline_ln182 = specpipeline void @_ssdm_op_SpecPipeline, i32 4294967295, i32 0, i32 0, i32 0, i32 4294967295, void @empty" [src/fft2d_fixed.cpp:182]   --->   Operation 61 'specpipeline' 'specpipeline_ln182' <Predicate = true> <Delay = 0.00>
ST_3 : Operation 62 [1/1] ( I:3.25ns O:3.25ns )   --->   "%store_ln183 = store i32 %gmem0_addr_read, i14 %matrix_real_addr" [src/fft2d_fixed.cpp:183]   --->   Operation 62 'store' 'store_ln183' <Predicate = true> <Delay = 3.25> <CoreInst = "RAM">   --->   Core 81 'RAM' <Latency = 1> <II = 1> <Delay = 3.25> <Storage> <Opcode : 'load' 'store'> <Ports = 2> <Width = 32> <Depth = 12288> <RAM>
ST_3 : Operation 63 [1/1] ( I:3.25ns O:3.25ns )   --->   "%store_ln184 = store i32 0, i14 %matrix_imag_addr" [src/fft2d_fixed.cpp:184]   --->   Operation 63 'store' 'store_ln184' <Predicate = true> <Delay = 3.25> <CoreInst = "RAM">   --->   Core 81 'RAM' <Latency = 1> <II = 1> <Delay = 3.25> <Storage> <Opcode : 'load' 'store'> <Ports = 2> <Width = 32> <Depth = 12288> <RAM>
ST_3 : Operation 64 [1/1] (0.00ns)   --->   "%br_ln182 = br void %for.body40" [src/fft2d_fixed.cpp:182]   --->   Operation 64 'br' 'br_ln182' <Predicate = true> <Delay = 0.00>


============================================================
+ Verbose Summary: Binding
============================================================
STG Binding: 
---------------- STG Properties BEGIN ----------------
- Is combinational: 0
- Is one-state seq: 0
- Is datapath-only: 0
- Is pipelined: 0
- Is top level: 0
Port [ Return ] is wired: 1; IO mode=ap_ctrl_hs:ce=0
Port [ gmem0]:  wired=1; compound=1; hidden=0; nouse=0; global=0; static=0; extern=0; dir=0; type=4; pingpong=0; private_global=0; IO mode=m_axi:ce=0
Port [ sext_ln180]:  wired=1; compound=0; hidden=0; nouse=0; global=0; static=0; extern=0; dir=0; type=0; pingpong=0; private_global=0; IO mode=ap_none:ce=0
Port [ matrix_real]:  wired=1; compound=1; hidden=0; nouse=0; global=1; static=1; extern=0; dir=1; type=1; pingpong=0; private_global=0; MemPort=[03]; IO mode=ap_memory:ce=0
Port [ matrix_imag]:  wired=1; compound=1; hidden=0; nouse=0; global=1; static=1; extern=0; dir=1; type=1; pingpong=0; private_global=0; MemPort=[03]; IO mode=ap_memory:ce=0
---------------- STG Properties END ------------------

---------------- Datapath Model BEGIN ----------------

<LifeTime>
<method=bitvector/>
c                     (alloca           ) [ 0110]
r                     (alloca           ) [ 0110]
indvar_flatten        (alloca           ) [ 0110]
ch                    (alloca           ) [ 0110]
indvar_flatten12      (alloca           ) [ 0100]
sext_ln180_read       (read             ) [ 0000]
sext_ln180_cast       (sext             ) [ 0110]
specinterface_ln0     (specinterface    ) [ 0000]
store_ln0             (store            ) [ 0000]
store_ln180           (store            ) [ 0000]
store_ln0             (store            ) [ 0000]
store_ln181           (store            ) [ 0000]
store_ln182           (store            ) [ 0000]
br_ln0                (br               ) [ 0000]
indvar_flatten12_load (load             ) [ 0000]
specbitsmap_ln0       (specbitsmap      ) [ 0000]
icmp_ln180            (icmp             ) [ 0110]
add_ln180_1           (add              ) [ 0000]
br_ln180              (br               ) [ 0000]
store_ln180           (store            ) [ 0000]
c_load                (load             ) [ 0000]
r_load                (load             ) [ 0000]
indvar_flatten_load   (load             ) [ 0000]
ch_load               (load             ) [ 0000]
gmem0_addr            (getelementptr    ) [ 0000]
add_ln180             (add              ) [ 0000]
icmp_ln181            (icmp             ) [ 0000]
select_ln180          (select           ) [ 0000]
xor_ln180             (xor              ) [ 0000]
icmp_ln182            (icmp             ) [ 0000]
and_ln180             (and              ) [ 0000]
select_ln180_1        (select           ) [ 0101]
add_ln181             (add              ) [ 0000]
empty                 (or               ) [ 0000]
c_mid2                (select           ) [ 0101]
select_ln181          (select           ) [ 0101]
gmem0_addr_read       (read             ) [ 0101]
add_ln182             (add              ) [ 0000]
add_ln181_1           (add              ) [ 0000]
select_ln181_1        (select           ) [ 0000]
store_ln180           (store            ) [ 0000]
store_ln181           (store            ) [ 0000]
store_ln181           (store            ) [ 0000]
store_ln182           (store            ) [ 0000]
specloopname_ln0      (specloopname     ) [ 0000]
speclooptripcount_ln0 (speclooptripcount) [ 0000]
tmp                   (bitconcatenate   ) [ 0000]
zext_ln184            (zext             ) [ 0000]
add_ln184             (add              ) [ 0000]
tmp_1                 (bitconcatenate   ) [ 0000]
zext_ln184_1          (zext             ) [ 0000]
add_ln184_1           (add              ) [ 0000]
zext_ln184_2          (zext             ) [ 0000]
matrix_imag_addr      (getelementptr    ) [ 0000]
matrix_real_addr      (getelementptr    ) [ 0000]
specpipeline_ln182    (specpipeline     ) [ 0000]
store_ln183           (store            ) [ 0000]
store_ln184           (store            ) [ 0000]
br_ln182              (br               ) [ 0000]
ret_ln0               (ret              ) [ 0000]
</LifeTime>

<model>

<comp_list>
<comp id="0" class="1000" name="gmem0">
<pin_list>
<pin id="1" dir="1" index="0" bw="1" slack="0"/>
</pin_list>
<bind>
<StgValue><ssdm name="gmem0"/><MemPortTyVec>0 </MemPortTyVec>
</StgValue>
</bind>
</comp>

<comp id="2" class="1000" name="sext_ln180">
<pin_list>
<pin id="3" dir="1" index="0" bw="1" slack="0"/>
</pin_list>
<bind>
<StgValue><ssdm name="sext_ln180"/></StgValue>
</bind>
</comp>

<comp id="4" class="1000" name="matrix_real">
<pin_list>
<pin id="5" dir="1" index="0" bw="1" slack="0"/>
</pin_list>
<bind>
<StgValue><ssdm name="matrix_real"/><MemPortTyVec>0 3 </MemPortTyVec>
</StgValue>
</bind>
</comp>

<comp id="6" class="1000" name="matrix_imag">
<pin_list>
<pin id="7" dir="1" index="0" bw="1" slack="0"/>
</pin_list>
<bind>
<StgValue><ssdm name="matrix_imag"/><MemPortTyVec>0 3 </MemPortTyVec>
</StgValue>
</bind>
</comp>

<comp id="8" class="1001" name="const_8">
<pin_list>
<pin id="9" dir="1" index="0" bw="1" slack="0"/>
</pin_list>
<bind>
<StgValue><ssdm name=""/></StgValue>
</bind>
</comp>

<comp id="10" class="1001" name="const_10">
<pin_list>
<pin id="11" dir="1" index="0" bw="1" slack="0"/>
</pin_list>
<bind>
<StgValue><ssdm name="_ssdm_op_Read.ap_auto.i62"/></StgValue>
</bind>
</comp>

<comp id="12" class="1001" name="const_12">
<pin_list>
<pin id="13" dir="1" index="0" bw="1" slack="2147483647"/>
</pin_list>
<bind>
<StgValue><ssdm name="_ssdm_op_SpecInterface"/></StgValue>
</bind>
</comp>

<comp id="14" class="1001" name="const_14">
<pin_list>
<pin id="15" dir="1" index="0" bw="1" slack="2147483647"/>
</pin_list>
<bind>
<StgValue><ssdm name="empty_24"/></StgValue>
</bind>
</comp>

<comp id="16" class="1001" name="const_16">
<pin_list>
<pin id="17" dir="1" index="0" bw="1" slack="0"/>
</pin_list>
<bind>
<StgValue><ssdm name=""/></StgValue>
</bind>
</comp>

<comp id="18" class="1001" name="const_18">
<pin_list>
<pin id="19" dir="1" index="0" bw="1" slack="2147483647"/>
</pin_list>
<bind>
<StgValue><ssdm name="empty"/></StgValue>
</bind>
</comp>

<comp id="20" class="1001" name="const_20">
<pin_list>
<pin id="21" dir="1" index="0" bw="1" slack="2147483647"/>
</pin_list>
<bind>
<StgValue><ssdm name="empty_26"/></StgValue>
</bind>
</comp>

<comp id="22" class="1001" name="const_22">
<pin_list>
<pin id="23" dir="1" index="0" bw="1" slack="2147483647"/>
</pin_list>
<bind>
<StgValue><ssdm name="empty_15"/></StgValue>
</bind>
</comp>

<comp id="24" class="1001" name="const_24">
<pin_list>
<pin id="25" dir="1" index="0" bw="1" slack="2147483647"/>
</pin_list>
<bind>
<StgValue><ssdm name=""/></StgValue>
</bind>
</comp>

<comp id="26" class="1001" name="const_26">
<pin_list>
<pin id="27" dir="1" index="0" bw="1" slack="2147483647"/>
</pin_list>
<bind>
<StgValue><ssdm name=""/></StgValue>
</bind>
</comp>

<comp id="28" class="1001" name="const_28">
<pin_list>
<pin id="29" dir="1" index="0" bw="1" slack="2147483647"/>
</pin_list>
<bind>
<StgValue><ssdm name=""/></StgValue>
</bind>
</comp>

<comp id="30" class="1001" name="const_30">
<pin_list>
<pin id="31" dir="1" index="0" bw="1" slack="0"/>
</pin_list>
<bind>
<StgValue><ssdm name=""/></StgValue>
</bind>
</comp>

<comp id="32" class="1001" name="const_32">
<pin_list>
<pin id="33" dir="1" index="0" bw="1" slack="0"/>
</pin_list>
<bind>
<StgValue><ssdm name=""/></StgValue>
</bind>
</comp>

<comp id="34" class="1001" name="const_34">
<pin_list>
<pin id="35" dir="1" index="0" bw="1" slack="0"/>
</pin_list>
<bind>
<StgValue><ssdm name=""/></StgValue>
</bind>
</comp>

<comp id="36" class="1001" name="const_36">
<pin_list>
<pin id="37" dir="1" index="0" bw="1" slack="2147483647"/>
</pin_list>
<bind>
<StgValue><ssdm name="_ssdm_op_SpecBitsMap"/></StgValue>
</bind>
</comp>

<comp id="38" class="1001" name="const_38">
<pin_list>
<pin id="39" dir="1" index="0" bw="1" slack="0"/>
</pin_list>
<bind>
<StgValue><ssdm name=""/></StgValue>
</bind>
</comp>

<comp id="40" class="1001" name="const_40">
<pin_list>
<pin id="41" dir="1" index="0" bw="1" slack="0"/>
</pin_list>
<bind>
<StgValue><ssdm name=""/></StgValue>
</bind>
</comp>

<comp id="42" class="1001" name="const_42">
<pin_list>
<pin id="43" dir="1" index="0" bw="1" slack="0"/>
</pin_list>
<bind>
<StgValue><ssdm name=""/></StgValue>
</bind>
</comp>

<comp id="44" class="1001" name="const_44">
<pin_list>
<pin id="45" dir="1" index="0" bw="1" slack="0"/>
</pin_list>
<bind>
<StgValue><ssdm name=""/></StgValue>
</bind>
</comp>

<comp id="46" class="1001" name="const_46">
<pin_list>
<pin id="47" dir="1" index="0" bw="1" slack="0"/>
</pin_list>
<bind>
<StgValue><ssdm name=""/></StgValue>
</bind>
</comp>

<comp id="48" class="1001" name="const_48">
<pin_list>
<pin id="49" dir="1" index="0" bw="1" slack="0"/>
</pin_list>
<bind>
<StgValue><ssdm name=""/></StgValue>
</bind>
</comp>

<comp id="50" class="1001" name="const_50">
<pin_list>
<pin id="51" dir="1" index="0" bw="1" slack="0"/>
</pin_list>
<bind>
<StgValue><ssdm name=""/></StgValue>
</bind>
</comp>

<comp id="52" class="1001" name="const_52">
<pin_list>
<pin id="53" dir="1" index="0" bw="1" slack="0"/>
</pin_list>
<bind>
<StgValue><ssdm name="_ssdm_op_Read.m_axi.i32.p1i32"/></StgValue>
</bind>
</comp>

<comp id="54" class="1001" name="const_54">
<pin_list>
<pin id="55" dir="1" index="0" bw="1" slack="2147483647"/>
</pin_list>
<bind>
<StgValue><ssdm name="_ssdm_op_SpecLoopName"/></StgValue>
</bind>
</comp>

<comp id="56" class="1001" name="const_56">
<pin_list>
<pin id="57" dir="1" index="0" bw="1" slack="2147483647"/>
</pin_list>
<bind>
<StgValue><ssdm name="VITIS_LOOP_180_1_VITIS_LOOP_181_2_VITIS_LOOP_182_3_str"/></StgValue>
</bind>
</comp>

<comp id="58" class="1001" name="const_58">
<pin_list>
<pin id="59" dir="1" index="0" bw="1" slack="2147483647"/>
</pin_list>
<bind>
<StgValue><ssdm name="_ssdm_op_SpecLoopTripCount"/></StgValue>
</bind>
</comp>

<comp id="60" class="1001" name="const_60">
<pin_list>
<pin id="61" dir="1" index="0" bw="1" slack="2147483647"/>
</pin_list>
<bind>
<StgValue><ssdm name=""/></StgValue>
</bind>
</comp>

<comp id="62" class="1001" name="const_62">
<pin_list>
<pin id="63" dir="1" index="0" bw="1" slack="0"/>
</pin_list>
<bind>
<StgValue><ssdm name="_ssdm_op_BitConcatenate.i8.i2.i6"/></StgValue>
</bind>
</comp>

<comp id="64" class="1001" name="const_64">
<pin_list>
<pin id="65" dir="1" index="0" bw="1" slack="0"/>
</pin_list>
<bind>
<StgValue><ssdm name=""/></StgValue>
</bind>
</comp>

<comp id="66" class="1001" name="const_66">
<pin_list>
<pin id="67" dir="1" index="0" bw="1" slack="0"/>
</pin_list>
<bind>
<StgValue><ssdm name="_ssdm_op_BitConcatenate.i14.i8.i6"/></StgValue>
</bind>
</comp>

<comp id="68" class="1001" name="const_68">
<pin_list>
<pin id="69" dir="1" index="0" bw="1" slack="0"/>
</pin_list>
<bind>
<StgValue><ssdm name=""/></StgValue>
</bind>
</comp>

<comp id="70" class="1001" name="const_70">
<pin_list>
<pin id="71" dir="1" index="0" bw="1" slack="2147483647"/>
</pin_list>
<bind>
<StgValue><ssdm name="_ssdm_op_SpecPipeline"/></StgValue>
</bind>
</comp>

<comp id="72" class="1004" name="c_fu_72">
<pin_list>
<pin id="73" dir="0" index="0" bw="1" slack="0"/>
<pin id="74" dir="1" index="1" bw="7" slack="0"/>
</pin_list>
<bind>
<opcode="alloca(26) " fcode="alloca"/>
<opset="c/1 "/>
</bind>
</comp>

<comp id="76" class="1004" name="r_fu_76">
<pin_list>
<pin id="77" dir="0" index="0" bw="1" slack="0"/>
<pin id="78" dir="1" index="1" bw="7" slack="0"/>
</pin_list>
<bind>
<opcode="alloca(26) " fcode="alloca"/>
<opset="r/1 "/>
</bind>
</comp>

<comp id="80" class="1004" name="indvar_flatten_fu_80">
<pin_list>
<pin id="81" dir="0" index="0" bw="1" slack="0"/>
<pin id="82" dir="1" index="1" bw="14" slack="0"/>
</pin_list>
<bind>
<opcode="alloca(26) " fcode="alloca"/>
<opset="indvar_flatten/1 "/>
</bind>
</comp>

<comp id="84" class="1004" name="ch_fu_84">
<pin_list>
<pin id="85" dir="0" index="0" bw="1" slack="0"/>
<pin id="86" dir="1" index="1" bw="2" slack="0"/>
</pin_list>
<bind>
<opcode="alloca(26) " fcode="alloca"/>
<opset="ch/1 "/>
</bind>
</comp>

<comp id="88" class="1004" name="indvar_flatten12_fu_88">
<pin_list>
<pin id="89" dir="0" index="0" bw="1" slack="0"/>
<pin id="90" dir="1" index="1" bw="14" slack="0"/>
</pin_list>
<bind>
<opcode="alloca(26) " fcode="alloca"/>
<opset="indvar_flatten12/1 "/>
</bind>
</comp>

<comp id="92" class="1004" name="sext_ln180_read_read_fu_92">
<pin_list>
<pin id="93" dir="0" index="0" bw="62" slack="0"/>
<pin id="94" dir="0" index="1" bw="62" slack="0"/>
<pin id="95" dir="1" index="2" bw="62" slack="0"/>
</pin_list>
<bind>
<opcode="read(1150) " fcode="read"/>
<opset="sext_ln180_read/1 "/>
</bind>
</comp>

<comp id="98" class="1004" name="matrix_imag_addr_gep_fu_98">
<pin_list>
<pin id="99" dir="0" index="0" bw="32" slack="0"/>
<pin id="100" dir="0" index="1" bw="1" slack="0"/>
<pin id="101" dir="0" index="2" bw="14" slack="0"/>
<pin id="102" dir="1" index="3" bw="14" slack="0"/>
</pin_list>
<bind>
<opcode="getelementptr(29) " fcode="getelementptr"/>
<opset="matrix_imag_addr/3 "/>
</bind>
</comp>

<comp id="105" class="1004" name="matrix_real_addr_gep_fu_105">
<pin_list>
<pin id="106" dir="0" index="0" bw="32" slack="0"/>
<pin id="107" dir="0" index="1" bw="1" slack="0"/>
<pin id="108" dir="0" index="2" bw="14" slack="0"/>
<pin id="109" dir="1" index="3" bw="14" slack="0"/>
</pin_list>
<bind>
<opcode="getelementptr(29) " fcode="getelementptr"/>
<opset="matrix_real_addr/3 "/>
</bind>
</comp>

<comp id="112" class="1004" name="store_ln183_access_fu_112">
<pin_list>
<pin id="113" dir="0" index="0" bw="14" slack="0"/>
<pin id="114" dir="0" index="1" bw="32" slack="1"/>
<pin id="115" dir="0" index="2" bw="0" slack="2147483647"/>
<pin id="116" dir="1" index="3" bw="32" slack="2147483647"/>
</pin_list>
<bind>
<opcode="store(28) " fcode="store"/>
<opset="store_ln183/3 "/>
</bind>
</comp>

<comp id="118" class="1004" name="store_ln184_access_fu_118">
<pin_list>
<pin id="119" dir="0" index="0" bw="14" slack="0"/>
<pin id="120" dir="0" index="1" bw="32" slack="0"/>
<pin id="121" dir="0" index="2" bw="0" slack="2147483647"/>
<pin id="122" dir="1" index="3" bw="32" slack="2147483647"/>
</pin_list>
<bind>
<opcode="store(28) " fcode="store"/>
<opset="store_ln184/3 "/>
</bind>
</comp>

<comp id="125" class="1004" name="gmem0_addr_read_read_fu_125">
<pin_list>
<pin id="126" dir="0" index="0" bw="32" slack="0"/>
<pin id="127" dir="0" index="1" bw="32" slack="0"/>
<pin id="128" dir="1" index="2" bw="32" slack="1"/>
</pin_list>
<bind>
<opcode="read(1150) " fcode="read"/>
<opset="gmem0_addr_read/2 "/>
</bind>
</comp>

<comp id="130" class="1004" name="sext_ln180_cast_fu_130">
<pin_list>
<pin id="131" dir="0" index="0" bw="62" slack="0"/>
<pin id="132" dir="1" index="1" bw="64" slack="1"/>
</pin_list>
<bind>
<opcode="sext(35) " fcode="sext"/>
<opset="sext_ln180_cast/1 "/>
</bind>
</comp>

<comp id="134" class="1004" name="store_ln0_store_fu_134">
<pin_list>
<pin id="135" dir="0" index="0" bw="1" slack="0"/>
<pin id="136" dir="0" index="1" bw="14" slack="0"/>
<pin id="137" dir="1" index="2" bw="0" slack="2147483647"/>
</pin_list>
<bind>
<opcode="store(28) " fcode="store"/>
<opset="store_ln0/1 "/>
</bind>
</comp>

<comp id="139" class="1004" name="store_ln180_store_fu_139">
<pin_list>
<pin id="140" dir="0" index="0" bw="1" slack="0"/>
<pin id="141" dir="0" index="1" bw="2" slack="0"/>
<pin id="142" dir="1" index="2" bw="0" slack="2147483647"/>
</pin_list>
<bind>
<opcode="store(28) " fcode="store"/>
<opset="store_ln180/1 "/>
</bind>
</comp>

<comp id="144" class="1004" name="store_ln0_store_fu_144">
<pin_list>
<pin id="145" dir="0" index="0" bw="1" slack="0"/>
<pin id="146" dir="0" index="1" bw="14" slack="0"/>
<pin id="147" dir="1" index="2" bw="0" slack="2147483647"/>
</pin_list>
<bind>
<opcode="store(28) " fcode="store"/>
<opset="store_ln0/1 "/>
</bind>
</comp>

<comp id="149" class="1004" name="store_ln181_store_fu_149">
<pin_list>
<pin id="150" dir="0" index="0" bw="1" slack="0"/>
<pin id="151" dir="0" index="1" bw="7" slack="0"/>
<pin id="152" dir="1" index="2" bw="0" slack="2147483647"/>
</pin_list>
<bind>
<opcode="store(28) " fcode="store"/>
<opset="store_ln181/1 "/>
</bind>
</comp>

<comp id="154" class="1004" name="store_ln182_store_fu_154">
<pin_list>
<pin id="155" dir="0" index="0" bw="1" slack="0"/>
<pin id="156" dir="0" index="1" bw="7" slack="0"/>
<pin id="157" dir="1" index="2" bw="0" slack="2147483647"/>
</pin_list>
<bind>
<opcode="store(28) " fcode="store"/>
<opset="store_ln182/1 "/>
</bind>
</comp>

<comp id="159" class="1004" name="indvar_flatten12_load_load_fu_159">
<pin_list>
<pin id="160" dir="0" index="0" bw="14" slack="0"/>
<pin id="161" dir="1" index="1" bw="14" slack="0"/>
</pin_list>
<bind>
<opcode="load(27) " fcode="load"/>
<opset="indvar_flatten12_load/1 "/>
</bind>
</comp>

<comp id="162" class="1004" name="icmp_ln180_fu_162">
<pin_list>
<pin id="163" dir="0" index="0" bw="14" slack="0"/>
<pin id="164" dir="0" index="1" bw="14" slack="0"/>
<pin id="165" dir="1" index="2" bw="1" slack="1"/>
</pin_list>
<bind>
<opcode="icmp(45) " fcode="icmp"/>
<opset="icmp_ln180/1 "/>
</bind>
</comp>

<comp id="168" class="1004" name="add_ln180_1_fu_168">
<pin_list>
<pin id="169" dir="0" index="0" bw="14" slack="0"/>
<pin id="170" dir="0" index="1" bw="1" slack="0"/>
<pin id="171" dir="1" index="2" bw="14" slack="0"/>
</pin_list>
<bind>
<opcode="add(8) " fcode="add"/>
<opset="add_ln180_1/1 "/>
</bind>
</comp>

<comp id="174" class="1004" name="store_ln180_store_fu_174">
<pin_list>
<pin id="175" dir="0" index="0" bw="14" slack="0"/>
<pin id="176" dir="0" index="1" bw="14" slack="0"/>
<pin id="177" dir="1" index="2" bw="0" slack="2147483647"/>
</pin_list>
<bind>
<opcode="store(28) " fcode="store"/>
<opset="store_ln180/1 "/>
</bind>
</comp>

<comp id="179" class="1004" name="c_load_load_fu_179">
<pin_list>
<pin id="180" dir="0" index="0" bw="7" slack="1"/>
<pin id="181" dir="1" index="1" bw="7" slack="0"/>
</pin_list>
<bind>
<opcode="load(27) " fcode="load"/>
<opset="c_load/2 "/>
</bind>
</comp>

<comp id="182" class="1004" name="r_load_load_fu_182">
<pin_list>
<pin id="183" dir="0" index="0" bw="7" slack="1"/>
<pin id="184" dir="1" index="1" bw="7" slack="0"/>
</pin_list>
<bind>
<opcode="load(27) " fcode="load"/>
<opset="r_load/2 "/>
</bind>
</comp>

<comp id="185" class="1004" name="indvar_flatten_load_load_fu_185">
<pin_list>
<pin id="186" dir="0" index="0" bw="14" slack="1"/>
<pin id="187" dir="1" index="1" bw="14" slack="0"/>
</pin_list>
<bind>
<opcode="load(27) " fcode="load"/>
<opset="indvar_flatten_load/2 "/>
</bind>
</comp>

<comp id="188" class="1004" name="ch_load_load_fu_188">
<pin_list>
<pin id="189" dir="0" index="0" bw="2" slack="1"/>
<pin id="190" dir="1" index="1" bw="2" slack="0"/>
</pin_list>
<bind>
<opcode="load(27) " fcode="load"/>
<opset="ch_load/2 "/>
</bind>
</comp>

<comp id="191" class="1004" name="gmem0_addr_fu_191">
<pin_list>
<pin id="192" dir="0" index="0" bw="64" slack="0"/>
<pin id="193" dir="0" index="1" bw="64" slack="1"/>
<pin id="194" dir="1" index="2" bw="64" slack="0"/>
</pin_list>
<bind>
<opcode="getelementptr(29) " fcode="getelementptr"/>
<opset="gmem0_addr/2 "/>
</bind>
</comp>

<comp id="197" class="1004" name="add_ln180_fu_197">
<pin_list>
<pin id="198" dir="0" index="0" bw="2" slack="0"/>
<pin id="199" dir="0" index="1" bw="1" slack="0"/>
<pin id="200" dir="1" index="2" bw="2" slack="0"/>
</pin_list>
<bind>
<opcode="add(8) " fcode="add"/>
<opset="add_ln180/2 "/>
</bind>
</comp>

<comp id="203" class="1004" name="icmp_ln181_fu_203">
<pin_list>
<pin id="204" dir="0" index="0" bw="14" slack="0"/>
<pin id="205" dir="0" index="1" bw="14" slack="0"/>
<pin id="206" dir="1" index="2" bw="1" slack="0"/>
</pin_list>
<bind>
<opcode="icmp(45) " fcode="icmp"/>
<opset="icmp_ln181/2 "/>
</bind>
</comp>

<comp id="209" class="1004" name="select_ln180_fu_209">
<pin_list>
<pin id="210" dir="0" index="0" bw="1" slack="0"/>
<pin id="211" dir="0" index="1" bw="7" slack="0"/>
<pin id="212" dir="0" index="2" bw="7" slack="0"/>
<pin id="213" dir="1" index="3" bw="7" slack="0"/>
</pin_list>
<bind>
<opcode="select(49) " fcode="select"/>
<opset="select_ln180/2 "/>
</bind>
</comp>

<comp id="217" class="1004" name="xor_ln180_fu_217">
<pin_list>
<pin id="218" dir="0" index="0" bw="1" slack="0"/>
<pin id="219" dir="0" index="1" bw="1" slack="0"/>
<pin id="220" dir="1" index="2" bw="1" slack="0"/>
</pin_list>
<bind>
<opcode="xor(25) " fcode="xor"/>
<opset="xor_ln180/2 "/>
</bind>
</comp>

<comp id="223" class="1004" name="icmp_ln182_fu_223">
<pin_list>
<pin id="224" dir="0" index="0" bw="7" slack="0"/>
<pin id="225" dir="0" index="1" bw="7" slack="0"/>
<pin id="226" dir="1" index="2" bw="1" slack="0"/>
</pin_list>
<bind>
<opcode="icmp(45) " fcode="icmp"/>
<opset="icmp_ln182/2 "/>
</bind>
</comp>

<comp id="229" class="1004" name="and_ln180_fu_229">
<pin_list>
<pin id="230" dir="0" index="0" bw="1" slack="0"/>
<pin id="231" dir="0" index="1" bw="1" slack="0"/>
<pin id="232" dir="1" index="2" bw="1" slack="0"/>
</pin_list>
<bind>
<opcode="and(23) " fcode="and"/>
<opset="and_ln180/2 "/>
</bind>
</comp>

<comp id="235" class="1004" name="select_ln180_1_fu_235">
<pin_list>
<pin id="236" dir="0" index="0" bw="1" slack="0"/>
<pin id="237" dir="0" index="1" bw="2" slack="0"/>
<pin id="238" dir="0" index="2" bw="2" slack="0"/>
<pin id="239" dir="1" index="3" bw="2" slack="0"/>
</pin_list>
<bind>
<opcode="select(49) " fcode="select"/>
<opset="select_ln180_1/2 "/>
</bind>
</comp>

<comp id="243" class="1004" name="add_ln181_fu_243">
<pin_list>
<pin id="244" dir="0" index="0" bw="7" slack="0"/>
<pin id="245" dir="0" index="1" bw="1" slack="0"/>
<pin id="246" dir="1" index="2" bw="7" slack="0"/>
</pin_list>
<bind>
<opcode="add(8) " fcode="add"/>
<opset="add_ln181/2 "/>
</bind>
</comp>

<comp id="249" class="1004" name="empty_fu_249">
<pin_list>
<pin id="250" dir="0" index="0" bw="1" slack="0"/>
<pin id="251" dir="0" index="1" bw="1" slack="0"/>
<pin id="252" dir="1" index="2" bw="1" slack="0"/>
</pin_list>
<bind>
<opcode="or(24) " fcode="or"/>
<opset="empty/2 "/>
</bind>
</comp>

<comp id="255" class="1004" name="c_mid2_fu_255">
<pin_list>
<pin id="256" dir="0" index="0" bw="1" slack="0"/>
<pin id="257" dir="0" index="1" bw="7" slack="0"/>
<pin id="258" dir="0" index="2" bw="7" slack="0"/>
<pin id="259" dir="1" index="3" bw="7" slack="0"/>
</pin_list>
<bind>
<opcode="select(49) " fcode="select"/>
<opset="c_mid2/2 "/>
</bind>
</comp>

<comp id="263" class="1004" name="select_ln181_fu_263">
<pin_list>
<pin id="264" dir="0" index="0" bw="1" slack="0"/>
<pin id="265" dir="0" index="1" bw="7" slack="0"/>
<pin id="266" dir="0" index="2" bw="7" slack="0"/>
<pin id="267" dir="1" index="3" bw="7" slack="0"/>
</pin_list>
<bind>
<opcode="select(49) " fcode="select"/>
<opset="select_ln181/2 "/>
</bind>
</comp>

<comp id="271" class="1004" name="add_ln182_fu_271">
<pin_list>
<pin id="272" dir="0" index="0" bw="7" slack="0"/>
<pin id="273" dir="0" index="1" bw="1" slack="0"/>
<pin id="274" dir="1" index="2" bw="7" slack="0"/>
</pin_list>
<bind>
<opcode="add(8) " fcode="add"/>
<opset="add_ln182/2 "/>
</bind>
</comp>

<comp id="277" class="1004" name="add_ln181_1_fu_277">
<pin_list>
<pin id="278" dir="0" index="0" bw="14" slack="0"/>
<pin id="279" dir="0" index="1" bw="1" slack="0"/>
<pin id="280" dir="1" index="2" bw="14" slack="0"/>
</pin_list>
<bind>
<opcode="add(8) " fcode="add"/>
<opset="add_ln181_1/2 "/>
</bind>
</comp>

<comp id="283" class="1004" name="select_ln181_1_fu_283">
<pin_list>
<pin id="284" dir="0" index="0" bw="1" slack="0"/>
<pin id="285" dir="0" index="1" bw="14" slack="0"/>
<pin id="286" dir="0" index="2" bw="14" slack="0"/>
<pin id="287" dir="1" index="3" bw="14" slack="0"/>
</pin_list>
<bind>
<opcode="select(49) " fcode="select"/>
<opset="select_ln181_1/2 "/>
</bind>
</comp>

<comp id="291" class="1004" name="store_ln180_store_fu_291">
<pin_list>
<pin id="292" dir="0" index="0" bw="2" slack="0"/>
<pin id="293" dir="0" index="1" bw="2" slack="1"/>
<pin id="294" dir="1" index="2" bw="0" slack="2147483647"/>
</pin_list>
<bind>
<opcode="store(28) " fcode="store"/>
<opset="store_ln180/2 "/>
</bind>
</comp>

<comp id="296" class="1004" name="store_ln181_store_fu_296">
<pin_list>
<pin id="297" dir="0" index="0" bw="14" slack="0"/>
<pin id="298" dir="0" index="1" bw="14" slack="1"/>
<pin id="299" dir="1" index="2" bw="0" slack="2147483647"/>
</pin_list>
<bind>
<opcode="store(28) " fcode="store"/>
<opset="store_ln181/2 "/>
</bind>
</comp>

<comp id="301" class="1004" name="store_ln181_store_fu_301">
<pin_list>
<pin id="302" dir="0" index="0" bw="7" slack="0"/>
<pin id="303" dir="0" index="1" bw="7" slack="1"/>
<pin id="304" dir="1" index="2" bw="0" slack="2147483647"/>
</pin_list>
<bind>
<opcode="store(28) " fcode="store"/>
<opset="store_ln181/2 "/>
</bind>
</comp>

<comp id="306" class="1004" name="store_ln182_store_fu_306">
<pin_list>
<pin id="307" dir="0" index="0" bw="7" slack="0"/>
<pin id="308" dir="0" index="1" bw="7" slack="1"/>
<pin id="309" dir="1" index="2" bw="0" slack="2147483647"/>
</pin_list>
<bind>
<opcode="store(28) " fcode="store"/>
<opset="store_ln182/2 "/>
</bind>
</comp>

<comp id="311" class="1004" name="tmp_fu_311">
<pin_list>
<pin id="312" dir="0" index="0" bw="8" slack="0"/>
<pin id="313" dir="0" index="1" bw="2" slack="1"/>
<pin id="314" dir="0" index="2" bw="1" slack="0"/>
<pin id="315" dir="1" index="3" bw="8" slack="0"/>
</pin_list>
<bind>
<opcode="bitconcatenate(1004) " fcode="bitconcatenate"/>
<opset="tmp/3 "/>
</bind>
</comp>

<comp id="318" class="1004" name="zext_ln184_fu_318">
<pin_list>
<pin id="319" dir="0" index="0" bw="7" slack="1"/>
<pin id="320" dir="1" index="1" bw="8" slack="0"/>
</pin_list>
<bind>
<opcode="zext(34) " fcode="zext"/>
<opset="zext_ln184/3 "/>
</bind>
</comp>

<comp id="321" class="1004" name="add_ln184_fu_321">
<pin_list>
<pin id="322" dir="0" index="0" bw="8" slack="0"/>
<pin id="323" dir="0" index="1" bw="7" slack="0"/>
<pin id="324" dir="1" index="2" bw="8" slack="0"/>
</pin_list>
<bind>
<opcode="add(8) " fcode="add"/>
<opset="add_ln184/3 "/>
</bind>
</comp>

<comp id="327" class="1004" name="tmp_1_fu_327">
<pin_list>
<pin id="328" dir="0" index="0" bw="14" slack="0"/>
<pin id="329" dir="0" index="1" bw="8" slack="0"/>
<pin id="330" dir="0" index="2" bw="1" slack="0"/>
<pin id="331" dir="1" index="3" bw="14" slack="0"/>
</pin_list>
<bind>
<opcode="bitconcatenate(1004) " fcode="bitconcatenate"/>
<opset="tmp_1/3 "/>
</bind>
</comp>

<comp id="335" class="1004" name="zext_ln184_1_fu_335">
<pin_list>
<pin id="336" dir="0" index="0" bw="7" slack="1"/>
<pin id="337" dir="1" index="1" bw="14" slack="0"/>
</pin_list>
<bind>
<opcode="zext(34) " fcode="zext"/>
<opset="zext_ln184_1/3 "/>
</bind>
</comp>

<comp id="338" class="1004" name="add_ln184_1_fu_338">
<pin_list>
<pin id="339" dir="0" index="0" bw="14" slack="0"/>
<pin id="340" dir="0" index="1" bw="7" slack="0"/>
<pin id="341" dir="1" index="2" bw="14" slack="0"/>
</pin_list>
<bind>
<opcode="add(8) " fcode="add"/>
<opset="add_ln184_1/3 "/>
</bind>
</comp>

<comp id="344" class="1004" name="zext_ln184_2_fu_344">
<pin_list>
<pin id="345" dir="0" index="0" bw="14" slack="0"/>
<pin id="346" dir="1" index="1" bw="64" slack="0"/>
</pin_list>
<bind>
<opcode="zext(34) " fcode="zext"/>
<opset="zext_ln184_2/3 "/>
</bind>
</comp>

<comp id="350" class="1005" name="c_reg_350">
<pin_list>
<pin id="351" dir="0" index="0" bw="7" slack="0"/>
<pin id="352" dir="1" index="1" bw="7" slack="0"/>
</pin_list>
<bind>
<opset="c "/>
</bind>
</comp>

<comp id="357" class="1005" name="r_reg_357">
<pin_list>
<pin id="358" dir="0" index="0" bw="7" slack="0"/>
<pin id="359" dir="1" index="1" bw="7" slack="0"/>
</pin_list>
<bind>
<opset="r "/>
</bind>
</comp>

<comp id="364" class="1005" name="indvar_flatten_reg_364">
<pin_list>
<pin id="365" dir="0" index="0" bw="14" slack="0"/>
<pin id="366" dir="1" index="1" bw="14" slack="0"/>
</pin_list>
<bind>
<opset="indvar_flatten "/>
</bind>
</comp>

<comp id="371" class="1005" name="ch_reg_371">
<pin_list>
<pin id="372" dir="0" index="0" bw="2" slack="0"/>
<pin id="373" dir="1" index="1" bw="2" slack="0"/>
</pin_list>
<bind>
<opset="ch "/>
</bind>
</comp>

<comp id="378" class="1005" name="indvar_flatten12_reg_378">
<pin_list>
<pin id="379" dir="0" index="0" bw="14" slack="0"/>
<pin id="380" dir="1" index="1" bw="14" slack="0"/>
</pin_list>
<bind>
<opset="indvar_flatten12 "/>
</bind>
</comp>

<comp id="385" class="1005" name="sext_ln180_cast_reg_385">
<pin_list>
<pin id="386" dir="0" index="0" bw="64" slack="1"/>
<pin id="387" dir="1" index="1" bw="64" slack="1"/>
</pin_list>
<bind>
<opset="sext_ln180_cast "/>
</bind>
</comp>

<comp id="390" class="1005" name="icmp_ln180_reg_390">
<pin_list>
<pin id="391" dir="0" index="0" bw="1" slack="1"/>
<pin id="392" dir="1" index="1" bw="1" slack="2147483647"/>
</pin_list>
<bind>
<opset="icmp_ln180 "/>
</bind>
</comp>

<comp id="394" class="1005" name="select_ln180_1_reg_394">
<pin_list>
<pin id="395" dir="0" index="0" bw="2" slack="1"/>
<pin id="396" dir="1" index="1" bw="2" slack="1"/>
</pin_list>
<bind>
<opset="select_ln180_1 "/>
</bind>
</comp>

<comp id="399" class="1005" name="c_mid2_reg_399">
<pin_list>
<pin id="400" dir="0" index="0" bw="7" slack="1"/>
<pin id="401" dir="1" index="1" bw="7" slack="1"/>
</pin_list>
<bind>
<opset="c_mid2 "/>
</bind>
</comp>

<comp id="404" class="1005" name="select_ln181_reg_404">
<pin_list>
<pin id="405" dir="0" index="0" bw="7" slack="1"/>
<pin id="406" dir="1" index="1" bw="7" slack="1"/>
</pin_list>
<bind>
<opset="select_ln181 "/>
</bind>
</comp>

<comp id="409" class="1005" name="gmem0_addr_read_reg_409">
<pin_list>
<pin id="410" dir="0" index="0" bw="32" slack="1"/>
<pin id="411" dir="1" index="1" bw="32" slack="1"/>
</pin_list>
<bind>
<opset="gmem0_addr_read "/>
</bind>
</comp>

</comp_list>

<net_list>
<net id="75"><net_src comp="8" pin="0"/><net_sink comp="72" pin=0"/></net>

<net id="79"><net_src comp="8" pin="0"/><net_sink comp="76" pin=0"/></net>

<net id="83"><net_src comp="8" pin="0"/><net_sink comp="80" pin=0"/></net>

<net id="87"><net_src comp="8" pin="0"/><net_sink comp="84" pin=0"/></net>

<net id="91"><net_src comp="8" pin="0"/><net_sink comp="88" pin=0"/></net>

<net id="96"><net_src comp="10" pin="0"/><net_sink comp="92" pin=0"/></net>

<net id="97"><net_src comp="2" pin="0"/><net_sink comp="92" pin=1"/></net>

<net id="103"><net_src comp="6" pin="0"/><net_sink comp="98" pin=0"/></net>

<net id="104"><net_src comp="68" pin="0"/><net_sink comp="98" pin=1"/></net>

<net id="110"><net_src comp="4" pin="0"/><net_sink comp="105" pin=0"/></net>

<net id="111"><net_src comp="68" pin="0"/><net_sink comp="105" pin=1"/></net>

<net id="117"><net_src comp="105" pin="3"/><net_sink comp="112" pin=0"/></net>

<net id="123"><net_src comp="16" pin="0"/><net_sink comp="118" pin=1"/></net>

<net id="124"><net_src comp="98" pin="3"/><net_sink comp="118" pin=0"/></net>

<net id="129"><net_src comp="52" pin="0"/><net_sink comp="125" pin=0"/></net>

<net id="133"><net_src comp="92" pin="2"/><net_sink comp="130" pin=0"/></net>

<net id="138"><net_src comp="30" pin="0"/><net_sink comp="134" pin=0"/></net>

<net id="143"><net_src comp="32" pin="0"/><net_sink comp="139" pin=0"/></net>

<net id="148"><net_src comp="30" pin="0"/><net_sink comp="144" pin=0"/></net>

<net id="153"><net_src comp="34" pin="0"/><net_sink comp="149" pin=0"/></net>

<net id="158"><net_src comp="34" pin="0"/><net_sink comp="154" pin=0"/></net>

<net id="166"><net_src comp="159" pin="1"/><net_sink comp="162" pin=0"/></net>

<net id="167"><net_src comp="38" pin="0"/><net_sink comp="162" pin=1"/></net>

<net id="172"><net_src comp="159" pin="1"/><net_sink comp="168" pin=0"/></net>

<net id="173"><net_src comp="40" pin="0"/><net_sink comp="168" pin=1"/></net>

<net id="178"><net_src comp="168" pin="2"/><net_sink comp="174" pin=0"/></net>

<net id="195"><net_src comp="0" pin="0"/><net_sink comp="191" pin=0"/></net>

<net id="196"><net_src comp="191" pin="2"/><net_sink comp="125" pin=1"/></net>

<net id="201"><net_src comp="188" pin="1"/><net_sink comp="197" pin=0"/></net>

<net id="202"><net_src comp="42" pin="0"/><net_sink comp="197" pin=1"/></net>

<net id="207"><net_src comp="185" pin="1"/><net_sink comp="203" pin=0"/></net>

<net id="208"><net_src comp="44" pin="0"/><net_sink comp="203" pin=1"/></net>

<net id="214"><net_src comp="203" pin="2"/><net_sink comp="209" pin=0"/></net>

<net id="215"><net_src comp="34" pin="0"/><net_sink comp="209" pin=1"/></net>

<net id="216"><net_src comp="182" pin="1"/><net_sink comp="209" pin=2"/></net>

<net id="221"><net_src comp="203" pin="2"/><net_sink comp="217" pin=0"/></net>

<net id="222"><net_src comp="46" pin="0"/><net_sink comp="217" pin=1"/></net>

<net id="227"><net_src comp="179" pin="1"/><net_sink comp="223" pin=0"/></net>

<net id="228"><net_src comp="48" pin="0"/><net_sink comp="223" pin=1"/></net>

<net id="233"><net_src comp="223" pin="2"/><net_sink comp="229" pin=0"/></net>

<net id="234"><net_src comp="217" pin="2"/><net_sink comp="229" pin=1"/></net>

<net id="240"><net_src comp="203" pin="2"/><net_sink comp="235" pin=0"/></net>

<net id="241"><net_src comp="197" pin="2"/><net_sink comp="235" pin=1"/></net>

<net id="242"><net_src comp="188" pin="1"/><net_sink comp="235" pin=2"/></net>

<net id="247"><net_src comp="209" pin="3"/><net_sink comp="243" pin=0"/></net>

<net id="248"><net_src comp="50" pin="0"/><net_sink comp="243" pin=1"/></net>

<net id="253"><net_src comp="229" pin="2"/><net_sink comp="249" pin=0"/></net>

<net id="254"><net_src comp="203" pin="2"/><net_sink comp="249" pin=1"/></net>

<net id="260"><net_src comp="249" pin="2"/><net_sink comp="255" pin=0"/></net>

<net id="261"><net_src comp="34" pin="0"/><net_sink comp="255" pin=1"/></net>

<net id="262"><net_src comp="179" pin="1"/><net_sink comp="255" pin=2"/></net>

<net id="268"><net_src comp="229" pin="2"/><net_sink comp="263" pin=0"/></net>

<net id="269"><net_src comp="243" pin="2"/><net_sink comp="263" pin=1"/></net>

<net id="270"><net_src comp="209" pin="3"/><net_sink comp="263" pin=2"/></net>

<net id="275"><net_src comp="255" pin="3"/><net_sink comp="271" pin=0"/></net>

<net id="276"><net_src comp="50" pin="0"/><net_sink comp="271" pin=1"/></net>

<net id="281"><net_src comp="185" pin="1"/><net_sink comp="277" pin=0"/></net>

<net id="282"><net_src comp="40" pin="0"/><net_sink comp="277" pin=1"/></net>

<net id="288"><net_src comp="203" pin="2"/><net_sink comp="283" pin=0"/></net>

<net id="289"><net_src comp="40" pin="0"/><net_sink comp="283" pin=1"/></net>

<net id="290"><net_src comp="277" pin="2"/><net_sink comp="283" pin=2"/></net>

<net id="295"><net_src comp="235" pin="3"/><net_sink comp="291" pin=0"/></net>

<net id="300"><net_src comp="283" pin="3"/><net_sink comp="296" pin=0"/></net>

<net id="305"><net_src comp="263" pin="3"/><net_sink comp="301" pin=0"/></net>

<net id="310"><net_src comp="271" pin="2"/><net_sink comp="306" pin=0"/></net>

<net id="316"><net_src comp="62" pin="0"/><net_sink comp="311" pin=0"/></net>

<net id="317"><net_src comp="64" pin="0"/><net_sink comp="311" pin=2"/></net>

<net id="325"><net_src comp="311" pin="3"/><net_sink comp="321" pin=0"/></net>

<net id="326"><net_src comp="318" pin="1"/><net_sink comp="321" pin=1"/></net>

<net id="332"><net_src comp="66" pin="0"/><net_sink comp="327" pin=0"/></net>

<net id="333"><net_src comp="321" pin="2"/><net_sink comp="327" pin=1"/></net>

<net id="334"><net_src comp="64" pin="0"/><net_sink comp="327" pin=2"/></net>

<net id="342"><net_src comp="327" pin="3"/><net_sink comp="338" pin=0"/></net>

<net id="343"><net_src comp="335" pin="1"/><net_sink comp="338" pin=1"/></net>

<net id="347"><net_src comp="338" pin="2"/><net_sink comp="344" pin=0"/></net>

<net id="348"><net_src comp="344" pin="1"/><net_sink comp="98" pin=2"/></net>

<net id="349"><net_src comp="344" pin="1"/><net_sink comp="105" pin=2"/></net>

<net id="353"><net_src comp="72" pin="1"/><net_sink comp="350" pin=0"/></net>

<net id="354"><net_src comp="350" pin="1"/><net_sink comp="154" pin=1"/></net>

<net id="355"><net_src comp="350" pin="1"/><net_sink comp="179" pin=0"/></net>

<net id="356"><net_src comp="350" pin="1"/><net_sink comp="306" pin=1"/></net>

<net id="360"><net_src comp="76" pin="1"/><net_sink comp="357" pin=0"/></net>

<net id="361"><net_src comp="357" pin="1"/><net_sink comp="149" pin=1"/></net>

<net id="362"><net_src comp="357" pin="1"/><net_sink comp="182" pin=0"/></net>

<net id="363"><net_src comp="357" pin="1"/><net_sink comp="301" pin=1"/></net>

<net id="367"><net_src comp="80" pin="1"/><net_sink comp="364" pin=0"/></net>

<net id="368"><net_src comp="364" pin="1"/><net_sink comp="144" pin=1"/></net>

<net id="369"><net_src comp="364" pin="1"/><net_sink comp="185" pin=0"/></net>

<net id="370"><net_src comp="364" pin="1"/><net_sink comp="296" pin=1"/></net>

<net id="374"><net_src comp="84" pin="1"/><net_sink comp="371" pin=0"/></net>

<net id="375"><net_src comp="371" pin="1"/><net_sink comp="139" pin=1"/></net>

<net id="376"><net_src comp="371" pin="1"/><net_sink comp="188" pin=0"/></net>

<net id="377"><net_src comp="371" pin="1"/><net_sink comp="291" pin=1"/></net>

<net id="381"><net_src comp="88" pin="1"/><net_sink comp="378" pin=0"/></net>

<net id="382"><net_src comp="378" pin="1"/><net_sink comp="134" pin=1"/></net>

<net id="383"><net_src comp="378" pin="1"/><net_sink comp="159" pin=0"/></net>

<net id="384"><net_src comp="378" pin="1"/><net_sink comp="174" pin=1"/></net>

<net id="388"><net_src comp="130" pin="1"/><net_sink comp="385" pin=0"/></net>

<net id="389"><net_src comp="385" pin="1"/><net_sink comp="191" pin=1"/></net>

<net id="393"><net_src comp="162" pin="2"/><net_sink comp="390" pin=0"/></net>

<net id="397"><net_src comp="235" pin="3"/><net_sink comp="394" pin=0"/></net>

<net id="398"><net_src comp="394" pin="1"/><net_sink comp="311" pin=1"/></net>

<net id="402"><net_src comp="255" pin="3"/><net_sink comp="399" pin=0"/></net>

<net id="403"><net_src comp="399" pin="1"/><net_sink comp="335" pin=0"/></net>

<net id="407"><net_src comp="263" pin="3"/><net_sink comp="404" pin=0"/></net>

<net id="408"><net_src comp="404" pin="1"/><net_sink comp="318" pin=0"/></net>

<net id="412"><net_src comp="125" pin="2"/><net_sink comp="409" pin=0"/></net>

<net id="413"><net_src comp="409" pin="1"/><net_sink comp="112" pin=1"/></net>

</net_list>

</model> 
---------------- Datapath Model END ------------------

* FSMD analyzer results:
  - Output states:
	Port: gmem0 | {}
	Port: matrix_real | {3 }
	Port: matrix_imag | {3 }
 - Input state : 
	Port: fft2d_fixed_top_Pipeline_VITIS_LOOP_180_1_VITIS_LOOP_181_2_VITIS_LOOP_182_3 : gmem0 | {2 }
	Port: fft2d_fixed_top_Pipeline_VITIS_LOOP_180_1_VITIS_LOOP_181_2_VITIS_LOOP_182_3 : sext_ln180 | {1 }
	Port: fft2d_fixed_top_Pipeline_VITIS_LOOP_180_1_VITIS_LOOP_181_2_VITIS_LOOP_182_3 : matrix_real | {}
	Port: fft2d_fixed_top_Pipeline_VITIS_LOOP_180_1_VITIS_LOOP_181_2_VITIS_LOOP_182_3 : matrix_imag | {}
  - Chain level:
	State 1
		store_ln0 : 1
		store_ln180 : 1
		store_ln0 : 1
		store_ln181 : 1
		store_ln182 : 1
		indvar_flatten12_load : 1
		icmp_ln180 : 2
		add_ln180_1 : 2
		br_ln180 : 3
		store_ln180 : 3
	State 2
		add_ln180 : 1
		icmp_ln181 : 1
		select_ln180 : 2
		xor_ln180 : 2
		icmp_ln182 : 1
		and_ln180 : 2
		select_ln180_1 : 2
		add_ln181 : 3
		empty : 2
		c_mid2 : 2
		select_ln181 : 2
		gmem0_addr_read : 1
		add_ln182 : 3
		add_ln181_1 : 1
		select_ln181_1 : 2
		store_ln180 : 3
		store_ln181 : 3
		store_ln181 : 3
		store_ln182 : 4
	State 3
		add_ln184 : 1
		tmp_1 : 2
		add_ln184_1 : 3
		zext_ln184_2 : 4
		matrix_imag_addr : 5
		matrix_real_addr : 5
		store_ln183 : 6
		store_ln184 : 6


============================================================
+ Verbose Summary: Datapath Resource usage 
============================================================

* Functional unit list:
|----------|-----------------------------|---------|---------|
| Operation|       Functional Unit       |    FF   |   LUT   |
|----------|-----------------------------|---------|---------|
|          |      add_ln180_1_fu_168     |    0    |    17   |
|          |       add_ln180_fu_197      |    0    |    10   |
|          |       add_ln181_fu_243      |    0    |    14   |
|    add   |       add_ln182_fu_271      |    0    |    14   |
|          |      add_ln181_1_fu_277     |    0    |    17   |
|          |       add_ln184_fu_321      |    0    |    15   |
|          |      add_ln184_1_fu_338     |    0    |    17   |
|----------|-----------------------------|---------|---------|
|          |      icmp_ln180_fu_162      |    0    |    17   |
|   icmp   |      icmp_ln181_fu_203      |    0    |    17   |
|          |      icmp_ln182_fu_223      |    0    |    14   |
|----------|-----------------------------|---------|---------|
|          |     select_ln180_fu_209     |    0    |    7    |
|          |    select_ln180_1_fu_235    |    0    |    2    |
|  select  |        c_mid2_fu_255        |    0    |    7    |
|          |     select_ln181_fu_263     |    0    |    7    |
|          |    select_ln181_1_fu_283    |    0    |    14   |
|----------|-----------------------------|---------|---------|
|    xor   |       xor_ln180_fu_217      |    0    |    2    |
|----------|-----------------------------|---------|---------|
|    and   |       and_ln180_fu_229      |    0    |    2    |
|----------|-----------------------------|---------|---------|
|    or    |         empty_fu_249        |    0    |    2    |
|----------|-----------------------------|---------|---------|
|   read   |  sext_ln180_read_read_fu_92 |    0    |    0    |
|          | gmem0_addr_read_read_fu_125 |    0    |    0    |
|----------|-----------------------------|---------|---------|
|   sext   |    sext_ln180_cast_fu_130   |    0    |    0    |
|----------|-----------------------------|---------|---------|
|bitconcatenate|          tmp_fu_311         |    0    |    0    |
|          |         tmp_1_fu_327        |    0    |    0    |
|----------|-----------------------------|---------|---------|
|          |      zext_ln184_fu_318      |    0    |    0    |
|   zext   |     zext_ln184_1_fu_335     |    0    |    0    |
|          |     zext_ln184_2_fu_344     |    0    |    0    |
|----------|-----------------------------|---------|---------|
|   Total  |                             |    0    |   195   |
|----------|-----------------------------|---------|---------|

Memories:
N/A

* Register list:
+------------------------+--------+
|                        |   FF   |
+------------------------+--------+
|     c_mid2_reg_399     |    7   |
|        c_reg_350       |    7   |
|       ch_reg_371       |    2   |
| gmem0_addr_read_reg_409|   32   |
|   icmp_ln180_reg_390   |    1   |
|indvar_flatten12_reg_378|   14   |
| indvar_flatten_reg_364 |   14   |
|        r_reg_357       |    7   |
| select_ln180_1_reg_394 |    2   |
|  select_ln181_reg_404  |    7   |
| sext_ln180_cast_reg_385|   64   |
+------------------------+--------+
|          Total         |   157  |
+------------------------+--------+

* Multiplexer (MUX) list: 
|--------|------|------|------|--------|
|  Comp  |  Pin | Size |  BW  | S x BW |
|--------|------|------|------|--------|
|  Total |      |      |      |    0   |
|--------|------|------|------|--------|



* Summary:
+-----------+--------+--------+
|           |   FF   |   LUT  |
+-----------+--------+--------+
|  Function |    0   |   195  |
|   Memory  |    -   |    -   |
|Multiplexer|    -   |    -   |
|  Register |   157  |    -   |
+-----------+--------+--------+
|   Total   |   157  |   195  |
+-----------+--------+--------+
