

================================================================
== Vitis HLS Report for 'fft2d_fixed_top_Pipeline_VITIS_LOOP_217_12_VITIS_LOOP_218_13_VITIS_LOOP_219_14'
================================================================
* Date:           Mon Jun 29 12:38:37 2026

* Version:        2025.2 (Build 6295257 on Nov 14 2025)
* Project:        fft2d_accel_rgb_prj
* Solution:       solution1 (Vivado IP Flow Target)
* Product family: zynq
* Target device:  xc7z020-clg400-1


================================================================
== Performance Estimates
================================================================
+ Timing: 
    * Summary: 
    +--------+----------+----------+------------+
    |  Clock |  Target  | Estimated| Uncertainty|
    +--------+----------+----------+------------+
    |ap_clk  |  10.00 ns|  7.300 ns|     2.70 ns|
    +--------+----------+----------+------------+

+ Latency: 
    * Summary: 
    +---------+---------+----------+----------+-----+-----+-------------------+
    |  Latency (cycles) |  Latency (absolute) |  Interval |      Pipeline     |
    |   min   |   max   |    min   |    max   | min | max |        Type       |
    +---------+---------+----------+----------+-----+-----+-------------------+
    |    12293|    12293|  0.123 ms|  0.123 ms|    0|    0|  loop pipeline stp|
    +---------+---------+----------+----------+-----+-----+-------------------+

    + Detail: 
        * Instance: 
        N/A

        * Loop: 
        +---------------------------------------------------------+---------+---------+----------+-----------+-----------+-------+----------+
        |                                                         |  Latency (cycles) | Iteration|  Initiation Interval  |  Trip |          |
        |                        Loop Name                        |   min   |   max   |  Latency |  achieved |   target  | Count | Pipelined|
        +---------------------------------------------------------+---------+---------+----------+-----------+-----------+-------+----------+
        |- VITIS_LOOP_217_12_VITIS_LOOP_218_13_VITIS_LOOP_219_14  |    12291|    12291|         5|          1|          1|  12288|       yes|
        +---------------------------------------------------------+---------+---------+----------+-----------+-----------+-------+----------+

============================================================
+ Verbose Summary: Synthesis Manager
============================================================
InlineROM: 1
ExposeGlobal: 0
============================================================
+ Verbose Summary: CDFG Model
============================================================
IsTopModel: 0
ResetActiveHigh: 1
IsCombinational: 0
IsDatapathOnly: 0
HasWiredReturn: 1
HasMFsm: 2
HasVarLatency: 1
IsPipeline: 0
IsRtlPipelined: 0
IsInstanceOverlapped: 0
IsDontTouch: 0
HasImplIP: 0
IsGatedGlobalClock: 0

+ Individual pipeline summary: 
  * Pipeline-0: initiation interval (II) = 1, depth = 5


============================================================
+ Verbose Summary: Schedule
============================================================
* Number of FSM states : 5
* Pipeline : 1
  Pipeline-0 : II = 1, D = 5, States = { 1 2 3 4 5 }
* Dataflow Pipeline: 0

* FSM state transitions: 
1 --> 2 
2 --> 3 
3 --> 4 
4 --> 5 
5 --> 

* FSM state operations: 

State 1 <SV = 0> <Delay = 4.98>
ST_1 : Operation 8 [1/1] (0.00ns)   --->   "%c = alloca i32 1" [src/fft2d_fixed.cpp:219]   --->   Operation 8 'alloca' 'c' <Predicate = true> <Delay = 0.00>
ST_1 : Operation 9 [1/1] (0.00ns)   --->   "%r = alloca i32 1" [src/fft2d_fixed.cpp:218]   --->   Operation 9 'alloca' 'r' <Predicate = true> <Delay = 0.00>
ST_1 : Operation 10 [1/1] (0.00ns)   --->   "%indvar_flatten19 = alloca i32 1"   --->   Operation 10 'alloca' 'indvar_flatten19' <Predicate = true> <Delay = 0.00>
ST_1 : Operation 11 [1/1] (0.00ns)   --->   "%ch = alloca i32 1" [src/fft2d_fixed.cpp:217]   --->   Operation 11 'alloca' 'ch' <Predicate = true> <Delay = 0.00>
ST_1 : Operation 12 [1/1] (0.00ns)   --->   "%indvar_flatten32 = alloca i32 1"   --->   Operation 12 'alloca' 'indvar_flatten32' <Predicate = true> <Delay = 0.00>
ST_1 : Operation 13 [1/1] (0.00ns)   --->   "%sext_ln217_1_read = read i62 @_ssdm_op_Read.ap_auto.i62, i62 %sext_ln217_1"   --->   Operation 13 'read' 'sext_ln217_1_read' <Predicate = true> <Delay = 0.00>
ST_1 : Operation 14 [1/1] (0.00ns)   --->   "%sext_ln217_read = read i62 @_ssdm_op_Read.ap_auto.i62, i62 %sext_ln217"   --->   Operation 14 'read' 'sext_ln217_read' <Predicate = true> <Delay = 0.00>
ST_1 : Operation 15 [1/1] (0.00ns)   --->   "%sext_ln217_1_cast = sext i62 %sext_ln217_1_read"   --->   Operation 15 'sext' 'sext_ln217_1_cast' <Predicate = true> <Delay = 0.00>
ST_1 : Operation 16 [1/1] (0.00ns)   --->   "%sext_ln217_cast = sext i62 %sext_ln217_read"   --->   Operation 16 'sext' 'sext_ln217_cast' <Predicate = true> <Delay = 0.00>
ST_1 : Operation 17 [1/1] (0.00ns)   --->   "%specinterface_ln0 = specinterface void @_ssdm_op_SpecInterface, i32 %gmem2, void @empty_24, i32 0, i32 0, void @empty, i32 0, i32 0, void @empty_29, void @empty_15, void @empty, i32 16, i32 16, i32 16, i32 16, void @empty, void @empty, i32 4294967295, i32 0, i32 0, i32 4"   --->   Operation 17 'specinterface' 'specinterface_ln0' <Predicate = true> <Delay = 0.00>
ST_1 : Operation 18 [1/1] (0.00ns)   --->   "%specinterface_ln0 = specinterface void @_ssdm_op_SpecInterface, i32 %gmem1, void @empty_24, i32 0, i32 0, void @empty, i32 0, i32 0, void @empty_28, void @empty_15, void @empty, i32 16, i32 16, i32 16, i32 16, void @empty, void @empty, i32 4294967295, i32 0, i32 0, i32 4"   --->   Operation 18 'specinterface' 'specinterface_ln0' <Predicate = true> <Delay = 0.00>
ST_1 : Operation 19 [1/1] (1.58ns)   --->   "%store_ln0 = store i14 0, i14 %indvar_flatten32"   --->   Operation 19 'store' 'store_ln0' <Predicate = true> <Delay = 1.58>
ST_1 : Operation 20 [1/1] (1.58ns)   --->   "%store_ln217 = store i2 0, i2 %ch" [src/fft2d_fixed.cpp:217]   --->   Operation 20 'store' 'store_ln217' <Predicate = true> <Delay = 1.58>
ST_1 : Operation 21 [1/1] (1.58ns)   --->   "%store_ln0 = store i14 0, i14 %indvar_flatten19"   --->   Operation 21 'store' 'store_ln0' <Predicate = true> <Delay = 1.58>
ST_1 : Operation 22 [1/1] (1.58ns)   --->   "%store_ln218 = store i7 0, i7 %r" [src/fft2d_fixed.cpp:218]   --->   Operation 22 'store' 'store_ln218' <Predicate = true> <Delay = 1.58>
ST_1 : Operation 23 [1/1] (1.58ns)   --->   "%store_ln219 = store i7 0, i7 %c" [src/fft2d_fixed.cpp:219]   --->   Operation 23 'store' 'store_ln219' <Predicate = true> <Delay = 1.58>
ST_1 : Operation 24 [1/1] (0.00ns)   --->   "%br_ln0 = br void %for.inc201"   --->   Operation 24 'br' 'br_ln0' <Predicate = true> <Delay = 0.00>
ST_1 : Operation 25 [1/1] (0.00ns)   --->   "%indvar_flatten32_load = load i14 %indvar_flatten32" [src/fft2d_fixed.cpp:217]   --->   Operation 25 'load' 'indvar_flatten32_load' <Predicate = true> <Delay = 0.00>
ST_1 : Operation 26 [1/1] (0.00ns)   --->   "%specbitsmap_ln0 = specbitsmap void @_ssdm_op_SpecBitsMap, i32 %gmem2"   --->   Operation 26 'specbitsmap' 'specbitsmap_ln0' <Predicate = true> <Delay = 0.00>
ST_1 : Operation 27 [1/1] (0.00ns)   --->   "%specbitsmap_ln0 = specbitsmap void @_ssdm_op_SpecBitsMap, i32 %gmem1"   --->   Operation 27 'specbitsmap' 'specbitsmap_ln0' <Predicate = true> <Delay = 0.00>
ST_1 : Operation 28 [1/1] (1.81ns)   --->   "%icmp_ln217 = icmp_eq  i14 %indvar_flatten32_load, i14 12288" [src/fft2d_fixed.cpp:217]   --->   Operation 28 'icmp' 'icmp_ln217' <Predicate = true> <Delay = 1.81> <CoreInst = "Cmp">   --->   Core 9 'Cmp' <Latency = 0> <II = 1> <Delay = 1.81> <FuncUnit> <Opcode : 'seteq' 'setne' 'setle' 'setge' 'setlt' 'setgt'> <InPorts = 2> <OutPorts = 1>
ST_1 : Operation 29 [1/1] (1.81ns)   --->   "%add_ln217_1 = add i14 %indvar_flatten32_load, i14 1" [src/fft2d_fixed.cpp:217]   --->   Operation 29 'add' 'add_ln217_1' <Predicate = true> <Delay = 1.81> <CoreInst = "Adder">   --->   Core 1 'Adder' <Latency = 0> <II = 1> <Delay = 1.81> <FuncUnit> <Opcode : 'add' 'sub'> <InPorts = 2> <OutPorts = 1>
ST_1 : Operation 30 [1/1] (0.00ns)   --->   "%br_ln217 = br i1 %icmp_ln217, void %for.inc207, void %for.end209.exitStub" [src/fft2d_fixed.cpp:217]   --->   Operation 30 'br' 'br_ln217' <Predicate = true> <Delay = 0.00>
ST_1 : Operation 31 [1/1] (1.58ns)   --->   "%store_ln217 = store i14 %add_ln217_1, i14 %indvar_flatten32" [src/fft2d_fixed.cpp:217]   --->   Operation 31 'store' 'store_ln217' <Predicate = (!icmp_ln217)> <Delay = 1.58>

State 2 <SV = 1> <Delay = 7.29>
ST_2 : Operation 32 [1/1] (0.00ns)   --->   "%c_load = load i7 %c" [src/fft2d_fixed.cpp:219]   --->   Operation 32 'load' 'c_load' <Predicate = true> <Delay = 0.00>
ST_2 : Operation 33 [1/1] (0.00ns)   --->   "%r_load = load i7 %r" [src/fft2d_fixed.cpp:217]   --->   Operation 33 'load' 'r_load' <Predicate = true> <Delay = 0.00>
ST_2 : Operation 34 [1/1] (0.00ns)   --->   "%indvar_flatten19_load = load i14 %indvar_flatten19" [src/fft2d_fixed.cpp:218]   --->   Operation 34 'load' 'indvar_flatten19_load' <Predicate = true> <Delay = 0.00>
ST_2 : Operation 35 [1/1] (0.00ns)   --->   "%ch_load = load i2 %ch" [src/fft2d_fixed.cpp:217]   --->   Operation 35 'load' 'ch_load' <Predicate = true> <Delay = 0.00>
ST_2 : Operation 36 [1/1] (1.56ns)   --->   "%add_ln217 = add i2 %ch_load, i2 1" [src/fft2d_fixed.cpp:217]   --->   Operation 36 'add' 'add_ln217' <Predicate = true> <Delay = 1.56> <CoreInst = "Adder">   --->   Core 1 'Adder' <Latency = 0> <II = 1> <Delay = 1.56> <FuncUnit> <Opcode : 'add' 'sub'> <InPorts = 2> <OutPorts = 1>
ST_2 : Operation 37 [1/1] (1.81ns)   --->   "%icmp_ln218 = icmp_eq  i14 %indvar_flatten19_load, i14 4096" [src/fft2d_fixed.cpp:218]   --->   Operation 37 'icmp' 'icmp_ln218' <Predicate = true> <Delay = 1.81> <CoreInst = "Cmp">   --->   Core 9 'Cmp' <Latency = 0> <II = 1> <Delay = 1.81> <FuncUnit> <Opcode : 'seteq' 'setne' 'setle' 'setge' 'setlt' 'setgt'> <InPorts = 2> <OutPorts = 1>
ST_2 : Operation 38 [1/1] (0.99ns)   --->   "%select_ln217 = select i1 %icmp_ln218, i7 0, i7 %r_load" [src/fft2d_fixed.cpp:217]   --->   Operation 38 'select' 'select_ln217' <Predicate = true> <Delay = 0.99> <CoreInst = "Sel">   --->   Core 73 'Sel' <Latency = 0> <II = 1> <Delay = 0.99> <FuncUnit> <Opcode : 'select'> <InPorts = 3> <OutPorts = 1>
ST_2 : Operation 39 [1/1] (0.00ns) (grouped into LUT with out node and_ln217)   --->   "%xor_ln217 = xor i1 %icmp_ln218, i1 1" [src/fft2d_fixed.cpp:217]   --->   Operation 39 'xor' 'xor_ln217' <Predicate = true> <Delay = 0.00> <CoreInst = "LogicGate">   --->   Core 74 'LogicGate' <Latency = 0> <II = 1> <Delay = 0.97> <FuncUnit> <Opcode : 'and' 'or' 'xor'> <InPorts = 2> <OutPorts = 1>
ST_2 : Operation 40 [1/1] (1.87ns)   --->   "%icmp_ln219 = icmp_eq  i7 %c_load, i7 64" [src/fft2d_fixed.cpp:219]   --->   Operation 40 'icmp' 'icmp_ln219' <Predicate = true> <Delay = 1.87> <CoreInst = "Cmp">   --->   Core 9 'Cmp' <Latency = 0> <II = 1> <Delay = 1.87> <FuncUnit> <Opcode : 'seteq' 'setne' 'setle' 'setge' 'setlt' 'setgt'> <InPorts = 2> <OutPorts = 1>
ST_2 : Operation 41 [1/1] (0.97ns) (out node of the LUT)   --->   "%and_ln217 = and i1 %icmp_ln219, i1 %xor_ln217" [src/fft2d_fixed.cpp:217]   --->   Operation 41 'and' 'and_ln217' <Predicate = true> <Delay = 0.97> <CoreInst = "LogicGate">   --->   Core 74 'LogicGate' <Latency = 0> <II = 1> <Delay = 0.97> <FuncUnit> <Opcode : 'and' 'or' 'xor'> <InPorts = 2> <OutPorts = 1>
ST_2 : Operation 42 [1/1] (0.99ns)   --->   "%select_ln217_1 = select i1 %icmp_ln218, i2 %add_ln217, i2 %ch_load" [src/fft2d_fixed.cpp:217]   --->   Operation 42 'select' 'select_ln217_1' <Predicate = true> <Delay = 0.99> <CoreInst = "Sel">   --->   Core 73 'Sel' <Latency = 0> <II = 1> <Delay = 0.99> <FuncUnit> <Opcode : 'select'> <InPorts = 3> <OutPorts = 1>
ST_2 : Operation 43 [1/1] (1.87ns)   --->   "%add_ln218 = add i7 %select_ln217, i7 1" [src/fft2d_fixed.cpp:218]   --->   Operation 43 'add' 'add_ln218' <Predicate = true> <Delay = 1.87> <CoreInst = "Adder">   --->   Core 1 'Adder' <Latency = 0> <II = 1> <Delay = 1.87> <FuncUnit> <Opcode : 'add' 'sub'> <InPorts = 2> <OutPorts = 1>
ST_2 : Operation 44 [1/1] (0.00ns) (grouped into LUT with out node c_4_mid2)   --->   "%empty = or i1 %and_ln217, i1 %icmp_ln218" [src/fft2d_fixed.cpp:217]   --->   Operation 44 'or' 'empty' <Predicate = true> <Delay = 0.00> <CoreInst = "LogicGate">   --->   Core 74 'LogicGate' <Latency = 0> <II = 1> <Delay = 0.97> <FuncUnit> <Opcode : 'and' 'or' 'xor'> <InPorts = 2> <OutPorts = 1>
ST_2 : Operation 45 [1/1] (0.99ns) (out node of the LUT)   --->   "%c_4_mid2 = select i1 %empty, i7 0, i7 %c_load" [src/fft2d_fixed.cpp:217]   --->   Operation 45 'select' 'c_4_mid2' <Predicate = true> <Delay = 0.99> <CoreInst = "Sel">   --->   Core 73 'Sel' <Latency = 0> <II = 1> <Delay = 0.99> <FuncUnit> <Opcode : 'select'> <InPorts = 3> <OutPorts = 1>
ST_2 : Operation 46 [1/1] (0.99ns)   --->   "%select_ln218 = select i1 %and_ln217, i7 %add_ln218, i7 %select_ln217" [src/fft2d_fixed.cpp:218]   --->   Operation 46 'select' 'select_ln218' <Predicate = true> <Delay = 0.99> <CoreInst = "Sel">   --->   Core 73 'Sel' <Latency = 0> <II = 1> <Delay = 0.99> <FuncUnit> <Opcode : 'select'> <InPorts = 3> <OutPorts = 1>
ST_2 : Operation 47 [1/1] (1.87ns)   --->   "%add_ln219 = add i7 %c_4_mid2, i7 1" [src/fft2d_fixed.cpp:219]   --->   Operation 47 'add' 'add_ln219' <Predicate = true> <Delay = 1.87> <CoreInst = "Adder">   --->   Core 1 'Adder' <Latency = 0> <II = 1> <Delay = 1.87> <FuncUnit> <Opcode : 'add' 'sub'> <InPorts = 2> <OutPorts = 1>
ST_2 : Operation 48 [1/1] (1.81ns)   --->   "%add_ln218_1 = add i14 %indvar_flatten19_load, i14 1" [src/fft2d_fixed.cpp:218]   --->   Operation 48 'add' 'add_ln218_1' <Predicate = true> <Delay = 1.81> <CoreInst = "Adder">   --->   Core 1 'Adder' <Latency = 0> <II = 1> <Delay = 1.81> <FuncUnit> <Opcode : 'add' 'sub'> <InPorts = 2> <OutPorts = 1>
ST_2 : Operation 49 [1/1] (0.70ns)   --->   "%select_ln218_1 = select i1 %icmp_ln218, i14 1, i14 %add_ln218_1" [src/fft2d_fixed.cpp:218]   --->   Operation 49 'select' 'select_ln218_1' <Predicate = true> <Delay = 0.70> <CoreInst = "Sel">   --->   Core 73 'Sel' <Latency = 0> <II = 1> <Delay = 0.70> <FuncUnit> <Opcode : 'select'> <InPorts = 3> <OutPorts = 1>
ST_2 : Operation 50 [1/1] (1.58ns)   --->   "%store_ln217 = store i2 %select_ln217_1, i2 %ch" [src/fft2d_fixed.cpp:217]   --->   Operation 50 'store' 'store_ln217' <Predicate = true> <Delay = 1.58>
ST_2 : Operation 51 [1/1] (1.58ns)   --->   "%store_ln218 = store i14 %select_ln218_1, i14 %indvar_flatten19" [src/fft2d_fixed.cpp:218]   --->   Operation 51 'store' 'store_ln218' <Predicate = true> <Delay = 1.58>
ST_2 : Operation 52 [1/1] (1.58ns)   --->   "%store_ln218 = store i7 %select_ln218, i7 %r" [src/fft2d_fixed.cpp:218]   --->   Operation 52 'store' 'store_ln218' <Predicate = true> <Delay = 1.58>
ST_2 : Operation 53 [1/1] (1.58ns)   --->   "%store_ln219 = store i7 %add_ln219, i7 %c" [src/fft2d_fixed.cpp:219]   --->   Operation 53 'store' 'store_ln219' <Predicate = true> <Delay = 1.58>

State 3 <SV = 2> <Delay = 6.98>
ST_3 : Operation 54 [1/1] (0.00ns)   --->   "%tmp_7 = bitconcatenate i8 @_ssdm_op_BitConcatenate.i8.i2.i6, i2 %select_ln217_1, i6 0" [src/fft2d_fixed.cpp:221]   --->   Operation 54 'bitconcatenate' 'tmp_7' <Predicate = true> <Delay = 0.00>
ST_3 : Operation 55 [1/1] (0.00ns)   --->   "%zext_ln221 = zext i7 %select_ln218" [src/fft2d_fixed.cpp:221]   --->   Operation 55 'zext' 'zext_ln221' <Predicate = true> <Delay = 0.00>
ST_3 : Operation 56 [1/1] (1.91ns)   --->   "%add_ln221 = add i8 %tmp_7, i8 %zext_ln221" [src/fft2d_fixed.cpp:221]   --->   Operation 56 'add' 'add_ln221' <Predicate = true> <Delay = 1.91> <CoreInst = "Adder">   --->   Core 1 'Adder' <Latency = 0> <II = 1> <Delay = 1.91> <FuncUnit> <Opcode : 'add' 'sub'> <InPorts = 2> <OutPorts = 1>
ST_3 : Operation 57 [1/1] (0.00ns)   --->   "%tmp = bitconcatenate i14 @_ssdm_op_BitConcatenate.i14.i8.i6, i8 %add_ln221, i6 0" [src/fft2d_fixed.cpp:221]   --->   Operation 57 'bitconcatenate' 'tmp' <Predicate = true> <Delay = 0.00>
ST_3 : Operation 58 [1/1] (0.00ns)   --->   "%zext_ln221_1 = zext i7 %c_4_mid2" [src/fft2d_fixed.cpp:221]   --->   Operation 58 'zext' 'zext_ln221_1' <Predicate = true> <Delay = 0.00>
ST_3 : Operation 59 [1/1] (1.81ns)   --->   "%add_ln221_1 = add i14 %tmp, i14 %zext_ln221_1" [src/fft2d_fixed.cpp:221]   --->   Operation 59 'add' 'add_ln221_1' <Predicate = true> <Delay = 1.81> <CoreInst = "Adder">   --->   Core 1 'Adder' <Latency = 0> <II = 1> <Delay = 1.81> <FuncUnit> <Opcode : 'add' 'sub'> <InPorts = 2> <OutPorts = 1>
ST_3 : Operation 60 [1/1] (0.00ns)   --->   "%zext_ln221_2 = zext i14 %add_ln221_1" [src/fft2d_fixed.cpp:221]   --->   Operation 60 'zext' 'zext_ln221_2' <Predicate = true> <Delay = 0.00>
ST_3 : Operation 61 [1/1] (0.00ns)   --->   "%matrix_imag_addr = getelementptr i32 %matrix_imag, i64 0, i64 %zext_ln221_2" [src/fft2d_fixed.cpp:221]   --->   Operation 61 'getelementptr' 'matrix_imag_addr' <Predicate = true> <Delay = 0.00>
ST_3 : Operation 62 [1/1] (0.00ns)   --->   "%matrix_real_addr = getelementptr i32 %matrix_real, i64 0, i64 %zext_ln221_2" [src/fft2d_fixed.cpp:220]   --->   Operation 62 'getelementptr' 'matrix_real_addr' <Predicate = true> <Delay = 0.00>
ST_3 : Operation 63 [2/2] (3.25ns)   --->   "%matrix_real_load = load i14 %matrix_real_addr" [src/fft2d_fixed.cpp:220]   --->   Operation 63 'load' 'matrix_real_load' <Predicate = true> <Delay = 3.25> <CoreInst = "RAM">   --->   Core 81 'RAM' <Latency = 1> <II = 1> <Delay = 3.25> <Storage> <Opcode : 'load' 'store'> <Ports = 2> <Width = 32> <Depth = 12288> <RAM>
ST_3 : Operation 64 [2/2] (3.25ns)   --->   "%matrix_imag_load = load i14 %matrix_imag_addr" [src/fft2d_fixed.cpp:221]   --->   Operation 64 'load' 'matrix_imag_load' <Predicate = true> <Delay = 3.25> <CoreInst = "RAM">   --->   Core 81 'RAM' <Latency = 1> <II = 1> <Delay = 3.25> <Storage> <Opcode : 'load' 'store'> <Ports = 2> <Width = 32> <Depth = 12288> <RAM>

State 4 <SV = 3> <Delay = 3.25>
ST_4 : Operation 65 [1/2] ( I:3.25ns O:3.25ns )   --->   "%matrix_real_load = load i14 %matrix_real_addr" [src/fft2d_fixed.cpp:220]   --->   Operation 65 'load' 'matrix_real_load' <Predicate = true> <Delay = 3.25> <CoreInst = "RAM">   --->   Core 81 'RAM' <Latency = 1> <II = 1> <Delay = 3.25> <Storage> <Opcode : 'load' 'store'> <Ports = 2> <Width = 32> <Depth = 12288> <RAM>
ST_4 : Operation 66 [1/2] ( I:3.25ns O:3.25ns )   --->   "%matrix_imag_load = load i14 %matrix_imag_addr" [src/fft2d_fixed.cpp:221]   --->   Operation 66 'load' 'matrix_imag_load' <Predicate = true> <Delay = 3.25> <CoreInst = "RAM">   --->   Core 81 'RAM' <Latency = 1> <II = 1> <Delay = 3.25> <Storage> <Opcode : 'load' 'store'> <Ports = 2> <Width = 32> <Depth = 12288> <RAM>
ST_4 : Operation 75 [1/1] (1.58ns)   --->   "%ret_ln0 = ret"   --->   Operation 75 'ret' 'ret_ln0' <Predicate = (icmp_ln217)> <Delay = 1.58>

State 5 <SV = 4> <Delay = 7.30>
ST_5 : Operation 67 [1/1] (0.00ns)   --->   "%gmem1_addr = getelementptr i32 %gmem1, i64 %sext_ln217_cast" [src/fft2d_fixed.cpp:217]   --->   Operation 67 'getelementptr' 'gmem1_addr' <Predicate = true> <Delay = 0.00>
ST_5 : Operation 68 [1/1] (0.00ns)   --->   "%gmem2_addr = getelementptr i32 %gmem2, i64 %sext_ln217_1_cast" [src/fft2d_fixed.cpp:217]   --->   Operation 68 'getelementptr' 'gmem2_addr' <Predicate = true> <Delay = 0.00>
ST_5 : Operation 69 [1/1] (0.00ns)   --->   "%specloopname_ln0 = specloopname void @_ssdm_op_SpecLoopName, void @VITIS_LOOP_217_12_VITIS_LOOP_218_13_VITIS_LOOP_219_14_str"   --->   Operation 69 'specloopname' 'specloopname_ln0' <Predicate = true> <Delay = 0.00>
ST_5 : Operation 70 [1/1] (0.00ns)   --->   "%speclooptripcount_ln0 = speclooptripcount void @_ssdm_op_SpecLoopTripCount, i64 12288, i64 12288, i64 12288"   --->   Operation 70 'speclooptripcount' 'speclooptripcount_ln0' <Predicate = true> <Delay = 0.00>
ST_5 : Operation 71 [1/1] (0.00ns)   --->   "%specpipeline_ln219 = specpipeline void @_ssdm_op_SpecPipeline, i32 4294967295, i32 0, i32 0, i32 0, i32 4294967295, void @empty" [src/fft2d_fixed.cpp:219]   --->   Operation 71 'specpipeline' 'specpipeline_ln219' <Predicate = true> <Delay = 0.00>
ST_5 : Operation 72 [1/1] ( I:7.30ns O:7.30ns )   --->   "%write_ln220 = write void @_ssdm_op_Write.m_axi.p1i32.i32, i32 %gmem1_addr, i32 %matrix_real_load, i4 15" [src/fft2d_fixed.cpp:220]   --->   Operation 72 'write' 'write_ln220' <Predicate = true> <Delay = 7.30> <CoreInst = "m_axi">   --->   Core 111 'm_axi' <Latency = 5> <II = 1> <Delay = 1.00> <Adapter> <Opcode : 'readrequnaligned' 'writerequnaligned' 'read' 'write' 'readreq' 'writereq' 'writeresp'>
ST_5 : Operation 73 [1/1] ( I:7.30ns O:7.30ns )   --->   "%write_ln221 = write void @_ssdm_op_Write.m_axi.p1i32.i32, i32 %gmem2_addr, i32 %matrix_imag_load, i4 15" [src/fft2d_fixed.cpp:221]   --->   Operation 73 'write' 'write_ln221' <Predicate = true> <Delay = 7.30> <CoreInst = "m_axi">   --->   Core 111 'm_axi' <Latency = 5> <II = 1> <Delay = 1.00> <Adapter> <Opcode : 'readrequnaligned' 'writerequnaligned' 'read' 'write' 'readreq' 'writereq' 'writeresp'>
ST_5 : Operation 74 [1/1] (0.00ns)   --->   "%br_ln219 = br void %for.inc201" [src/fft2d_fixed.cpp:219]   --->   Operation 74 'br' 'br_ln219' <Predicate = true> <Delay = 0.00>


============================================================
+ Verbose Summary: Binding
============================================================
STG Binding: 
---------------- STG Properties BEGIN ----------------
- Is combinational: 0
- Is one-state seq: 0
- Is datapath-only: 0
- Is pipelined: 0
- Is top level: 0
Port [ Return ] is wired: 1; IO mode=ap_ctrl_hs:ce=0
Port [ gmem2]:  wired=1; compound=1; hidden=0; nouse=0; global=0; static=0; extern=0; dir=1; type=4; pingpong=0; private_global=0; IO mode=m_axi:ce=0
Port [ gmem1]:  wired=1; compound=1; hidden=0; nouse=0; global=0; static=0; extern=0; dir=1; type=4; pingpong=0; private_global=0; IO mode=m_axi:ce=0
Port [ sext_ln217]:  wired=1; compound=0; hidden=0; nouse=0; global=0; static=0; extern=0; dir=0; type=0; pingpong=0; private_global=0; IO mode=ap_none:ce=0
Port [ sext_ln217_1]:  wired=1; compound=0; hidden=0; nouse=0; global=0; static=0; extern=0; dir=0; type=0; pingpong=0; private_global=0; IO mode=ap_none:ce=0
Port [ matrix_real]:  wired=1; compound=1; hidden=0; nouse=0; global=1; static=1; extern=0; dir=0; type=1; pingpong=0; private_global=0; MemPort=[13]; IO mode=ap_memory:ce=0
Port [ matrix_imag]:  wired=1; compound=1; hidden=0; nouse=0; global=1; static=1; extern=0; dir=0; type=1; pingpong=0; private_global=0; MemPort=[13]; IO mode=ap_memory:ce=0
---------------- STG Properties END ------------------

---------------- Datapath Model BEGIN ----------------

<LifeTime>
<method=bitvector/>
c                     (alloca           ) [ 011000]
r                     (alloca           ) [ 011000]
indvar_flatten19      (alloca           ) [ 011000]
ch                    (alloca           ) [ 011000]
indvar_flatten32      (alloca           ) [ 010000]
sext_ln217_1_read     (read             ) [ 000000]
sext_ln217_read       (read             ) [ 000000]
sext_ln217_1_cast     (sext             ) [ 011111]
sext_ln217_cast       (sext             ) [ 011111]
specinterface_ln0     (specinterface    ) [ 000000]
specinterface_ln0     (specinterface    ) [ 000000]
store_ln0             (store            ) [ 000000]
store_ln217           (store            ) [ 000000]
store_ln0             (store            ) [ 000000]
store_ln218           (store            ) [ 000000]
store_ln219           (store            ) [ 000000]
br_ln0                (br               ) [ 000000]
indvar_flatten32_load (load             ) [ 000000]
specbitsmap_ln0       (specbitsmap      ) [ 000000]
specbitsmap_ln0       (specbitsmap      ) [ 000000]
icmp_ln217            (icmp             ) [ 011110]
add_ln217_1           (add              ) [ 000000]
br_ln217              (br               ) [ 000000]
store_ln217           (store            ) [ 000000]
c_load                (load             ) [ 000000]
r_load                (load             ) [ 000000]
indvar_flatten19_load (load             ) [ 000000]
ch_load               (load             ) [ 000000]
add_ln217             (add              ) [ 000000]
icmp_ln218            (icmp             ) [ 000000]
select_ln217          (select           ) [ 000000]
xor_ln217             (xor              ) [ 000000]
icmp_ln219            (icmp             ) [ 000000]
and_ln217             (and              ) [ 000000]
select_ln217_1        (select           ) [ 010100]
add_ln218             (add              ) [ 000000]
empty                 (or               ) [ 000000]
c_4_mid2              (select           ) [ 010100]
select_ln218          (select           ) [ 010100]
add_ln219             (add              ) [ 000000]
add_ln218_1           (add              ) [ 000000]
select_ln218_1        (select           ) [ 000000]
store_ln217           (store            ) [ 000000]
store_ln218           (store            ) [ 000000]
store_ln218           (store            ) [ 000000]
store_ln219           (store            ) [ 000000]
tmp_7                 (bitconcatenate   ) [ 000000]
zext_ln221            (zext             ) [ 000000]
add_ln221             (add              ) [ 000000]
tmp                   (bitconcatenate   ) [ 000000]
zext_ln221_1          (zext             ) [ 000000]
add_ln221_1           (add              ) [ 000000]
zext_ln221_2          (zext             ) [ 000000]
matrix_imag_addr      (getelementptr    ) [ 010010]
matrix_real_addr      (getelementptr    ) [ 010010]
matrix_real_load      (load             ) [ 010001]
matrix_imag_load      (load             ) [ 010001]
gmem1_addr            (getelementptr    ) [ 000000]
gmem2_addr            (getelementptr    ) [ 000000]
specloopname_ln0      (specloopname     ) [ 000000]
speclooptripcount_ln0 (speclooptripcount) [ 000000]
specpipeline_ln219    (specpipeline     ) [ 000000]
write_ln220           (write            ) [ 000000]
write_ln221           (write            ) [ 000000]
br_ln219              (br               ) [ 000000]
ret_ln0               (ret              ) [ 000000]
</LifeTime>

<model>

<comp_list>
<comp id="0" class="1000" name="gmem2">
<pin_list>
<pin id="1" dir="1" index="0" bw="1" slack="0"/>
</pin_list>
<bind>
<StgValue><ssdm name="gmem2"/><MemPortTyVec>1 </MemPortTyVec>
</StgValue>
</bind>
</comp>

<comp id="2" class="1000" name="gmem1">
<pin_list>
<pin id="3" dir="1" index="0" bw="1" slack="0"/>
</pin_list>
<bind>
<StgValue><ssdm name="gmem1"/><MemPortTyVec>1 </MemPortTyVec>
</StgValue>
</bind>
</comp>

<comp id="4" class="1000" name="sext_ln217">
<pin_list>
<pin id="5" dir="1" index="0" bw="1" slack="0"/>
</pin_list>
<bind>
<StgValue><ssdm name="sext_ln217"/></StgValue>
</bind>
</comp>

<comp id="6" class="1000" name="sext_ln217_1">
<pin_list>
<pin id="7" dir="1" index="0" bw="1" slack="0"/>
</pin_list>
<bind>
<StgValue><ssdm name="sext_ln217_1"/></StgValue>
</bind>
</comp>

<comp id="8" class="1000" name="matrix_real">
<pin_list>
<pin id="9" dir="1" index="0" bw="1" slack="0"/>
</pin_list>
<bind>
<StgValue><ssdm name="matrix_real"/><MemPortTyVec>1 3 </MemPortTyVec>
</StgValue>
</bind>
</comp>

<comp id="10" class="1000" name="matrix_imag">
<pin_list>
<pin id="11" dir="1" index="0" bw="1" slack="0"/>
</pin_list>
<bind>
<StgValue><ssdm name="matrix_imag"/><MemPortTyVec>1 3 </MemPortTyVec>
</StgValue>
</bind>
</comp>

<comp id="12" class="1001" name="const_12">
<pin_list>
<pin id="13" dir="1" index="0" bw="1" slack="0"/>
</pin_list>
<bind>
<StgValue><ssdm name=""/></StgValue>
</bind>
</comp>

<comp id="14" class="1001" name="const_14">
<pin_list>
<pin id="15" dir="1" index="0" bw="1" slack="0"/>
</pin_list>
<bind>
<StgValue><ssdm name="_ssdm_op_Read.ap_auto.i62"/></StgValue>
</bind>
</comp>

<comp id="16" class="1001" name="const_16">
<pin_list>
<pin id="17" dir="1" index="0" bw="1" slack="2147483647"/>
</pin_list>
<bind>
<StgValue><ssdm name="_ssdm_op_SpecInterface"/></StgValue>
</bind>
</comp>

<comp id="18" class="1001" name="const_18">
<pin_list>
<pin id="19" dir="1" index="0" bw="1" slack="2147483647"/>
</pin_list>
<bind>
<StgValue><ssdm name="empty_24"/></StgValue>
</bind>
</comp>

<comp id="20" class="1001" name="const_20">
<pin_list>
<pin id="21" dir="1" index="0" bw="1" slack="2147483647"/>
</pin_list>
<bind>
<StgValue><ssdm name=""/></StgValue>
</bind>
</comp>

<comp id="22" class="1001" name="const_22">
<pin_list>
<pin id="23" dir="1" index="0" bw="1" slack="2147483647"/>
</pin_list>
<bind>
<StgValue><ssdm name="empty"/></StgValue>
</bind>
</comp>

<comp id="24" class="1001" name="const_24">
<pin_list>
<pin id="25" dir="1" index="0" bw="1" slack="2147483647"/>
</pin_list>
<bind>
<StgValue><ssdm name="empty_29"/></StgValue>
</bind>
</comp>

<comp id="26" class="1001" name="const_26">
<pin_list>
<pin id="27" dir="1" index="0" bw="1" slack="2147483647"/>
</pin_list>
<bind>
<StgValue><ssdm name="empty_15"/></StgValue>
</bind>
</comp>

<comp id="28" class="1001" name="const_28">
<pin_list>
<pin id="29" dir="1" index="0" bw="1" slack="2147483647"/>
</pin_list>
<bind>
<StgValue><ssdm name=""/></StgValue>
</bind>
</comp>

<comp id="30" class="1001" name="const_30">
<pin_list>
<pin id="31" dir="1" index="0" bw="1" slack="2147483647"/>
</pin_list>
<bind>
<StgValue><ssdm name=""/></StgValue>
</bind>
</comp>

<comp id="32" class="1001" name="const_32">
<pin_list>
<pin id="33" dir="1" index="0" bw="1" slack="2147483647"/>
</pin_list>
<bind>
<StgValue><ssdm name=""/></StgValue>
</bind>
</comp>

<comp id="34" class="1001" name="const_34">
<pin_list>
<pin id="35" dir="1" index="0" bw="1" slack="2147483647"/>
</pin_list>
<bind>
<StgValue><ssdm name="empty_28"/></StgValue>
</bind>
</comp>

<comp id="36" class="1001" name="const_36">
<pin_list>
<pin id="37" dir="1" index="0" bw="1" slack="0"/>
</pin_list>
<bind>
<StgValue><ssdm name=""/></StgValue>
</bind>
</comp>

<comp id="38" class="1001" name="const_38">
<pin_list>
<pin id="39" dir="1" index="0" bw="1" slack="0"/>
</pin_list>
<bind>
<StgValue><ssdm name=""/></StgValue>
</bind>
</comp>

<comp id="40" class="1001" name="const_40">
<pin_list>
<pin id="41" dir="1" index="0" bw="1" slack="0"/>
</pin_list>
<bind>
<StgValue><ssdm name=""/></StgValue>
</bind>
</comp>

<comp id="42" class="1001" name="const_42">
<pin_list>
<pin id="43" dir="1" index="0" bw="1" slack="2147483647"/>
</pin_list>
<bind>
<StgValue><ssdm name="_ssdm_op_SpecBitsMap"/></StgValue>
</bind>
</comp>

<comp id="44" class="1001" name="const_44">
<pin_list>
<pin id="45" dir="1" index="0" bw="1" slack="0"/>
</pin_list>
<bind>
<StgValue><ssdm name=""/></StgValue>
</bind>
</comp>

<comp id="46" class="1001" name="const_46">
<pin_list>
<pin id="47" dir="1" index="0" bw="1" slack="0"/>
</pin_list>
<bind>
<StgValue><ssdm name=""/></StgValue>
</bind>
</comp>

<comp id="48" class="1001" name="const_48">
<pin_list>
<pin id="49" dir="1" index="0" bw="1" slack="0"/>
</pin_list>
<bind>
<StgValue><ssdm name=""/></StgValue>
</bind>
</comp>

<comp id="50" class="1001" name="const_50">
<pin_list>
<pin id="51" dir="1" index="0" bw="1" slack="0"/>
</pin_list>
<bind>
<StgValue><ssdm name=""/></StgValue>
</bind>
</comp>

<comp id="52" class="1001" name="const_52">
<pin_list>
<pin id="53" dir="1" index="0" bw="1" slack="0"/>
</pin_list>
<bind>
<StgValue><ssdm name=""/></StgValue>
</bind>
</comp>

<comp id="54" class="1001" name="const_54">
<pin_list>
<pin id="55" dir="1" index="0" bw="1" slack="0"/>
</pin_list>
<bind>
<StgValue><ssdm name=""/></StgValue>
</bind>
</comp>

<comp id="56" class="1001" name="const_56">
<pin_list>
<pin id="57" dir="1" index="0" bw="1" slack="0"/>
</pin_list>
<bind>
<StgValue><ssdm name=""/></StgValue>
</bind>
</comp>

<comp id="58" class="1001" name="const_58">
<pin_list>
<pin id="59" dir="1" index="0" bw="1" slack="0"/>
</pin_list>
<bind>
<StgValue><ssdm name="_ssdm_op_BitConcatenate.i8.i2.i6"/></StgValue>
</bind>
</comp>

<comp id="60" class="1001" name="const_60">
<pin_list>
<pin id="61" dir="1" index="0" bw="1" slack="0"/>
</pin_list>
<bind>
<StgValue><ssdm name=""/></StgValue>
</bind>
</comp>

<comp id="62" class="1001" name="const_62">
<pin_list>
<pin id="63" dir="1" index="0" bw="1" slack="0"/>
</pin_list>
<bind>
<StgValue><ssdm name="_ssdm_op_BitConcatenate.i14.i8.i6"/></StgValue>
</bind>
</comp>

<comp id="64" class="1001" name="const_64">
<pin_list>
<pin id="65" dir="1" index="0" bw="1" slack="0"/>
</pin_list>
<bind>
<StgValue><ssdm name=""/></StgValue>
</bind>
</comp>

<comp id="66" class="1001" name="const_66">
<pin_list>
<pin id="67" dir="1" index="0" bw="1" slack="2147483647"/>
</pin_list>
<bind>
<StgValue><ssdm name="_ssdm_op_SpecLoopName"/></StgValue>
</bind>
</comp>

<comp id="68" class="1001" name="const_68">
<pin_list>
<pin id="69" dir="1" index="0" bw="1" slack="2147483647"/>
</pin_list>
<bind>
<StgValue><ssdm name="VITIS_LOOP_217_12_VITIS_LOOP_218_13_VITIS_LOOP_219_14_str"/></StgValue>
</bind>
</comp>

<comp id="70" class="1001" name="const_70">
<pin_list>
<pin id="71" dir="1" index="0" bw="1" slack="2147483647"/>
</pin_list>
<bind>
<StgValue><ssdm name="_ssdm_op_SpecLoopTripCount"/></StgValue>
</bind>
</comp>

<comp id="72" class="1001" name="const_72">
<pin_list>
<pin id="73" dir="1" index="0" bw="1" slack="2147483647"/>
</pin_list>
<bind>
<StgValue><ssdm name=""/></StgValue>
</bind>
</comp>

<comp id="74" class="1001" name="const_74">
<pin_list>
<pin id="75" dir="1" index="0" bw="1" slack="2147483647"/>
</pin_list>
<bind>
<StgValue><ssdm name="_ssdm_op_SpecPipeline"/></StgValue>
</bind>
</comp>

<comp id="76" class="1001" name="const_76">
<pin_list>
<pin id="77" dir="1" index="0" bw="1" slack="0"/>
</pin_list>
<bind>
<StgValue><ssdm name="_ssdm_op_Write.m_axi.p1i32.i32"/></StgValue>
</bind>
</comp>

<comp id="78" class="1001" name="const_78">
<pin_list>
<pin id="79" dir="1" index="0" bw="1" slack="0"/>
</pin_list>
<bind>
<StgValue><ssdm name=""/></StgValue>
</bind>
</comp>

<comp id="80" class="1004" name="c_fu_80">
<pin_list>
<pin id="81" dir="0" index="0" bw="1" slack="0"/>
<pin id="82" dir="1" index="1" bw="7" slack="0"/>
</pin_list>
<bind>
<opcode="alloca(26) " fcode="alloca"/>
<opset="c/1 "/>
</bind>
</comp>

<comp id="84" class="1004" name="r_fu_84">
<pin_list>
<pin id="85" dir="0" index="0" bw="1" slack="0"/>
<pin id="86" dir="1" index="1" bw="7" slack="0"/>
</pin_list>
<bind>
<opcode="alloca(26) " fcode="alloca"/>
<opset="r/1 "/>
</bind>
</comp>

<comp id="88" class="1004" name="indvar_flatten19_fu_88">
<pin_list>
<pin id="89" dir="0" index="0" bw="1" slack="0"/>
<pin id="90" dir="1" index="1" bw="14" slack="0"/>
</pin_list>
<bind>
<opcode="alloca(26) " fcode="alloca"/>
<opset="indvar_flatten19/1 "/>
</bind>
</comp>

<comp id="92" class="1004" name="ch_fu_92">
<pin_list>
<pin id="93" dir="0" index="0" bw="1" slack="0"/>
<pin id="94" dir="1" index="1" bw="2" slack="0"/>
</pin_list>
<bind>
<opcode="alloca(26) " fcode="alloca"/>
<opset="ch/1 "/>
</bind>
</comp>

<comp id="96" class="1004" name="indvar_flatten32_fu_96">
<pin_list>
<pin id="97" dir="0" index="0" bw="1" slack="0"/>
<pin id="98" dir="1" index="1" bw="14" slack="0"/>
</pin_list>
<bind>
<opcode="alloca(26) " fcode="alloca"/>
<opset="indvar_flatten32/1 "/>
</bind>
</comp>

<comp id="100" class="1004" name="sext_ln217_1_read_read_fu_100">
<pin_list>
<pin id="101" dir="0" index="0" bw="62" slack="0"/>
<pin id="102" dir="0" index="1" bw="62" slack="0"/>
<pin id="103" dir="1" index="2" bw="62" slack="0"/>
</pin_list>
<bind>
<opcode="read(1150) " fcode="read"/>
<opset="sext_ln217_1_read/1 "/>
</bind>
</comp>

<comp id="106" class="1004" name="sext_ln217_read_read_fu_106">
<pin_list>
<pin id="107" dir="0" index="0" bw="62" slack="0"/>
<pin id="108" dir="0" index="1" bw="62" slack="0"/>
<pin id="109" dir="1" index="2" bw="62" slack="0"/>
</pin_list>
<bind>
<opcode="read(1150) " fcode="read"/>
<opset="sext_ln217_read/1 "/>
</bind>
</comp>

<comp id="112" class="1004" name="matrix_imag_addr_gep_fu_112">
<pin_list>
<pin id="113" dir="0" index="0" bw="32" slack="0"/>
<pin id="114" dir="0" index="1" bw="1" slack="0"/>
<pin id="115" dir="0" index="2" bw="14" slack="0"/>
<pin id="116" dir="1" index="3" bw="14" slack="0"/>
</pin_list>
<bind>
<opcode="getelementptr(29) " fcode="getelementptr"/>
<opset="matrix_imag_addr/3 "/>
</bind>
</comp>

<comp id="119" class="1004" name="matrix_real_addr_gep_fu_119">
<pin_list>
<pin id="120" dir="0" index="0" bw="32" slack="0"/>
<pin id="121" dir="0" index="1" bw="1" slack="0"/>
<pin id="122" dir="0" index="2" bw="14" slack="0"/>
<pin id="123" dir="1" index="3" bw="14" slack="0"/>
</pin_list>
<bind>
<opcode="getelementptr(29) " fcode="getelementptr"/>
<opset="matrix_real_addr/3 "/>
</bind>
</comp>

<comp id="126" class="1004" name="grp_access_fu_126">
<pin_list>
<pin id="127" dir="0" index="0" bw="14" slack="0"/>
<pin id="128" dir="0" index="1" bw="32" slack="2147483647"/>
<pin id="129" dir="0" index="2" bw="0" slack="2147483647"/>
<pin id="130" dir="1" index="3" bw="32" slack="1"/>
</pin_list>
<bind>
<opcode="load(27) " fcode="load"/>
<opset="matrix_real_load/3 "/>
</bind>
</comp>

<comp id="132" class="1004" name="grp_access_fu_132">
<pin_list>
<pin id="133" dir="0" index="0" bw="14" slack="0"/>
<pin id="134" dir="0" index="1" bw="32" slack="2147483647"/>
<pin id="135" dir="0" index="2" bw="0" slack="2147483647"/>
<pin id="136" dir="1" index="3" bw="32" slack="1"/>
</pin_list>
<bind>
<opcode="load(27) " fcode="load"/>
<opset="matrix_imag_load/3 "/>
</bind>
</comp>

<comp id="138" class="1004" name="write_ln220_write_fu_138">
<pin_list>
<pin id="139" dir="0" index="0" bw="0" slack="0"/>
<pin id="140" dir="0" index="1" bw="32" slack="0"/>
<pin id="141" dir="0" index="2" bw="32" slack="1"/>
<pin id="142" dir="0" index="3" bw="1" slack="0"/>
<pin id="143" dir="1" index="4" bw="0" slack="2147483647"/>
</pin_list>
<bind>
<opcode="write(1151) " fcode="write"/>
<opset="write_ln220/5 "/>
</bind>
</comp>

<comp id="146" class="1004" name="write_ln221_write_fu_146">
<pin_list>
<pin id="147" dir="0" index="0" bw="0" slack="0"/>
<pin id="148" dir="0" index="1" bw="32" slack="0"/>
<pin id="149" dir="0" index="2" bw="32" slack="1"/>
<pin id="150" dir="0" index="3" bw="1" slack="0"/>
<pin id="151" dir="1" index="4" bw="0" slack="2147483647"/>
</pin_list>
<bind>
<opcode="write(1151) " fcode="write"/>
<opset="write_ln221/5 "/>
</bind>
</comp>

<comp id="154" class="1004" name="sext_ln217_1_cast_fu_154">
<pin_list>
<pin id="155" dir="0" index="0" bw="62" slack="0"/>
<pin id="156" dir="1" index="1" bw="64" slack="4"/>
</pin_list>
<bind>
<opcode="sext(35) " fcode="sext"/>
<opset="sext_ln217_1_cast/1 "/>
</bind>
</comp>

<comp id="158" class="1004" name="sext_ln217_cast_fu_158">
<pin_list>
<pin id="159" dir="0" index="0" bw="62" slack="0"/>
<pin id="160" dir="1" index="1" bw="64" slack="4"/>
</pin_list>
<bind>
<opcode="sext(35) " fcode="sext"/>
<opset="sext_ln217_cast/1 "/>
</bind>
</comp>

<comp id="162" class="1004" name="store_ln0_store_fu_162">
<pin_list>
<pin id="163" dir="0" index="0" bw="1" slack="0"/>
<pin id="164" dir="0" index="1" bw="14" slack="0"/>
<pin id="165" dir="1" index="2" bw="0" slack="2147483647"/>
</pin_list>
<bind>
<opcode="store(28) " fcode="store"/>
<opset="store_ln0/1 "/>
</bind>
</comp>

<comp id="167" class="1004" name="store_ln217_store_fu_167">
<pin_list>
<pin id="168" dir="0" index="0" bw="1" slack="0"/>
<pin id="169" dir="0" index="1" bw="2" slack="0"/>
<pin id="170" dir="1" index="2" bw="0" slack="2147483647"/>
</pin_list>
<bind>
<opcode="store(28) " fcode="store"/>
<opset="store_ln217/1 "/>
</bind>
</comp>

<comp id="172" class="1004" name="store_ln0_store_fu_172">
<pin_list>
<pin id="173" dir="0" index="0" bw="1" slack="0"/>
<pin id="174" dir="0" index="1" bw="14" slack="0"/>
<pin id="175" dir="1" index="2" bw="0" slack="2147483647"/>
</pin_list>
<bind>
<opcode="store(28) " fcode="store"/>
<opset="store_ln0/1 "/>
</bind>
</comp>

<comp id="177" class="1004" name="store_ln218_store_fu_177">
<pin_list>
<pin id="178" dir="0" index="0" bw="1" slack="0"/>
<pin id="179" dir="0" index="1" bw="7" slack="0"/>
<pin id="180" dir="1" index="2" bw="0" slack="2147483647"/>
</pin_list>
<bind>
<opcode="store(28) " fcode="store"/>
<opset="store_ln218/1 "/>
</bind>
</comp>

<comp id="182" class="1004" name="store_ln219_store_fu_182">
<pin_list>
<pin id="183" dir="0" index="0" bw="1" slack="0"/>
<pin id="184" dir="0" index="1" bw="7" slack="0"/>
<pin id="185" dir="1" index="2" bw="0" slack="2147483647"/>
</pin_list>
<bind>
<opcode="store(28) " fcode="store"/>
<opset="store_ln219/1 "/>
</bind>
</comp>

<comp id="187" class="1004" name="indvar_flatten32_load_load_fu_187">
<pin_list>
<pin id="188" dir="0" index="0" bw="14" slack="0"/>
<pin id="189" dir="1" index="1" bw="14" slack="0"/>
</pin_list>
<bind>
<opcode="load(27) " fcode="load"/>
<opset="indvar_flatten32_load/1 "/>
</bind>
</comp>

<comp id="190" class="1004" name="icmp_ln217_fu_190">
<pin_list>
<pin id="191" dir="0" index="0" bw="14" slack="0"/>
<pin id="192" dir="0" index="1" bw="13" slack="0"/>
<pin id="193" dir="1" index="2" bw="1" slack="3"/>
</pin_list>
<bind>
<opcode="icmp(45) " fcode="icmp"/>
<opset="icmp_ln217/1 "/>
</bind>
</comp>

<comp id="196" class="1004" name="add_ln217_1_fu_196">
<pin_list>
<pin id="197" dir="0" index="0" bw="14" slack="0"/>
<pin id="198" dir="0" index="1" bw="1" slack="0"/>
<pin id="199" dir="1" index="2" bw="14" slack="0"/>
</pin_list>
<bind>
<opcode="add(8) " fcode="add"/>
<opset="add_ln217_1/1 "/>
</bind>
</comp>

<comp id="202" class="1004" name="store_ln217_store_fu_202">
<pin_list>
<pin id="203" dir="0" index="0" bw="14" slack="0"/>
<pin id="204" dir="0" index="1" bw="14" slack="0"/>
<pin id="205" dir="1" index="2" bw="0" slack="2147483647"/>
</pin_list>
<bind>
<opcode="store(28) " fcode="store"/>
<opset="store_ln217/1 "/>
</bind>
</comp>

<comp id="207" class="1004" name="c_load_load_fu_207">
<pin_list>
<pin id="208" dir="0" index="0" bw="7" slack="1"/>
<pin id="209" dir="1" index="1" bw="7" slack="0"/>
</pin_list>
<bind>
<opcode="load(27) " fcode="load"/>
<opset="c_load/2 "/>
</bind>
</comp>

<comp id="210" class="1004" name="r_load_load_fu_210">
<pin_list>
<pin id="211" dir="0" index="0" bw="7" slack="1"/>
<pin id="212" dir="1" index="1" bw="7" slack="0"/>
</pin_list>
<bind>
<opcode="load(27) " fcode="load"/>
<opset="r_load/2 "/>
</bind>
</comp>

<comp id="213" class="1004" name="indvar_flatten19_load_load_fu_213">
<pin_list>
<pin id="214" dir="0" index="0" bw="14" slack="1"/>
<pin id="215" dir="1" index="1" bw="14" slack="0"/>
</pin_list>
<bind>
<opcode="load(27) " fcode="load"/>
<opset="indvar_flatten19_load/2 "/>
</bind>
</comp>

<comp id="216" class="1004" name="ch_load_load_fu_216">
<pin_list>
<pin id="217" dir="0" index="0" bw="2" slack="1"/>
<pin id="218" dir="1" index="1" bw="2" slack="0"/>
</pin_list>
<bind>
<opcode="load(27) " fcode="load"/>
<opset="ch_load/2 "/>
</bind>
</comp>

<comp id="219" class="1004" name="add_ln217_fu_219">
<pin_list>
<pin id="220" dir="0" index="0" bw="2" slack="0"/>
<pin id="221" dir="0" index="1" bw="1" slack="0"/>
<pin id="222" dir="1" index="2" bw="2" slack="0"/>
</pin_list>
<bind>
<opcode="add(8) " fcode="add"/>
<opset="add_ln217/2 "/>
</bind>
</comp>

<comp id="225" class="1004" name="icmp_ln218_fu_225">
<pin_list>
<pin id="226" dir="0" index="0" bw="14" slack="0"/>
<pin id="227" dir="0" index="1" bw="14" slack="0"/>
<pin id="228" dir="1" index="2" bw="1" slack="0"/>
</pin_list>
<bind>
<opcode="icmp(45) " fcode="icmp"/>
<opset="icmp_ln218/2 "/>
</bind>
</comp>

<comp id="231" class="1004" name="select_ln217_fu_231">
<pin_list>
<pin id="232" dir="0" index="0" bw="1" slack="0"/>
<pin id="233" dir="0" index="1" bw="1" slack="0"/>
<pin id="234" dir="0" index="2" bw="7" slack="0"/>
<pin id="235" dir="1" index="3" bw="7" slack="0"/>
</pin_list>
<bind>
<opcode="select(49) " fcode="select"/>
<opset="select_ln217/2 "/>
</bind>
</comp>

<comp id="239" class="1004" name="xor_ln217_fu_239">
<pin_list>
<pin id="240" dir="0" index="0" bw="1" slack="0"/>
<pin id="241" dir="0" index="1" bw="1" slack="0"/>
<pin id="242" dir="1" index="2" bw="1" slack="0"/>
</pin_list>
<bind>
<opcode="xor(25) " fcode="xor"/>
<opset="xor_ln217/2 "/>
</bind>
</comp>

<comp id="245" class="1004" name="icmp_ln219_fu_245">
<pin_list>
<pin id="246" dir="0" index="0" bw="7" slack="0"/>
<pin id="247" dir="0" index="1" bw="7" slack="0"/>
<pin id="248" dir="1" index="2" bw="1" slack="0"/>
</pin_list>
<bind>
<opcode="icmp(45) " fcode="icmp"/>
<opset="icmp_ln219/2 "/>
</bind>
</comp>

<comp id="251" class="1004" name="and_ln217_fu_251">
<pin_list>
<pin id="252" dir="0" index="0" bw="1" slack="0"/>
<pin id="253" dir="0" index="1" bw="1" slack="0"/>
<pin id="254" dir="1" index="2" bw="1" slack="0"/>
</pin_list>
<bind>
<opcode="and(23) " fcode="and"/>
<opset="and_ln217/2 "/>
</bind>
</comp>

<comp id="257" class="1004" name="select_ln217_1_fu_257">
<pin_list>
<pin id="258" dir="0" index="0" bw="1" slack="0"/>
<pin id="259" dir="0" index="1" bw="2" slack="0"/>
<pin id="260" dir="0" index="2" bw="2" slack="0"/>
<pin id="261" dir="1" index="3" bw="2" slack="0"/>
</pin_list>
<bind>
<opcode="select(49) " fcode="select"/>
<opset="select_ln217_1/2 "/>
</bind>
</comp>

<comp id="265" class="1004" name="add_ln218_fu_265">
<pin_list>
<pin id="266" dir="0" index="0" bw="7" slack="0"/>
<pin id="267" dir="0" index="1" bw="1" slack="0"/>
<pin id="268" dir="1" index="2" bw="7" slack="0"/>
</pin_list>
<bind>
<opcode="add(8) " fcode="add"/>
<opset="add_ln218/2 "/>
</bind>
</comp>

<comp id="271" class="1004" name="empty_fu_271">
<pin_list>
<pin id="272" dir="0" index="0" bw="1" slack="0"/>
<pin id="273" dir="0" index="1" bw="1" slack="0"/>
<pin id="274" dir="1" index="2" bw="1" slack="0"/>
</pin_list>
<bind>
<opcode="or(24) " fcode="or"/>
<opset="empty/2 "/>
</bind>
</comp>

<comp id="277" class="1004" name="c_4_mid2_fu_277">
<pin_list>
<pin id="278" dir="0" index="0" bw="1" slack="0"/>
<pin id="279" dir="0" index="1" bw="1" slack="0"/>
<pin id="280" dir="0" index="2" bw="7" slack="0"/>
<pin id="281" dir="1" index="3" bw="7" slack="0"/>
</pin_list>
<bind>
<opcode="select(49) " fcode="select"/>
<opset="c_4_mid2/2 "/>
</bind>
</comp>

<comp id="285" class="1004" name="select_ln218_fu_285">
<pin_list>
<pin id="286" dir="0" index="0" bw="1" slack="0"/>
<pin id="287" dir="0" index="1" bw="7" slack="0"/>
<pin id="288" dir="0" index="2" bw="7" slack="0"/>
<pin id="289" dir="1" index="3" bw="7" slack="0"/>
</pin_list>
<bind>
<opcode="select(49) " fcode="select"/>
<opset="select_ln218/2 "/>
</bind>
</comp>

<comp id="293" class="1004" name="add_ln219_fu_293">
<pin_list>
<pin id="294" dir="0" index="0" bw="7" slack="0"/>
<pin id="295" dir="0" index="1" bw="1" slack="0"/>
<pin id="296" dir="1" index="2" bw="7" slack="0"/>
</pin_list>
<bind>
<opcode="add(8) " fcode="add"/>
<opset="add_ln219/2 "/>
</bind>
</comp>

<comp id="299" class="1004" name="add_ln218_1_fu_299">
<pin_list>
<pin id="300" dir="0" index="0" bw="14" slack="0"/>
<pin id="301" dir="0" index="1" bw="1" slack="0"/>
<pin id="302" dir="1" index="2" bw="14" slack="0"/>
</pin_list>
<bind>
<opcode="add(8) " fcode="add"/>
<opset="add_ln218_1/2 "/>
</bind>
</comp>

<comp id="305" class="1004" name="select_ln218_1_fu_305">
<pin_list>
<pin id="306" dir="0" index="0" bw="1" slack="0"/>
<pin id="307" dir="0" index="1" bw="1" slack="0"/>
<pin id="308" dir="0" index="2" bw="14" slack="0"/>
<pin id="309" dir="1" index="3" bw="14" slack="0"/>
</pin_list>
<bind>
<opcode="select(49) " fcode="select"/>
<opset="select_ln218_1/2 "/>
</bind>
</comp>

<comp id="313" class="1004" name="store_ln217_store_fu_313">
<pin_list>
<pin id="314" dir="0" index="0" bw="2" slack="0"/>
<pin id="315" dir="0" index="1" bw="2" slack="1"/>
<pin id="316" dir="1" index="2" bw="0" slack="2147483647"/>
</pin_list>
<bind>
<opcode="store(28) " fcode="store"/>
<opset="store_ln217/2 "/>
</bind>
</comp>

<comp id="318" class="1004" name="store_ln218_store_fu_318">
<pin_list>
<pin id="319" dir="0" index="0" bw="14" slack="0"/>
<pin id="320" dir="0" index="1" bw="14" slack="1"/>
<pin id="321" dir="1" index="2" bw="0" slack="2147483647"/>
</pin_list>
<bind>
<opcode="store(28) " fcode="store"/>
<opset="store_ln218/2 "/>
</bind>
</comp>

<comp id="323" class="1004" name="store_ln218_store_fu_323">
<pin_list>
<pin id="324" dir="0" index="0" bw="7" slack="0"/>
<pin id="325" dir="0" index="1" bw="7" slack="1"/>
<pin id="326" dir="1" index="2" bw="0" slack="2147483647"/>
</pin_list>
<bind>
<opcode="store(28) " fcode="store"/>
<opset="store_ln218/2 "/>
</bind>
</comp>

<comp id="328" class="1004" name="store_ln219_store_fu_328">
<pin_list>
<pin id="329" dir="0" index="0" bw="7" slack="0"/>
<pin id="330" dir="0" index="1" bw="7" slack="1"/>
<pin id="331" dir="1" index="2" bw="0" slack="2147483647"/>
</pin_list>
<bind>
<opcode="store(28) " fcode="store"/>
<opset="store_ln219/2 "/>
</bind>
</comp>

<comp id="333" class="1004" name="tmp_7_fu_333">
<pin_list>
<pin id="334" dir="0" index="0" bw="8" slack="0"/>
<pin id="335" dir="0" index="1" bw="2" slack="1"/>
<pin id="336" dir="0" index="2" bw="1" slack="0"/>
<pin id="337" dir="1" index="3" bw="8" slack="0"/>
</pin_list>
<bind>
<opcode="bitconcatenate(1004) " fcode="bitconcatenate"/>
<opset="tmp_7/3 "/>
</bind>
</comp>

<comp id="340" class="1004" name="zext_ln221_fu_340">
<pin_list>
<pin id="341" dir="0" index="0" bw="7" slack="1"/>
<pin id="342" dir="1" index="1" bw="8" slack="0"/>
</pin_list>
<bind>
<opcode="zext(34) " fcode="zext"/>
<opset="zext_ln221/3 "/>
</bind>
</comp>

<comp id="343" class="1004" name="add_ln221_fu_343">
<pin_list>
<pin id="344" dir="0" index="0" bw="8" slack="0"/>
<pin id="345" dir="0" index="1" bw="7" slack="0"/>
<pin id="346" dir="1" index="2" bw="8" slack="0"/>
</pin_list>
<bind>
<opcode="add(8) " fcode="add"/>
<opset="add_ln221/3 "/>
</bind>
</comp>

<comp id="349" class="1004" name="tmp_fu_349">
<pin_list>
<pin id="350" dir="0" index="0" bw="14" slack="0"/>
<pin id="351" dir="0" index="1" bw="8" slack="0"/>
<pin id="352" dir="0" index="2" bw="1" slack="0"/>
<pin id="353" dir="1" index="3" bw="14" slack="0"/>
</pin_list>
<bind>
<opcode="bitconcatenate(1004) " fcode="bitconcatenate"/>
<opset="tmp/3 "/>
</bind>
</comp>

<comp id="357" class="1004" name="zext_ln221_1_fu_357">
<pin_list>
<pin id="358" dir="0" index="0" bw="7" slack="1"/>
<pin id="359" dir="1" index="1" bw="14" slack="0"/>
</pin_list>
<bind>
<opcode="zext(34) " fcode="zext"/>
<opset="zext_ln221_1/3 "/>
</bind>
</comp>

<comp id="360" class="1004" name="add_ln221_1_fu_360">
<pin_list>
<pin id="361" dir="0" index="0" bw="14" slack="0"/>
<pin id="362" dir="0" index="1" bw="7" slack="0"/>
<pin id="363" dir="1" index="2" bw="14" slack="0"/>
</pin_list>
<bind>
<opcode="add(8) " fcode="add"/>
<opset="add_ln221_1/3 "/>
</bind>
</comp>

<comp id="366" class="1004" name="zext_ln221_2_fu_366">
<pin_list>
<pin id="367" dir="0" index="0" bw="14" slack="0"/>
<pin id="368" dir="1" index="1" bw="64" slack="0"/>
</pin_list>
<bind>
<opcode="zext(34) " fcode="zext"/>
<opset="zext_ln221_2/3 "/>
</bind>
</comp>

<comp id="372" class="1004" name="gmem1_addr_fu_372">
<pin_list>
<pin id="373" dir="0" index="0" bw="32" slack="0"/>
<pin id="374" dir="0" index="1" bw="62" slack="4"/>
<pin id="375" dir="1" index="2" bw="32" slack="0"/>
</pin_list>
<bind>
<opcode="getelementptr(29) " fcode="getelementptr"/>
<opset="gmem1_addr/5 "/>
</bind>
</comp>

<comp id="378" class="1004" name="gmem2_addr_fu_378">
<pin_list>
<pin id="379" dir="0" index="0" bw="32" slack="0"/>
<pin id="380" dir="0" index="1" bw="62" slack="4"/>
<pin id="381" dir="1" index="2" bw="32" slack="0"/>
</pin_list>
<bind>
<opcode="getelementptr(29) " fcode="getelementptr"/>
<opset="gmem2_addr/5 "/>
</bind>
</comp>

<comp id="384" class="1005" name="c_reg_384">
<pin_list>
<pin id="385" dir="0" index="0" bw="7" slack="0"/>
<pin id="386" dir="1" index="1" bw="7" slack="0"/>
</pin_list>
<bind>
<opset="c "/>
</bind>
</comp>

<comp id="391" class="1005" name="r_reg_391">
<pin_list>
<pin id="392" dir="0" index="0" bw="7" slack="0"/>
<pin id="393" dir="1" index="1" bw="7" slack="0"/>
</pin_list>
<bind>
<opset="r "/>
</bind>
</comp>

<comp id="398" class="1005" name="indvar_flatten19_reg_398">
<pin_list>
<pin id="399" dir="0" index="0" bw="14" slack="0"/>
<pin id="400" dir="1" index="1" bw="14" slack="0"/>
</pin_list>
<bind>
<opset="indvar_flatten19 "/>
</bind>
</comp>

<comp id="405" class="1005" name="ch_reg_405">
<pin_list>
<pin id="406" dir="0" index="0" bw="2" slack="0"/>
<pin id="407" dir="1" index="1" bw="2" slack="0"/>
</pin_list>
<bind>
<opset="ch "/>
</bind>
</comp>

<comp id="412" class="1005" name="indvar_flatten32_reg_412">
<pin_list>
<pin id="413" dir="0" index="0" bw="14" slack="0"/>
<pin id="414" dir="1" index="1" bw="14" slack="0"/>
</pin_list>
<bind>
<opset="indvar_flatten32 "/>
</bind>
</comp>

<comp id="419" class="1005" name="sext_ln217_1_cast_reg_419">
<pin_list>
<pin id="420" dir="0" index="0" bw="64" slack="4"/>
<pin id="421" dir="1" index="1" bw="64" slack="4"/>
</pin_list>
<bind>
<opset="sext_ln217_1_cast "/>
</bind>
</comp>

<comp id="424" class="1005" name="sext_ln217_cast_reg_424">
<pin_list>
<pin id="425" dir="0" index="0" bw="64" slack="4"/>
<pin id="426" dir="1" index="1" bw="64" slack="4"/>
</pin_list>
<bind>
<opset="sext_ln217_cast "/>
</bind>
</comp>

<comp id="429" class="1005" name="icmp_ln217_reg_429">
<pin_list>
<pin id="430" dir="0" index="0" bw="1" slack="3"/>
<pin id="431" dir="1" index="1" bw="1" slack="2147483647"/>
</pin_list>
<bind>
<opset="icmp_ln217 "/>
</bind>
</comp>

<comp id="433" class="1005" name="select_ln217_1_reg_433">
<pin_list>
<pin id="434" dir="0" index="0" bw="2" slack="1"/>
<pin id="435" dir="1" index="1" bw="2" slack="1"/>
</pin_list>
<bind>
<opset="select_ln217_1 "/>
</bind>
</comp>

<comp id="438" class="1005" name="c_4_mid2_reg_438">
<pin_list>
<pin id="439" dir="0" index="0" bw="7" slack="1"/>
<pin id="440" dir="1" index="1" bw="7" slack="1"/>
</pin_list>
<bind>
<opset="c_4_mid2 "/>
</bind>
</comp>

<comp id="443" class="1005" name="select_ln218_reg_443">
<pin_list>
<pin id="444" dir="0" index="0" bw="7" slack="1"/>
<pin id="445" dir="1" index="1" bw="7" slack="1"/>
</pin_list>
<bind>
<opset="select_ln218 "/>
</bind>
</comp>

<comp id="448" class="1005" name="matrix_imag_addr_reg_448">
<pin_list>
<pin id="449" dir="0" index="0" bw="14" slack="1"/>
<pin id="450" dir="1" index="1" bw="14" slack="1"/>
</pin_list>
<bind>
<opset="matrix_imag_addr "/>
</bind>
</comp>

<comp id="453" class="1005" name="matrix_real_addr_reg_453">
<pin_list>
<pin id="454" dir="0" index="0" bw="14" slack="1"/>
<pin id="455" dir="1" index="1" bw="14" slack="1"/>
</pin_list>
<bind>
<opset="matrix_real_addr "/>
</bind>
</comp>

<comp id="458" class="1005" name="matrix_real_load_reg_458">
<pin_list>
<pin id="459" dir="0" index="0" bw="32" slack="1"/>
<pin id="460" dir="1" index="1" bw="32" slack="1"/>
</pin_list>
<bind>
<opset="matrix_real_load "/>
</bind>
</comp>

<comp id="463" class="1005" name="matrix_imag_load_reg_463">
<pin_list>
<pin id="464" dir="0" index="0" bw="32" slack="1"/>
<pin id="465" dir="1" index="1" bw="32" slack="1"/>
</pin_list>
<bind>
<opset="matrix_imag_load "/>
</bind>
</comp>

</comp_list>

<net_list>
<net id="83"><net_src comp="12" pin="0"/><net_sink comp="80" pin=0"/></net>

<net id="87"><net_src comp="12" pin="0"/><net_sink comp="84" pin=0"/></net>

<net id="91"><net_src comp="12" pin="0"/><net_sink comp="88" pin=0"/></net>

<net id="95"><net_src comp="12" pin="0"/><net_sink comp="92" pin=0"/></net>

<net id="99"><net_src comp="12" pin="0"/><net_sink comp="96" pin=0"/></net>

<net id="104"><net_src comp="14" pin="0"/><net_sink comp="100" pin=0"/></net>

<net id="105"><net_src comp="6" pin="0"/><net_sink comp="100" pin=1"/></net>

<net id="110"><net_src comp="14" pin="0"/><net_sink comp="106" pin=0"/></net>

<net id="111"><net_src comp="4" pin="0"/><net_sink comp="106" pin=1"/></net>

<net id="117"><net_src comp="10" pin="0"/><net_sink comp="112" pin=0"/></net>

<net id="118"><net_src comp="64" pin="0"/><net_sink comp="112" pin=1"/></net>

<net id="124"><net_src comp="8" pin="0"/><net_sink comp="119" pin=0"/></net>

<net id="125"><net_src comp="64" pin="0"/><net_sink comp="119" pin=1"/></net>

<net id="131"><net_src comp="119" pin="3"/><net_sink comp="126" pin=0"/></net>

<net id="137"><net_src comp="112" pin="3"/><net_sink comp="132" pin=0"/></net>

<net id="144"><net_src comp="76" pin="0"/><net_sink comp="138" pin=0"/></net>

<net id="145"><net_src comp="78" pin="0"/><net_sink comp="138" pin=3"/></net>

<net id="152"><net_src comp="76" pin="0"/><net_sink comp="146" pin=0"/></net>

<net id="153"><net_src comp="78" pin="0"/><net_sink comp="146" pin=3"/></net>

<net id="157"><net_src comp="100" pin="2"/><net_sink comp="154" pin=0"/></net>

<net id="161"><net_src comp="106" pin="2"/><net_sink comp="158" pin=0"/></net>

<net id="166"><net_src comp="36" pin="0"/><net_sink comp="162" pin=0"/></net>

<net id="171"><net_src comp="38" pin="0"/><net_sink comp="167" pin=0"/></net>

<net id="176"><net_src comp="36" pin="0"/><net_sink comp="172" pin=0"/></net>

<net id="181"><net_src comp="40" pin="0"/><net_sink comp="177" pin=0"/></net>

<net id="186"><net_src comp="40" pin="0"/><net_sink comp="182" pin=0"/></net>

<net id="194"><net_src comp="187" pin="1"/><net_sink comp="190" pin=0"/></net>

<net id="195"><net_src comp="44" pin="0"/><net_sink comp="190" pin=1"/></net>

<net id="200"><net_src comp="187" pin="1"/><net_sink comp="196" pin=0"/></net>

<net id="201"><net_src comp="46" pin="0"/><net_sink comp="196" pin=1"/></net>

<net id="206"><net_src comp="196" pin="2"/><net_sink comp="202" pin=0"/></net>

<net id="223"><net_src comp="216" pin="1"/><net_sink comp="219" pin=0"/></net>

<net id="224"><net_src comp="48" pin="0"/><net_sink comp="219" pin=1"/></net>

<net id="229"><net_src comp="213" pin="1"/><net_sink comp="225" pin=0"/></net>

<net id="230"><net_src comp="50" pin="0"/><net_sink comp="225" pin=1"/></net>

<net id="236"><net_src comp="225" pin="2"/><net_sink comp="231" pin=0"/></net>

<net id="237"><net_src comp="40" pin="0"/><net_sink comp="231" pin=1"/></net>

<net id="238"><net_src comp="210" pin="1"/><net_sink comp="231" pin=2"/></net>

<net id="243"><net_src comp="225" pin="2"/><net_sink comp="239" pin=0"/></net>

<net id="244"><net_src comp="52" pin="0"/><net_sink comp="239" pin=1"/></net>

<net id="249"><net_src comp="207" pin="1"/><net_sink comp="245" pin=0"/></net>

<net id="250"><net_src comp="54" pin="0"/><net_sink comp="245" pin=1"/></net>

<net id="255"><net_src comp="245" pin="2"/><net_sink comp="251" pin=0"/></net>

<net id="256"><net_src comp="239" pin="2"/><net_sink comp="251" pin=1"/></net>

<net id="262"><net_src comp="225" pin="2"/><net_sink comp="257" pin=0"/></net>

<net id="263"><net_src comp="219" pin="2"/><net_sink comp="257" pin=1"/></net>

<net id="264"><net_src comp="216" pin="1"/><net_sink comp="257" pin=2"/></net>

<net id="269"><net_src comp="231" pin="3"/><net_sink comp="265" pin=0"/></net>

<net id="270"><net_src comp="56" pin="0"/><net_sink comp="265" pin=1"/></net>

<net id="275"><net_src comp="251" pin="2"/><net_sink comp="271" pin=0"/></net>

<net id="276"><net_src comp="225" pin="2"/><net_sink comp="271" pin=1"/></net>

<net id="282"><net_src comp="271" pin="2"/><net_sink comp="277" pin=0"/></net>

<net id="283"><net_src comp="40" pin="0"/><net_sink comp="277" pin=1"/></net>

<net id="284"><net_src comp="207" pin="1"/><net_sink comp="277" pin=2"/></net>

<net id="290"><net_src comp="251" pin="2"/><net_sink comp="285" pin=0"/></net>

<net id="291"><net_src comp="265" pin="2"/><net_sink comp="285" pin=1"/></net>

<net id="292"><net_src comp="231" pin="3"/><net_sink comp="285" pin=2"/></net>

<net id="297"><net_src comp="277" pin="3"/><net_sink comp="293" pin=0"/></net>

<net id="298"><net_src comp="56" pin="0"/><net_sink comp="293" pin=1"/></net>

<net id="303"><net_src comp="213" pin="1"/><net_sink comp="299" pin=0"/></net>

<net id="304"><net_src comp="46" pin="0"/><net_sink comp="299" pin=1"/></net>

<net id="310"><net_src comp="225" pin="2"/><net_sink comp="305" pin=0"/></net>

<net id="311"><net_src comp="46" pin="0"/><net_sink comp="305" pin=1"/></net>

<net id="312"><net_src comp="299" pin="2"/><net_sink comp="305" pin=2"/></net>

<net id="317"><net_src comp="257" pin="3"/><net_sink comp="313" pin=0"/></net>

<net id="322"><net_src comp="305" pin="3"/><net_sink comp="318" pin=0"/></net>

<net id="327"><net_src comp="285" pin="3"/><net_sink comp="323" pin=0"/></net>

<net id="332"><net_src comp="293" pin="2"/><net_sink comp="328" pin=0"/></net>

<net id="338"><net_src comp="58" pin="0"/><net_sink comp="333" pin=0"/></net>

<net id="339"><net_src comp="60" pin="0"/><net_sink comp="333" pin=2"/></net>

<net id="347"><net_src comp="333" pin="3"/><net_sink comp="343" pin=0"/></net>

<net id="348"><net_src comp="340" pin="1"/><net_sink comp="343" pin=1"/></net>

<net id="354"><net_src comp="62" pin="0"/><net_sink comp="349" pin=0"/></net>

<net id="355"><net_src comp="343" pin="2"/><net_sink comp="349" pin=1"/></net>

<net id="356"><net_src comp="60" pin="0"/><net_sink comp="349" pin=2"/></net>

<net id="364"><net_src comp="349" pin="3"/><net_sink comp="360" pin=0"/></net>

<net id="365"><net_src comp="357" pin="1"/><net_sink comp="360" pin=1"/></net>

<net id="369"><net_src comp="360" pin="2"/><net_sink comp="366" pin=0"/></net>

<net id="370"><net_src comp="366" pin="1"/><net_sink comp="112" pin=2"/></net>

<net id="371"><net_src comp="366" pin="1"/><net_sink comp="119" pin=2"/></net>

<net id="376"><net_src comp="2" pin="0"/><net_sink comp="372" pin=0"/></net>

<net id="377"><net_src comp="372" pin="2"/><net_sink comp="138" pin=1"/></net>

<net id="382"><net_src comp="0" pin="0"/><net_sink comp="378" pin=0"/></net>

<net id="383"><net_src comp="378" pin="2"/><net_sink comp="146" pin=1"/></net>

<net id="387"><net_src comp="80" pin="1"/><net_sink comp="384" pin=0"/></net>

<net id="388"><net_src comp="384" pin="1"/><net_sink comp="182" pin=1"/></net>

<net id="389"><net_src comp="384" pin="1"/><net_sink comp="207" pin=0"/></net>

<net id="390"><net_src comp="384" pin="1"/><net_sink comp="328" pin=1"/></net>

<net id="394"><net_src comp="84" pin="1"/><net_sink comp="391" pin=0"/></net>

<net id="395"><net_src comp="391" pin="1"/><net_sink comp="177" pin=1"/></net>

<net id="396"><net_src comp="391" pin="1"/><net_sink comp="210" pin=0"/></net>

<net id="397"><net_src comp="391" pin="1"/><net_sink comp="323" pin=1"/></net>

<net id="401"><net_src comp="88" pin="1"/><net_sink comp="398" pin=0"/></net>

<net id="402"><net_src comp="398" pin="1"/><net_sink comp="172" pin=1"/></net>

<net id="403"><net_src comp="398" pin="1"/><net_sink comp="213" pin=0"/></net>

<net id="404"><net_src comp="398" pin="1"/><net_sink comp="318" pin=1"/></net>

<net id="408"><net_src comp="92" pin="1"/><net_sink comp="405" pin=0"/></net>

<net id="409"><net_src comp="405" pin="1"/><net_sink comp="167" pin=1"/></net>

<net id="410"><net_src comp="405" pin="1"/><net_sink comp="216" pin=0"/></net>

<net id="411"><net_src comp="405" pin="1"/><net_sink comp="313" pin=1"/></net>

<net id="415"><net_src comp="96" pin="1"/><net_sink comp="412" pin=0"/></net>

<net id="416"><net_src comp="412" pin="1"/><net_sink comp="162" pin=1"/></net>

<net id="417"><net_src comp="412" pin="1"/><net_sink comp="187" pin=0"/></net>

<net id="418"><net_src comp="412" pin="1"/><net_sink comp="202" pin=1"/></net>

<net id="422"><net_src comp="154" pin="1"/><net_sink comp="419" pin=0"/></net>

<net id="423"><net_src comp="419" pin="1"/><net_sink comp="378" pin=1"/></net>

<net id="427"><net_src comp="158" pin="1"/><net_sink comp="424" pin=0"/></net>

<net id="428"><net_src comp="424" pin="1"/><net_sink comp="372" pin=1"/></net>

<net id="432"><net_src comp="190" pin="2"/><net_sink comp="429" pin=0"/></net>

<net id="436"><net_src comp="257" pin="3"/><net_sink comp="433" pin=0"/></net>

<net id="437"><net_src comp="433" pin="1"/><net_sink comp="333" pin=1"/></net>

<net id="441"><net_src comp="277" pin="3"/><net_sink comp="438" pin=0"/></net>

<net id="442"><net_src comp="438" pin="1"/><net_sink comp="357" pin=0"/></net>

<net id="446"><net_src comp="285" pin="3"/><net_sink comp="443" pin=0"/></net>

<net id="447"><net_src comp="443" pin="1"/><net_sink comp="340" pin=0"/></net>

<net id="451"><net_src comp="112" pin="3"/><net_sink comp="448" pin=0"/></net>

<net id="452"><net_src comp="448" pin="1"/><net_sink comp="132" pin=0"/></net>

<net id="456"><net_src comp="119" pin="3"/><net_sink comp="453" pin=0"/></net>

<net id="457"><net_src comp="453" pin="1"/><net_sink comp="126" pin=0"/></net>

<net id="461"><net_src comp="126" pin="3"/><net_sink comp="458" pin=0"/></net>

<net id="462"><net_src comp="458" pin="1"/><net_sink comp="138" pin=2"/></net>

<net id="466"><net_src comp="132" pin="3"/><net_sink comp="463" pin=0"/></net>

<net id="467"><net_src comp="463" pin="1"/><net_sink comp="146" pin=2"/></net>

</net_list>

</model> 
---------------- Datapath Model END ------------------

* FSMD analyzer results:
  - Output states:
	Port: gmem2 | {5 }
	Port: gmem1 | {5 }
 - Input state : 
	Port: fft2d_fixed_top_Pipeline_VITIS_LOOP_217_12_VITIS_LOOP_218_13_VITIS_LOOP_219_14 : sext_ln217 | {1 }
	Port: fft2d_fixed_top_Pipeline_VITIS_LOOP_217_12_VITIS_LOOP_218_13_VITIS_LOOP_219_14 : sext_ln217_1 | {1 }
	Port: fft2d_fixed_top_Pipeline_VITIS_LOOP_217_12_VITIS_LOOP_218_13_VITIS_LOOP_219_14 : matrix_real | {3 4 }
	Port: fft2d_fixed_top_Pipeline_VITIS_LOOP_217_12_VITIS_LOOP_218_13_VITIS_LOOP_219_14 : matrix_imag | {3 4 }
  - Chain level:
	State 1
		store_ln0 : 1
		store_ln217 : 1
		store_ln0 : 1
		store_ln218 : 1
		store_ln219 : 1
		indvar_flatten32_load : 1
		icmp_ln217 : 2
		add_ln217_1 : 2
		br_ln217 : 3
		store_ln217 : 3
	State 2
		add_ln217 : 1
		icmp_ln218 : 1
		select_ln217 : 2
		xor_ln217 : 2
		icmp_ln219 : 1
		and_ln217 : 2
		select_ln217_1 : 2
		add_ln218 : 3
		empty : 2
		c_4_mid2 : 2
		select_ln218 : 2
		add_ln219 : 3
		add_ln218_1 : 1
		select_ln218_1 : 2
		store_ln217 : 3
		store_ln218 : 3
		store_ln218 : 3
		store_ln219 : 4
	State 3
		add_ln221 : 1
		tmp : 2
		add_ln221_1 : 3
		zext_ln221_2 : 4
		matrix_imag_addr : 5
		matrix_real_addr : 5
		matrix_real_load : 6
		matrix_imag_load : 6
	State 4
	State 5
		write_ln220 : 1
		write_ln221 : 1


============================================================
+ Verbose Summary: Datapath Resource usage 
============================================================

* Functional unit list:
|----------|-------------------------------|---------|---------|
| Operation|        Functional Unit        |    FF   |   LUT   |
|----------|-------------------------------|---------|---------|
|          |       add_ln217_1_fu_196      |    0    |    17   |
|          |        add_ln217_fu_219       |    0    |    10   |
|          |        add_ln218_fu_265       |    0    |    14   |
|    add   |        add_ln219_fu_293       |    0    |    14   |
|          |       add_ln218_1_fu_299      |    0    |    17   |
|          |        add_ln221_fu_343       |    0    |    15   |
|          |       add_ln221_1_fu_360      |    0    |    17   |
|----------|-------------------------------|---------|---------|
|          |       icmp_ln217_fu_190       |    0    |    17   |
|   icmp   |       icmp_ln218_fu_225       |    0    |    17   |
|          |       icmp_ln219_fu_245       |    0    |    14   |
|----------|-------------------------------|---------|---------|
|          |      select_ln217_fu_231      |    0    |    7    |
|          |     select_ln217_1_fu_257     |    0    |    2    |
|  select  |        c_4_mid2_fu_277        |    0    |    7    |
|          |      select_ln218_fu_285      |    0    |    7    |
|          |     select_ln218_1_fu_305     |    0    |    14   |
|----------|-------------------------------|---------|---------|
|    xor   |        xor_ln217_fu_239       |    0    |    2    |
|----------|-------------------------------|---------|---------|
|    and   |        and_ln217_fu_251       |    0    |    2    |
|----------|-------------------------------|---------|---------|
|    or    |          empty_fu_271         |    0    |    2    |
|----------|-------------------------------|---------|---------|
|   read   | sext_ln217_1_read_read_fu_100 |    0    |    0    |
|          |  sext_ln217_read_read_fu_106  |    0    |    0    |
|----------|-------------------------------|---------|---------|
|   write  |    write_ln220_write_fu_138   |    0    |    0    |
|          |    write_ln221_write_fu_146   |    0    |    0    |
|----------|-------------------------------|---------|---------|
|   sext   |    sext_ln217_1_cast_fu_154   |    0    |    0    |
|          |     sext_ln217_cast_fu_158    |    0    |    0    |
|----------|-------------------------------|---------|---------|
|bitconcatenate|          tmp_7_fu_333         |    0    |    0    |
|          |           tmp_fu_349          |    0    |    0    |
|----------|-------------------------------|---------|---------|
|          |       zext_ln221_fu_340       |    0    |    0    |
|   zext   |      zext_ln221_1_fu_357      |    0    |    0    |
|          |      zext_ln221_2_fu_366      |    0    |    0    |
|----------|-------------------------------|---------|---------|
|   Total  |                               |    0    |   195   |
|----------|-------------------------------|---------|---------|

Memories:
N/A

* Register list:
+-------------------------+--------+
|                         |   FF   |
+-------------------------+--------+
|     c_4_mid2_reg_438    |    7   |
|        c_reg_384        |    7   |
|        ch_reg_405       |    2   |
|    icmp_ln217_reg_429   |    1   |
| indvar_flatten19_reg_398|   14   |
| indvar_flatten32_reg_412|   14   |
| matrix_imag_addr_reg_448|   14   |
| matrix_imag_load_reg_463|   32   |
| matrix_real_addr_reg_453|   14   |
| matrix_real_load_reg_458|   32   |
|        r_reg_391        |    7   |
|  select_ln217_1_reg_433 |    2   |
|   select_ln218_reg_443  |    7   |
|sext_ln217_1_cast_reg_419|   64   |
| sext_ln217_cast_reg_424 |   64   |
+-------------------------+--------+
|          Total          |   281  |
+-------------------------+--------+

* Multiplexer (MUX) list: 
|-------------------|------|------|------|--------||---------||---------||---------|
|        Comp       |  Pin | Size |  BW  | S x BW ||  Delay  ||    FF   ||   LUT   |
|-------------------|------|------|------|--------||---------||---------||---------|
| grp_access_fu_126 |  p0  |   2  |  14  |   28   ||    0    ||    9    |
| grp_access_fu_132 |  p0  |   2  |  14  |   28   ||    0    ||    9    |
|-------------------|------|------|------|--------||---------||---------||---------|
|       Total       |      |      |      |   56   ||  3.176  ||    0    ||    18   |
|-------------------|------|------|------|--------||---------||---------||---------|



* Summary:
+-----------+--------+--------+--------+
|           |  Delay |   FF   |   LUT  |
+-----------+--------+--------+--------+
|  Function |    -   |    0   |   195  |
|   Memory  |    -   |    -   |    -   |
|Multiplexer|    3   |    0   |   18   |
|  Register |    -   |   281  |    -   |
+-----------+--------+--------+--------+
|   Total   |    3   |   281  |   213  |
+-----------+--------+--------+--------+
