

================================================================
== Vitis HLS Report for 'fft2d_fixed_top_Pipeline_2'
================================================================
* Date:           Mon Jun 29 12:38:30 2026

* Version:        2025.2 (Build 6295257 on Nov 14 2025)
* Project:        fft2d_accel_rgb_prj
* Solution:       solution1 (Vivado IP Flow Target)
* Product family: zynq
* Target device:  xc7z020-clg400-1


================================================================
== Performance Estimates
================================================================
+ Timing: 
    * Summary: 
    +--------+----------+----------+------------+
    |  Clock |  Target  | Estimated| Uncertainty|
    +--------+----------+----------+------------+
    |ap_clk  |  10.00 ns|  5.001 ns|     2.70 ns|
    +--------+----------+----------+------------+

+ Latency: 
    * Summary: 
    +---------+---------+----------+----------+-----+-----+-------------------+
    |  Latency (cycles) |  Latency (absolute) |  Interval |      Pipeline     |
    |   min   |   max   |    min   |    max   | min | max |        Type       |
    +---------+---------+----------+----------+-----+-----+-------------------+
    |       65|       65|  0.650 us|  0.650 us|    0|    0|  loop pipeline stp|
    +---------+---------+----------+----------+-----+-----+-------------------+

    + Detail: 
        * Instance: 
        N/A

        * Loop: 
        +----------+---------+---------+----------+-----------+-----------+------+----------+
        |          |  Latency (cycles) | Iteration|  Initiation Interval  | Trip |          |
        | Loop Name|   min   |   max   |  Latency |  achieved |   target  | Count| Pipelined|
        +----------+---------+---------+----------+-----------+-----------+------+----------+
        |- Loop 1  |       63|       63|         1|          1|          1|    64|       yes|
        +----------+---------+---------+----------+-----------+-----------+------+----------+

============================================================
+ Verbose Summary: Synthesis Manager
============================================================
InlineROM: 1
ExposeGlobal: 0
============================================================
+ Verbose Summary: CDFG Model
============================================================
IsTopModel: 0
ResetActiveHigh: 1
IsCombinational: 0
IsDatapathOnly: 0
HasWiredReturn: 1
HasMFsm: 2
HasVarLatency: 1
IsPipeline: 0
IsRtlPipelined: 0
IsInstanceOverlapped: 0
IsDontTouch: 0
HasImplIP: 0
IsGatedGlobalClock: 0

+ Individual pipeline summary: 
  * Pipeline-0: initiation interval (II) = 1, depth = 1


============================================================
+ Verbose Summary: Schedule
============================================================
* Number of FSM states : 1
* Pipeline : 1
  Pipeline-0 : II = 1, D = 1, States = { 1 }
* Dataflow Pipeline: 0

* FSM state transitions: 
1 --> 

* FSM state operations: 

State 1 <SV = 0> <Delay = 5.00>
ST_1 : Operation 4 [1/1] (0.00ns)   --->   "%indvars_iv626 = alloca i32 1"   --->   Operation 4 'alloca' 'indvars_iv626' <Predicate = true> <Delay = 0.00>
ST_1 : Operation 5 [1/1] (1.58ns)   --->   "%store_ln0 = store i6 0, i6 %indvars_iv626"   --->   Operation 5 'store' 'store_ln0' <Predicate = true> <Delay = 1.58>
ST_1 : Operation 6 [1/1] (0.00ns)   --->   "%br_ln0 = br void %arrayctor.loop27"   --->   Operation 6 'br' 'br_ln0' <Predicate = true> <Delay = 0.00>
ST_1 : Operation 7 [1/1] (0.00ns)   --->   "%indvars_iv626_load = load i6 %indvars_iv626" [src/fft2d_fixed.cpp:178]   --->   Operation 7 'load' 'indvars_iv626_load' <Predicate = true> <Delay = 0.00>
ST_1 : Operation 8 [1/1] (0.00ns)   --->   "%zext_ln178 = zext i6 %indvars_iv626_load" [src/fft2d_fixed.cpp:178]   --->   Operation 8 'zext' 'zext_ln178' <Predicate = true> <Delay = 0.00>
ST_1 : Operation 9 [1/1] (0.00ns)   --->   "%specpipeline_ln178 = specpipeline void @_ssdm_op_SpecPipeline, i32 4294967295, i32 0, i32 0, i32 0, i32 4294967295, void @empty" [src/fft2d_fixed.cpp:178]   --->   Operation 9 'specpipeline' 'specpipeline_ln178' <Predicate = true> <Delay = 0.00>
ST_1 : Operation 10 [1/1] (0.00ns)   --->   "%speclooptripcount_ln178 = speclooptripcount void @_ssdm_op_SpecLoopTripCount, i64 64, i64 64, i64 64" [src/fft2d_fixed.cpp:178]   --->   Operation 10 'speclooptripcount' 'speclooptripcount_ln178' <Predicate = true> <Delay = 0.00>
ST_1 : Operation 11 [1/1] (1.82ns)   --->   "%add_ln178 = add i6 %indvars_iv626_load, i6 1" [src/fft2d_fixed.cpp:178]   --->   Operation 11 'add' 'add_ln178' <Predicate = true> <Delay = 1.82> <CoreInst = "Adder">   --->   Core 1 'Adder' <Latency = 0> <II = 1> <Delay = 1.82> <FuncUnit> <Opcode : 'add' 'sub'> <InPorts = 2> <OutPorts = 1>
ST_1 : Operation 12 [1/1] (0.00ns)   --->   "%this_real = getelementptr i32 %col_buffer_real, i64 0, i64 %zext_ln178" [src/fft2d_fixed.cpp:178]   --->   Operation 12 'getelementptr' 'this_real' <Predicate = true> <Delay = 0.00>
ST_1 : Operation 13 [1/1] (0.00ns)   --->   "%this_imag = getelementptr i32 %col_buffer_imag, i64 0, i64 %zext_ln178" [src/fft2d_fixed.cpp:178]   --->   Operation 13 'getelementptr' 'this_imag' <Predicate = true> <Delay = 0.00>
ST_1 : Operation 14 [1/1] ( I:3.25ns O:3.25ns )   --->   "%store_ln35 = store i32 0, i6 %this_real" [include\fft2d_fixed.hpp:35->src/fft2d_fixed.cpp:178]   --->   Operation 14 'store' 'store_ln35' <Predicate = true> <Delay = 3.25> <CoreInst = "RAM">   --->   Core 81 'RAM' <Latency = 1> <II = 1> <Delay = 3.25> <Storage> <Opcode : 'load' 'store'> <Ports = 2> <Width = 32> <Depth = 64> <RAM>
ST_1 : Operation 15 [1/1] ( I:3.25ns O:3.25ns )   --->   "%store_ln35 = store i32 0, i6 %this_imag" [include\fft2d_fixed.hpp:35->src/fft2d_fixed.cpp:178]   --->   Operation 15 'store' 'store_ln35' <Predicate = true> <Delay = 3.25> <CoreInst = "RAM">   --->   Core 81 'RAM' <Latency = 1> <II = 1> <Delay = 3.25> <Storage> <Opcode : 'load' 'store'> <Ports = 2> <Width = 32> <Depth = 64> <RAM>
ST_1 : Operation 16 [1/1] (1.82ns)   --->   "%icmp_ln178 = icmp_eq  i6 %indvars_iv626_load, i6 63" [src/fft2d_fixed.cpp:178]   --->   Operation 16 'icmp' 'icmp_ln178' <Predicate = true> <Delay = 1.82> <CoreInst = "Cmp">   --->   Core 9 'Cmp' <Latency = 0> <II = 1> <Delay = 1.82> <FuncUnit> <Opcode : 'seteq' 'setne' 'setle' 'setge' 'setlt' 'setgt'> <InPorts = 2> <OutPorts = 1>
ST_1 : Operation 17 [1/1] (1.58ns)   --->   "%store_ln178 = store i6 %add_ln178, i6 %indvars_iv626" [src/fft2d_fixed.cpp:178]   --->   Operation 17 'store' 'store_ln178' <Predicate = true> <Delay = 1.58>
ST_1 : Operation 18 [1/1] (0.00ns)   --->   "%br_ln178 = br i1 %icmp_ln178, void %arrayctor.loop27, void %VITIS_LOOP_180_1.exitStub" [src/fft2d_fixed.cpp:178]   --->   Operation 18 'br' 'br_ln178' <Predicate = true> <Delay = 0.00>
ST_1 : Operation 19 [1/1] (1.58ns)   --->   "%ret_ln0 = ret"   --->   Operation 19 'ret' 'ret_ln0' <Predicate = (icmp_ln178)> <Delay = 1.58>


============================================================
+ Verbose Summary: Timing violations
============================================================
Target clock period: 10.000ns, clock uncertainty: 2.700ns.

 <State 1>: 5.001ns
The critical path consists of the following:
	'store' operation ('store_ln0') of constant 0 6 bit on local variable 'indvars_iv626' [4]  (1.588 ns)
	'load' operation 6 bit ('indvars_iv626_load', src/fft2d_fixed.cpp:178) on local variable 'indvars_iv626' [7]  (0.000 ns)
	'add' operation 6 bit ('add_ln178', src/fft2d_fixed.cpp:178) [11]  (1.825 ns)
	'store' operation ('store_ln178', src/fft2d_fixed.cpp:178) of variable 'add_ln178', src/fft2d_fixed.cpp:178 6 bit on local variable 'indvars_iv626' [17]  (1.588 ns)


============================================================
+ Verbose Summary: Binding
============================================================
N/A
* FSMD analyzer results:
  - Output states:
 - Input state : 
  - Chain level:
	State 1


============================================================
+ Verbose Summary: Datapath Resource usage 
============================================================
N/A
