

================================================================
== Vitis HLS Report for 'fft2d_fixed_top_Outline_VITIS_LOOP_189_4'
================================================================
* Date:           Mon Jun 29 12:38:33 2026

* Version:        2025.2 (Build 6295257 on Nov 14 2025)
* Project:        fft2d_accel_rgb_prj
* Solution:       solution1 (Vivado IP Flow Target)
* Product family: zynq
* Target device:  xc7z020-clg400-1


================================================================
== Performance Estimates
================================================================
+ Timing: 
    * Summary: 
    +--------+----------+----------+------------+
    |  Clock |  Target  | Estimated| Uncertainty|
    +--------+----------+----------+------------+
    |ap_clk  |  10.00 ns|  6.981 ns|     2.70 ns|
    +--------+----------+----------+------------+

+ Latency: 
    * Summary: 
    +---------+---------+----------+----------+-----+-----+---------+
    |  Latency (cycles) |  Latency (absolute) |  Interval | Pipeline|
    |   min   |   max   |    min   |    max   | min | max |   Type  |
    +---------+---------+----------+----------+-----+-----+---------+
    |        ?|        ?|         ?|         ?|    ?|    ?|       no|
    +---------+---------+----------+----------+-----+-----+---------+

    + Detail: 
        * Instance: 
        +-----------------------------------------------------+-------------------------------------------+---------+---------+----------+----------+-----+-----+-------------------+
        |                                                     |                                           |  Latency (cycles) |  Latency (absolute) |  Interval |      Pipeline     |
        |                       Instance                      |                   Module                  |   min   |   max   |    min   |    max   | min | max |        Type       |
        +-----------------------------------------------------+-------------------------------------------+---------+---------+----------+----------+-----+-----+-------------------+
        |grp_fft2d_fixed_top_Pipeline_VITIS_LOOP_191_6_fu_65  |fft2d_fixed_top_Pipeline_VITIS_LOOP_191_6  |       66|       66|  0.660 us|  0.660 us|    0|    0|  loop pipeline stp|
        |grp_fft1d_fixed_fu_78                                |fft1d_fixed                                |        ?|        ?|         ?|         ?|    ?|    ?|                 no|
        |grp_fft2d_fixed_top_Pipeline_VITIS_LOOP_197_7_fu_90  |fft2d_fixed_top_Pipeline_VITIS_LOOP_197_7  |       66|       66|  0.660 us|  0.660 us|    0|    0|  loop pipeline stp|
        +-----------------------------------------------------+-------------------------------------------+---------+---------+----------+----------+-----+-----+-------------------+

        * Loop: 
        +---------------------+---------+---------+----------+-----------+-----------+------+----------+
        |                     |  Latency (cycles) | Iteration|  Initiation Interval  | Trip |          |
        |      Loop Name      |   min   |   max   |  Latency |  achieved |   target  | Count| Pipelined|
        +---------------------+---------+---------+----------+-----------+-----------+------+----------+
        |- VITIS_LOOP_189_4   |        ?|        ?|         ?|          -|          -|     3|        no|
        | + VITIS_LOOP_190_5  |        ?|        ?|         ?|          -|          -|    64|        no|
        +---------------------+---------+---------+----------+-----------+-----------+------+----------+

============================================================
+ Verbose Summary: Synthesis Manager
============================================================
InlineROM: 1
ExposeGlobal: 0
============================================================
+ Verbose Summary: CDFG Model
============================================================
IsTopModel: 0
ResetActiveHigh: 1
IsCombinational: 0
IsDatapathOnly: 0
HasWiredReturn: 1
HasMFsm: 0
HasVarLatency: 1
IsPipeline: 0
IsRtlPipelined: 0
IsInstanceOverlapped: 0
IsDontTouch: 0
HasImplIP: 0
IsGatedGlobalClock: 0


============================================================
+ Verbose Summary: Schedule
============================================================
* Number of FSM states : 8
* Pipeline : 0
* Dataflow Pipeline: 0

* FSM state transitions: 
1 --> 2 
2 --> 3 
3 --> 4 2 
4 --> 5 
5 --> 6 
6 --> 7 
7 --> 8 
8 --> 3 

* FSM state operations: 

State 1 <SV = 0> <Delay = 1.58>
ST_1 : Operation 9 [1/1] (0.00ns)   --->   "%ch = alloca i32 1" [src/fft2d_fixed.cpp:189]   --->   Operation 9 'alloca' 'ch' <Predicate = true> <Delay = 0.00>
ST_1 : Operation 10 [1/1] (1.58ns)   --->   "%store_ln189 = store i2 0, i2 %ch" [src/fft2d_fixed.cpp:189]   --->   Operation 10 'store' 'store_ln189' <Predicate = true> <Delay = 1.58>
ST_1 : Operation 11 [1/1] (0.00ns)   --->   "%br_ln0 = br void %VITIS_LOOP_190_5"   --->   Operation 11 'br' 'br_ln0' <Predicate = true> <Delay = 0.00>

State 2 <SV = 1> <Delay = 3.15>
ST_2 : Operation 12 [1/1] (0.00ns)   --->   "%ch_1 = load i2 %ch" [src/fft2d_fixed.cpp:189]   --->   Operation 12 'load' 'ch_1' <Predicate = true> <Delay = 0.00>
ST_2 : Operation 13 [1/1] (1.56ns)   --->   "%icmp_ln189 = icmp_eq  i2 %ch_1, i2 3" [src/fft2d_fixed.cpp:189]   --->   Operation 13 'icmp' 'icmp_ln189' <Predicate = true> <Delay = 1.56> <CoreInst = "Cmp">   --->   Core 9 'Cmp' <Latency = 0> <II = 1> <Delay = 1.56> <FuncUnit> <Opcode : 'seteq' 'setne' 'setle' 'setge' 'setlt' 'setgt'> <InPorts = 2> <OutPorts = 1>
ST_2 : Operation 14 [1/1] (1.56ns)   --->   "%add_ln189 = add i2 %ch_1, i2 1" [src/fft2d_fixed.cpp:189]   --->   Operation 14 'add' 'add_ln189' <Predicate = true> <Delay = 1.56> <CoreInst = "Adder">   --->   Core 1 'Adder' <Latency = 0> <II = 1> <Delay = 1.56> <FuncUnit> <Opcode : 'add' 'sub'> <InPorts = 2> <OutPorts = 1>
ST_2 : Operation 15 [1/1] (0.00ns)   --->   "%br_ln189 = br i1 %icmp_ln189, void %VITIS_LOOP_190_5.split, void %VITIS_LOOP_204_9.preheader.exitStub" [src/fft2d_fixed.cpp:189]   --->   Operation 15 'br' 'br_ln189' <Predicate = true> <Delay = 0.00>
ST_2 : Operation 16 [1/1] (0.00ns)   --->   "%tmp_3 = bitconcatenate i8 @_ssdm_op_BitConcatenate.i8.i2.i6, i2 %ch_1, i6 0" [src/fft2d_fixed.cpp:192]   --->   Operation 16 'bitconcatenate' 'tmp_3' <Predicate = (!icmp_ln189)> <Delay = 0.00>
ST_2 : Operation 17 [1/1] (0.00ns)   --->   "%speclooptripcount_ln189 = speclooptripcount void @_ssdm_op_SpecLoopTripCount, i64 3, i64 3, i64 3" [src/fft2d_fixed.cpp:189]   --->   Operation 17 'speclooptripcount' 'speclooptripcount_ln189' <Predicate = (!icmp_ln189)> <Delay = 0.00>
ST_2 : Operation 18 [1/1] (0.00ns)   --->   "%specloopname_ln189 = specloopname void @_ssdm_op_SpecLoopName, void @empty_11" [src/fft2d_fixed.cpp:189]   --->   Operation 18 'specloopname' 'specloopname_ln189' <Predicate = (!icmp_ln189)> <Delay = 0.00>
ST_2 : Operation 19 [1/1] (1.58ns)   --->   "%br_ln190 = br void %VITIS_LOOP_191_6" [src/fft2d_fixed.cpp:190]   --->   Operation 19 'br' 'br_ln190' <Predicate = (!icmp_ln189)> <Delay = 1.58>
ST_2 : Operation 20 [1/1] (0.00ns)   --->   "%ret_ln0 = ret"   --->   Operation 20 'ret' 'ret_ln0' <Predicate = (icmp_ln189)> <Delay = 0.00>

State 3 <SV = 2> <Delay = 6.98>
ST_3 : Operation 21 [1/1] (0.00ns)   --->   "%r_1 = phi i7 0, void %VITIS_LOOP_190_5.split, i7 %add_ln190, void %VITIS_LOOP_191_6.split" [src/fft2d_fixed.cpp:190]   --->   Operation 21 'phi' 'r_1' <Predicate = true> <Delay = 0.00>
ST_3 : Operation 22 [1/1] (1.87ns)   --->   "%icmp_ln190 = icmp_eq  i7 %r_1, i7 64" [src/fft2d_fixed.cpp:190]   --->   Operation 22 'icmp' 'icmp_ln190' <Predicate = true> <Delay = 1.87> <CoreInst = "Cmp">   --->   Core 9 'Cmp' <Latency = 0> <II = 1> <Delay = 1.87> <FuncUnit> <Opcode : 'seteq' 'setne' 'setle' 'setge' 'setlt' 'setgt'> <InPorts = 2> <OutPorts = 1>
ST_3 : Operation 23 [1/1] (1.87ns)   --->   "%add_ln190 = add i7 %r_1, i7 1" [src/fft2d_fixed.cpp:190]   --->   Operation 23 'add' 'add_ln190' <Predicate = true> <Delay = 1.87> <CoreInst = "Adder">   --->   Core 1 'Adder' <Latency = 0> <II = 1> <Delay = 1.87> <FuncUnit> <Opcode : 'add' 'sub'> <InPorts = 2> <OutPorts = 1>
ST_3 : Operation 24 [1/1] (0.00ns)   --->   "%br_ln190 = br i1 %icmp_ln190, void %VITIS_LOOP_191_6.split, void %for.inc108" [src/fft2d_fixed.cpp:190]   --->   Operation 24 'br' 'br_ln190' <Predicate = true> <Delay = 0.00>
ST_3 : Operation 25 [1/1] (0.00ns)   --->   "%zext_ln192 = zext i7 %r_1" [src/fft2d_fixed.cpp:192]   --->   Operation 25 'zext' 'zext_ln192' <Predicate = (!icmp_ln190)> <Delay = 0.00>
ST_3 : Operation 26 [1/1] (1.91ns)   --->   "%add_ln192 = add i8 %tmp_3, i8 %zext_ln192" [src/fft2d_fixed.cpp:192]   --->   Operation 26 'add' 'add_ln192' <Predicate = (!icmp_ln190)> <Delay = 1.91> <CoreInst = "Adder">   --->   Core 1 'Adder' <Latency = 0> <II = 1> <Delay = 1.91> <FuncUnit> <Opcode : 'add' 'sub'> <InPorts = 2> <OutPorts = 1>
ST_3 : Operation 27 [1/1] (0.00ns)   --->   "%tmp = bitconcatenate i14 @_ssdm_op_BitConcatenate.i14.i8.i6, i8 %add_ln192, i6 0" [src/fft2d_fixed.cpp:192]   --->   Operation 27 'bitconcatenate' 'tmp' <Predicate = (!icmp_ln190)> <Delay = 0.00>
ST_3 : Operation 28 [2/2] (5.06ns)   --->   "%call_ln192 = call void @fft2d_fixed_top_Pipeline_VITIS_LOOP_191_6, i14 %tmp, i32 %row_buffer_real, i32 %row_buffer_imag, i32 %matrix_real, i32 %matrix_imag" [src/fft2d_fixed.cpp:192]   --->   Operation 28 'call' 'call_ln192' <Predicate = (!icmp_ln190)> <Delay = 5.06> <CoreType = "Generic">   --->   Generic Core
ST_3 : Operation 29 [1/1] (1.58ns)   --->   "%store_ln189 = store i2 %add_ln189, i2 %ch" [src/fft2d_fixed.cpp:189]   --->   Operation 29 'store' 'store_ln189' <Predicate = (icmp_ln190)> <Delay = 1.58>
ST_3 : Operation 30 [1/1] (0.00ns)   --->   "%br_ln189 = br void %VITIS_LOOP_190_5" [src/fft2d_fixed.cpp:189]   --->   Operation 30 'br' 'br_ln189' <Predicate = (icmp_ln190)> <Delay = 0.00>

State 4 <SV = 3> <Delay = 5.04>
ST_4 : Operation 31 [1/2] (5.04ns)   --->   "%call_ln192 = call void @fft2d_fixed_top_Pipeline_VITIS_LOOP_191_6, i14 %tmp, i32 %row_buffer_real, i32 %row_buffer_imag, i32 %matrix_real, i32 %matrix_imag" [src/fft2d_fixed.cpp:192]   --->   Operation 31 'call' 'call_ln192' <Predicate = true> <Delay = 5.04> <CoreType = "Generic">   --->   Generic Core

State 5 <SV = 4> <Delay = 0.00>
ST_5 : Operation 32 [2/2] (0.00ns)   --->   "%call_ln195 = call void @fft1d_fixed, i32 %row_buffer_real, i32 %row_buffer_imag, i14 %TWIDDLE_REAL, i13 %TWIDDLE_IMAG" [src/fft2d_fixed.cpp:195]   --->   Operation 32 'call' 'call_ln195' <Predicate = true> <Delay = 0.00> <CoreType = "Generic">   --->   Generic Core

State 6 <SV = 5> <Delay = 2.55>
ST_6 : Operation 33 [1/2] (2.55ns)   --->   "%call_ln195 = call void @fft1d_fixed, i32 %row_buffer_real, i32 %row_buffer_imag, i14 %TWIDDLE_REAL, i13 %TWIDDLE_IMAG" [src/fft2d_fixed.cpp:195]   --->   Operation 33 'call' 'call_ln195' <Predicate = true> <Delay = 2.55> <CoreType = "Generic">   --->   Generic Core

State 7 <SV = 6> <Delay = 0.00>
ST_7 : Operation 34 [2/2] (0.00ns)   --->   "%call_ln192 = call void @fft2d_fixed_top_Pipeline_VITIS_LOOP_197_7, i14 %tmp, i32 %row_buffer_real, i32 %row_buffer_imag, i32 %matrix_real, i32 %matrix_imag" [src/fft2d_fixed.cpp:192]   --->   Operation 34 'call' 'call_ln192' <Predicate = true> <Delay = 0.00> <CoreType = "Generic">   --->   Generic Core

State 8 <SV = 7> <Delay = 5.04>
ST_8 : Operation 35 [1/1] (0.00ns)   --->   "%speclooptripcount_ln190 = speclooptripcount void @_ssdm_op_SpecLoopTripCount, i64 64, i64 64, i64 64" [src/fft2d_fixed.cpp:190]   --->   Operation 35 'speclooptripcount' 'speclooptripcount_ln190' <Predicate = true> <Delay = 0.00>
ST_8 : Operation 36 [1/1] (0.00ns)   --->   "%specloopname_ln190 = specloopname void @_ssdm_op_SpecLoopName, void @empty_30" [src/fft2d_fixed.cpp:190]   --->   Operation 36 'specloopname' 'specloopname_ln190' <Predicate = true> <Delay = 0.00>
ST_8 : Operation 37 [1/2] (5.04ns)   --->   "%call_ln192 = call void @fft2d_fixed_top_Pipeline_VITIS_LOOP_197_7, i14 %tmp, i32 %row_buffer_real, i32 %row_buffer_imag, i32 %matrix_real, i32 %matrix_imag" [src/fft2d_fixed.cpp:192]   --->   Operation 37 'call' 'call_ln192' <Predicate = true> <Delay = 5.04> <CoreType = "Generic">   --->   Generic Core
ST_8 : Operation 38 [1/1] (0.00ns)   --->   "%br_ln190 = br void %VITIS_LOOP_191_6" [src/fft2d_fixed.cpp:190]   --->   Operation 38 'br' 'br_ln190' <Predicate = true> <Delay = 0.00>


============================================================
+ Verbose Summary: Binding
============================================================
STG Binding: 
---------------- STG Properties BEGIN ----------------
- Is combinational: 0
- Is one-state seq: 0
- Is datapath-only: 0
- Is pipelined: 0
- Is top level: 0
Port [ Return ] is wired: 1; IO mode=ap_ctrl_hs:ce=0
Port [ row_buffer_real]:  wired=1; compound=1; hidden=0; nouse=0; global=0; static=0; extern=0; dir=2; type=1; pingpong=0; private_global=0; MemPort=[21]; IO mode=ap_memory:ce=0
Port [ row_buffer_imag]:  wired=1; compound=1; hidden=0; nouse=0; global=0; static=0; extern=0; dir=2; type=1; pingpong=0; private_global=0; MemPort=[21]; IO mode=ap_memory:ce=0
Port [ matrix_real]:  wired=1; compound=1; hidden=0; nouse=0; global=1; static=1; extern=0; dir=2; type=1; pingpong=0; private_global=0; MemPort=[23]; IO mode=ap_memory:ce=0
Port [ matrix_imag]:  wired=1; compound=1; hidden=0; nouse=0; global=1; static=1; extern=0; dir=2; type=1; pingpong=0; private_global=0; MemPort=[23]; IO mode=ap_memory:ce=0
Port [ TWIDDLE_REAL]:  wired=0; compound=1; hidden=1; nouse=1; global=1; static=1; extern=0; dir=0; type=1; pingpong=0; private_global=0; MemPort=[1]; IO mode=ap_memory:ce=0
Port [ TWIDDLE_IMAG]:  wired=0; compound=1; hidden=1; nouse=1; global=1; static=1; extern=0; dir=0; type=1; pingpong=0; private_global=0; MemPort=[1]; IO mode=ap_memory:ce=0
---------------- STG Properties END ------------------

---------------- Datapath Model BEGIN ----------------

<LifeTime>
<method=bitvector/>
ch                      (alloca           ) [ 011111111]
store_ln189             (store            ) [ 000000000]
br_ln0                  (br               ) [ 000000000]
ch_1                    (load             ) [ 000000000]
icmp_ln189              (icmp             ) [ 001111111]
add_ln189               (add              ) [ 000111111]
br_ln189                (br               ) [ 000000000]
tmp_3                   (bitconcatenate   ) [ 000111111]
speclooptripcount_ln189 (speclooptripcount) [ 000000000]
specloopname_ln189      (specloopname     ) [ 000000000]
br_ln190                (br               ) [ 001111111]
ret_ln0                 (ret              ) [ 000000000]
r_1                     (phi              ) [ 000100000]
icmp_ln190              (icmp             ) [ 001111111]
add_ln190               (add              ) [ 001111111]
br_ln190                (br               ) [ 000000000]
zext_ln192              (zext             ) [ 000000000]
add_ln192               (add              ) [ 000000000]
tmp                     (bitconcatenate   ) [ 000011111]
store_ln189             (store            ) [ 000000000]
br_ln189                (br               ) [ 000000000]
call_ln192              (call             ) [ 000000000]
call_ln195              (call             ) [ 000000000]
speclooptripcount_ln190 (speclooptripcount) [ 000000000]
specloopname_ln190      (specloopname     ) [ 000000000]
call_ln192              (call             ) [ 000000000]
br_ln190                (br               ) [ 001111111]
</LifeTime>

<model>

<comp_list>
<comp id="0" class="1000" name="row_buffer_real">
<pin_list>
<pin id="1" dir="1" index="0" bw="1" slack="0"/>
</pin_list>
<bind>
<StgValue><ssdm name="row_buffer_real"/><MemPortTyVec>2 1 </MemPortTyVec>
</StgValue>
</bind>
</comp>

<comp id="2" class="1000" name="row_buffer_imag">
<pin_list>
<pin id="3" dir="1" index="0" bw="1" slack="0"/>
</pin_list>
<bind>
<StgValue><ssdm name="row_buffer_imag"/><MemPortTyVec>2 1 </MemPortTyVec>
</StgValue>
</bind>
</comp>

<comp id="4" class="1000" name="matrix_real">
<pin_list>
<pin id="5" dir="1" index="0" bw="1" slack="0"/>
</pin_list>
<bind>
<StgValue><ssdm name="matrix_real"/><MemPortTyVec>2 3 </MemPortTyVec>
</StgValue>
</bind>
</comp>

<comp id="6" class="1000" name="matrix_imag">
<pin_list>
<pin id="7" dir="1" index="0" bw="1" slack="0"/>
</pin_list>
<bind>
<StgValue><ssdm name="matrix_imag"/><MemPortTyVec>2 3 </MemPortTyVec>
</StgValue>
</bind>
</comp>

<comp id="8" class="1000" name="TWIDDLE_REAL">
<pin_list>
<pin id="9" dir="1" index="0" bw="1" slack="0"/>
</pin_list>
<bind>
<StgValue><ssdm name="TWIDDLE_REAL"/><MemPortTyVec>1 </MemPortTyVec>
</StgValue>
</bind>
</comp>

<comp id="10" class="1000" name="TWIDDLE_IMAG">
<pin_list>
<pin id="11" dir="1" index="0" bw="1" slack="0"/>
</pin_list>
<bind>
<StgValue><ssdm name="TWIDDLE_IMAG"/><MemPortTyVec>1 </MemPortTyVec>
</StgValue>
</bind>
</comp>

<comp id="12" class="1001" name="const_12">
<pin_list>
<pin id="13" dir="1" index="0" bw="1" slack="0"/>
</pin_list>
<bind>
<StgValue><ssdm name=""/></StgValue>
</bind>
</comp>

<comp id="14" class="1001" name="const_14">
<pin_list>
<pin id="15" dir="1" index="0" bw="1" slack="0"/>
</pin_list>
<bind>
<StgValue><ssdm name=""/></StgValue>
</bind>
</comp>

<comp id="16" class="1001" name="const_16">
<pin_list>
<pin id="17" dir="1" index="0" bw="1" slack="0"/>
</pin_list>
<bind>
<StgValue><ssdm name=""/></StgValue>
</bind>
</comp>

<comp id="18" class="1001" name="const_18">
<pin_list>
<pin id="19" dir="1" index="0" bw="1" slack="0"/>
</pin_list>
<bind>
<StgValue><ssdm name=""/></StgValue>
</bind>
</comp>

<comp id="20" class="1001" name="const_20">
<pin_list>
<pin id="21" dir="1" index="0" bw="1" slack="0"/>
</pin_list>
<bind>
<StgValue><ssdm name="_ssdm_op_BitConcatenate.i8.i2.i6"/></StgValue>
</bind>
</comp>

<comp id="22" class="1001" name="const_22">
<pin_list>
<pin id="23" dir="1" index="0" bw="1" slack="0"/>
</pin_list>
<bind>
<StgValue><ssdm name=""/></StgValue>
</bind>
</comp>

<comp id="24" class="1001" name="const_24">
<pin_list>
<pin id="25" dir="1" index="0" bw="1" slack="2147483647"/>
</pin_list>
<bind>
<StgValue><ssdm name="_ssdm_op_SpecLoopTripCount"/></StgValue>
</bind>
</comp>

<comp id="26" class="1001" name="const_26">
<pin_list>
<pin id="27" dir="1" index="0" bw="1" slack="2147483647"/>
</pin_list>
<bind>
<StgValue><ssdm name=""/></StgValue>
</bind>
</comp>

<comp id="28" class="1001" name="const_28">
<pin_list>
<pin id="29" dir="1" index="0" bw="1" slack="2147483647"/>
</pin_list>
<bind>
<StgValue><ssdm name="_ssdm_op_SpecLoopName"/></StgValue>
</bind>
</comp>

<comp id="30" class="1001" name="const_30">
<pin_list>
<pin id="31" dir="1" index="0" bw="1" slack="2147483647"/>
</pin_list>
<bind>
<StgValue><ssdm name="empty_11"/></StgValue>
</bind>
</comp>

<comp id="32" class="1001" name="const_32">
<pin_list>
<pin id="33" dir="1" index="0" bw="1" slack="1"/>
</pin_list>
<bind>
<StgValue><ssdm name=""/></StgValue>
</bind>
</comp>

<comp id="34" class="1001" name="const_34">
<pin_list>
<pin id="35" dir="1" index="0" bw="1" slack="0"/>
</pin_list>
<bind>
<StgValue><ssdm name=""/></StgValue>
</bind>
</comp>

<comp id="36" class="1001" name="const_36">
<pin_list>
<pin id="37" dir="1" index="0" bw="1" slack="0"/>
</pin_list>
<bind>
<StgValue><ssdm name=""/></StgValue>
</bind>
</comp>

<comp id="38" class="1001" name="const_38">
<pin_list>
<pin id="39" dir="1" index="0" bw="1" slack="0"/>
</pin_list>
<bind>
<StgValue><ssdm name="_ssdm_op_BitConcatenate.i14.i8.i6"/></StgValue>
</bind>
</comp>

<comp id="40" class="1001" name="const_40">
<pin_list>
<pin id="41" dir="1" index="0" bw="1" slack="0"/>
</pin_list>
<bind>
<StgValue><ssdm name="fft2d_fixed_top_Pipeline_VITIS_LOOP_191_6"/></StgValue>
</bind>
</comp>

<comp id="42" class="1001" name="const_42">
<pin_list>
<pin id="43" dir="1" index="0" bw="1" slack="0"/>
</pin_list>
<bind>
<StgValue><ssdm name="fft1d_fixed"/></StgValue>
</bind>
</comp>

<comp id="44" class="1001" name="const_44">
<pin_list>
<pin id="45" dir="1" index="0" bw="1" slack="0"/>
</pin_list>
<bind>
<StgValue><ssdm name="fft2d_fixed_top_Pipeline_VITIS_LOOP_197_7"/></StgValue>
</bind>
</comp>

<comp id="46" class="1001" name="const_46">
<pin_list>
<pin id="47" dir="1" index="0" bw="1" slack="2147483647"/>
</pin_list>
<bind>
<StgValue><ssdm name=""/></StgValue>
</bind>
</comp>

<comp id="48" class="1001" name="const_48">
<pin_list>
<pin id="49" dir="1" index="0" bw="1" slack="2147483647"/>
</pin_list>
<bind>
<StgValue><ssdm name="empty_30"/></StgValue>
</bind>
</comp>

<comp id="50" class="1004" name="ch_fu_50">
<pin_list>
<pin id="51" dir="0" index="0" bw="1" slack="0"/>
<pin id="52" dir="1" index="1" bw="2" slack="0"/>
</pin_list>
<bind>
<opcode="alloca(26) " fcode="alloca"/>
<opset="ch/1 "/>
</bind>
</comp>

<comp id="54" class="1005" name="r_1_reg_54">
<pin_list>
<pin id="55" dir="0" index="0" bw="7" slack="1"/>
<pin id="56" dir="1" index="1" bw="7" slack="1"/>
</pin_list>
<bind>
<opset="r_1 (phireg) "/>
</bind>
</comp>

<comp id="58" class="1004" name="r_1_phi_fu_58">
<pin_list>
<pin id="59" dir="0" index="0" bw="1" slack="1"/>
<pin id="60" dir="0" index="1" bw="0" slack="2147483647"/>
<pin id="61" dir="0" index="2" bw="7" slack="0"/>
<pin id="62" dir="0" index="3" bw="0" slack="2147483647"/>
<pin id="63" dir="1" index="4" bw="7" slack="0"/>
</pin_list>
<bind>
<opcode="phi(47) " fcode="phi"/>
<opset="r_1/3 "/>
</bind>
</comp>

<comp id="65" class="1004" name="grp_fft2d_fixed_top_Pipeline_VITIS_LOOP_191_6_fu_65">
<pin_list>
<pin id="66" dir="0" index="0" bw="0" slack="0"/>
<pin id="67" dir="0" index="1" bw="14" slack="0"/>
<pin id="68" dir="0" index="2" bw="32" slack="0"/>
<pin id="69" dir="0" index="3" bw="32" slack="0"/>
<pin id="70" dir="0" index="4" bw="32" slack="0"/>
<pin id="71" dir="0" index="5" bw="32" slack="0"/>
<pin id="72" dir="1" index="6" bw="0" slack="2147483647"/>
</pin_list>
<bind>
<opcode="call(48) " fcode="call"/>
<opset="call_ln192/3 "/>
</bind>
</comp>

<comp id="78" class="1004" name="grp_fft1d_fixed_fu_78">
<pin_list>
<pin id="79" dir="0" index="0" bw="0" slack="0"/>
<pin id="80" dir="0" index="1" bw="32" slack="0"/>
<pin id="81" dir="0" index="2" bw="32" slack="0"/>
<pin id="82" dir="0" index="3" bw="14" slack="0"/>
<pin id="83" dir="0" index="4" bw="13" slack="0"/>
<pin id="84" dir="1" index="5" bw="0" slack="2147483647"/>
</pin_list>
<bind>
<opcode="call(48) " fcode="call"/>
<opset="call_ln195/5 "/>
</bind>
</comp>

<comp id="90" class="1004" name="grp_fft2d_fixed_top_Pipeline_VITIS_LOOP_197_7_fu_90">
<pin_list>
<pin id="91" dir="0" index="0" bw="0" slack="0"/>
<pin id="92" dir="0" index="1" bw="14" slack="4"/>
<pin id="93" dir="0" index="2" bw="32" slack="0"/>
<pin id="94" dir="0" index="3" bw="32" slack="0"/>
<pin id="95" dir="0" index="4" bw="32" slack="0"/>
<pin id="96" dir="0" index="5" bw="32" slack="0"/>
<pin id="97" dir="1" index="6" bw="0" slack="2147483647"/>
</pin_list>
<bind>
<opcode="call(48) " fcode="call"/>
<opset="call_ln192/7 "/>
</bind>
</comp>

<comp id="103" class="1004" name="store_ln189_store_fu_103">
<pin_list>
<pin id="104" dir="0" index="0" bw="1" slack="0"/>
<pin id="105" dir="0" index="1" bw="2" slack="0"/>
<pin id="106" dir="1" index="2" bw="0" slack="2147483647"/>
</pin_list>
<bind>
<opcode="store(28) " fcode="store"/>
<opset="store_ln189/1 "/>
</bind>
</comp>

<comp id="108" class="1004" name="ch_1_load_fu_108">
<pin_list>
<pin id="109" dir="0" index="0" bw="2" slack="1"/>
<pin id="110" dir="1" index="1" bw="2" slack="0"/>
</pin_list>
<bind>
<opcode="load(27) " fcode="load"/>
<opset="ch_1/2 "/>
</bind>
</comp>

<comp id="111" class="1004" name="icmp_ln189_fu_111">
<pin_list>
<pin id="112" dir="0" index="0" bw="2" slack="0"/>
<pin id="113" dir="0" index="1" bw="1" slack="0"/>
<pin id="114" dir="1" index="2" bw="1" slack="2147483647"/>
</pin_list>
<bind>
<opcode="icmp(45) " fcode="icmp"/>
<opset="icmp_ln189/2 "/>
</bind>
</comp>

<comp id="117" class="1004" name="add_ln189_fu_117">
<pin_list>
<pin id="118" dir="0" index="0" bw="2" slack="0"/>
<pin id="119" dir="0" index="1" bw="1" slack="0"/>
<pin id="120" dir="1" index="2" bw="2" slack="1"/>
</pin_list>
<bind>
<opcode="add(8) " fcode="add"/>
<opset="add_ln189/2 "/>
</bind>
</comp>

<comp id="123" class="1004" name="tmp_3_fu_123">
<pin_list>
<pin id="124" dir="0" index="0" bw="8" slack="0"/>
<pin id="125" dir="0" index="1" bw="2" slack="0"/>
<pin id="126" dir="0" index="2" bw="1" slack="0"/>
<pin id="127" dir="1" index="3" bw="8" slack="1"/>
</pin_list>
<bind>
<opcode="bitconcatenate(1004) " fcode="bitconcatenate"/>
<opset="tmp_3/2 "/>
</bind>
</comp>

<comp id="131" class="1004" name="icmp_ln190_fu_131">
<pin_list>
<pin id="132" dir="0" index="0" bw="7" slack="0"/>
<pin id="133" dir="0" index="1" bw="7" slack="0"/>
<pin id="134" dir="1" index="2" bw="1" slack="2147483647"/>
</pin_list>
<bind>
<opcode="icmp(45) " fcode="icmp"/>
<opset="icmp_ln190/3 "/>
</bind>
</comp>

<comp id="137" class="1004" name="add_ln190_fu_137">
<pin_list>
<pin id="138" dir="0" index="0" bw="7" slack="0"/>
<pin id="139" dir="0" index="1" bw="1" slack="0"/>
<pin id="140" dir="1" index="2" bw="7" slack="0"/>
</pin_list>
<bind>
<opcode="add(8) " fcode="add"/>
<opset="add_ln190/3 "/>
</bind>
</comp>

<comp id="143" class="1004" name="zext_ln192_fu_143">
<pin_list>
<pin id="144" dir="0" index="0" bw="7" slack="0"/>
<pin id="145" dir="1" index="1" bw="8" slack="0"/>
</pin_list>
<bind>
<opcode="zext(34) " fcode="zext"/>
<opset="zext_ln192/3 "/>
</bind>
</comp>

<comp id="147" class="1004" name="add_ln192_fu_147">
<pin_list>
<pin id="148" dir="0" index="0" bw="8" slack="1"/>
<pin id="149" dir="0" index="1" bw="7" slack="0"/>
<pin id="150" dir="1" index="2" bw="8" slack="0"/>
</pin_list>
<bind>
<opcode="add(8) " fcode="add"/>
<opset="add_ln192/3 "/>
</bind>
</comp>

<comp id="152" class="1004" name="tmp_fu_152">
<pin_list>
<pin id="153" dir="0" index="0" bw="14" slack="0"/>
<pin id="154" dir="0" index="1" bw="8" slack="0"/>
<pin id="155" dir="0" index="2" bw="1" slack="0"/>
<pin id="156" dir="1" index="3" bw="14" slack="0"/>
</pin_list>
<bind>
<opcode="bitconcatenate(1004) " fcode="bitconcatenate"/>
<opset="tmp/3 "/>
</bind>
</comp>

<comp id="161" class="1004" name="store_ln189_store_fu_161">
<pin_list>
<pin id="162" dir="0" index="0" bw="2" slack="1"/>
<pin id="163" dir="0" index="1" bw="2" slack="2"/>
<pin id="164" dir="1" index="2" bw="0" slack="2147483647"/>
</pin_list>
<bind>
<opcode="store(28) " fcode="store"/>
<opset="store_ln189/3 "/>
</bind>
</comp>

<comp id="165" class="1005" name="ch_reg_165">
<pin_list>
<pin id="166" dir="0" index="0" bw="2" slack="0"/>
<pin id="167" dir="1" index="1" bw="2" slack="0"/>
</pin_list>
<bind>
<opset="ch "/>
</bind>
</comp>

<comp id="175" class="1005" name="add_ln189_reg_175">
<pin_list>
<pin id="176" dir="0" index="0" bw="2" slack="1"/>
<pin id="177" dir="1" index="1" bw="2" slack="1"/>
</pin_list>
<bind>
<opset="add_ln189 "/>
</bind>
</comp>

<comp id="180" class="1005" name="tmp_3_reg_180">
<pin_list>
<pin id="181" dir="0" index="0" bw="8" slack="1"/>
<pin id="182" dir="1" index="1" bw="8" slack="1"/>
</pin_list>
<bind>
<opset="tmp_3 "/>
</bind>
</comp>

<comp id="188" class="1005" name="add_ln190_reg_188">
<pin_list>
<pin id="189" dir="0" index="0" bw="7" slack="0"/>
<pin id="190" dir="1" index="1" bw="7" slack="0"/>
</pin_list>
<bind>
<opset="add_ln190 "/>
</bind>
</comp>

<comp id="193" class="1005" name="tmp_reg_193">
<pin_list>
<pin id="194" dir="0" index="0" bw="14" slack="1"/>
<pin id="195" dir="1" index="1" bw="14" slack="1"/>
</pin_list>
<bind>
<opset="tmp "/>
</bind>
</comp>

</comp_list>

<net_list>
<net id="53"><net_src comp="12" pin="0"/><net_sink comp="50" pin=0"/></net>

<net id="57"><net_src comp="32" pin="0"/><net_sink comp="54" pin=0"/></net>

<net id="64"><net_src comp="54" pin="1"/><net_sink comp="58" pin=0"/></net>

<net id="73"><net_src comp="40" pin="0"/><net_sink comp="65" pin=0"/></net>

<net id="74"><net_src comp="0" pin="0"/><net_sink comp="65" pin=2"/></net>

<net id="75"><net_src comp="2" pin="0"/><net_sink comp="65" pin=3"/></net>

<net id="76"><net_src comp="4" pin="0"/><net_sink comp="65" pin=4"/></net>

<net id="77"><net_src comp="6" pin="0"/><net_sink comp="65" pin=5"/></net>

<net id="85"><net_src comp="42" pin="0"/><net_sink comp="78" pin=0"/></net>

<net id="86"><net_src comp="0" pin="0"/><net_sink comp="78" pin=1"/></net>

<net id="87"><net_src comp="2" pin="0"/><net_sink comp="78" pin=2"/></net>

<net id="88"><net_src comp="8" pin="0"/><net_sink comp="78" pin=3"/></net>

<net id="89"><net_src comp="10" pin="0"/><net_sink comp="78" pin=4"/></net>

<net id="98"><net_src comp="44" pin="0"/><net_sink comp="90" pin=0"/></net>

<net id="99"><net_src comp="0" pin="0"/><net_sink comp="90" pin=2"/></net>

<net id="100"><net_src comp="2" pin="0"/><net_sink comp="90" pin=3"/></net>

<net id="101"><net_src comp="4" pin="0"/><net_sink comp="90" pin=4"/></net>

<net id="102"><net_src comp="6" pin="0"/><net_sink comp="90" pin=5"/></net>

<net id="107"><net_src comp="14" pin="0"/><net_sink comp="103" pin=0"/></net>

<net id="115"><net_src comp="108" pin="1"/><net_sink comp="111" pin=0"/></net>

<net id="116"><net_src comp="16" pin="0"/><net_sink comp="111" pin=1"/></net>

<net id="121"><net_src comp="108" pin="1"/><net_sink comp="117" pin=0"/></net>

<net id="122"><net_src comp="18" pin="0"/><net_sink comp="117" pin=1"/></net>

<net id="128"><net_src comp="20" pin="0"/><net_sink comp="123" pin=0"/></net>

<net id="129"><net_src comp="108" pin="1"/><net_sink comp="123" pin=1"/></net>

<net id="130"><net_src comp="22" pin="0"/><net_sink comp="123" pin=2"/></net>

<net id="135"><net_src comp="58" pin="4"/><net_sink comp="131" pin=0"/></net>

<net id="136"><net_src comp="34" pin="0"/><net_sink comp="131" pin=1"/></net>

<net id="141"><net_src comp="58" pin="4"/><net_sink comp="137" pin=0"/></net>

<net id="142"><net_src comp="36" pin="0"/><net_sink comp="137" pin=1"/></net>

<net id="146"><net_src comp="58" pin="4"/><net_sink comp="143" pin=0"/></net>

<net id="151"><net_src comp="143" pin="1"/><net_sink comp="147" pin=1"/></net>

<net id="157"><net_src comp="38" pin="0"/><net_sink comp="152" pin=0"/></net>

<net id="158"><net_src comp="147" pin="2"/><net_sink comp="152" pin=1"/></net>

<net id="159"><net_src comp="22" pin="0"/><net_sink comp="152" pin=2"/></net>

<net id="160"><net_src comp="152" pin="3"/><net_sink comp="65" pin=1"/></net>

<net id="168"><net_src comp="50" pin="1"/><net_sink comp="165" pin=0"/></net>

<net id="169"><net_src comp="165" pin="1"/><net_sink comp="103" pin=1"/></net>

<net id="170"><net_src comp="165" pin="1"/><net_sink comp="108" pin=0"/></net>

<net id="171"><net_src comp="165" pin="1"/><net_sink comp="161" pin=1"/></net>

<net id="178"><net_src comp="117" pin="2"/><net_sink comp="175" pin=0"/></net>

<net id="179"><net_src comp="175" pin="1"/><net_sink comp="161" pin=0"/></net>

<net id="183"><net_src comp="123" pin="3"/><net_sink comp="180" pin=0"/></net>

<net id="184"><net_src comp="180" pin="1"/><net_sink comp="147" pin=0"/></net>

<net id="191"><net_src comp="137" pin="2"/><net_sink comp="188" pin=0"/></net>

<net id="192"><net_src comp="188" pin="1"/><net_sink comp="58" pin=2"/></net>

<net id="196"><net_src comp="152" pin="3"/><net_sink comp="193" pin=0"/></net>

<net id="197"><net_src comp="193" pin="1"/><net_sink comp="65" pin=1"/></net>

<net id="198"><net_src comp="193" pin="1"/><net_sink comp="90" pin=1"/></net>

</net_list>

</model> 
---------------- Datapath Model END ------------------

* FSMD analyzer results:
  - Output states:
	Port: row_buffer_real | {3 4 5 6 }
	Port: row_buffer_imag | {3 4 5 6 }
	Port: matrix_real | {7 8 }
	Port: matrix_imag | {7 8 }
 - Input state : 
	Port: fft2d_fixed_top_Outline_VITIS_LOOP_189_4 : row_buffer_real | {5 6 7 8 }
	Port: fft2d_fixed_top_Outline_VITIS_LOOP_189_4 : row_buffer_imag | {5 6 7 8 }
	Port: fft2d_fixed_top_Outline_VITIS_LOOP_189_4 : matrix_real | {3 4 }
	Port: fft2d_fixed_top_Outline_VITIS_LOOP_189_4 : matrix_imag | {3 4 }
	Port: fft2d_fixed_top_Outline_VITIS_LOOP_189_4 : TWIDDLE_REAL | {5 6 }
	Port: fft2d_fixed_top_Outline_VITIS_LOOP_189_4 : TWIDDLE_IMAG | {5 6 }
  - Chain level:
	State 1
		store_ln189 : 1
	State 2
		icmp_ln189 : 1
		add_ln189 : 1
		br_ln189 : 2
		tmp_3 : 1
	State 3
		icmp_ln190 : 1
		add_ln190 : 1
		br_ln190 : 2
		zext_ln192 : 1
		add_ln192 : 2
		tmp : 3
		call_ln192 : 4
	State 4
	State 5
	State 6
	State 7
	State 8


============================================================
+ Verbose Summary: Datapath Resource usage 
============================================================

* Functional unit list:
|----------|-----------------------------------------------------|---------|---------|---------|---------|
| Operation|                   Functional Unit                   |   DSP   |  Delay  |    FF   |   LUT   |
|----------|-----------------------------------------------------|---------|---------|---------|---------|
|          | grp_fft2d_fixed_top_Pipeline_VITIS_LOOP_191_6_fu_65 |    0    |  3.176  |    42   |    63   |
|   call   |                grp_fft1d_fixed_fu_78                |    8    | 32.4758 |   4251  |   3481  |
|          | grp_fft2d_fixed_top_Pipeline_VITIS_LOOP_197_7_fu_90 |    0    |  3.176  |    40   |    63   |
|----------|-----------------------------------------------------|---------|---------|---------|---------|
|          |                   add_ln189_fu_117                  |    0    |    0    |    0    |    10   |
|    add   |                   add_ln190_fu_137                  |    0    |    0    |    0    |    14   |
|          |                   add_ln192_fu_147                  |    0    |    0    |    0    |    15   |
|----------|-----------------------------------------------------|---------|---------|---------|---------|
|   icmp   |                  icmp_ln189_fu_111                  |    0    |    0    |    0    |    10   |
|          |                  icmp_ln190_fu_131                  |    0    |    0    |    0    |    14   |
|----------|-----------------------------------------------------|---------|---------|---------|---------|
|bitconcatenate|                     tmp_3_fu_123                    |    0    |    0    |    0    |    0    |
|          |                      tmp_fu_152                     |    0    |    0    |    0    |    0    |
|----------|-----------------------------------------------------|---------|---------|---------|---------|
|   zext   |                  zext_ln192_fu_143                  |    0    |    0    |    0    |    0    |
|----------|-----------------------------------------------------|---------|---------|---------|---------|
|   Total  |                                                     |    8    | 38.8278 |   4333  |   3670  |
|----------|-----------------------------------------------------|---------|---------|---------|---------|

Memories:
N/A

* Register list:
+-----------------+--------+
|                 |   FF   |
+-----------------+--------+
|add_ln189_reg_175|    2   |
|add_ln190_reg_188|    7   |
|    ch_reg_165   |    2   |
|    r_1_reg_54   |    7   |
|  tmp_3_reg_180  |    8   |
|   tmp_reg_193   |   14   |
+-----------------+--------+
|      Total      |   40   |
+-----------------+--------+

* Multiplexer (MUX) list: 
|-----------------------------------------------------|------|------|------|--------||---------||---------||---------|
|                         Comp                        |  Pin | Size |  BW  | S x BW ||  Delay  ||    FF   ||   LUT   |
|-----------------------------------------------------|------|------|------|--------||---------||---------||---------|
| grp_fft2d_fixed_top_Pipeline_VITIS_LOOP_191_6_fu_65 |  p1  |   2  |  14  |   28   ||    0    ||    9    |
|-----------------------------------------------------|------|------|------|--------||---------||---------||---------|
|                        Total                        |      |      |      |   28   ||  1.588  ||    0    ||    9    |
|-----------------------------------------------------|------|------|------|--------||---------||---------||---------|



* Summary:
+-----------+--------+--------+--------+--------+
|           |   DSP  |  Delay |   FF   |   LUT  |
+-----------+--------+--------+--------+--------+
|  Function |    8   |   38   |  4333  |  3670  |
|   Memory  |    -   |    -   |    -   |    -   |
|Multiplexer|    -   |    1   |    0   |    9   |
|  Register |    -   |    -   |   40   |    -   |
+-----------+--------+--------+--------+--------+
|   Total   |    8   |   40   |  4373  |  3679  |
+-----------+--------+--------+--------+--------+
