

================================================================
== Vitis HLS Report for 'fft2d_fixed_top'
================================================================
* Date:           Mon Jun 29 12:38:39 2026

* Version:        2025.2 (Build 6295257 on Nov 14 2025)
* Project:        fft2d_accel_rgb_prj
* Solution:       solution1 (Vivado IP Flow Target)
* Product family: zynq
* Target device:  xc7z020-clg400-1


================================================================
== Performance Estimates
================================================================
+ Timing: 
    * Summary: 
    +--------+----------+----------+------------+
    |  Clock |  Target  | Estimated| Uncertainty|
    +--------+----------+----------+------------+
    |ap_clk  |  10.00 ns|  7.300 ns|     2.70 ns|
    +--------+----------+----------+------------+

+ Latency: 
    * Summary: 
    +---------+---------+----------+----------+-----+-----+---------+
    |  Latency (cycles) |  Latency (absolute) |  Interval | Pipeline|
    |   min   |   max   |    min   |    max   | min | max |   Type  |
    +---------+---------+----------+----------+-----+-----+---------+
    |        ?|        ?|         ?|         ?|    ?|    ?|       no|
    +---------+---------+----------+----------+-----+-----+---------+

    + Detail: 
        * Instance: 
        N/A

        * Loop: 
        +---------------------+---------+---------+----------+-----------+-----------+------+----------+
        |                     |  Latency (cycles) | Iteration|  Initiation Interval  | Trip |          |
        |      Loop Name      |   min   |   max   |  Latency |  achieved |   target  | Count| Pipelined|
        +---------------------+---------+---------+----------+-----------+-----------+------+----------+
        |- VITIS_LOOP_203_8   |        ?|        ?|         ?|          -|          -|     3|        no|
        | + VITIS_LOOP_204_9  |        ?|        ?|         ?|          -|          -|    64|        no|
        +---------------------+---------+---------+----------+-----------+-----------+------+----------+

============================================================
+ Verbose Summary: Synthesis Manager
============================================================
InlineROM: 1
ExposeGlobal: 0
============================================================
+ Verbose Summary: CDFG Model
============================================================
IsTopModel: 1
ResetActiveHigh: 1
IsCombinational: 0
IsDatapathOnly: 0
HasWiredReturn: 1
HasMFsm: 0
HasVarLatency: 1
IsPipeline: 0
IsRtlPipelined: 0
IsInstanceOverlapped: 0
IsDontTouch: 0
HasImplIP: 0
IsGatedGlobalClock: 0


============================================================
+ Verbose Summary: Schedule
============================================================
* Number of FSM states : 29
* Pipeline : 0
* Dataflow Pipeline: 0

* FSM state transitions: 
1 --> 2 
2 --> 3 
3 --> 4 
4 --> 5 
5 --> 6 
6 --> 7 
7 --> 8 
8 --> 9 
9 --> 10 
10 --> 11 
11 --> 12 
12 --> 13 
13 --> 14 
14 --> 15 
15 --> 22 16 
16 --> 17 15 
17 --> 18 
18 --> 19 
19 --> 20 
20 --> 21 
21 --> 16 
22 --> 23 
23 --> 24 
24 --> 25 
25 --> 26 
26 --> 27 
27 --> 28 
28 --> 29 
29 --> 

* FSM state operations: 

State 1 <SV = 0> <Delay = 1.58>
ST_1 : Operation 30 [1/1] (0.00ns)   --->   "%ch = alloca i32 1" [src/fft2d_fixed.cpp:203]   --->   Operation 30 'alloca' 'ch' <Predicate = true> <Delay = 0.00>
ST_1 : Operation 31 [1/1] (0.00ns)   --->   "%row_buffer_real = alloca i64 1" [src/fft2d_fixed.cpp:177]   --->   Operation 31 'alloca' 'row_buffer_real' <Predicate = true> <Delay = 0.00>
ST_1 : Operation 32 [1/1] (0.00ns)   --->   "%row_buffer_imag = alloca i64 1" [src/fft2d_fixed.cpp:177]   --->   Operation 32 'alloca' 'row_buffer_imag' <Predicate = true> <Delay = 0.00>
ST_1 : Operation 33 [1/1] (0.00ns)   --->   "%col_buffer_real = alloca i64 1" [src/fft2d_fixed.cpp:178]   --->   Operation 33 'alloca' 'col_buffer_real' <Predicate = true> <Delay = 0.00>
ST_1 : Operation 34 [1/1] (0.00ns)   --->   "%col_buffer_imag = alloca i64 1" [src/fft2d_fixed.cpp:178]   --->   Operation 34 'alloca' 'col_buffer_imag' <Predicate = true> <Delay = 0.00>
ST_1 : Operation 35 [2/2] (0.00ns)   --->   "%call_ln0 = call void @fft2d_fixed_top_Pipeline_1, i32 %row_buffer_real, i32 %row_buffer_imag"   --->   Operation 35 'call' 'call_ln0' <Predicate = true> <Delay = 0.00> <CoreType = "Generic">   --->   Generic Core
ST_1 : Operation 36 [2/2] (0.00ns)   --->   "%call_ln0 = call void @fft2d_fixed_top_Pipeline_2, i32 %col_buffer_real, i32 %col_buffer_imag"   --->   Operation 36 'call' 'call_ln0' <Predicate = true> <Delay = 0.00> <CoreType = "Generic">   --->   Generic Core
ST_1 : Operation 37 [1/1] (1.58ns)   --->   "%store_ln203 = store i2 0, i2 %ch" [src/fft2d_fixed.cpp:203]   --->   Operation 37 'store' 'store_ln203' <Predicate = true> <Delay = 1.58>

State 2 <SV = 1> <Delay = 5.00>
ST_2 : Operation 38 [1/1] (1.00ns)   --->   "%output_imag_read = read i64 @_ssdm_op_Read.s_axilite.i64, i64 %output_imag"   --->   Operation 38 'read' 'output_imag_read' <Predicate = true> <Delay = 1.00> <CoreInst = "s_axilite">   --->   Core 112 's_axilite' <Latency = 0> <II = 1> <Delay = 1.00> <Adapter> <Opcode : 'read' 'write'>
ST_2 : Operation 39 [1/1] (1.00ns)   --->   "%output_real_read = read i64 @_ssdm_op_Read.s_axilite.i64, i64 %output_real"   --->   Operation 39 'read' 'output_real_read' <Predicate = true> <Delay = 1.00> <CoreInst = "s_axilite">   --->   Core 112 's_axilite' <Latency = 0> <II = 1> <Delay = 1.00> <Adapter> <Opcode : 'read' 'write'>
ST_2 : Operation 40 [1/1] (1.00ns)   --->   "%input_r_read = read i64 @_ssdm_op_Read.s_axilite.i64, i64 %input_r"   --->   Operation 40 'read' 'input_r_read' <Predicate = true> <Delay = 1.00> <CoreInst = "s_axilite">   --->   Core 112 's_axilite' <Latency = 0> <II = 1> <Delay = 1.00> <Adapter> <Opcode : 'read' 'write'>
ST_2 : Operation 41 [1/2] (5.00ns)   --->   "%call_ln0 = call void @fft2d_fixed_top_Pipeline_1, i32 %row_buffer_real, i32 %row_buffer_imag"   --->   Operation 41 'call' 'call_ln0' <Predicate = true> <Delay = 5.00> <CoreType = "Generic">   --->   Generic Core
ST_2 : Operation 42 [1/2] (5.00ns)   --->   "%call_ln0 = call void @fft2d_fixed_top_Pipeline_2, i32 %col_buffer_real, i32 %col_buffer_imag"   --->   Operation 42 'call' 'call_ln0' <Predicate = true> <Delay = 5.00> <CoreType = "Generic">   --->   Generic Core
ST_2 : Operation 43 [1/1] (0.00ns)   --->   "%trunc_ln = partselect i62 @_ssdm_op_PartSelect.i62.i64.i32.i32, i64 %input_r_read, i32 2, i32 63" [src/fft2d_fixed.cpp:180]   --->   Operation 43 'partselect' 'trunc_ln' <Predicate = true> <Delay = 0.00>

State 3 <SV = 2> <Delay = 7.30>
ST_3 : Operation 44 [1/1] (0.00ns)   --->   "%sext_ln180 = sext i62 %trunc_ln" [src/fft2d_fixed.cpp:180]   --->   Operation 44 'sext' 'sext_ln180' <Predicate = true> <Delay = 0.00>
ST_3 : Operation 45 [1/1] (0.00ns)   --->   "%gmem0_addr = getelementptr i32 %gmem0, i64 %sext_ln180" [src/fft2d_fixed.cpp:180]   --->   Operation 45 'getelementptr' 'gmem0_addr' <Predicate = true> <Delay = 0.00>
ST_3 : Operation 46 [8/8] (7.30ns)   --->   "%empty = readreq i1 @_ssdm_op_ReadReq.m_axi.p1i32, i32 %gmem0_addr, i64 12288" [src/fft2d_fixed.cpp:180]   --->   Operation 46 'readreq' 'empty' <Predicate = true> <Delay = 7.30> <CoreInst = "m_axi">   --->   Core 111 'm_axi' <Latency = 6> <II = 1> <Delay = 1.00> <Adapter> <Opcode : 'readrequnaligned' 'writerequnaligned' 'read' 'write' 'readreq' 'writereq' 'writeresp'>

State 4 <SV = 3> <Delay = 0.00>
ST_4 : Operation 47 [7/8] (7.30ns)   --->   "%empty = readreq i1 @_ssdm_op_ReadReq.m_axi.p1i32, i32 %gmem0_addr, i64 12288" [src/fft2d_fixed.cpp:180]   --->   Operation 47 'readreq' 'empty' <Predicate = true> <Delay = 7.30> <CoreInst = "m_axi">   --->   Core 111 'm_axi' <Latency = 6> <II = 1> <Delay = 1.00> <Adapter> <Opcode : 'readrequnaligned' 'writerequnaligned' 'read' 'write' 'readreq' 'writereq' 'writeresp'>

State 5 <SV = 4> <Delay = 0.00>
ST_5 : Operation 48 [6/8] (7.30ns)   --->   "%empty = readreq i1 @_ssdm_op_ReadReq.m_axi.p1i32, i32 %gmem0_addr, i64 12288" [src/fft2d_fixed.cpp:180]   --->   Operation 48 'readreq' 'empty' <Predicate = true> <Delay = 7.30> <CoreInst = "m_axi">   --->   Core 111 'm_axi' <Latency = 6> <II = 1> <Delay = 1.00> <Adapter> <Opcode : 'readrequnaligned' 'writerequnaligned' 'read' 'write' 'readreq' 'writereq' 'writeresp'>

State 6 <SV = 5> <Delay = 0.00>
ST_6 : Operation 49 [5/8] (7.30ns)   --->   "%empty = readreq i1 @_ssdm_op_ReadReq.m_axi.p1i32, i32 %gmem0_addr, i64 12288" [src/fft2d_fixed.cpp:180]   --->   Operation 49 'readreq' 'empty' <Predicate = true> <Delay = 7.30> <CoreInst = "m_axi">   --->   Core 111 'm_axi' <Latency = 6> <II = 1> <Delay = 1.00> <Adapter> <Opcode : 'readrequnaligned' 'writerequnaligned' 'read' 'write' 'readreq' 'writereq' 'writeresp'>

State 7 <SV = 6> <Delay = 0.00>
ST_7 : Operation 50 [4/8] (7.30ns)   --->   "%empty = readreq i1 @_ssdm_op_ReadReq.m_axi.p1i32, i32 %gmem0_addr, i64 12288" [src/fft2d_fixed.cpp:180]   --->   Operation 50 'readreq' 'empty' <Predicate = true> <Delay = 7.30> <CoreInst = "m_axi">   --->   Core 111 'm_axi' <Latency = 6> <II = 1> <Delay = 1.00> <Adapter> <Opcode : 'readrequnaligned' 'writerequnaligned' 'read' 'write' 'readreq' 'writereq' 'writeresp'>

State 8 <SV = 7> <Delay = 0.00>
ST_8 : Operation 51 [3/8] (7.30ns)   --->   "%empty = readreq i1 @_ssdm_op_ReadReq.m_axi.p1i32, i32 %gmem0_addr, i64 12288" [src/fft2d_fixed.cpp:180]   --->   Operation 51 'readreq' 'empty' <Predicate = true> <Delay = 7.30> <CoreInst = "m_axi">   --->   Core 111 'm_axi' <Latency = 6> <II = 1> <Delay = 1.00> <Adapter> <Opcode : 'readrequnaligned' 'writerequnaligned' 'read' 'write' 'readreq' 'writereq' 'writeresp'>

State 9 <SV = 8> <Delay = 0.00>
ST_9 : Operation 52 [2/8] (7.30ns)   --->   "%empty = readreq i1 @_ssdm_op_ReadReq.m_axi.p1i32, i32 %gmem0_addr, i64 12288" [src/fft2d_fixed.cpp:180]   --->   Operation 52 'readreq' 'empty' <Predicate = true> <Delay = 7.30> <CoreInst = "m_axi">   --->   Core 111 'm_axi' <Latency = 6> <II = 1> <Delay = 1.00> <Adapter> <Opcode : 'readrequnaligned' 'writerequnaligned' 'read' 'write' 'readreq' 'writereq' 'writeresp'>

State 10 <SV = 9> <Delay = 7.30>
ST_10 : Operation 53 [1/8] ( I:7.30ns O:7.30ns )   --->   "%empty = readreq i1 @_ssdm_op_ReadReq.m_axi.p1i32, i32 %gmem0_addr, i64 12288" [src/fft2d_fixed.cpp:180]   --->   Operation 53 'readreq' 'empty' <Predicate = true> <Delay = 7.30> <CoreInst = "m_axi">   --->   Core 111 'm_axi' <Latency = 6> <II = 1> <Delay = 1.00> <Adapter> <Opcode : 'readrequnaligned' 'writerequnaligned' 'read' 'write' 'readreq' 'writereq' 'writeresp'>

State 11 <SV = 10> <Delay = 0.00>
ST_11 : Operation 54 [2/2] (0.00ns)   --->   "%call_ln180 = call void @fft2d_fixed_top_Pipeline_VITIS_LOOP_180_1_VITIS_LOOP_181_2_VITIS_LOOP_182_3, i32 %gmem0, i62 %trunc_ln, i32 %matrix_real, i32 %matrix_imag" [src/fft2d_fixed.cpp:180]   --->   Operation 54 'call' 'call_ln180' <Predicate = true> <Delay = 0.00> <CoreType = "Generic">   --->   Generic Core

State 12 <SV = 11> <Delay = 0.00>
ST_12 : Operation 55 [1/2] (0.00ns)   --->   "%call_ln180 = call void @fft2d_fixed_top_Pipeline_VITIS_LOOP_180_1_VITIS_LOOP_181_2_VITIS_LOOP_182_3, i32 %gmem0, i62 %trunc_ln, i32 %matrix_real, i32 %matrix_imag" [src/fft2d_fixed.cpp:180]   --->   Operation 55 'call' 'call_ln180' <Predicate = true> <Delay = 0.00> <CoreType = "Generic">   --->   Generic Core

State 13 <SV = 12> <Delay = 0.00>
ST_13 : Operation 56 [2/2] (0.00ns)   --->   "%call_ln0 = call void @fft2d_fixed_top_Outline_VITIS_LOOP_189_4, i32 %row_buffer_real, i32 %row_buffer_imag, i32 %matrix_real, i32 %matrix_imag, i14 %TWIDDLE_REAL, i13 %TWIDDLE_IMAG"   --->   Operation 56 'call' 'call_ln0' <Predicate = true> <Delay = 0.00> <CoreType = "Generic">   --->   Generic Core

State 14 <SV = 13> <Delay = 1.56>
ST_14 : Operation 57 [1/1] (0.00ns)   --->   "%spectopmodule_ln163 = spectopmodule void @_ssdm_op_SpecTopModule, void @empty_6" [src/fft2d_fixed.cpp:163]   --->   Operation 57 'spectopmodule' 'spectopmodule_ln163' <Predicate = true> <Delay = 0.00>
ST_14 : Operation 58 [1/1] (0.00ns)   --->   "%specinterface_ln0 = specinterface void @_ssdm_op_SpecInterface, i32 %gmem0, void @empty_24, i32 0, i32 0, void @empty, i32 0, i32 0, void @empty_26, void @empty_15, void @empty, i32 16, i32 16, i32 16, i32 16, void @empty, void @empty, i32 4294967295, i32 0, i32 0, i32 4"   --->   Operation 58 'specinterface' 'specinterface_ln0' <Predicate = true> <Delay = 0.00>
ST_14 : Operation 59 [1/1] (0.00ns)   --->   "%specbitsmap_ln0 = specbitsmap void @_ssdm_op_SpecBitsMap, i32 %gmem0"   --->   Operation 59 'specbitsmap' 'specbitsmap_ln0' <Predicate = true> <Delay = 0.00>
ST_14 : Operation 60 [1/1] (0.00ns)   --->   "%specinterface_ln0 = specinterface void @_ssdm_op_SpecInterface, i32 %gmem1, void @empty_24, i32 0, i32 0, void @empty, i32 0, i32 0, void @empty_28, void @empty_15, void @empty, i32 16, i32 16, i32 16, i32 16, void @empty, void @empty, i32 4294967295, i32 0, i32 0, i32 4"   --->   Operation 60 'specinterface' 'specinterface_ln0' <Predicate = true> <Delay = 0.00>
ST_14 : Operation 61 [1/1] (0.00ns)   --->   "%specbitsmap_ln0 = specbitsmap void @_ssdm_op_SpecBitsMap, i32 %gmem1"   --->   Operation 61 'specbitsmap' 'specbitsmap_ln0' <Predicate = true> <Delay = 0.00>
ST_14 : Operation 62 [1/1] (0.00ns)   --->   "%specinterface_ln0 = specinterface void @_ssdm_op_SpecInterface, i32 %gmem2, void @empty_24, i32 0, i32 0, void @empty, i32 0, i32 0, void @empty_29, void @empty_15, void @empty, i32 16, i32 16, i32 16, i32 16, void @empty, void @empty, i32 4294967295, i32 0, i32 0, i32 4"   --->   Operation 62 'specinterface' 'specinterface_ln0' <Predicate = true> <Delay = 0.00>
ST_14 : Operation 63 [1/1] (0.00ns)   --->   "%specbitsmap_ln0 = specbitsmap void @_ssdm_op_SpecBitsMap, i32 %gmem2"   --->   Operation 63 'specbitsmap' 'specbitsmap_ln0' <Predicate = true> <Delay = 0.00>
ST_14 : Operation 64 [1/1] (0.00ns)   --->   "%specinterface_ln0 = specinterface void @_ssdm_op_SpecInterface, i64 %input_r, void @empty_18, i32 4294967295, i32 4294967295, void @empty, i32 0, i32 0, void @empty_0, void @empty_27, void @empty, i32 0, i32 0, i32 0, i32 0, void @empty, void @empty_2, i32 4294967295, i32 0, i32 0, i32 0"   --->   Operation 64 'specinterface' 'specinterface_ln0' <Predicate = true> <Delay = 0.00>
ST_14 : Operation 65 [1/1] (0.00ns)   --->   "%specinterface_ln0 = specinterface void @_ssdm_op_SpecInterface, i64 %input_r, void @empty_3, i32 0, i32 0, void @empty, i32 0, i32 0, void @empty, void @empty, void @empty, i32 0, i32 0, i32 0, i32 0, void @empty, void @empty_2, i32 4294967295, i32 0, i32 0, i32 0"   --->   Operation 65 'specinterface' 'specinterface_ln0' <Predicate = true> <Delay = 0.00>
ST_14 : Operation 66 [1/1] (0.00ns)   --->   "%specinterface_ln0 = specinterface void @_ssdm_op_SpecInterface, i64 %output_real, void @empty_18, i32 4294967295, i32 4294967295, void @empty, i32 0, i32 0, void @empty_0, void @empty_4, void @empty, i32 0, i32 0, i32 0, i32 0, void @empty, void @empty_2, i32 4294967295, i32 0, i32 0, i32 0"   --->   Operation 66 'specinterface' 'specinterface_ln0' <Predicate = true> <Delay = 0.00>
ST_14 : Operation 67 [1/1] (0.00ns)   --->   "%specinterface_ln0 = specinterface void @_ssdm_op_SpecInterface, i64 %output_real, void @empty_3, i32 0, i32 0, void @empty, i32 0, i32 0, void @empty, void @empty, void @empty, i32 0, i32 0, i32 0, i32 0, void @empty, void @empty_2, i32 4294967295, i32 0, i32 0, i32 0"   --->   Operation 67 'specinterface' 'specinterface_ln0' <Predicate = true> <Delay = 0.00>
ST_14 : Operation 68 [1/1] (0.00ns)   --->   "%specinterface_ln0 = specinterface void @_ssdm_op_SpecInterface, i64 %output_imag, void @empty_18, i32 4294967295, i32 4294967295, void @empty, i32 0, i32 0, void @empty_0, void @empty_5, void @empty, i32 0, i32 0, i32 0, i32 0, void @empty, void @empty_2, i32 4294967295, i32 0, i32 0, i32 0"   --->   Operation 68 'specinterface' 'specinterface_ln0' <Predicate = true> <Delay = 0.00>
ST_14 : Operation 69 [1/1] (0.00ns)   --->   "%specinterface_ln0 = specinterface void @_ssdm_op_SpecInterface, i64 %output_imag, void @empty_3, i32 0, i32 0, void @empty, i32 0, i32 0, void @empty, void @empty, void @empty, i32 0, i32 0, i32 0, i32 0, void @empty, void @empty_2, i32 4294967295, i32 0, i32 0, i32 0"   --->   Operation 69 'specinterface' 'specinterface_ln0' <Predicate = true> <Delay = 0.00>
ST_14 : Operation 70 [1/1] (0.00ns)   --->   "%specinterface_ln0 = specinterface void @_ssdm_op_SpecInterface, i32 0, void @empty_18, i32 0, i32 0, void @empty, i32 0, i32 0, void @empty_0, void @empty, void @empty, i32 0, i32 0, i32 0, i32 0, void @empty, void @empty, i32 0, i32 0, i32 0, i32 0"   --->   Operation 70 'specinterface' 'specinterface_ln0' <Predicate = true> <Delay = 0.00>
ST_14 : Operation 71 [1/2] (1.56ns)   --->   "%call_ln0 = call void @fft2d_fixed_top_Outline_VITIS_LOOP_189_4, i32 %row_buffer_real, i32 %row_buffer_imag, i32 %matrix_real, i32 %matrix_imag, i14 %TWIDDLE_REAL, i13 %TWIDDLE_IMAG"   --->   Operation 71 'call' 'call_ln0' <Predicate = true> <Delay = 1.56> <CoreType = "Generic">   --->   Generic Core
ST_14 : Operation 72 [1/1] (0.00ns)   --->   "%br_ln203 = br void %VITIS_LOOP_204_9" [src/fft2d_fixed.cpp:203]   --->   Operation 72 'br' 'br_ln203' <Predicate = true> <Delay = 0.00>

State 15 <SV = 14> <Delay = 3.15>
ST_15 : Operation 73 [1/1] (0.00ns)   --->   "%ch_2 = load i2 %ch" [src/fft2d_fixed.cpp:203]   --->   Operation 73 'load' 'ch_2' <Predicate = true> <Delay = 0.00>
ST_15 : Operation 74 [1/1] (1.56ns)   --->   "%icmp_ln203 = icmp_eq  i2 %ch_2, i2 3" [src/fft2d_fixed.cpp:203]   --->   Operation 74 'icmp' 'icmp_ln203' <Predicate = true> <Delay = 1.56> <CoreInst = "Cmp">   --->   Core 9 'Cmp' <Latency = 0> <II = 1> <Delay = 1.56> <FuncUnit> <Opcode : 'seteq' 'setne' 'setle' 'setge' 'setlt' 'setgt'> <InPorts = 2> <OutPorts = 1>
ST_15 : Operation 75 [1/1] (1.56ns)   --->   "%add_ln203 = add i2 %ch_2, i2 1" [src/fft2d_fixed.cpp:203]   --->   Operation 75 'add' 'add_ln203' <Predicate = true> <Delay = 1.56> <CoreInst = "Adder">   --->   Core 1 'Adder' <Latency = 0> <II = 1> <Delay = 1.56> <FuncUnit> <Opcode : 'add' 'sub'> <InPorts = 2> <OutPorts = 1>
ST_15 : Operation 76 [1/1] (0.00ns)   --->   "%br_ln203 = br i1 %icmp_ln203, void %VITIS_LOOP_204_9.split, void %VITIS_LOOP_217_12" [src/fft2d_fixed.cpp:203]   --->   Operation 76 'br' 'br_ln203' <Predicate = true> <Delay = 0.00>
ST_15 : Operation 77 [1/1] (0.00ns)   --->   "%tmp_4 = bitconcatenate i8 @_ssdm_op_BitConcatenate.i8.i2.i6, i2 %ch_2, i6 0" [src/fft2d_fixed.cpp:206]   --->   Operation 77 'bitconcatenate' 'tmp_4' <Predicate = (!icmp_ln203)> <Delay = 0.00>
ST_15 : Operation 78 [1/1] (0.00ns)   --->   "%speclooptripcount_ln203 = speclooptripcount void @_ssdm_op_SpecLoopTripCount, i64 3, i64 3, i64 3" [src/fft2d_fixed.cpp:203]   --->   Operation 78 'speclooptripcount' 'speclooptripcount_ln203' <Predicate = (!icmp_ln203)> <Delay = 0.00>
ST_15 : Operation 79 [1/1] (0.00ns)   --->   "%specloopname_ln203 = specloopname void @_ssdm_op_SpecLoopName, void @empty_9" [src/fft2d_fixed.cpp:203]   --->   Operation 79 'specloopname' 'specloopname_ln203' <Predicate = (!icmp_ln203)> <Delay = 0.00>
ST_15 : Operation 80 [1/1] (1.58ns)   --->   "%br_ln204 = br void %VITIS_LOOP_205_10" [src/fft2d_fixed.cpp:204]   --->   Operation 80 'br' 'br_ln204' <Predicate = (!icmp_ln203)> <Delay = 1.58>
ST_15 : Operation 81 [1/1] (0.00ns)   --->   "%trunc_ln1 = partselect i62 @_ssdm_op_PartSelect.i62.i64.i32.i32, i64 %output_real_read, i32 2, i32 63" [src/fft2d_fixed.cpp:217]   --->   Operation 81 'partselect' 'trunc_ln1' <Predicate = (icmp_ln203)> <Delay = 0.00>
ST_15 : Operation 82 [1/1] (0.00ns)   --->   "%trunc_ln217_1 = partselect i62 @_ssdm_op_PartSelect.i62.i64.i32.i32, i64 %output_imag_read, i32 2, i32 63" [src/fft2d_fixed.cpp:217]   --->   Operation 82 'partselect' 'trunc_ln217_1' <Predicate = (icmp_ln203)> <Delay = 0.00>

State 16 <SV = 15> <Delay = 7.03>
ST_16 : Operation 83 [1/1] (0.00ns)   --->   "%c_1 = phi i7 0, void %VITIS_LOOP_204_9.split, i7 %add_ln204, void %VITIS_LOOP_205_10.split" [src/fft2d_fixed.cpp:204]   --->   Operation 83 'phi' 'c_1' <Predicate = true> <Delay = 0.00>
ST_16 : Operation 84 [1/1] (1.87ns)   --->   "%icmp_ln204 = icmp_eq  i7 %c_1, i7 64" [src/fft2d_fixed.cpp:204]   --->   Operation 84 'icmp' 'icmp_ln204' <Predicate = true> <Delay = 1.87> <CoreInst = "Cmp">   --->   Core 9 'Cmp' <Latency = 0> <II = 1> <Delay = 1.87> <FuncUnit> <Opcode : 'seteq' 'setne' 'setle' 'setge' 'setlt' 'setgt'> <InPorts = 2> <OutPorts = 1>
ST_16 : Operation 85 [1/1] (1.87ns)   --->   "%add_ln204 = add i7 %c_1, i7 1" [src/fft2d_fixed.cpp:204]   --->   Operation 85 'add' 'add_ln204' <Predicate = true> <Delay = 1.87> <CoreInst = "Adder">   --->   Core 1 'Adder' <Latency = 0> <II = 1> <Delay = 1.87> <FuncUnit> <Opcode : 'add' 'sub'> <InPorts = 2> <OutPorts = 1>
ST_16 : Operation 86 [1/1] (0.00ns)   --->   "%br_ln204 = br i1 %icmp_ln204, void %VITIS_LOOP_205_10.split, void %for.inc157" [src/fft2d_fixed.cpp:204]   --->   Operation 86 'br' 'br_ln204' <Predicate = true> <Delay = 0.00>
ST_16 : Operation 87 [1/1] (0.00ns)   --->   "%trunc_ln204 = trunc i7 %c_1" [src/fft2d_fixed.cpp:204]   --->   Operation 87 'trunc' 'trunc_ln204' <Predicate = (!icmp_ln204)> <Delay = 0.00>
ST_16 : Operation 88 [2/2] (5.16ns)   --->   "%call_ln206 = call void @fft2d_fixed_top_Pipeline_VITIS_LOOP_205_10, i8 %tmp_4, i6 %trunc_ln204, i32 %col_buffer_real, i32 %col_buffer_imag, i32 %matrix_real, i32 %matrix_imag" [src/fft2d_fixed.cpp:206]   --->   Operation 88 'call' 'call_ln206' <Predicate = (!icmp_ln204)> <Delay = 5.16> <CoreType = "Generic">   --->   Generic Core
ST_16 : Operation 89 [1/1] (1.58ns)   --->   "%store_ln203 = store i2 %add_ln203, i2 %ch" [src/fft2d_fixed.cpp:203]   --->   Operation 89 'store' 'store_ln203' <Predicate = (icmp_ln204)> <Delay = 1.58>
ST_16 : Operation 90 [1/1] (0.00ns)   --->   "%br_ln203 = br void %VITIS_LOOP_204_9" [src/fft2d_fixed.cpp:203]   --->   Operation 90 'br' 'br_ln203' <Predicate = (icmp_ln204)> <Delay = 0.00>

State 17 <SV = 16> <Delay = 5.04>
ST_17 : Operation 91 [1/2] (5.04ns)   --->   "%call_ln206 = call void @fft2d_fixed_top_Pipeline_VITIS_LOOP_205_10, i8 %tmp_4, i6 %trunc_ln204, i32 %col_buffer_real, i32 %col_buffer_imag, i32 %matrix_real, i32 %matrix_imag" [src/fft2d_fixed.cpp:206]   --->   Operation 91 'call' 'call_ln206' <Predicate = true> <Delay = 5.04> <CoreType = "Generic">   --->   Generic Core

State 18 <SV = 17> <Delay = 0.00>
ST_18 : Operation 92 [2/2] (0.00ns)   --->   "%call_ln209 = call void @fft1d_fixed_col, i32 %col_buffer_real, i32 %col_buffer_imag, i14 %TWIDDLE_REAL, i13 %TWIDDLE_IMAG" [src/fft2d_fixed.cpp:209]   --->   Operation 92 'call' 'call_ln209' <Predicate = true> <Delay = 0.00> <CoreType = "Generic">   --->   Generic Core

State 19 <SV = 18> <Delay = 2.55>
ST_19 : Operation 93 [1/2] (2.55ns)   --->   "%call_ln209 = call void @fft1d_fixed_col, i32 %col_buffer_real, i32 %col_buffer_imag, i14 %TWIDDLE_REAL, i13 %TWIDDLE_IMAG" [src/fft2d_fixed.cpp:209]   --->   Operation 93 'call' 'call_ln209' <Predicate = true> <Delay = 2.55> <CoreType = "Generic">   --->   Generic Core

State 20 <SV = 19> <Delay = 1.91>
ST_20 : Operation 94 [2/2] (1.91ns)   --->   "%call_ln206 = call void @fft2d_fixed_top_Pipeline_VITIS_LOOP_211_11, i8 %tmp_4, i6 %trunc_ln204, i32 %col_buffer_real, i32 %col_buffer_imag, i32 %matrix_real, i32 %matrix_imag" [src/fft2d_fixed.cpp:206]   --->   Operation 94 'call' 'call_ln206' <Predicate = true> <Delay = 1.91> <CoreType = "Generic">   --->   Generic Core

State 21 <SV = 20> <Delay = 5.04>
ST_21 : Operation 95 [1/1] (0.00ns)   --->   "%speclooptripcount_ln204 = speclooptripcount void @_ssdm_op_SpecLoopTripCount, i64 64, i64 64, i64 64" [src/fft2d_fixed.cpp:204]   --->   Operation 95 'speclooptripcount' 'speclooptripcount_ln204' <Predicate = true> <Delay = 0.00>
ST_21 : Operation 96 [1/1] (0.00ns)   --->   "%specloopname_ln204 = specloopname void @_ssdm_op_SpecLoopName, void @empty_8" [src/fft2d_fixed.cpp:204]   --->   Operation 96 'specloopname' 'specloopname_ln204' <Predicate = true> <Delay = 0.00>
ST_21 : Operation 97 [1/2] (5.04ns)   --->   "%call_ln206 = call void @fft2d_fixed_top_Pipeline_VITIS_LOOP_211_11, i8 %tmp_4, i6 %trunc_ln204, i32 %col_buffer_real, i32 %col_buffer_imag, i32 %matrix_real, i32 %matrix_imag" [src/fft2d_fixed.cpp:206]   --->   Operation 97 'call' 'call_ln206' <Predicate = true> <Delay = 5.04> <CoreType = "Generic">   --->   Generic Core
ST_21 : Operation 98 [1/1] (0.00ns)   --->   "%br_ln204 = br void %VITIS_LOOP_205_10" [src/fft2d_fixed.cpp:204]   --->   Operation 98 'br' 'br_ln204' <Predicate = true> <Delay = 0.00>

State 22 <SV = 15> <Delay = 7.30>
ST_22 : Operation 99 [1/1] (0.00ns)   --->   "%sext_ln217 = sext i62 %trunc_ln1" [src/fft2d_fixed.cpp:217]   --->   Operation 99 'sext' 'sext_ln217' <Predicate = true> <Delay = 0.00>
ST_22 : Operation 100 [1/1] (0.00ns)   --->   "%gmem1_addr = getelementptr i32 %gmem1, i64 %sext_ln217" [src/fft2d_fixed.cpp:217]   --->   Operation 100 'getelementptr' 'gmem1_addr' <Predicate = true> <Delay = 0.00>
ST_22 : Operation 101 [1/1] ( I:7.30ns O:7.30ns )   --->   "%empty_44 = writereq i1 @_ssdm_op_WriteReq.m_axi.p1i32, i32 %gmem1_addr, i64 12288" [src/fft2d_fixed.cpp:217]   --->   Operation 101 'writereq' 'empty_44' <Predicate = true> <Delay = 7.30> <CoreInst = "m_axi">   --->   Core 111 'm_axi' <Latency = 9> <II = 1> <Delay = 1.00> <Adapter> <Opcode : 'readrequnaligned' 'writerequnaligned' 'read' 'write' 'readreq' 'writereq' 'writeresp'>
ST_22 : Operation 102 [1/1] (0.00ns)   --->   "%sext_ln217_1 = sext i62 %trunc_ln217_1" [src/fft2d_fixed.cpp:217]   --->   Operation 102 'sext' 'sext_ln217_1' <Predicate = true> <Delay = 0.00>
ST_22 : Operation 103 [1/1] (0.00ns)   --->   "%gmem2_addr = getelementptr i32 %gmem2, i64 %sext_ln217_1" [src/fft2d_fixed.cpp:217]   --->   Operation 103 'getelementptr' 'gmem2_addr' <Predicate = true> <Delay = 0.00>
ST_22 : Operation 104 [1/1] ( I:7.30ns O:7.30ns )   --->   "%empty_45 = writereq i1 @_ssdm_op_WriteReq.m_axi.p1i32, i32 %gmem2_addr, i64 12288" [src/fft2d_fixed.cpp:217]   --->   Operation 104 'writereq' 'empty_45' <Predicate = true> <Delay = 7.30> <CoreInst = "m_axi">   --->   Core 111 'm_axi' <Latency = 9> <II = 1> <Delay = 1.00> <Adapter> <Opcode : 'readrequnaligned' 'writerequnaligned' 'read' 'write' 'readreq' 'writereq' 'writeresp'>

State 23 <SV = 16> <Delay = 0.00>
ST_23 : Operation 105 [2/2] (0.00ns)   --->   "%call_ln217 = call void @fft2d_fixed_top_Pipeline_VITIS_LOOP_217_12_VITIS_LOOP_218_13_VITIS_LOOP_219_14, i32 %gmem2, i32 %gmem1, i62 %trunc_ln1, i62 %trunc_ln217_1, i32 %matrix_real, i32 %matrix_imag" [src/fft2d_fixed.cpp:217]   --->   Operation 105 'call' 'call_ln217' <Predicate = true> <Delay = 0.00> <CoreType = "Generic">   --->   Generic Core

State 24 <SV = 17> <Delay = 0.00>
ST_24 : Operation 106 [1/2] (0.00ns)   --->   "%call_ln217 = call void @fft2d_fixed_top_Pipeline_VITIS_LOOP_217_12_VITIS_LOOP_218_13_VITIS_LOOP_219_14, i32 %gmem2, i32 %gmem1, i62 %trunc_ln1, i62 %trunc_ln217_1, i32 %matrix_real, i32 %matrix_imag" [src/fft2d_fixed.cpp:217]   --->   Operation 106 'call' 'call_ln217' <Predicate = true> <Delay = 0.00> <CoreType = "Generic">   --->   Generic Core

State 25 <SV = 18> <Delay = 0.00>
ST_25 : Operation 107 [5/5] (7.30ns)   --->   "%empty_46 = writeresp i1 @_ssdm_op_WriteResp.m_axi.p1i32, i32 %gmem1_addr" [src/fft2d_fixed.cpp:225]   --->   Operation 107 'writeresp' 'empty_46' <Predicate = true> <Delay = 7.30> <CoreInst = "m_axi">   --->   Core 111 'm_axi' <Latency = 3> <II = 1> <Delay = 1.00> <Adapter> <Opcode : 'readrequnaligned' 'writerequnaligned' 'read' 'write' 'readreq' 'writereq' 'writeresp'>
ST_25 : Operation 108 [5/5] (7.30ns)   --->   "%empty_47 = writeresp i1 @_ssdm_op_WriteResp.m_axi.p1i32, i32 %gmem2_addr" [src/fft2d_fixed.cpp:225]   --->   Operation 108 'writeresp' 'empty_47' <Predicate = true> <Delay = 7.30> <CoreInst = "m_axi">   --->   Core 111 'm_axi' <Latency = 3> <II = 1> <Delay = 1.00> <Adapter> <Opcode : 'readrequnaligned' 'writerequnaligned' 'read' 'write' 'readreq' 'writereq' 'writeresp'>

State 26 <SV = 19> <Delay = 0.00>
ST_26 : Operation 109 [4/5] (7.30ns)   --->   "%empty_46 = writeresp i1 @_ssdm_op_WriteResp.m_axi.p1i32, i32 %gmem1_addr" [src/fft2d_fixed.cpp:225]   --->   Operation 109 'writeresp' 'empty_46' <Predicate = true> <Delay = 7.30> <CoreInst = "m_axi">   --->   Core 111 'm_axi' <Latency = 3> <II = 1> <Delay = 1.00> <Adapter> <Opcode : 'readrequnaligned' 'writerequnaligned' 'read' 'write' 'readreq' 'writereq' 'writeresp'>
ST_26 : Operation 110 [4/5] (7.30ns)   --->   "%empty_47 = writeresp i1 @_ssdm_op_WriteResp.m_axi.p1i32, i32 %gmem2_addr" [src/fft2d_fixed.cpp:225]   --->   Operation 110 'writeresp' 'empty_47' <Predicate = true> <Delay = 7.30> <CoreInst = "m_axi">   --->   Core 111 'm_axi' <Latency = 3> <II = 1> <Delay = 1.00> <Adapter> <Opcode : 'readrequnaligned' 'writerequnaligned' 'read' 'write' 'readreq' 'writereq' 'writeresp'>

State 27 <SV = 20> <Delay = 0.00>
ST_27 : Operation 111 [3/5] (7.30ns)   --->   "%empty_46 = writeresp i1 @_ssdm_op_WriteResp.m_axi.p1i32, i32 %gmem1_addr" [src/fft2d_fixed.cpp:225]   --->   Operation 111 'writeresp' 'empty_46' <Predicate = true> <Delay = 7.30> <CoreInst = "m_axi">   --->   Core 111 'm_axi' <Latency = 3> <II = 1> <Delay = 1.00> <Adapter> <Opcode : 'readrequnaligned' 'writerequnaligned' 'read' 'write' 'readreq' 'writereq' 'writeresp'>
ST_27 : Operation 112 [3/5] (7.30ns)   --->   "%empty_47 = writeresp i1 @_ssdm_op_WriteResp.m_axi.p1i32, i32 %gmem2_addr" [src/fft2d_fixed.cpp:225]   --->   Operation 112 'writeresp' 'empty_47' <Predicate = true> <Delay = 7.30> <CoreInst = "m_axi">   --->   Core 111 'm_axi' <Latency = 3> <II = 1> <Delay = 1.00> <Adapter> <Opcode : 'readrequnaligned' 'writerequnaligned' 'read' 'write' 'readreq' 'writereq' 'writeresp'>

State 28 <SV = 21> <Delay = 0.00>
ST_28 : Operation 113 [2/5] (7.30ns)   --->   "%empty_46 = writeresp i1 @_ssdm_op_WriteResp.m_axi.p1i32, i32 %gmem1_addr" [src/fft2d_fixed.cpp:225]   --->   Operation 113 'writeresp' 'empty_46' <Predicate = true> <Delay = 7.30> <CoreInst = "m_axi">   --->   Core 111 'm_axi' <Latency = 3> <II = 1> <Delay = 1.00> <Adapter> <Opcode : 'readrequnaligned' 'writerequnaligned' 'read' 'write' 'readreq' 'writereq' 'writeresp'>
ST_28 : Operation 114 [2/5] (7.30ns)   --->   "%empty_47 = writeresp i1 @_ssdm_op_WriteResp.m_axi.p1i32, i32 %gmem2_addr" [src/fft2d_fixed.cpp:225]   --->   Operation 114 'writeresp' 'empty_47' <Predicate = true> <Delay = 7.30> <CoreInst = "m_axi">   --->   Core 111 'm_axi' <Latency = 3> <II = 1> <Delay = 1.00> <Adapter> <Opcode : 'readrequnaligned' 'writerequnaligned' 'read' 'write' 'readreq' 'writereq' 'writeresp'>

State 29 <SV = 22> <Delay = 7.30>
ST_29 : Operation 115 [1/5] ( I:7.30ns O:7.30ns )   --->   "%empty_46 = writeresp i1 @_ssdm_op_WriteResp.m_axi.p1i32, i32 %gmem1_addr" [src/fft2d_fixed.cpp:225]   --->   Operation 115 'writeresp' 'empty_46' <Predicate = true> <Delay = 7.30> <CoreInst = "m_axi">   --->   Core 111 'm_axi' <Latency = 3> <II = 1> <Delay = 1.00> <Adapter> <Opcode : 'readrequnaligned' 'writerequnaligned' 'read' 'write' 'readreq' 'writereq' 'writeresp'>
ST_29 : Operation 116 [1/5] ( I:7.30ns O:7.30ns )   --->   "%empty_47 = writeresp i1 @_ssdm_op_WriteResp.m_axi.p1i32, i32 %gmem2_addr" [src/fft2d_fixed.cpp:225]   --->   Operation 116 'writeresp' 'empty_47' <Predicate = true> <Delay = 7.30> <CoreInst = "m_axi">   --->   Core 111 'm_axi' <Latency = 3> <II = 1> <Delay = 1.00> <Adapter> <Opcode : 'readrequnaligned' 'writerequnaligned' 'read' 'write' 'readreq' 'writereq' 'writeresp'>
ST_29 : Operation 117 [1/1] (0.00ns)   --->   "%ret_ln225 = ret" [src/fft2d_fixed.cpp:225]   --->   Operation 117 'ret' 'ret_ln225' <Predicate = true> <Delay = 0.00>


============================================================
+ Verbose Summary: Timing violations
============================================================
Target clock period: 10.000ns, clock uncertainty: 2.700ns.

 <State 1>: 1.588ns
The critical path consists of the following:
	'alloca' operation 2 bit ('ch', src/fft2d_fixed.cpp:203) [11]  (0.000 ns)
	'store' operation ('store_ln203', src/fft2d_fixed.cpp:203) of constant 0 2 bit on local variable 'ch', src/fft2d_fixed.cpp:203 [41]  (1.588 ns)

 <State 2>: 5.001ns
The critical path consists of the following:
	'call' operation ('call_ln0') to 'fft2d_fixed_top_Pipeline_1' [33]  (5.001 ns)

 <State 3>: 7.300ns
The critical path consists of the following:
	'getelementptr' operation 32 bit ('gmem0_addr', src/fft2d_fixed.cpp:180) [37]  (0.000 ns)
	bus request operation ('empty', src/fft2d_fixed.cpp:180) on port 'gmem0' (src/fft2d_fixed.cpp:180) [38]  (0.000 ns)
	blocking operation 7.3 ns on control path)

 <State 4>: 0.000ns
The critical path consists of the following:

 <State 5>: 0.000ns
The critical path consists of the following:

 <State 6>: 0.000ns
The critical path consists of the following:

 <State 7>: 0.000ns
The critical path consists of the following:

 <State 8>: 0.000ns
The critical path consists of the following:

 <State 9>: 0.000ns
The critical path consists of the following:

 <State 10>: 7.300ns
The critical path consists of the following:
	bus request operation ('empty', src/fft2d_fixed.cpp:180) on port 'gmem0' (src/fft2d_fixed.cpp:180) [38]  (7.300 ns)

 <State 11>: 0.000ns
The critical path consists of the following:

 <State 12>: 0.000ns
The critical path consists of the following:

 <State 13>: 0.000ns
The critical path consists of the following:

 <State 14>: 1.565ns
The critical path consists of the following:
	'call' operation ('call_ln0') to 'fft2d_fixed_top_Outline_VITIS_LOOP_189_4' [40]  (1.565 ns)

 <State 15>: 3.153ns
The critical path consists of the following:
	'load' operation 2 bit ('ch', src/fft2d_fixed.cpp:203) on local variable 'ch', src/fft2d_fixed.cpp:203 [44]  (0.000 ns)
	'icmp' operation 1 bit ('icmp_ln203', src/fft2d_fixed.cpp:203) [45]  (1.565 ns)
	multiplexor before 'phi' operation 7 bit ('c', src/fft2d_fixed.cpp:204) with incoming values : ('add_ln204', src/fft2d_fixed.cpp:204) [54]  (1.588 ns)
	'br' operation ('br_ln204', src/fft2d_fixed.cpp:204) [52]  (1.588 ns)

 <State 16>: 7.039ns
The critical path consists of the following:
	'phi' operation 7 bit ('c', src/fft2d_fixed.cpp:204) with incoming values : ('add_ln204', src/fft2d_fixed.cpp:204) [54]  (0.000 ns)
	'icmp' operation 1 bit ('icmp_ln204', src/fft2d_fixed.cpp:204) [55]  (1.870 ns)
	'call' operation ('call_ln206', src/fft2d_fixed.cpp:206) to 'fft2d_fixed_top_Pipeline_VITIS_LOOP_205_10' [62]  (5.169 ns)

 <State 17>: 5.046ns
The critical path consists of the following:
	'call' operation ('call_ln206', src/fft2d_fixed.cpp:206) to 'fft2d_fixed_top_Pipeline_VITIS_LOOP_205_10' [62]  (5.046 ns)

 <State 18>: 0.000ns
The critical path consists of the following:

 <State 19>: 2.552ns
The critical path consists of the following:
	'call' operation ('call_ln209', src/fft2d_fixed.cpp:209) to 'fft1d_fixed_col' [63]  (2.552 ns)

 <State 20>: 1.915ns
The critical path consists of the following:
	'call' operation ('call_ln206', src/fft2d_fixed.cpp:206) to 'fft2d_fixed_top_Pipeline_VITIS_LOOP_211_11' [64]  (1.915 ns)

 <State 21>: 5.046ns
The critical path consists of the following:
	'call' operation ('call_ln206', src/fft2d_fixed.cpp:206) to 'fft2d_fixed_top_Pipeline_VITIS_LOOP_211_11' [64]  (5.046 ns)

 <State 22>: 7.300ns
The critical path consists of the following:
	'getelementptr' operation 32 bit ('gmem1_addr', src/fft2d_fixed.cpp:217) [72]  (0.000 ns)
	bus request operation ('empty_44', src/fft2d_fixed.cpp:217) on port 'gmem1' (src/fft2d_fixed.cpp:217) [73]  (7.300 ns)

 <State 23>: 0.000ns
The critical path consists of the following:

 <State 24>: 0.000ns
The critical path consists of the following:

 <State 25>: 0.000ns
The critical path consists of the following:

 <State 26>: 0.000ns
The critical path consists of the following:

 <State 27>: 0.000ns
The critical path consists of the following:

 <State 28>: 0.000ns
The critical path consists of the following:

 <State 29>: 7.300ns
The critical path consists of the following:
	bus response operation ('empty_46', src/fft2d_fixed.cpp:225) on port 'gmem1' (src/fft2d_fixed.cpp:225) [79]  (7.300 ns)


============================================================
+ Verbose Summary: Binding
============================================================
N/A
* FSMD analyzer results:
  - Output states:
 - Input state : 
  - Chain level:
	State 1
	State 2
	State 3
	State 4
	State 5
	State 6
	State 7
	State 8
	State 9
	State 10
	State 11
	State 12
	State 13
	State 14
	State 15
	State 16
	State 17
	State 18
	State 19
	State 20
	State 21
	State 22
	State 23
	State 24
	State 25
	State 26
	State 27
	State 28
	State 29


============================================================
+ Verbose Summary: Datapath Resource usage 
============================================================
N/A
