

================================================================
== Vitis HLS Report for 'fft2d_fixed_top'
================================================================
* Date:           Mon Jun 29 12:38:39 2026

* Version:        2025.2 (Build 6295257 on Nov 14 2025)
* Project:        fft2d_accel_rgb_prj
* Solution:       solution1 (Vivado IP Flow Target)
* Product family: zynq
* Target device:  xc7z020-clg400-1


================================================================
== Performance Estimates
================================================================
+ Timing: 
    * Summary: 
    +--------+----------+----------+------------+
    |  Clock |  Target  | Estimated| Uncertainty|
    +--------+----------+----------+------------+
    |ap_clk  |  10.00 ns|  7.300 ns|     2.70 ns|
    +--------+----------+----------+------------+

+ Latency: 
    * Summary: 
    +---------+---------+----------+----------+-----+-----+---------+
    |  Latency (cycles) |  Latency (absolute) |  Interval | Pipeline|
    |   min   |   max   |    min   |    max   | min | max |   Type  |
    +---------+---------+----------+----------+-----+-----+---------+
    |        ?|        ?|         ?|         ?|    ?|    ?|       no|
    +---------+---------+----------+----------+-----+-----+---------+

    + Detail: 
        * Instance: 
        +-------------------------------------------------------------------------------------------+--------------------------------------------------------------------------------+---------+---------+----------+----------+-----+-----+-------------------+
        |                                                                                           |                                                                                |  Latency (cycles) |  Latency (absolute) |  Interval |      Pipeline     |
        |                                          Instance                                         |                                     Module                                     |   min   |   max   |    min   |    max   | min | max |        Type       |
        +-------------------------------------------------------------------------------------------+--------------------------------------------------------------------------------+---------+---------+----------+----------+-----+-----+-------------------+
        |grp_fft2d_fixed_top_Pipeline_1_fu_206                                                      |fft2d_fixed_top_Pipeline_1                                                      |       65|       65|  0.650 us|  0.650 us|    0|    0|  loop pipeline stp|
        |grp_fft2d_fixed_top_Pipeline_2_fu_214                                                      |fft2d_fixed_top_Pipeline_2                                                      |       65|       65|  0.650 us|  0.650 us|    0|    0|  loop pipeline stp|
        |grp_fft2d_fixed_top_Pipeline_VITIS_LOOP_180_1_VITIS_LOOP_181_2_VITIS_LOOP_182_3_fu_222     |fft2d_fixed_top_Pipeline_VITIS_LOOP_180_1_VITIS_LOOP_181_2_VITIS_LOOP_182_3     |    12291|    12291|  0.123 ms|  0.123 ms|    0|    0|  loop pipeline stp|
        |grp_fft2d_fixed_top_Outline_VITIS_LOOP_189_4_fu_233                                        |fft2d_fixed_top_Outline_VITIS_LOOP_189_4                                        |        ?|        ?|         ?|         ?|    ?|    ?|                 no|
        |grp_fft2d_fixed_top_Pipeline_VITIS_LOOP_205_10_fu_247                                      |fft2d_fixed_top_Pipeline_VITIS_LOOP_205_10                                      |       66|       66|  0.660 us|  0.660 us|    0|    0|  loop pipeline stp|
        |grp_fft1d_fixed_col_fu_259                                                                 |fft1d_fixed_col                                                                 |        ?|        ?|         ?|         ?|    ?|    ?|                 no|
        |grp_fft2d_fixed_top_Pipeline_VITIS_LOOP_211_11_fu_269                                      |fft2d_fixed_top_Pipeline_VITIS_LOOP_211_11                                      |       66|       66|  0.660 us|  0.660 us|    0|    0|  loop pipeline stp|
        |grp_fft2d_fixed_top_Pipeline_VITIS_LOOP_217_12_VITIS_LOOP_218_13_VITIS_LOOP_219_14_fu_281  |fft2d_fixed_top_Pipeline_VITIS_LOOP_217_12_VITIS_LOOP_218_13_VITIS_LOOP_219_14  |    12293|    12293|  0.123 ms|  0.123 ms|    0|    0|  loop pipeline stp|
        +-------------------------------------------------------------------------------------------+--------------------------------------------------------------------------------+---------+---------+----------+----------+-----+-----+-------------------+

        * Loop: 
        +---------------------+---------+---------+----------+-----------+-----------+------+----------+
        |                     |  Latency (cycles) | Iteration|  Initiation Interval  | Trip |          |
        |      Loop Name      |   min   |   max   |  Latency |  achieved |   target  | Count| Pipelined|
        +---------------------+---------+---------+----------+-----------+-----------+------+----------+
        |- VITIS_LOOP_203_8   |        ?|        ?|         ?|          -|          -|     3|        no|
        | + VITIS_LOOP_204_9  |        ?|        ?|         ?|          -|          -|    64|        no|
        +---------------------+---------+---------+----------+-----------+-----------+------+----------+

============================================================
+ Verbose Summary: Synthesis Manager
============================================================
InlineROM: 1
ExposeGlobal: 0
============================================================
+ Verbose Summary: CDFG Model
============================================================
IsTopModel: 1
ResetActiveHigh: 1
IsCombinational: 0
IsDatapathOnly: 0
HasWiredReturn: 1
HasMFsm: 0
HasVarLatency: 1
IsPipeline: 0
IsRtlPipelined: 0
IsInstanceOverlapped: 0
IsDontTouch: 0
HasImplIP: 0
IsGatedGlobalClock: 0


============================================================
+ Verbose Summary: Schedule
============================================================
* Number of FSM states : 29
* Pipeline : 0
* Dataflow Pipeline: 0

* FSM state transitions: 
1 --> 2 
2 --> 3 
3 --> 4 
4 --> 5 
5 --> 6 
6 --> 7 
7 --> 8 
8 --> 9 
9 --> 10 
10 --> 11 
11 --> 12 
12 --> 13 
13 --> 14 
14 --> 15 
15 --> 22 16 
16 --> 17 15 
17 --> 18 
18 --> 19 
19 --> 20 
20 --> 21 
21 --> 16 
22 --> 23 
23 --> 24 
24 --> 25 
25 --> 26 
26 --> 27 
27 --> 28 
28 --> 29 
29 --> 

* FSM state operations: 

State 1 <SV = 0> <Delay = 3.25>
ST_1 : Operation 30 [1/1] (0.00ns)   --->   "%ch = alloca i32 1" [src/fft2d_fixed.cpp:203]   --->   Operation 30 'alloca' 'ch' <Predicate = true> <Delay = 0.00>
ST_1 : Operation 31 [1/1] (3.25ns)   --->   "%row_buffer_real = alloca i64 1" [src/fft2d_fixed.cpp:177]   --->   Operation 31 'alloca' 'row_buffer_real' <Predicate = true> <Delay = 3.25>
ST_1 : Operation 32 [1/1] (3.25ns)   --->   "%row_buffer_imag = alloca i64 1" [src/fft2d_fixed.cpp:177]   --->   Operation 32 'alloca' 'row_buffer_imag' <Predicate = true> <Delay = 3.25>
ST_1 : Operation 33 [1/1] (3.25ns)   --->   "%col_buffer_real = alloca i64 1" [src/fft2d_fixed.cpp:178]   --->   Operation 33 'alloca' 'col_buffer_real' <Predicate = true> <Delay = 3.25>
ST_1 : Operation 34 [1/1] (3.25ns)   --->   "%col_buffer_imag = alloca i64 1" [src/fft2d_fixed.cpp:178]   --->   Operation 34 'alloca' 'col_buffer_imag' <Predicate = true> <Delay = 3.25>
ST_1 : Operation 35 [2/2] (0.00ns)   --->   "%call_ln0 = call void @fft2d_fixed_top_Pipeline_1, i32 %row_buffer_real, i32 %row_buffer_imag"   --->   Operation 35 'call' 'call_ln0' <Predicate = true> <Delay = 0.00> <CoreType = "Generic">   --->   Generic Core
ST_1 : Operation 36 [2/2] (0.00ns)   --->   "%call_ln0 = call void @fft2d_fixed_top_Pipeline_2, i32 %col_buffer_real, i32 %col_buffer_imag"   --->   Operation 36 'call' 'call_ln0' <Predicate = true> <Delay = 0.00> <CoreType = "Generic">   --->   Generic Core
ST_1 : Operation 37 [1/1] (1.58ns)   --->   "%store_ln203 = store i2 0, i2 %ch" [src/fft2d_fixed.cpp:203]   --->   Operation 37 'store' 'store_ln203' <Predicate = true> <Delay = 1.58>

State 2 <SV = 1> <Delay = 5.00>
ST_2 : Operation 38 [1/1] (1.00ns)   --->   "%output_imag_read = read i64 @_ssdm_op_Read.s_axilite.i64, i64 %output_imag"   --->   Operation 38 'read' 'output_imag_read' <Predicate = true> <Delay = 1.00> <CoreInst = "s_axilite">   --->   Core 112 's_axilite' <Latency = 0> <II = 1> <Delay = 1.00> <Adapter> <Opcode : 'read' 'write'>
ST_2 : Operation 39 [1/1] (1.00ns)   --->   "%output_real_read = read i64 @_ssdm_op_Read.s_axilite.i64, i64 %output_real"   --->   Operation 39 'read' 'output_real_read' <Predicate = true> <Delay = 1.00> <CoreInst = "s_axilite">   --->   Core 112 's_axilite' <Latency = 0> <II = 1> <Delay = 1.00> <Adapter> <Opcode : 'read' 'write'>
ST_2 : Operation 40 [1/1] (1.00ns)   --->   "%input_r_read = read i64 @_ssdm_op_Read.s_axilite.i64, i64 %input_r"   --->   Operation 40 'read' 'input_r_read' <Predicate = true> <Delay = 1.00> <CoreInst = "s_axilite">   --->   Core 112 's_axilite' <Latency = 0> <II = 1> <Delay = 1.00> <Adapter> <Opcode : 'read' 'write'>
ST_2 : Operation 41 [1/2] (5.00ns)   --->   "%call_ln0 = call void @fft2d_fixed_top_Pipeline_1, i32 %row_buffer_real, i32 %row_buffer_imag"   --->   Operation 41 'call' 'call_ln0' <Predicate = true> <Delay = 5.00> <CoreType = "Generic">   --->   Generic Core
ST_2 : Operation 42 [1/2] (5.00ns)   --->   "%call_ln0 = call void @fft2d_fixed_top_Pipeline_2, i32 %col_buffer_real, i32 %col_buffer_imag"   --->   Operation 42 'call' 'call_ln0' <Predicate = true> <Delay = 5.00> <CoreType = "Generic">   --->   Generic Core
ST_2 : Operation 43 [1/1] (0.00ns)   --->   "%trunc_ln = partselect i62 @_ssdm_op_PartSelect.i62.i64.i32.i32, i64 %input_r_read, i32 2, i32 63" [src/fft2d_fixed.cpp:180]   --->   Operation 43 'partselect' 'trunc_ln' <Predicate = true> <Delay = 0.00>

State 3 <SV = 2> <Delay = 7.30>
ST_3 : Operation 44 [1/1] (0.00ns)   --->   "%sext_ln180 = sext i62 %trunc_ln" [src/fft2d_fixed.cpp:180]   --->   Operation 44 'sext' 'sext_ln180' <Predicate = true> <Delay = 0.00>
ST_3 : Operation 45 [1/1] (0.00ns)   --->   "%gmem0_addr = getelementptr i32 %gmem0, i64 %sext_ln180" [src/fft2d_fixed.cpp:180]   --->   Operation 45 'getelementptr' 'gmem0_addr' <Predicate = true> <Delay = 0.00>
ST_3 : Operation 46 [8/8] (7.30ns)   --->   "%empty = readreq i1 @_ssdm_op_ReadReq.m_axi.p1i32, i32 %gmem0_addr, i64 12288" [src/fft2d_fixed.cpp:180]   --->   Operation 46 'readreq' 'empty' <Predicate = true> <Delay = 7.30> <CoreInst = "m_axi">   --->   Core 111 'm_axi' <Latency = 6> <II = 1> <Delay = 1.00> <Adapter> <Opcode : 'readrequnaligned' 'writerequnaligned' 'read' 'write' 'readreq' 'writereq' 'writeresp'>

State 4 <SV = 3> <Delay = 0.00>
ST_4 : Operation 47 [7/8] (7.30ns)   --->   "%empty = readreq i1 @_ssdm_op_ReadReq.m_axi.p1i32, i32 %gmem0_addr, i64 12288" [src/fft2d_fixed.cpp:180]   --->   Operation 47 'readreq' 'empty' <Predicate = true> <Delay = 7.30> <CoreInst = "m_axi">   --->   Core 111 'm_axi' <Latency = 6> <II = 1> <Delay = 1.00> <Adapter> <Opcode : 'readrequnaligned' 'writerequnaligned' 'read' 'write' 'readreq' 'writereq' 'writeresp'>

State 5 <SV = 4> <Delay = 0.00>
ST_5 : Operation 48 [6/8] (7.30ns)   --->   "%empty = readreq i1 @_ssdm_op_ReadReq.m_axi.p1i32, i32 %gmem0_addr, i64 12288" [src/fft2d_fixed.cpp:180]   --->   Operation 48 'readreq' 'empty' <Predicate = true> <Delay = 7.30> <CoreInst = "m_axi">   --->   Core 111 'm_axi' <Latency = 6> <II = 1> <Delay = 1.00> <Adapter> <Opcode : 'readrequnaligned' 'writerequnaligned' 'read' 'write' 'readreq' 'writereq' 'writeresp'>

State 6 <SV = 5> <Delay = 0.00>
ST_6 : Operation 49 [5/8] (7.30ns)   --->   "%empty = readreq i1 @_ssdm_op_ReadReq.m_axi.p1i32, i32 %gmem0_addr, i64 12288" [src/fft2d_fixed.cpp:180]   --->   Operation 49 'readreq' 'empty' <Predicate = true> <Delay = 7.30> <CoreInst = "m_axi">   --->   Core 111 'm_axi' <Latency = 6> <II = 1> <Delay = 1.00> <Adapter> <Opcode : 'readrequnaligned' 'writerequnaligned' 'read' 'write' 'readreq' 'writereq' 'writeresp'>

State 7 <SV = 6> <Delay = 0.00>
ST_7 : Operation 50 [4/8] (7.30ns)   --->   "%empty = readreq i1 @_ssdm_op_ReadReq.m_axi.p1i32, i32 %gmem0_addr, i64 12288" [src/fft2d_fixed.cpp:180]   --->   Operation 50 'readreq' 'empty' <Predicate = true> <Delay = 7.30> <CoreInst = "m_axi">   --->   Core 111 'm_axi' <Latency = 6> <II = 1> <Delay = 1.00> <Adapter> <Opcode : 'readrequnaligned' 'writerequnaligned' 'read' 'write' 'readreq' 'writereq' 'writeresp'>

State 8 <SV = 7> <Delay = 0.00>
ST_8 : Operation 51 [3/8] (7.30ns)   --->   "%empty = readreq i1 @_ssdm_op_ReadReq.m_axi.p1i32, i32 %gmem0_addr, i64 12288" [src/fft2d_fixed.cpp:180]   --->   Operation 51 'readreq' 'empty' <Predicate = true> <Delay = 7.30> <CoreInst = "m_axi">   --->   Core 111 'm_axi' <Latency = 6> <II = 1> <Delay = 1.00> <Adapter> <Opcode : 'readrequnaligned' 'writerequnaligned' 'read' 'write' 'readreq' 'writereq' 'writeresp'>

State 9 <SV = 8> <Delay = 0.00>
ST_9 : Operation 52 [2/8] (7.30ns)   --->   "%empty = readreq i1 @_ssdm_op_ReadReq.m_axi.p1i32, i32 %gmem0_addr, i64 12288" [src/fft2d_fixed.cpp:180]   --->   Operation 52 'readreq' 'empty' <Predicate = true> <Delay = 7.30> <CoreInst = "m_axi">   --->   Core 111 'm_axi' <Latency = 6> <II = 1> <Delay = 1.00> <Adapter> <Opcode : 'readrequnaligned' 'writerequnaligned' 'read' 'write' 'readreq' 'writereq' 'writeresp'>

State 10 <SV = 9> <Delay = 7.30>
ST_10 : Operation 53 [1/8] ( I:7.30ns O:7.30ns )   --->   "%empty = readreq i1 @_ssdm_op_ReadReq.m_axi.p1i32, i32 %gmem0_addr, i64 12288" [src/fft2d_fixed.cpp:180]   --->   Operation 53 'readreq' 'empty' <Predicate = true> <Delay = 7.30> <CoreInst = "m_axi">   --->   Core 111 'm_axi' <Latency = 6> <II = 1> <Delay = 1.00> <Adapter> <Opcode : 'readrequnaligned' 'writerequnaligned' 'read' 'write' 'readreq' 'writereq' 'writeresp'>

State 11 <SV = 10> <Delay = 0.00>
ST_11 : Operation 54 [2/2] (0.00ns)   --->   "%call_ln180 = call void @fft2d_fixed_top_Pipeline_VITIS_LOOP_180_1_VITIS_LOOP_181_2_VITIS_LOOP_182_3, i32 %gmem0, i62 %trunc_ln, i32 %matrix_real, i32 %matrix_imag" [src/fft2d_fixed.cpp:180]   --->   Operation 54 'call' 'call_ln180' <Predicate = true> <Delay = 0.00> <CoreType = "Generic">   --->   Generic Core

State 12 <SV = 11> <Delay = 0.00>
ST_12 : Operation 55 [1/2] (0.00ns)   --->   "%call_ln180 = call void @fft2d_fixed_top_Pipeline_VITIS_LOOP_180_1_VITIS_LOOP_181_2_VITIS_LOOP_182_3, i32 %gmem0, i62 %trunc_ln, i32 %matrix_real, i32 %matrix_imag" [src/fft2d_fixed.cpp:180]   --->   Operation 55 'call' 'call_ln180' <Predicate = true> <Delay = 0.00> <CoreType = "Generic">   --->   Generic Core

State 13 <SV = 12> <Delay = 0.00>
ST_13 : Operation 56 [2/2] (0.00ns)   --->   "%call_ln0 = call void @fft2d_fixed_top_Outline_VITIS_LOOP_189_4, i32 %row_buffer_real, i32 %row_buffer_imag, i32 %matrix_real, i32 %matrix_imag, i14 %TWIDDLE_REAL, i13 %TWIDDLE_IMAG"   --->   Operation 56 'call' 'call_ln0' <Predicate = true> <Delay = 0.00> <CoreType = "Generic">   --->   Generic Core

State 14 <SV = 13> <Delay = 1.56>
ST_14 : Operation 57 [1/1] (0.00ns)   --->   "%spectopmodule_ln163 = spectopmodule void @_ssdm_op_SpecTopModule, void @empty_6" [src/fft2d_fixed.cpp:163]   --->   Operation 57 'spectopmodule' 'spectopmodule_ln163' <Predicate = true> <Delay = 0.00>
ST_14 : Operation 58 [1/1] (0.00ns)   --->   "%specinterface_ln0 = specinterface void @_ssdm_op_SpecInterface, i32 %gmem0, void @empty_24, i32 0, i32 0, void @empty, i32 0, i32 0, void @empty_26, void @empty_15, void @empty, i32 16, i32 16, i32 16, i32 16, void @empty, void @empty, i32 4294967295, i32 0, i32 0, i32 4"   --->   Operation 58 'specinterface' 'specinterface_ln0' <Predicate = true> <Delay = 0.00>
ST_14 : Operation 59 [1/1] (0.00ns)   --->   "%specbitsmap_ln0 = specbitsmap void @_ssdm_op_SpecBitsMap, i32 %gmem0"   --->   Operation 59 'specbitsmap' 'specbitsmap_ln0' <Predicate = true> <Delay = 0.00>
ST_14 : Operation 60 [1/1] (0.00ns)   --->   "%specinterface_ln0 = specinterface void @_ssdm_op_SpecInterface, i32 %gmem1, void @empty_24, i32 0, i32 0, void @empty, i32 0, i32 0, void @empty_28, void @empty_15, void @empty, i32 16, i32 16, i32 16, i32 16, void @empty, void @empty, i32 4294967295, i32 0, i32 0, i32 4"   --->   Operation 60 'specinterface' 'specinterface_ln0' <Predicate = true> <Delay = 0.00>
ST_14 : Operation 61 [1/1] (0.00ns)   --->   "%specbitsmap_ln0 = specbitsmap void @_ssdm_op_SpecBitsMap, i32 %gmem1"   --->   Operation 61 'specbitsmap' 'specbitsmap_ln0' <Predicate = true> <Delay = 0.00>
ST_14 : Operation 62 [1/1] (0.00ns)   --->   "%specinterface_ln0 = specinterface void @_ssdm_op_SpecInterface, i32 %gmem2, void @empty_24, i32 0, i32 0, void @empty, i32 0, i32 0, void @empty_29, void @empty_15, void @empty, i32 16, i32 16, i32 16, i32 16, void @empty, void @empty, i32 4294967295, i32 0, i32 0, i32 4"   --->   Operation 62 'specinterface' 'specinterface_ln0' <Predicate = true> <Delay = 0.00>
ST_14 : Operation 63 [1/1] (0.00ns)   --->   "%specbitsmap_ln0 = specbitsmap void @_ssdm_op_SpecBitsMap, i32 %gmem2"   --->   Operation 63 'specbitsmap' 'specbitsmap_ln0' <Predicate = true> <Delay = 0.00>
ST_14 : Operation 64 [1/1] (0.00ns)   --->   "%specinterface_ln0 = specinterface void @_ssdm_op_SpecInterface, i64 %input_r, void @empty_18, i32 4294967295, i32 4294967295, void @empty, i32 0, i32 0, void @empty_0, void @empty_27, void @empty, i32 0, i32 0, i32 0, i32 0, void @empty, void @empty_2, i32 4294967295, i32 0, i32 0, i32 0"   --->   Operation 64 'specinterface' 'specinterface_ln0' <Predicate = true> <Delay = 0.00>
ST_14 : Operation 65 [1/1] (0.00ns)   --->   "%specinterface_ln0 = specinterface void @_ssdm_op_SpecInterface, i64 %input_r, void @empty_3, i32 0, i32 0, void @empty, i32 0, i32 0, void @empty, void @empty, void @empty, i32 0, i32 0, i32 0, i32 0, void @empty, void @empty_2, i32 4294967295, i32 0, i32 0, i32 0"   --->   Operation 65 'specinterface' 'specinterface_ln0' <Predicate = true> <Delay = 0.00>
ST_14 : Operation 66 [1/1] (0.00ns)   --->   "%specinterface_ln0 = specinterface void @_ssdm_op_SpecInterface, i64 %output_real, void @empty_18, i32 4294967295, i32 4294967295, void @empty, i32 0, i32 0, void @empty_0, void @empty_4, void @empty, i32 0, i32 0, i32 0, i32 0, void @empty, void @empty_2, i32 4294967295, i32 0, i32 0, i32 0"   --->   Operation 66 'specinterface' 'specinterface_ln0' <Predicate = true> <Delay = 0.00>
ST_14 : Operation 67 [1/1] (0.00ns)   --->   "%specinterface_ln0 = specinterface void @_ssdm_op_SpecInterface, i64 %output_real, void @empty_3, i32 0, i32 0, void @empty, i32 0, i32 0, void @empty, void @empty, void @empty, i32 0, i32 0, i32 0, i32 0, void @empty, void @empty_2, i32 4294967295, i32 0, i32 0, i32 0"   --->   Operation 67 'specinterface' 'specinterface_ln0' <Predicate = true> <Delay = 0.00>
ST_14 : Operation 68 [1/1] (0.00ns)   --->   "%specinterface_ln0 = specinterface void @_ssdm_op_SpecInterface, i64 %output_imag, void @empty_18, i32 4294967295, i32 4294967295, void @empty, i32 0, i32 0, void @empty_0, void @empty_5, void @empty, i32 0, i32 0, i32 0, i32 0, void @empty, void @empty_2, i32 4294967295, i32 0, i32 0, i32 0"   --->   Operation 68 'specinterface' 'specinterface_ln0' <Predicate = true> <Delay = 0.00>
ST_14 : Operation 69 [1/1] (0.00ns)   --->   "%specinterface_ln0 = specinterface void @_ssdm_op_SpecInterface, i64 %output_imag, void @empty_3, i32 0, i32 0, void @empty, i32 0, i32 0, void @empty, void @empty, void @empty, i32 0, i32 0, i32 0, i32 0, void @empty, void @empty_2, i32 4294967295, i32 0, i32 0, i32 0"   --->   Operation 69 'specinterface' 'specinterface_ln0' <Predicate = true> <Delay = 0.00>
ST_14 : Operation 70 [1/1] (0.00ns)   --->   "%specinterface_ln0 = specinterface void @_ssdm_op_SpecInterface, i32 0, void @empty_18, i32 0, i32 0, void @empty, i32 0, i32 0, void @empty_0, void @empty, void @empty, i32 0, i32 0, i32 0, i32 0, void @empty, void @empty, i32 0, i32 0, i32 0, i32 0"   --->   Operation 70 'specinterface' 'specinterface_ln0' <Predicate = true> <Delay = 0.00>
ST_14 : Operation 71 [1/2] (1.56ns)   --->   "%call_ln0 = call void @fft2d_fixed_top_Outline_VITIS_LOOP_189_4, i32 %row_buffer_real, i32 %row_buffer_imag, i32 %matrix_real, i32 %matrix_imag, i14 %TWIDDLE_REAL, i13 %TWIDDLE_IMAG"   --->   Operation 71 'call' 'call_ln0' <Predicate = true> <Delay = 1.56> <CoreType = "Generic">   --->   Generic Core
ST_14 : Operation 72 [1/1] (0.00ns)   --->   "%br_ln203 = br void %VITIS_LOOP_204_9" [src/fft2d_fixed.cpp:203]   --->   Operation 72 'br' 'br_ln203' <Predicate = true> <Delay = 0.00>

State 15 <SV = 14> <Delay = 3.15>
ST_15 : Operation 73 [1/1] (0.00ns)   --->   "%ch_2 = load i2 %ch" [src/fft2d_fixed.cpp:203]   --->   Operation 73 'load' 'ch_2' <Predicate = true> <Delay = 0.00>
ST_15 : Operation 74 [1/1] (1.56ns)   --->   "%icmp_ln203 = icmp_eq  i2 %ch_2, i2 3" [src/fft2d_fixed.cpp:203]   --->   Operation 74 'icmp' 'icmp_ln203' <Predicate = true> <Delay = 1.56> <CoreInst = "Cmp">   --->   Core 9 'Cmp' <Latency = 0> <II = 1> <Delay = 1.56> <FuncUnit> <Opcode : 'seteq' 'setne' 'setle' 'setge' 'setlt' 'setgt'> <InPorts = 2> <OutPorts = 1>
ST_15 : Operation 75 [1/1] (1.56ns)   --->   "%add_ln203 = add i2 %ch_2, i2 1" [src/fft2d_fixed.cpp:203]   --->   Operation 75 'add' 'add_ln203' <Predicate = true> <Delay = 1.56> <CoreInst = "Adder">   --->   Core 1 'Adder' <Latency = 0> <II = 1> <Delay = 1.56> <FuncUnit> <Opcode : 'add' 'sub'> <InPorts = 2> <OutPorts = 1>
ST_15 : Operation 76 [1/1] (0.00ns)   --->   "%br_ln203 = br i1 %icmp_ln203, void %VITIS_LOOP_204_9.split, void %VITIS_LOOP_217_12" [src/fft2d_fixed.cpp:203]   --->   Operation 76 'br' 'br_ln203' <Predicate = true> <Delay = 0.00>
ST_15 : Operation 77 [1/1] (0.00ns)   --->   "%tmp_4 = bitconcatenate i8 @_ssdm_op_BitConcatenate.i8.i2.i6, i2 %ch_2, i6 0" [src/fft2d_fixed.cpp:206]   --->   Operation 77 'bitconcatenate' 'tmp_4' <Predicate = (!icmp_ln203)> <Delay = 0.00>
ST_15 : Operation 78 [1/1] (0.00ns)   --->   "%speclooptripcount_ln203 = speclooptripcount void @_ssdm_op_SpecLoopTripCount, i64 3, i64 3, i64 3" [src/fft2d_fixed.cpp:203]   --->   Operation 78 'speclooptripcount' 'speclooptripcount_ln203' <Predicate = (!icmp_ln203)> <Delay = 0.00>
ST_15 : Operation 79 [1/1] (0.00ns)   --->   "%specloopname_ln203 = specloopname void @_ssdm_op_SpecLoopName, void @empty_9" [src/fft2d_fixed.cpp:203]   --->   Operation 79 'specloopname' 'specloopname_ln203' <Predicate = (!icmp_ln203)> <Delay = 0.00>
ST_15 : Operation 80 [1/1] (1.58ns)   --->   "%br_ln204 = br void %VITIS_LOOP_205_10" [src/fft2d_fixed.cpp:204]   --->   Operation 80 'br' 'br_ln204' <Predicate = (!icmp_ln203)> <Delay = 1.58>
ST_15 : Operation 81 [1/1] (0.00ns)   --->   "%trunc_ln1 = partselect i62 @_ssdm_op_PartSelect.i62.i64.i32.i32, i64 %output_real_read, i32 2, i32 63" [src/fft2d_fixed.cpp:217]   --->   Operation 81 'partselect' 'trunc_ln1' <Predicate = (icmp_ln203)> <Delay = 0.00>
ST_15 : Operation 82 [1/1] (0.00ns)   --->   "%trunc_ln217_1 = partselect i62 @_ssdm_op_PartSelect.i62.i64.i32.i32, i64 %output_imag_read, i32 2, i32 63" [src/fft2d_fixed.cpp:217]   --->   Operation 82 'partselect' 'trunc_ln217_1' <Predicate = (icmp_ln203)> <Delay = 0.00>

State 16 <SV = 15> <Delay = 7.03>
ST_16 : Operation 83 [1/1] (0.00ns)   --->   "%c_1 = phi i7 0, void %VITIS_LOOP_204_9.split, i7 %add_ln204, void %VITIS_LOOP_205_10.split" [src/fft2d_fixed.cpp:204]   --->   Operation 83 'phi' 'c_1' <Predicate = true> <Delay = 0.00>
ST_16 : Operation 84 [1/1] (1.87ns)   --->   "%icmp_ln204 = icmp_eq  i7 %c_1, i7 64" [src/fft2d_fixed.cpp:204]   --->   Operation 84 'icmp' 'icmp_ln204' <Predicate = true> <Delay = 1.87> <CoreInst = "Cmp">   --->   Core 9 'Cmp' <Latency = 0> <II = 1> <Delay = 1.87> <FuncUnit> <Opcode : 'seteq' 'setne' 'setle' 'setge' 'setlt' 'setgt'> <InPorts = 2> <OutPorts = 1>
ST_16 : Operation 85 [1/1] (1.87ns)   --->   "%add_ln204 = add i7 %c_1, i7 1" [src/fft2d_fixed.cpp:204]   --->   Operation 85 'add' 'add_ln204' <Predicate = true> <Delay = 1.87> <CoreInst = "Adder">   --->   Core 1 'Adder' <Latency = 0> <II = 1> <Delay = 1.87> <FuncUnit> <Opcode : 'add' 'sub'> <InPorts = 2> <OutPorts = 1>
ST_16 : Operation 86 [1/1] (0.00ns)   --->   "%br_ln204 = br i1 %icmp_ln204, void %VITIS_LOOP_205_10.split, void %for.inc157" [src/fft2d_fixed.cpp:204]   --->   Operation 86 'br' 'br_ln204' <Predicate = true> <Delay = 0.00>
ST_16 : Operation 87 [1/1] (0.00ns)   --->   "%trunc_ln204 = trunc i7 %c_1" [src/fft2d_fixed.cpp:204]   --->   Operation 87 'trunc' 'trunc_ln204' <Predicate = (!icmp_ln204)> <Delay = 0.00>
ST_16 : Operation 88 [2/2] (5.16ns)   --->   "%call_ln206 = call void @fft2d_fixed_top_Pipeline_VITIS_LOOP_205_10, i8 %tmp_4, i6 %trunc_ln204, i32 %col_buffer_real, i32 %col_buffer_imag, i32 %matrix_real, i32 %matrix_imag" [src/fft2d_fixed.cpp:206]   --->   Operation 88 'call' 'call_ln206' <Predicate = (!icmp_ln204)> <Delay = 5.16> <CoreType = "Generic">   --->   Generic Core
ST_16 : Operation 89 [1/1] (1.58ns)   --->   "%store_ln203 = store i2 %add_ln203, i2 %ch" [src/fft2d_fixed.cpp:203]   --->   Operation 89 'store' 'store_ln203' <Predicate = (icmp_ln204)> <Delay = 1.58>
ST_16 : Operation 90 [1/1] (0.00ns)   --->   "%br_ln203 = br void %VITIS_LOOP_204_9" [src/fft2d_fixed.cpp:203]   --->   Operation 90 'br' 'br_ln203' <Predicate = (icmp_ln204)> <Delay = 0.00>

State 17 <SV = 16> <Delay = 5.04>
ST_17 : Operation 91 [1/2] (5.04ns)   --->   "%call_ln206 = call void @fft2d_fixed_top_Pipeline_VITIS_LOOP_205_10, i8 %tmp_4, i6 %trunc_ln204, i32 %col_buffer_real, i32 %col_buffer_imag, i32 %matrix_real, i32 %matrix_imag" [src/fft2d_fixed.cpp:206]   --->   Operation 91 'call' 'call_ln206' <Predicate = true> <Delay = 5.04> <CoreType = "Generic">   --->   Generic Core

State 18 <SV = 17> <Delay = 0.00>
ST_18 : Operation 92 [2/2] (0.00ns)   --->   "%call_ln209 = call void @fft1d_fixed_col, i32 %col_buffer_real, i32 %col_buffer_imag, i14 %TWIDDLE_REAL, i13 %TWIDDLE_IMAG" [src/fft2d_fixed.cpp:209]   --->   Operation 92 'call' 'call_ln209' <Predicate = true> <Delay = 0.00> <CoreType = "Generic">   --->   Generic Core

State 19 <SV = 18> <Delay = 2.55>
ST_19 : Operation 93 [1/2] (2.55ns)   --->   "%call_ln209 = call void @fft1d_fixed_col, i32 %col_buffer_real, i32 %col_buffer_imag, i14 %TWIDDLE_REAL, i13 %TWIDDLE_IMAG" [src/fft2d_fixed.cpp:209]   --->   Operation 93 'call' 'call_ln209' <Predicate = true> <Delay = 2.55> <CoreType = "Generic">   --->   Generic Core

State 20 <SV = 19> <Delay = 1.91>
ST_20 : Operation 94 [2/2] (1.91ns)   --->   "%call_ln206 = call void @fft2d_fixed_top_Pipeline_VITIS_LOOP_211_11, i8 %tmp_4, i6 %trunc_ln204, i32 %col_buffer_real, i32 %col_buffer_imag, i32 %matrix_real, i32 %matrix_imag" [src/fft2d_fixed.cpp:206]   --->   Operation 94 'call' 'call_ln206' <Predicate = true> <Delay = 1.91> <CoreType = "Generic">   --->   Generic Core

State 21 <SV = 20> <Delay = 5.04>
ST_21 : Operation 95 [1/1] (0.00ns)   --->   "%speclooptripcount_ln204 = speclooptripcount void @_ssdm_op_SpecLoopTripCount, i64 64, i64 64, i64 64" [src/fft2d_fixed.cpp:204]   --->   Operation 95 'speclooptripcount' 'speclooptripcount_ln204' <Predicate = true> <Delay = 0.00>
ST_21 : Operation 96 [1/1] (0.00ns)   --->   "%specloopname_ln204 = specloopname void @_ssdm_op_SpecLoopName, void @empty_8" [src/fft2d_fixed.cpp:204]   --->   Operation 96 'specloopname' 'specloopname_ln204' <Predicate = true> <Delay = 0.00>
ST_21 : Operation 97 [1/2] (5.04ns)   --->   "%call_ln206 = call void @fft2d_fixed_top_Pipeline_VITIS_LOOP_211_11, i8 %tmp_4, i6 %trunc_ln204, i32 %col_buffer_real, i32 %col_buffer_imag, i32 %matrix_real, i32 %matrix_imag" [src/fft2d_fixed.cpp:206]   --->   Operation 97 'call' 'call_ln206' <Predicate = true> <Delay = 5.04> <CoreType = "Generic">   --->   Generic Core
ST_21 : Operation 98 [1/1] (0.00ns)   --->   "%br_ln204 = br void %VITIS_LOOP_205_10" [src/fft2d_fixed.cpp:204]   --->   Operation 98 'br' 'br_ln204' <Predicate = true> <Delay = 0.00>

State 22 <SV = 15> <Delay = 7.30>
ST_22 : Operation 99 [1/1] (0.00ns)   --->   "%sext_ln217 = sext i62 %trunc_ln1" [src/fft2d_fixed.cpp:217]   --->   Operation 99 'sext' 'sext_ln217' <Predicate = true> <Delay = 0.00>
ST_22 : Operation 100 [1/1] (0.00ns)   --->   "%gmem1_addr = getelementptr i32 %gmem1, i64 %sext_ln217" [src/fft2d_fixed.cpp:217]   --->   Operation 100 'getelementptr' 'gmem1_addr' <Predicate = true> <Delay = 0.00>
ST_22 : Operation 101 [1/1] ( I:7.30ns O:7.30ns )   --->   "%empty_44 = writereq i1 @_ssdm_op_WriteReq.m_axi.p1i32, i32 %gmem1_addr, i64 12288" [src/fft2d_fixed.cpp:217]   --->   Operation 101 'writereq' 'empty_44' <Predicate = true> <Delay = 7.30> <CoreInst = "m_axi">   --->   Core 111 'm_axi' <Latency = 9> <II = 1> <Delay = 1.00> <Adapter> <Opcode : 'readrequnaligned' 'writerequnaligned' 'read' 'write' 'readreq' 'writereq' 'writeresp'>
ST_22 : Operation 102 [1/1] (0.00ns)   --->   "%sext_ln217_1 = sext i62 %trunc_ln217_1" [src/fft2d_fixed.cpp:217]   --->   Operation 102 'sext' 'sext_ln217_1' <Predicate = true> <Delay = 0.00>
ST_22 : Operation 103 [1/1] (0.00ns)   --->   "%gmem2_addr = getelementptr i32 %gmem2, i64 %sext_ln217_1" [src/fft2d_fixed.cpp:217]   --->   Operation 103 'getelementptr' 'gmem2_addr' <Predicate = true> <Delay = 0.00>
ST_22 : Operation 104 [1/1] ( I:7.30ns O:7.30ns )   --->   "%empty_45 = writereq i1 @_ssdm_op_WriteReq.m_axi.p1i32, i32 %gmem2_addr, i64 12288" [src/fft2d_fixed.cpp:217]   --->   Operation 104 'writereq' 'empty_45' <Predicate = true> <Delay = 7.30> <CoreInst = "m_axi">   --->   Core 111 'm_axi' <Latency = 9> <II = 1> <Delay = 1.00> <Adapter> <Opcode : 'readrequnaligned' 'writerequnaligned' 'read' 'write' 'readreq' 'writereq' 'writeresp'>

State 23 <SV = 16> <Delay = 0.00>
ST_23 : Operation 105 [2/2] (0.00ns)   --->   "%call_ln217 = call void @fft2d_fixed_top_Pipeline_VITIS_LOOP_217_12_VITIS_LOOP_218_13_VITIS_LOOP_219_14, i32 %gmem2, i32 %gmem1, i62 %trunc_ln1, i62 %trunc_ln217_1, i32 %matrix_real, i32 %matrix_imag" [src/fft2d_fixed.cpp:217]   --->   Operation 105 'call' 'call_ln217' <Predicate = true> <Delay = 0.00> <CoreType = "Generic">   --->   Generic Core

State 24 <SV = 17> <Delay = 0.00>
ST_24 : Operation 106 [1/2] (0.00ns)   --->   "%call_ln217 = call void @fft2d_fixed_top_Pipeline_VITIS_LOOP_217_12_VITIS_LOOP_218_13_VITIS_LOOP_219_14, i32 %gmem2, i32 %gmem1, i62 %trunc_ln1, i62 %trunc_ln217_1, i32 %matrix_real, i32 %matrix_imag" [src/fft2d_fixed.cpp:217]   --->   Operation 106 'call' 'call_ln217' <Predicate = true> <Delay = 0.00> <CoreType = "Generic">   --->   Generic Core

State 25 <SV = 18> <Delay = 0.00>
ST_25 : Operation 107 [5/5] (7.30ns)   --->   "%empty_46 = writeresp i1 @_ssdm_op_WriteResp.m_axi.p1i32, i32 %gmem1_addr" [src/fft2d_fixed.cpp:225]   --->   Operation 107 'writeresp' 'empty_46' <Predicate = true> <Delay = 7.30> <CoreInst = "m_axi">   --->   Core 111 'm_axi' <Latency = 3> <II = 1> <Delay = 1.00> <Adapter> <Opcode : 'readrequnaligned' 'writerequnaligned' 'read' 'write' 'readreq' 'writereq' 'writeresp'>
ST_25 : Operation 108 [5/5] (7.30ns)   --->   "%empty_47 = writeresp i1 @_ssdm_op_WriteResp.m_axi.p1i32, i32 %gmem2_addr" [src/fft2d_fixed.cpp:225]   --->   Operation 108 'writeresp' 'empty_47' <Predicate = true> <Delay = 7.30> <CoreInst = "m_axi">   --->   Core 111 'm_axi' <Latency = 3> <II = 1> <Delay = 1.00> <Adapter> <Opcode : 'readrequnaligned' 'writerequnaligned' 'read' 'write' 'readreq' 'writereq' 'writeresp'>

State 26 <SV = 19> <Delay = 0.00>
ST_26 : Operation 109 [4/5] (7.30ns)   --->   "%empty_46 = writeresp i1 @_ssdm_op_WriteResp.m_axi.p1i32, i32 %gmem1_addr" [src/fft2d_fixed.cpp:225]   --->   Operation 109 'writeresp' 'empty_46' <Predicate = true> <Delay = 7.30> <CoreInst = "m_axi">   --->   Core 111 'm_axi' <Latency = 3> <II = 1> <Delay = 1.00> <Adapter> <Opcode : 'readrequnaligned' 'writerequnaligned' 'read' 'write' 'readreq' 'writereq' 'writeresp'>
ST_26 : Operation 110 [4/5] (7.30ns)   --->   "%empty_47 = writeresp i1 @_ssdm_op_WriteResp.m_axi.p1i32, i32 %gmem2_addr" [src/fft2d_fixed.cpp:225]   --->   Operation 110 'writeresp' 'empty_47' <Predicate = true> <Delay = 7.30> <CoreInst = "m_axi">   --->   Core 111 'm_axi' <Latency = 3> <II = 1> <Delay = 1.00> <Adapter> <Opcode : 'readrequnaligned' 'writerequnaligned' 'read' 'write' 'readreq' 'writereq' 'writeresp'>

State 27 <SV = 20> <Delay = 0.00>
ST_27 : Operation 111 [3/5] (7.30ns)   --->   "%empty_46 = writeresp i1 @_ssdm_op_WriteResp.m_axi.p1i32, i32 %gmem1_addr" [src/fft2d_fixed.cpp:225]   --->   Operation 111 'writeresp' 'empty_46' <Predicate = true> <Delay = 7.30> <CoreInst = "m_axi">   --->   Core 111 'm_axi' <Latency = 3> <II = 1> <Delay = 1.00> <Adapter> <Opcode : 'readrequnaligned' 'writerequnaligned' 'read' 'write' 'readreq' 'writereq' 'writeresp'>
ST_27 : Operation 112 [3/5] (7.30ns)   --->   "%empty_47 = writeresp i1 @_ssdm_op_WriteResp.m_axi.p1i32, i32 %gmem2_addr" [src/fft2d_fixed.cpp:225]   --->   Operation 112 'writeresp' 'empty_47' <Predicate = true> <Delay = 7.30> <CoreInst = "m_axi">   --->   Core 111 'm_axi' <Latency = 3> <II = 1> <Delay = 1.00> <Adapter> <Opcode : 'readrequnaligned' 'writerequnaligned' 'read' 'write' 'readreq' 'writereq' 'writeresp'>

State 28 <SV = 21> <Delay = 0.00>
ST_28 : Operation 113 [2/5] (7.30ns)   --->   "%empty_46 = writeresp i1 @_ssdm_op_WriteResp.m_axi.p1i32, i32 %gmem1_addr" [src/fft2d_fixed.cpp:225]   --->   Operation 113 'writeresp' 'empty_46' <Predicate = true> <Delay = 7.30> <CoreInst = "m_axi">   --->   Core 111 'm_axi' <Latency = 3> <II = 1> <Delay = 1.00> <Adapter> <Opcode : 'readrequnaligned' 'writerequnaligned' 'read' 'write' 'readreq' 'writereq' 'writeresp'>
ST_28 : Operation 114 [2/5] (7.30ns)   --->   "%empty_47 = writeresp i1 @_ssdm_op_WriteResp.m_axi.p1i32, i32 %gmem2_addr" [src/fft2d_fixed.cpp:225]   --->   Operation 114 'writeresp' 'empty_47' <Predicate = true> <Delay = 7.30> <CoreInst = "m_axi">   --->   Core 111 'm_axi' <Latency = 3> <II = 1> <Delay = 1.00> <Adapter> <Opcode : 'readrequnaligned' 'writerequnaligned' 'read' 'write' 'readreq' 'writereq' 'writeresp'>

State 29 <SV = 22> <Delay = 7.30>
ST_29 : Operation 115 [1/5] ( I:7.30ns O:7.30ns )   --->   "%empty_46 = writeresp i1 @_ssdm_op_WriteResp.m_axi.p1i32, i32 %gmem1_addr" [src/fft2d_fixed.cpp:225]   --->   Operation 115 'writeresp' 'empty_46' <Predicate = true> <Delay = 7.30> <CoreInst = "m_axi">   --->   Core 111 'm_axi' <Latency = 3> <II = 1> <Delay = 1.00> <Adapter> <Opcode : 'readrequnaligned' 'writerequnaligned' 'read' 'write' 'readreq' 'writereq' 'writeresp'>
ST_29 : Operation 116 [1/5] ( I:7.30ns O:7.30ns )   --->   "%empty_47 = writeresp i1 @_ssdm_op_WriteResp.m_axi.p1i32, i32 %gmem2_addr" [src/fft2d_fixed.cpp:225]   --->   Operation 116 'writeresp' 'empty_47' <Predicate = true> <Delay = 7.30> <CoreInst = "m_axi">   --->   Core 111 'm_axi' <Latency = 3> <II = 1> <Delay = 1.00> <Adapter> <Opcode : 'readrequnaligned' 'writerequnaligned' 'read' 'write' 'readreq' 'writereq' 'writeresp'>
ST_29 : Operation 117 [1/1] (0.00ns)   --->   "%ret_ln225 = ret" [src/fft2d_fixed.cpp:225]   --->   Operation 117 'ret' 'ret_ln225' <Predicate = true> <Delay = 0.00>


============================================================
+ Verbose Summary: Binding
============================================================
STG Binding: 
---------------- STG Properties BEGIN ----------------
- Is combinational: 0
- Is one-state seq: 0
- Is datapath-only: 0
- Is pipelined: 0
- Is top level: 1
Port [ Return ] is wired: 1; IO mode=ap_ctrl_hs:ce=0
Port [ gmem0]:  wired=1; compound=1; hidden=0; nouse=0; global=0; static=0; extern=0; dir=0; type=4; pingpong=0; private_global=0; IO mode=m_axi:ce=0
Port [ gmem1]:  wired=1; compound=1; hidden=0; nouse=0; global=0; static=0; extern=0; dir=1; type=4; pingpong=0; private_global=0; IO mode=m_axi:ce=0
Port [ gmem2]:  wired=1; compound=1; hidden=0; nouse=0; global=0; static=0; extern=0; dir=1; type=4; pingpong=0; private_global=0; IO mode=m_axi:ce=0
Port [ input_r]:  wired=1; compound=0; hidden=0; nouse=0; global=0; static=0; extern=0; dir=0; type=0; pingpong=0; private_global=0; IO mode=ap_none:ce=0
Port [ output_real]:  wired=1; compound=0; hidden=0; nouse=0; global=0; static=0; extern=0; dir=0; type=0; pingpong=0; private_global=0; IO mode=ap_none:ce=0
Port [ output_imag]:  wired=1; compound=0; hidden=0; nouse=0; global=0; static=0; extern=0; dir=0; type=0; pingpong=0; private_global=0; IO mode=ap_none:ce=0
Port [ matrix_real]:  wired=0; compound=1; hidden=1; nouse=0; global=1; static=1; extern=0; dir=2; type=1; pingpong=0; private_global=1; MemPort=[23]; IO mode=ap_memory:ce=0
Port [ matrix_imag]:  wired=0; compound=1; hidden=1; nouse=0; global=1; static=1; extern=0; dir=2; type=1; pingpong=0; private_global=1; MemPort=[23]; IO mode=ap_memory:ce=0
Port [ TWIDDLE_REAL]:  wired=0; compound=1; hidden=1; nouse=1; global=1; static=1; extern=0; dir=0; type=1; pingpong=0; private_global=1; MemPort=[1]; IO mode=ap_memory:ce=0
Port [ TWIDDLE_IMAG]:  wired=0; compound=1; hidden=1; nouse=1; global=1; static=1; extern=0; dir=0; type=1; pingpong=0; private_global=1; MemPort=[1]; IO mode=ap_memory:ce=0
---------------- STG Properties END ------------------

---------------- Datapath Model BEGIN ----------------

<LifeTime>
<method=bitvector/>
ch                      (alloca           ) [ 011111111111111111111100000000]
row_buffer_real         (alloca           ) [ 001111111111111000000000000000]
row_buffer_imag         (alloca           ) [ 001111111111111000000000000000]
col_buffer_real         (alloca           ) [ 001111111111111111111100000000]
col_buffer_imag         (alloca           ) [ 001111111111111111111100000000]
store_ln203             (store            ) [ 000000000000000000000000000000]
output_imag_read        (read             ) [ 000111111111111111111100000000]
output_real_read        (read             ) [ 000111111111111111111100000000]
input_r_read            (read             ) [ 000000000000000000000000000000]
call_ln0                (call             ) [ 000000000000000000000000000000]
call_ln0                (call             ) [ 000000000000000000000000000000]
trunc_ln                (partselect       ) [ 000111111111100000000000000000]
sext_ln180              (sext             ) [ 000000000000000000000000000000]
gmem0_addr              (getelementptr    ) [ 000011111110000000000000000000]
empty                   (readreq          ) [ 000000000000000000000000000000]
call_ln180              (call             ) [ 000000000000000000000000000000]
spectopmodule_ln163     (spectopmodule    ) [ 000000000000000000000000000000]
specinterface_ln0       (specinterface    ) [ 000000000000000000000000000000]
specbitsmap_ln0         (specbitsmap      ) [ 000000000000000000000000000000]
specinterface_ln0       (specinterface    ) [ 000000000000000000000000000000]
specbitsmap_ln0         (specbitsmap      ) [ 000000000000000000000000000000]
specinterface_ln0       (specinterface    ) [ 000000000000000000000000000000]
specbitsmap_ln0         (specbitsmap      ) [ 000000000000000000000000000000]
specinterface_ln0       (specinterface    ) [ 000000000000000000000000000000]
specinterface_ln0       (specinterface    ) [ 000000000000000000000000000000]
specinterface_ln0       (specinterface    ) [ 000000000000000000000000000000]
specinterface_ln0       (specinterface    ) [ 000000000000000000000000000000]
specinterface_ln0       (specinterface    ) [ 000000000000000000000000000000]
specinterface_ln0       (specinterface    ) [ 000000000000000000000000000000]
specinterface_ln0       (specinterface    ) [ 000000000000000000000000000000]
call_ln0                (call             ) [ 000000000000000000000000000000]
br_ln203                (br               ) [ 000000000000000000000000000000]
ch_2                    (load             ) [ 000000000000000000000000000000]
icmp_ln203              (icmp             ) [ 000000000000000111111100000000]
add_ln203               (add              ) [ 000000000000000011111100000000]
br_ln203                (br               ) [ 000000000000000000000000000000]
tmp_4                   (bitconcatenate   ) [ 000000000000000011111100000000]
speclooptripcount_ln203 (speclooptripcount) [ 000000000000000000000000000000]
specloopname_ln203      (specloopname     ) [ 000000000000000000000000000000]
br_ln204                (br               ) [ 000000000000000111111100000000]
trunc_ln1               (partselect       ) [ 000000000000000000000011100000]
trunc_ln217_1           (partselect       ) [ 000000000000000000000011100000]
c_1                     (phi              ) [ 000000000000000010000000000000]
icmp_ln204              (icmp             ) [ 000000000000000111111100000000]
add_ln204               (add              ) [ 000000000000000111111100000000]
br_ln204                (br               ) [ 000000000000000000000000000000]
trunc_ln204             (trunc            ) [ 000000000000000001111100000000]
store_ln203             (store            ) [ 000000000000000000000000000000]
br_ln203                (br               ) [ 000000000000000000000000000000]
call_ln206              (call             ) [ 000000000000000000000000000000]
call_ln209              (call             ) [ 000000000000000000000000000000]
speclooptripcount_ln204 (speclooptripcount) [ 000000000000000000000000000000]
specloopname_ln204      (specloopname     ) [ 000000000000000000000000000000]
call_ln206              (call             ) [ 000000000000000000000000000000]
br_ln204                (br               ) [ 000000000000000111111100000000]
sext_ln217              (sext             ) [ 000000000000000000000000000000]
gmem1_addr              (getelementptr    ) [ 000000000000000000000001111111]
empty_44                (writereq         ) [ 000000000000000000000000000000]
sext_ln217_1            (sext             ) [ 000000000000000000000000000000]
gmem2_addr              (getelementptr    ) [ 000000000000000000000001111111]
empty_45                (writereq         ) [ 000000000000000000000000000000]
call_ln217              (call             ) [ 000000000000000000000000000000]
empty_46                (writeresp        ) [ 000000000000000000000000000000]
empty_47                (writeresp        ) [ 000000000000000000000000000000]
ret_ln225               (ret              ) [ 000000000000000000000000000000]
</LifeTime>

<model>

<comp_list>
<comp id="0" class="1000" name="gmem0">
<pin_list>
<pin id="1" dir="1" index="0" bw="1" slack="0"/>
</pin_list>
<bind>
<StgValue><ssdm name="gmem0"/><MemPortTyVec>0 </MemPortTyVec>
</StgValue>
</bind>
</comp>

<comp id="2" class="1000" name="gmem1">
<pin_list>
<pin id="3" dir="1" index="0" bw="1" slack="0"/>
</pin_list>
<bind>
<StgValue><ssdm name="gmem1"/><MemPortTyVec>1 </MemPortTyVec>
</StgValue>
</bind>
</comp>

<comp id="4" class="1000" name="gmem2">
<pin_list>
<pin id="5" dir="1" index="0" bw="1" slack="0"/>
</pin_list>
<bind>
<StgValue><ssdm name="gmem2"/><MemPortTyVec>1 </MemPortTyVec>
</StgValue>
</bind>
</comp>

<comp id="6" class="1000" name="input_r">
<pin_list>
<pin id="7" dir="1" index="0" bw="1" slack="0"/>
</pin_list>
<bind>
<StgValue><ssdm name="input_r"/></StgValue>
</bind>
</comp>

<comp id="8" class="1000" name="output_real">
<pin_list>
<pin id="9" dir="1" index="0" bw="1" slack="0"/>
</pin_list>
<bind>
<StgValue><ssdm name="output_real"/></StgValue>
</bind>
</comp>

<comp id="10" class="1000" name="output_imag">
<pin_list>
<pin id="11" dir="1" index="0" bw="1" slack="0"/>
</pin_list>
<bind>
<StgValue><ssdm name="output_imag"/></StgValue>
</bind>
</comp>

<comp id="12" class="1000" name="matrix_real">
<pin_list>
<pin id="13" dir="1" index="0" bw="1" slack="0"/>
</pin_list>
<bind>
<StgValue><ssdm name="matrix_real"/><MemPortTyVec>2 3 </MemPortTyVec>
</StgValue>
</bind>
</comp>

<comp id="14" class="1000" name="matrix_imag">
<pin_list>
<pin id="15" dir="1" index="0" bw="1" slack="0"/>
</pin_list>
<bind>
<StgValue><ssdm name="matrix_imag"/><MemPortTyVec>2 3 </MemPortTyVec>
</StgValue>
</bind>
</comp>

<comp id="16" class="1000" name="TWIDDLE_REAL">
<pin_list>
<pin id="17" dir="1" index="0" bw="1" slack="0"/>
</pin_list>
<bind>
<StgValue><ssdm name="TWIDDLE_REAL"/><MemPortTyVec>1 </MemPortTyVec>
</StgValue>
</bind>
</comp>

<comp id="18" class="1000" name="TWIDDLE_IMAG">
<pin_list>
<pin id="19" dir="1" index="0" bw="1" slack="0"/>
</pin_list>
<bind>
<StgValue><ssdm name="TWIDDLE_IMAG"/><MemPortTyVec>1 </MemPortTyVec>
</StgValue>
</bind>
</comp>

<comp id="20" class="1001" name="const_20">
<pin_list>
<pin id="21" dir="1" index="0" bw="1" slack="0"/>
</pin_list>
<bind>
<StgValue><ssdm name=""/></StgValue>
</bind>
</comp>

<comp id="22" class="1001" name="const_22">
<pin_list>
<pin id="23" dir="1" index="0" bw="1" slack="0"/>
</pin_list>
<bind>
<StgValue><ssdm name=""/></StgValue>
</bind>
</comp>

<comp id="24" class="1001" name="const_24">
<pin_list>
<pin id="25" dir="1" index="0" bw="1" slack="0"/>
</pin_list>
<bind>
<StgValue><ssdm name="fft2d_fixed_top_Pipeline_1"/></StgValue>
</bind>
</comp>

<comp id="26" class="1001" name="const_26">
<pin_list>
<pin id="27" dir="1" index="0" bw="1" slack="0"/>
</pin_list>
<bind>
<StgValue><ssdm name="fft2d_fixed_top_Pipeline_2"/></StgValue>
</bind>
</comp>

<comp id="28" class="1001" name="const_28">
<pin_list>
<pin id="29" dir="1" index="0" bw="1" slack="0"/>
</pin_list>
<bind>
<StgValue><ssdm name=""/></StgValue>
</bind>
</comp>

<comp id="30" class="1001" name="const_30">
<pin_list>
<pin id="31" dir="1" index="0" bw="1" slack="0"/>
</pin_list>
<bind>
<StgValue><ssdm name="_ssdm_op_Read.s_axilite.i64"/></StgValue>
</bind>
</comp>

<comp id="32" class="1001" name="const_32">
<pin_list>
<pin id="33" dir="1" index="0" bw="1" slack="0"/>
</pin_list>
<bind>
<StgValue><ssdm name="_ssdm_op_PartSelect.i62.i64.i32.i32"/></StgValue>
</bind>
</comp>

<comp id="34" class="1001" name="const_34">
<pin_list>
<pin id="35" dir="1" index="0" bw="1" slack="0"/>
</pin_list>
<bind>
<StgValue><ssdm name=""/></StgValue>
</bind>
</comp>

<comp id="36" class="1001" name="const_36">
<pin_list>
<pin id="37" dir="1" index="0" bw="1" slack="0"/>
</pin_list>
<bind>
<StgValue><ssdm name=""/></StgValue>
</bind>
</comp>

<comp id="38" class="1001" name="const_38">
<pin_list>
<pin id="39" dir="1" index="0" bw="1" slack="0"/>
</pin_list>
<bind>
<StgValue><ssdm name="_ssdm_op_ReadReq.m_axi.p1i32"/></StgValue>
</bind>
</comp>

<comp id="40" class="1001" name="const_40">
<pin_list>
<pin id="41" dir="1" index="0" bw="1" slack="0"/>
</pin_list>
<bind>
<StgValue><ssdm name=""/></StgValue>
</bind>
</comp>

<comp id="42" class="1001" name="const_42">
<pin_list>
<pin id="43" dir="1" index="0" bw="1" slack="0"/>
</pin_list>
<bind>
<StgValue><ssdm name="fft2d_fixed_top_Pipeline_VITIS_LOOP_180_1_VITIS_LOOP_181_2_VITIS_LOOP_182_3"/></StgValue>
</bind>
</comp>

<comp id="44" class="1001" name="const_44">
<pin_list>
<pin id="45" dir="1" index="0" bw="1" slack="0"/>
</pin_list>
<bind>
<StgValue><ssdm name="fft2d_fixed_top_Outline_VITIS_LOOP_189_4"/></StgValue>
</bind>
</comp>

<comp id="46" class="1001" name="const_46">
<pin_list>
<pin id="47" dir="1" index="0" bw="1" slack="2147483647"/>
</pin_list>
<bind>
<StgValue><ssdm name="_ssdm_op_SpecTopModule"/></StgValue>
</bind>
</comp>

<comp id="48" class="1001" name="const_48">
<pin_list>
<pin id="49" dir="1" index="0" bw="1" slack="2147483647"/>
</pin_list>
<bind>
<StgValue><ssdm name="empty_6"/></StgValue>
</bind>
</comp>

<comp id="50" class="1001" name="const_50">
<pin_list>
<pin id="51" dir="1" index="0" bw="1" slack="2147483647"/>
</pin_list>
<bind>
<StgValue><ssdm name="_ssdm_op_SpecInterface"/></StgValue>
</bind>
</comp>

<comp id="52" class="1001" name="const_52">
<pin_list>
<pin id="53" dir="1" index="0" bw="1" slack="2147483647"/>
</pin_list>
<bind>
<StgValue><ssdm name="empty_24"/></StgValue>
</bind>
</comp>

<comp id="54" class="1001" name="const_54">
<pin_list>
<pin id="55" dir="1" index="0" bw="1" slack="2147483647"/>
</pin_list>
<bind>
<StgValue><ssdm name=""/></StgValue>
</bind>
</comp>

<comp id="56" class="1001" name="const_56">
<pin_list>
<pin id="57" dir="1" index="0" bw="1" slack="2147483647"/>
</pin_list>
<bind>
<StgValue><ssdm name="empty"/></StgValue>
</bind>
</comp>

<comp id="58" class="1001" name="const_58">
<pin_list>
<pin id="59" dir="1" index="0" bw="1" slack="2147483647"/>
</pin_list>
<bind>
<StgValue><ssdm name="empty_26"/></StgValue>
</bind>
</comp>

<comp id="60" class="1001" name="const_60">
<pin_list>
<pin id="61" dir="1" index="0" bw="1" slack="2147483647"/>
</pin_list>
<bind>
<StgValue><ssdm name="empty_15"/></StgValue>
</bind>
</comp>

<comp id="62" class="1001" name="const_62">
<pin_list>
<pin id="63" dir="1" index="0" bw="1" slack="2147483647"/>
</pin_list>
<bind>
<StgValue><ssdm name=""/></StgValue>
</bind>
</comp>

<comp id="64" class="1001" name="const_64">
<pin_list>
<pin id="65" dir="1" index="0" bw="1" slack="2147483647"/>
</pin_list>
<bind>
<StgValue><ssdm name=""/></StgValue>
</bind>
</comp>

<comp id="66" class="1001" name="const_66">
<pin_list>
<pin id="67" dir="1" index="0" bw="1" slack="2147483647"/>
</pin_list>
<bind>
<StgValue><ssdm name=""/></StgValue>
</bind>
</comp>

<comp id="68" class="1001" name="const_68">
<pin_list>
<pin id="69" dir="1" index="0" bw="1" slack="2147483647"/>
</pin_list>
<bind>
<StgValue><ssdm name="_ssdm_op_SpecBitsMap"/></StgValue>
</bind>
</comp>

<comp id="70" class="1001" name="const_70">
<pin_list>
<pin id="71" dir="1" index="0" bw="1" slack="2147483647"/>
</pin_list>
<bind>
<StgValue><ssdm name="empty_28"/></StgValue>
</bind>
</comp>

<comp id="72" class="1001" name="const_72">
<pin_list>
<pin id="73" dir="1" index="0" bw="1" slack="2147483647"/>
</pin_list>
<bind>
<StgValue><ssdm name="empty_29"/></StgValue>
</bind>
</comp>

<comp id="74" class="1001" name="const_74">
<pin_list>
<pin id="75" dir="1" index="0" bw="1" slack="2147483647"/>
</pin_list>
<bind>
<StgValue><ssdm name="empty_18"/></StgValue>
</bind>
</comp>

<comp id="76" class="1001" name="const_76">
<pin_list>
<pin id="77" dir="1" index="0" bw="1" slack="2147483647"/>
</pin_list>
<bind>
<StgValue><ssdm name="empty_0"/></StgValue>
</bind>
</comp>

<comp id="78" class="1001" name="const_78">
<pin_list>
<pin id="79" dir="1" index="0" bw="1" slack="2147483647"/>
</pin_list>
<bind>
<StgValue><ssdm name="empty_27"/></StgValue>
</bind>
</comp>

<comp id="80" class="1001" name="const_80">
<pin_list>
<pin id="81" dir="1" index="0" bw="1" slack="2147483647"/>
</pin_list>
<bind>
<StgValue><ssdm name="empty_2"/></StgValue>
</bind>
</comp>

<comp id="82" class="1001" name="const_82">
<pin_list>
<pin id="83" dir="1" index="0" bw="1" slack="2147483647"/>
</pin_list>
<bind>
<StgValue><ssdm name="empty_3"/></StgValue>
</bind>
</comp>

<comp id="84" class="1001" name="const_84">
<pin_list>
<pin id="85" dir="1" index="0" bw="1" slack="2147483647"/>
</pin_list>
<bind>
<StgValue><ssdm name="empty_4"/></StgValue>
</bind>
</comp>

<comp id="86" class="1001" name="const_86">
<pin_list>
<pin id="87" dir="1" index="0" bw="1" slack="2147483647"/>
</pin_list>
<bind>
<StgValue><ssdm name="empty_5"/></StgValue>
</bind>
</comp>

<comp id="88" class="1001" name="const_88">
<pin_list>
<pin id="89" dir="1" index="0" bw="1" slack="0"/>
</pin_list>
<bind>
<StgValue><ssdm name=""/></StgValue>
</bind>
</comp>

<comp id="90" class="1001" name="const_90">
<pin_list>
<pin id="91" dir="1" index="0" bw="1" slack="0"/>
</pin_list>
<bind>
<StgValue><ssdm name=""/></StgValue>
</bind>
</comp>

<comp id="92" class="1001" name="const_92">
<pin_list>
<pin id="93" dir="1" index="0" bw="1" slack="0"/>
</pin_list>
<bind>
<StgValue><ssdm name="_ssdm_op_BitConcatenate.i8.i2.i6"/></StgValue>
</bind>
</comp>

<comp id="94" class="1001" name="const_94">
<pin_list>
<pin id="95" dir="1" index="0" bw="1" slack="0"/>
</pin_list>
<bind>
<StgValue><ssdm name=""/></StgValue>
</bind>
</comp>

<comp id="96" class="1001" name="const_96">
<pin_list>
<pin id="97" dir="1" index="0" bw="1" slack="2147483647"/>
</pin_list>
<bind>
<StgValue><ssdm name="_ssdm_op_SpecLoopTripCount"/></StgValue>
</bind>
</comp>

<comp id="98" class="1001" name="const_98">
<pin_list>
<pin id="99" dir="1" index="0" bw="1" slack="2147483647"/>
</pin_list>
<bind>
<StgValue><ssdm name=""/></StgValue>
</bind>
</comp>

<comp id="100" class="1001" name="const_100">
<pin_list>
<pin id="101" dir="1" index="0" bw="1" slack="2147483647"/>
</pin_list>
<bind>
<StgValue><ssdm name="_ssdm_op_SpecLoopName"/></StgValue>
</bind>
</comp>

<comp id="102" class="1001" name="const_102">
<pin_list>
<pin id="103" dir="1" index="0" bw="1" slack="2147483647"/>
</pin_list>
<bind>
<StgValue><ssdm name="empty_9"/></StgValue>
</bind>
</comp>

<comp id="104" class="1001" name="const_104">
<pin_list>
<pin id="105" dir="1" index="0" bw="1" slack="1"/>
</pin_list>
<bind>
<StgValue><ssdm name=""/></StgValue>
</bind>
</comp>

<comp id="106" class="1001" name="const_106">
<pin_list>
<pin id="107" dir="1" index="0" bw="1" slack="0"/>
</pin_list>
<bind>
<StgValue><ssdm name=""/></StgValue>
</bind>
</comp>

<comp id="108" class="1001" name="const_108">
<pin_list>
<pin id="109" dir="1" index="0" bw="1" slack="0"/>
</pin_list>
<bind>
<StgValue><ssdm name=""/></StgValue>
</bind>
</comp>

<comp id="110" class="1001" name="const_110">
<pin_list>
<pin id="111" dir="1" index="0" bw="1" slack="0"/>
</pin_list>
<bind>
<StgValue><ssdm name="fft2d_fixed_top_Pipeline_VITIS_LOOP_205_10"/></StgValue>
</bind>
</comp>

<comp id="112" class="1001" name="const_112">
<pin_list>
<pin id="113" dir="1" index="0" bw="1" slack="0"/>
</pin_list>
<bind>
<StgValue><ssdm name="fft1d_fixed_col"/></StgValue>
</bind>
</comp>

<comp id="114" class="1001" name="const_114">
<pin_list>
<pin id="115" dir="1" index="0" bw="1" slack="0"/>
</pin_list>
<bind>
<StgValue><ssdm name="fft2d_fixed_top_Pipeline_VITIS_LOOP_211_11"/></StgValue>
</bind>
</comp>

<comp id="116" class="1001" name="const_116">
<pin_list>
<pin id="117" dir="1" index="0" bw="1" slack="2147483647"/>
</pin_list>
<bind>
<StgValue><ssdm name=""/></StgValue>
</bind>
</comp>

<comp id="118" class="1001" name="const_118">
<pin_list>
<pin id="119" dir="1" index="0" bw="1" slack="2147483647"/>
</pin_list>
<bind>
<StgValue><ssdm name="empty_8"/></StgValue>
</bind>
</comp>

<comp id="120" class="1001" name="const_120">
<pin_list>
<pin id="121" dir="1" index="0" bw="1" slack="0"/>
</pin_list>
<bind>
<StgValue><ssdm name="_ssdm_op_WriteReq.m_axi.p1i32"/></StgValue>
</bind>
</comp>

<comp id="122" class="1001" name="const_122">
<pin_list>
<pin id="123" dir="1" index="0" bw="1" slack="0"/>
</pin_list>
<bind>
<StgValue><ssdm name="fft2d_fixed_top_Pipeline_VITIS_LOOP_217_12_VITIS_LOOP_218_13_VITIS_LOOP_219_14"/></StgValue>
</bind>
</comp>

<comp id="124" class="1001" name="const_124">
<pin_list>
<pin id="125" dir="1" index="0" bw="1" slack="0"/>
</pin_list>
<bind>
<StgValue><ssdm name="_ssdm_op_WriteResp.m_axi.p1i32"/></StgValue>
</bind>
</comp>

<comp id="126" class="1004" name="ch_fu_126">
<pin_list>
<pin id="127" dir="0" index="0" bw="1" slack="0"/>
<pin id="128" dir="1" index="1" bw="2" slack="0"/>
</pin_list>
<bind>
<opcode="alloca(26) " fcode="alloca"/>
<opset="ch/1 "/>
</bind>
</comp>

<comp id="130" class="1004" name="row_buffer_real_alloca_fu_130">
<pin_list>
<pin id="131" dir="0" index="0" bw="1" slack="0"/>
<pin id="132" dir="1" index="1" bw="32" slack="0"/>
</pin_list>
<bind>
<opcode="alloca(26) " fcode="alloca"/>
<opset="row_buffer_real/1 "/>
</bind>
</comp>

<comp id="134" class="1004" name="row_buffer_imag_alloca_fu_134">
<pin_list>
<pin id="135" dir="0" index="0" bw="1" slack="0"/>
<pin id="136" dir="1" index="1" bw="32" slack="0"/>
</pin_list>
<bind>
<opcode="alloca(26) " fcode="alloca"/>
<opset="row_buffer_imag/1 "/>
</bind>
</comp>

<comp id="138" class="1004" name="col_buffer_real_alloca_fu_138">
<pin_list>
<pin id="139" dir="0" index="0" bw="1" slack="0"/>
<pin id="140" dir="1" index="1" bw="32" slack="0"/>
</pin_list>
<bind>
<opcode="alloca(26) " fcode="alloca"/>
<opset="col_buffer_real/1 "/>
</bind>
</comp>

<comp id="142" class="1004" name="col_buffer_imag_alloca_fu_142">
<pin_list>
<pin id="143" dir="0" index="0" bw="1" slack="0"/>
<pin id="144" dir="1" index="1" bw="32" slack="0"/>
</pin_list>
<bind>
<opcode="alloca(26) " fcode="alloca"/>
<opset="col_buffer_imag/1 "/>
</bind>
</comp>

<comp id="146" class="1004" name="output_imag_read_read_fu_146">
<pin_list>
<pin id="147" dir="0" index="0" bw="64" slack="0"/>
<pin id="148" dir="0" index="1" bw="64" slack="0"/>
<pin id="149" dir="1" index="2" bw="64" slack="13"/>
</pin_list>
<bind>
<opcode="read(1150) " fcode="read"/>
<opset="output_imag_read/2 "/>
</bind>
</comp>

<comp id="152" class="1004" name="output_real_read_read_fu_152">
<pin_list>
<pin id="153" dir="0" index="0" bw="64" slack="0"/>
<pin id="154" dir="0" index="1" bw="64" slack="0"/>
<pin id="155" dir="1" index="2" bw="64" slack="13"/>
</pin_list>
<bind>
<opcode="read(1150) " fcode="read"/>
<opset="output_real_read/2 "/>
</bind>
</comp>

<comp id="158" class="1004" name="input_r_read_read_fu_158">
<pin_list>
<pin id="159" dir="0" index="0" bw="64" slack="0"/>
<pin id="160" dir="0" index="1" bw="64" slack="0"/>
<pin id="161" dir="1" index="2" bw="64" slack="0"/>
</pin_list>
<bind>
<opcode="read(1150) " fcode="read"/>
<opset="input_r_read/2 "/>
</bind>
</comp>

<comp id="164" class="1004" name="grp_readreq_fu_164">
<pin_list>
<pin id="165" dir="0" index="0" bw="1" slack="0"/>
<pin id="166" dir="0" index="1" bw="32" slack="0"/>
<pin id="167" dir="0" index="2" bw="15" slack="0"/>
<pin id="168" dir="1" index="3" bw="1" slack="2147483647"/>
</pin_list>
<bind>
<opcode="readreq(1154) " fcode="readreq"/>
<opset="empty/3 "/>
</bind>
</comp>

<comp id="171" class="1004" name="empty_44_writereq_fu_171">
<pin_list>
<pin id="172" dir="0" index="0" bw="1" slack="0"/>
<pin id="173" dir="0" index="1" bw="32" slack="0"/>
<pin id="174" dir="0" index="2" bw="15" slack="0"/>
<pin id="175" dir="1" index="3" bw="1" slack="2147483647"/>
</pin_list>
<bind>
<opcode="writereq(1155) " fcode="writereq"/>
<opset="empty_44/22 "/>
</bind>
</comp>

<comp id="178" class="1004" name="empty_45_writereq_fu_178">
<pin_list>
<pin id="179" dir="0" index="0" bw="1" slack="0"/>
<pin id="180" dir="0" index="1" bw="32" slack="0"/>
<pin id="181" dir="0" index="2" bw="15" slack="0"/>
<pin id="182" dir="1" index="3" bw="1" slack="2147483647"/>
</pin_list>
<bind>
<opcode="writereq(1155) " fcode="writereq"/>
<opset="empty_45/22 "/>
</bind>
</comp>

<comp id="185" class="1004" name="grp_writeresp_fu_185">
<pin_list>
<pin id="186" dir="0" index="0" bw="1" slack="0"/>
<pin id="187" dir="0" index="1" bw="32" slack="3"/>
<pin id="188" dir="1" index="2" bw="1" slack="2147483647"/>
</pin_list>
<bind>
<opcode="writeresp(1158) " fcode="writeresp"/>
<opset="empty_46/25 "/>
</bind>
</comp>

<comp id="190" class="1004" name="grp_writeresp_fu_190">
<pin_list>
<pin id="191" dir="0" index="0" bw="1" slack="0"/>
<pin id="192" dir="0" index="1" bw="32" slack="3"/>
<pin id="193" dir="1" index="2" bw="1" slack="2147483647"/>
</pin_list>
<bind>
<opcode="writeresp(1158) " fcode="writeresp"/>
<opset="empty_47/25 "/>
</bind>
</comp>

<comp id="195" class="1005" name="c_1_reg_195">
<pin_list>
<pin id="196" dir="0" index="0" bw="7" slack="1"/>
<pin id="197" dir="1" index="1" bw="7" slack="1"/>
</pin_list>
<bind>
<opset="c_1 (phireg) "/>
</bind>
</comp>

<comp id="199" class="1004" name="c_1_phi_fu_199">
<pin_list>
<pin id="200" dir="0" index="0" bw="1" slack="1"/>
<pin id="201" dir="0" index="1" bw="0" slack="2147483647"/>
<pin id="202" dir="0" index="2" bw="7" slack="0"/>
<pin id="203" dir="0" index="3" bw="0" slack="2147483647"/>
<pin id="204" dir="1" index="4" bw="7" slack="0"/>
</pin_list>
<bind>
<opcode="phi(47) " fcode="phi"/>
<opset="c_1/16 "/>
</bind>
</comp>

<comp id="206" class="1004" name="grp_fft2d_fixed_top_Pipeline_1_fu_206">
<pin_list>
<pin id="207" dir="0" index="0" bw="0" slack="0"/>
<pin id="208" dir="0" index="1" bw="32" slack="0"/>
<pin id="209" dir="0" index="2" bw="32" slack="0"/>
<pin id="210" dir="1" index="3" bw="0" slack="2147483647"/>
</pin_list>
<bind>
<opcode="call(48) " fcode="call"/>
<opset="call_ln0/1 "/>
</bind>
</comp>

<comp id="214" class="1004" name="grp_fft2d_fixed_top_Pipeline_2_fu_214">
<pin_list>
<pin id="215" dir="0" index="0" bw="0" slack="0"/>
<pin id="216" dir="0" index="1" bw="32" slack="0"/>
<pin id="217" dir="0" index="2" bw="32" slack="0"/>
<pin id="218" dir="1" index="3" bw="0" slack="2147483647"/>
</pin_list>
<bind>
<opcode="call(48) " fcode="call"/>
<opset="call_ln0/1 "/>
</bind>
</comp>

<comp id="222" class="1004" name="grp_fft2d_fixed_top_Pipeline_VITIS_LOOP_180_1_VITIS_LOOP_181_2_VITIS_LOOP_182_3_fu_222">
<pin_list>
<pin id="223" dir="0" index="0" bw="0" slack="0"/>
<pin id="224" dir="0" index="1" bw="32" slack="0"/>
<pin id="225" dir="0" index="2" bw="62" slack="9"/>
<pin id="226" dir="0" index="3" bw="32" slack="0"/>
<pin id="227" dir="0" index="4" bw="32" slack="0"/>
<pin id="228" dir="1" index="5" bw="0" slack="2147483647"/>
</pin_list>
<bind>
<opcode="call(48) " fcode="call"/>
<opset="call_ln180/11 "/>
</bind>
</comp>

<comp id="233" class="1004" name="grp_fft2d_fixed_top_Outline_VITIS_LOOP_189_4_fu_233">
<pin_list>
<pin id="234" dir="0" index="0" bw="0" slack="0"/>
<pin id="235" dir="0" index="1" bw="32" slack="2147483647"/>
<pin id="236" dir="0" index="2" bw="32" slack="2147483647"/>
<pin id="237" dir="0" index="3" bw="32" slack="0"/>
<pin id="238" dir="0" index="4" bw="32" slack="0"/>
<pin id="239" dir="0" index="5" bw="14" slack="0"/>
<pin id="240" dir="0" index="6" bw="13" slack="0"/>
<pin id="241" dir="1" index="7" bw="0" slack="2147483647"/>
</pin_list>
<bind>
<opcode="call(48) " fcode="call"/>
<opset="call_ln0/13 "/>
</bind>
</comp>

<comp id="247" class="1004" name="grp_fft2d_fixed_top_Pipeline_VITIS_LOOP_205_10_fu_247">
<pin_list>
<pin id="248" dir="0" index="0" bw="0" slack="0"/>
<pin id="249" dir="0" index="1" bw="8" slack="1"/>
<pin id="250" dir="0" index="2" bw="6" slack="0"/>
<pin id="251" dir="0" index="3" bw="32" slack="2147483647"/>
<pin id="252" dir="0" index="4" bw="32" slack="2147483647"/>
<pin id="253" dir="0" index="5" bw="32" slack="0"/>
<pin id="254" dir="0" index="6" bw="32" slack="0"/>
<pin id="255" dir="1" index="7" bw="0" slack="2147483647"/>
</pin_list>
<bind>
<opcode="call(48) " fcode="call"/>
<opset="call_ln206/16 "/>
</bind>
</comp>

<comp id="259" class="1004" name="grp_fft1d_fixed_col_fu_259">
<pin_list>
<pin id="260" dir="0" index="0" bw="0" slack="0"/>
<pin id="261" dir="0" index="1" bw="32" slack="2147483647"/>
<pin id="262" dir="0" index="2" bw="32" slack="2147483647"/>
<pin id="263" dir="0" index="3" bw="14" slack="0"/>
<pin id="264" dir="0" index="4" bw="13" slack="0"/>
<pin id="265" dir="1" index="5" bw="0" slack="2147483647"/>
</pin_list>
<bind>
<opcode="call(48) " fcode="call"/>
<opset="call_ln209/18 "/>
</bind>
</comp>

<comp id="269" class="1004" name="grp_fft2d_fixed_top_Pipeline_VITIS_LOOP_211_11_fu_269">
<pin_list>
<pin id="270" dir="0" index="0" bw="0" slack="0"/>
<pin id="271" dir="0" index="1" bw="8" slack="5"/>
<pin id="272" dir="0" index="2" bw="6" slack="4"/>
<pin id="273" dir="0" index="3" bw="32" slack="2147483647"/>
<pin id="274" dir="0" index="4" bw="32" slack="2147483647"/>
<pin id="275" dir="0" index="5" bw="32" slack="0"/>
<pin id="276" dir="0" index="6" bw="32" slack="0"/>
<pin id="277" dir="1" index="7" bw="0" slack="2147483647"/>
</pin_list>
<bind>
<opcode="call(48) " fcode="call"/>
<opset="call_ln206/20 "/>
</bind>
</comp>

<comp id="281" class="1004" name="grp_fft2d_fixed_top_Pipeline_VITIS_LOOP_217_12_VITIS_LOOP_218_13_VITIS_LOOP_219_14_fu_281">
<pin_list>
<pin id="282" dir="0" index="0" bw="0" slack="0"/>
<pin id="283" dir="0" index="1" bw="32" slack="0"/>
<pin id="284" dir="0" index="2" bw="32" slack="0"/>
<pin id="285" dir="0" index="3" bw="62" slack="2"/>
<pin id="286" dir="0" index="4" bw="62" slack="2"/>
<pin id="287" dir="0" index="5" bw="32" slack="0"/>
<pin id="288" dir="0" index="6" bw="32" slack="0"/>
<pin id="289" dir="1" index="7" bw="0" slack="2147483647"/>
</pin_list>
<bind>
<opcode="call(48) " fcode="call"/>
<opset="call_ln217/23 "/>
</bind>
</comp>

<comp id="295" class="1004" name="store_ln203_store_fu_295">
<pin_list>
<pin id="296" dir="0" index="0" bw="1" slack="0"/>
<pin id="297" dir="0" index="1" bw="2" slack="0"/>
<pin id="298" dir="1" index="2" bw="0" slack="2147483647"/>
</pin_list>
<bind>
<opcode="store(28) " fcode="store"/>
<opset="store_ln203/1 "/>
</bind>
</comp>

<comp id="300" class="1004" name="trunc_ln_fu_300">
<pin_list>
<pin id="301" dir="0" index="0" bw="62" slack="0"/>
<pin id="302" dir="0" index="1" bw="64" slack="0"/>
<pin id="303" dir="0" index="2" bw="3" slack="0"/>
<pin id="304" dir="0" index="3" bw="7" slack="0"/>
<pin id="305" dir="1" index="4" bw="62" slack="1"/>
</pin_list>
<bind>
<opcode="partselect(1002) " fcode="partselect"/>
<opset="trunc_ln/2 "/>
</bind>
</comp>

<comp id="310" class="1004" name="sext_ln180_fu_310">
<pin_list>
<pin id="311" dir="0" index="0" bw="62" slack="1"/>
<pin id="312" dir="1" index="1" bw="64" slack="0"/>
</pin_list>
<bind>
<opcode="sext(35) " fcode="sext"/>
<opset="sext_ln180/3 "/>
</bind>
</comp>

<comp id="313" class="1004" name="gmem0_addr_fu_313">
<pin_list>
<pin id="314" dir="0" index="0" bw="32" slack="0"/>
<pin id="315" dir="0" index="1" bw="62" slack="0"/>
<pin id="316" dir="1" index="2" bw="32" slack="0"/>
</pin_list>
<bind>
<opcode="getelementptr(29) " fcode="getelementptr"/>
<opset="gmem0_addr/3 "/>
</bind>
</comp>

<comp id="320" class="1004" name="ch_2_load_fu_320">
<pin_list>
<pin id="321" dir="0" index="0" bw="2" slack="14"/>
<pin id="322" dir="1" index="1" bw="2" slack="0"/>
</pin_list>
<bind>
<opcode="load(27) " fcode="load"/>
<opset="ch_2/15 "/>
</bind>
</comp>

<comp id="323" class="1004" name="icmp_ln203_fu_323">
<pin_list>
<pin id="324" dir="0" index="0" bw="2" slack="0"/>
<pin id="325" dir="0" index="1" bw="1" slack="0"/>
<pin id="326" dir="1" index="2" bw="1" slack="2147483647"/>
</pin_list>
<bind>
<opcode="icmp(45) " fcode="icmp"/>
<opset="icmp_ln203/15 "/>
</bind>
</comp>

<comp id="329" class="1004" name="add_ln203_fu_329">
<pin_list>
<pin id="330" dir="0" index="0" bw="2" slack="0"/>
<pin id="331" dir="0" index="1" bw="1" slack="0"/>
<pin id="332" dir="1" index="2" bw="2" slack="1"/>
</pin_list>
<bind>
<opcode="add(8) " fcode="add"/>
<opset="add_ln203/15 "/>
</bind>
</comp>

<comp id="335" class="1004" name="tmp_4_fu_335">
<pin_list>
<pin id="336" dir="0" index="0" bw="8" slack="0"/>
<pin id="337" dir="0" index="1" bw="2" slack="0"/>
<pin id="338" dir="0" index="2" bw="1" slack="0"/>
<pin id="339" dir="1" index="3" bw="8" slack="1"/>
</pin_list>
<bind>
<opcode="bitconcatenate(1004) " fcode="bitconcatenate"/>
<opset="tmp_4/15 "/>
</bind>
</comp>

<comp id="343" class="1004" name="trunc_ln1_fu_343">
<pin_list>
<pin id="344" dir="0" index="0" bw="62" slack="0"/>
<pin id="345" dir="0" index="1" bw="64" slack="13"/>
<pin id="346" dir="0" index="2" bw="3" slack="0"/>
<pin id="347" dir="0" index="3" bw="7" slack="0"/>
<pin id="348" dir="1" index="4" bw="62" slack="1"/>
</pin_list>
<bind>
<opcode="partselect(1002) " fcode="partselect"/>
<opset="trunc_ln1/15 "/>
</bind>
</comp>

<comp id="352" class="1004" name="trunc_ln217_1_fu_352">
<pin_list>
<pin id="353" dir="0" index="0" bw="62" slack="0"/>
<pin id="354" dir="0" index="1" bw="64" slack="13"/>
<pin id="355" dir="0" index="2" bw="3" slack="0"/>
<pin id="356" dir="0" index="3" bw="7" slack="0"/>
<pin id="357" dir="1" index="4" bw="62" slack="1"/>
</pin_list>
<bind>
<opcode="partselect(1002) " fcode="partselect"/>
<opset="trunc_ln217_1/15 "/>
</bind>
</comp>

<comp id="361" class="1004" name="icmp_ln204_fu_361">
<pin_list>
<pin id="362" dir="0" index="0" bw="7" slack="0"/>
<pin id="363" dir="0" index="1" bw="7" slack="0"/>
<pin id="364" dir="1" index="2" bw="1" slack="2147483647"/>
</pin_list>
<bind>
<opcode="icmp(45) " fcode="icmp"/>
<opset="icmp_ln204/16 "/>
</bind>
</comp>

<comp id="367" class="1004" name="add_ln204_fu_367">
<pin_list>
<pin id="368" dir="0" index="0" bw="7" slack="0"/>
<pin id="369" dir="0" index="1" bw="1" slack="0"/>
<pin id="370" dir="1" index="2" bw="7" slack="0"/>
</pin_list>
<bind>
<opcode="add(8) " fcode="add"/>
<opset="add_ln204/16 "/>
</bind>
</comp>

<comp id="373" class="1004" name="trunc_ln204_fu_373">
<pin_list>
<pin id="374" dir="0" index="0" bw="7" slack="0"/>
<pin id="375" dir="1" index="1" bw="6" slack="0"/>
</pin_list>
<bind>
<opcode="trunc(33) " fcode="trunc"/>
<opset="trunc_ln204/16 "/>
</bind>
</comp>

<comp id="378" class="1004" name="store_ln203_store_fu_378">
<pin_list>
<pin id="379" dir="0" index="0" bw="2" slack="1"/>
<pin id="380" dir="0" index="1" bw="2" slack="15"/>
<pin id="381" dir="1" index="2" bw="0" slack="2147483647"/>
</pin_list>
<bind>
<opcode="store(28) " fcode="store"/>
<opset="store_ln203/16 "/>
</bind>
</comp>

<comp id="382" class="1004" name="sext_ln217_fu_382">
<pin_list>
<pin id="383" dir="0" index="0" bw="62" slack="1"/>
<pin id="384" dir="1" index="1" bw="64" slack="0"/>
</pin_list>
<bind>
<opcode="sext(35) " fcode="sext"/>
<opset="sext_ln217/22 "/>
</bind>
</comp>

<comp id="385" class="1004" name="gmem1_addr_fu_385">
<pin_list>
<pin id="386" dir="0" index="0" bw="32" slack="0"/>
<pin id="387" dir="0" index="1" bw="62" slack="0"/>
<pin id="388" dir="1" index="2" bw="32" slack="0"/>
</pin_list>
<bind>
<opcode="getelementptr(29) " fcode="getelementptr"/>
<opset="gmem1_addr/22 "/>
</bind>
</comp>

<comp id="392" class="1004" name="sext_ln217_1_fu_392">
<pin_list>
<pin id="393" dir="0" index="0" bw="62" slack="1"/>
<pin id="394" dir="1" index="1" bw="64" slack="0"/>
</pin_list>
<bind>
<opcode="sext(35) " fcode="sext"/>
<opset="sext_ln217_1/22 "/>
</bind>
</comp>

<comp id="395" class="1004" name="gmem2_addr_fu_395">
<pin_list>
<pin id="396" dir="0" index="0" bw="32" slack="0"/>
<pin id="397" dir="0" index="1" bw="62" slack="0"/>
<pin id="398" dir="1" index="2" bw="32" slack="0"/>
</pin_list>
<bind>
<opcode="getelementptr(29) " fcode="getelementptr"/>
<opset="gmem2_addr/22 "/>
</bind>
</comp>

<comp id="402" class="1005" name="ch_reg_402">
<pin_list>
<pin id="403" dir="0" index="0" bw="2" slack="0"/>
<pin id="404" dir="1" index="1" bw="2" slack="0"/>
</pin_list>
<bind>
<opset="ch "/>
</bind>
</comp>

<comp id="409" class="1005" name="output_imag_read_reg_409">
<pin_list>
<pin id="410" dir="0" index="0" bw="64" slack="13"/>
<pin id="411" dir="1" index="1" bw="64" slack="13"/>
</pin_list>
<bind>
<opset="output_imag_read "/>
</bind>
</comp>

<comp id="414" class="1005" name="output_real_read_reg_414">
<pin_list>
<pin id="415" dir="0" index="0" bw="64" slack="13"/>
<pin id="416" dir="1" index="1" bw="64" slack="13"/>
</pin_list>
<bind>
<opset="output_real_read "/>
</bind>
</comp>

<comp id="419" class="1005" name="trunc_ln_reg_419">
<pin_list>
<pin id="420" dir="0" index="0" bw="62" slack="1"/>
<pin id="421" dir="1" index="1" bw="62" slack="1"/>
</pin_list>
<bind>
<opset="trunc_ln "/>
</bind>
</comp>

<comp id="425" class="1005" name="gmem0_addr_reg_425">
<pin_list>
<pin id="426" dir="0" index="0" bw="32" slack="1"/>
<pin id="427" dir="1" index="1" bw="32" slack="1"/>
</pin_list>
<bind>
<opset="gmem0_addr "/>
</bind>
</comp>

<comp id="433" class="1005" name="add_ln203_reg_433">
<pin_list>
<pin id="434" dir="0" index="0" bw="2" slack="1"/>
<pin id="435" dir="1" index="1" bw="2" slack="1"/>
</pin_list>
<bind>
<opset="add_ln203 "/>
</bind>
</comp>

<comp id="438" class="1005" name="tmp_4_reg_438">
<pin_list>
<pin id="439" dir="0" index="0" bw="8" slack="1"/>
<pin id="440" dir="1" index="1" bw="8" slack="1"/>
</pin_list>
<bind>
<opset="tmp_4 "/>
</bind>
</comp>

<comp id="444" class="1005" name="trunc_ln1_reg_444">
<pin_list>
<pin id="445" dir="0" index="0" bw="62" slack="1"/>
<pin id="446" dir="1" index="1" bw="62" slack="1"/>
</pin_list>
<bind>
<opset="trunc_ln1 "/>
</bind>
</comp>

<comp id="450" class="1005" name="trunc_ln217_1_reg_450">
<pin_list>
<pin id="451" dir="0" index="0" bw="62" slack="1"/>
<pin id="452" dir="1" index="1" bw="62" slack="1"/>
</pin_list>
<bind>
<opset="trunc_ln217_1 "/>
</bind>
</comp>

<comp id="459" class="1005" name="add_ln204_reg_459">
<pin_list>
<pin id="460" dir="0" index="0" bw="7" slack="0"/>
<pin id="461" dir="1" index="1" bw="7" slack="0"/>
</pin_list>
<bind>
<opset="add_ln204 "/>
</bind>
</comp>

<comp id="464" class="1005" name="trunc_ln204_reg_464">
<pin_list>
<pin id="465" dir="0" index="0" bw="6" slack="1"/>
<pin id="466" dir="1" index="1" bw="6" slack="1"/>
</pin_list>
<bind>
<opset="trunc_ln204 "/>
</bind>
</comp>

<comp id="470" class="1005" name="gmem1_addr_reg_470">
<pin_list>
<pin id="471" dir="0" index="0" bw="32" slack="3"/>
<pin id="472" dir="1" index="1" bw="32" slack="3"/>
</pin_list>
<bind>
<opset="gmem1_addr "/>
</bind>
</comp>

<comp id="475" class="1005" name="gmem2_addr_reg_475">
<pin_list>
<pin id="476" dir="0" index="0" bw="32" slack="3"/>
<pin id="477" dir="1" index="1" bw="32" slack="3"/>
</pin_list>
<bind>
<opset="gmem2_addr "/>
</bind>
</comp>

</comp_list>

<net_list>
<net id="129"><net_src comp="20" pin="0"/><net_sink comp="126" pin=0"/></net>

<net id="133"><net_src comp="22" pin="0"/><net_sink comp="130" pin=0"/></net>

<net id="137"><net_src comp="22" pin="0"/><net_sink comp="134" pin=0"/></net>

<net id="141"><net_src comp="22" pin="0"/><net_sink comp="138" pin=0"/></net>

<net id="145"><net_src comp="22" pin="0"/><net_sink comp="142" pin=0"/></net>

<net id="150"><net_src comp="30" pin="0"/><net_sink comp="146" pin=0"/></net>

<net id="151"><net_src comp="10" pin="0"/><net_sink comp="146" pin=1"/></net>

<net id="156"><net_src comp="30" pin="0"/><net_sink comp="152" pin=0"/></net>

<net id="157"><net_src comp="8" pin="0"/><net_sink comp="152" pin=1"/></net>

<net id="162"><net_src comp="30" pin="0"/><net_sink comp="158" pin=0"/></net>

<net id="163"><net_src comp="6" pin="0"/><net_sink comp="158" pin=1"/></net>

<net id="169"><net_src comp="38" pin="0"/><net_sink comp="164" pin=0"/></net>

<net id="170"><net_src comp="40" pin="0"/><net_sink comp="164" pin=2"/></net>

<net id="176"><net_src comp="120" pin="0"/><net_sink comp="171" pin=0"/></net>

<net id="177"><net_src comp="40" pin="0"/><net_sink comp="171" pin=2"/></net>

<net id="183"><net_src comp="120" pin="0"/><net_sink comp="178" pin=0"/></net>

<net id="184"><net_src comp="40" pin="0"/><net_sink comp="178" pin=2"/></net>

<net id="189"><net_src comp="124" pin="0"/><net_sink comp="185" pin=0"/></net>

<net id="194"><net_src comp="124" pin="0"/><net_sink comp="190" pin=0"/></net>

<net id="198"><net_src comp="104" pin="0"/><net_sink comp="195" pin=0"/></net>

<net id="205"><net_src comp="195" pin="1"/><net_sink comp="199" pin=0"/></net>

<net id="211"><net_src comp="24" pin="0"/><net_sink comp="206" pin=0"/></net>

<net id="212"><net_src comp="130" pin="1"/><net_sink comp="206" pin=1"/></net>

<net id="213"><net_src comp="134" pin="1"/><net_sink comp="206" pin=2"/></net>

<net id="219"><net_src comp="26" pin="0"/><net_sink comp="214" pin=0"/></net>

<net id="220"><net_src comp="138" pin="1"/><net_sink comp="214" pin=1"/></net>

<net id="221"><net_src comp="142" pin="1"/><net_sink comp="214" pin=2"/></net>

<net id="229"><net_src comp="42" pin="0"/><net_sink comp="222" pin=0"/></net>

<net id="230"><net_src comp="0" pin="0"/><net_sink comp="222" pin=1"/></net>

<net id="231"><net_src comp="12" pin="0"/><net_sink comp="222" pin=3"/></net>

<net id="232"><net_src comp="14" pin="0"/><net_sink comp="222" pin=4"/></net>

<net id="242"><net_src comp="44" pin="0"/><net_sink comp="233" pin=0"/></net>

<net id="243"><net_src comp="12" pin="0"/><net_sink comp="233" pin=3"/></net>

<net id="244"><net_src comp="14" pin="0"/><net_sink comp="233" pin=4"/></net>

<net id="245"><net_src comp="16" pin="0"/><net_sink comp="233" pin=5"/></net>

<net id="246"><net_src comp="18" pin="0"/><net_sink comp="233" pin=6"/></net>

<net id="256"><net_src comp="110" pin="0"/><net_sink comp="247" pin=0"/></net>

<net id="257"><net_src comp="12" pin="0"/><net_sink comp="247" pin=5"/></net>

<net id="258"><net_src comp="14" pin="0"/><net_sink comp="247" pin=6"/></net>

<net id="266"><net_src comp="112" pin="0"/><net_sink comp="259" pin=0"/></net>

<net id="267"><net_src comp="16" pin="0"/><net_sink comp="259" pin=3"/></net>

<net id="268"><net_src comp="18" pin="0"/><net_sink comp="259" pin=4"/></net>

<net id="278"><net_src comp="114" pin="0"/><net_sink comp="269" pin=0"/></net>

<net id="279"><net_src comp="12" pin="0"/><net_sink comp="269" pin=5"/></net>

<net id="280"><net_src comp="14" pin="0"/><net_sink comp="269" pin=6"/></net>

<net id="290"><net_src comp="122" pin="0"/><net_sink comp="281" pin=0"/></net>

<net id="291"><net_src comp="4" pin="0"/><net_sink comp="281" pin=1"/></net>

<net id="292"><net_src comp="2" pin="0"/><net_sink comp="281" pin=2"/></net>

<net id="293"><net_src comp="12" pin="0"/><net_sink comp="281" pin=5"/></net>

<net id="294"><net_src comp="14" pin="0"/><net_sink comp="281" pin=6"/></net>

<net id="299"><net_src comp="28" pin="0"/><net_sink comp="295" pin=0"/></net>

<net id="306"><net_src comp="32" pin="0"/><net_sink comp="300" pin=0"/></net>

<net id="307"><net_src comp="158" pin="2"/><net_sink comp="300" pin=1"/></net>

<net id="308"><net_src comp="34" pin="0"/><net_sink comp="300" pin=2"/></net>

<net id="309"><net_src comp="36" pin="0"/><net_sink comp="300" pin=3"/></net>

<net id="317"><net_src comp="0" pin="0"/><net_sink comp="313" pin=0"/></net>

<net id="318"><net_src comp="310" pin="1"/><net_sink comp="313" pin=1"/></net>

<net id="319"><net_src comp="313" pin="2"/><net_sink comp="164" pin=1"/></net>

<net id="327"><net_src comp="320" pin="1"/><net_sink comp="323" pin=0"/></net>

<net id="328"><net_src comp="88" pin="0"/><net_sink comp="323" pin=1"/></net>

<net id="333"><net_src comp="320" pin="1"/><net_sink comp="329" pin=0"/></net>

<net id="334"><net_src comp="90" pin="0"/><net_sink comp="329" pin=1"/></net>

<net id="340"><net_src comp="92" pin="0"/><net_sink comp="335" pin=0"/></net>

<net id="341"><net_src comp="320" pin="1"/><net_sink comp="335" pin=1"/></net>

<net id="342"><net_src comp="94" pin="0"/><net_sink comp="335" pin=2"/></net>

<net id="349"><net_src comp="32" pin="0"/><net_sink comp="343" pin=0"/></net>

<net id="350"><net_src comp="34" pin="0"/><net_sink comp="343" pin=2"/></net>

<net id="351"><net_src comp="36" pin="0"/><net_sink comp="343" pin=3"/></net>

<net id="358"><net_src comp="32" pin="0"/><net_sink comp="352" pin=0"/></net>

<net id="359"><net_src comp="34" pin="0"/><net_sink comp="352" pin=2"/></net>

<net id="360"><net_src comp="36" pin="0"/><net_sink comp="352" pin=3"/></net>

<net id="365"><net_src comp="199" pin="4"/><net_sink comp="361" pin=0"/></net>

<net id="366"><net_src comp="106" pin="0"/><net_sink comp="361" pin=1"/></net>

<net id="371"><net_src comp="199" pin="4"/><net_sink comp="367" pin=0"/></net>

<net id="372"><net_src comp="108" pin="0"/><net_sink comp="367" pin=1"/></net>

<net id="376"><net_src comp="199" pin="4"/><net_sink comp="373" pin=0"/></net>

<net id="377"><net_src comp="373" pin="1"/><net_sink comp="247" pin=2"/></net>

<net id="389"><net_src comp="2" pin="0"/><net_sink comp="385" pin=0"/></net>

<net id="390"><net_src comp="382" pin="1"/><net_sink comp="385" pin=1"/></net>

<net id="391"><net_src comp="385" pin="2"/><net_sink comp="171" pin=1"/></net>

<net id="399"><net_src comp="4" pin="0"/><net_sink comp="395" pin=0"/></net>

<net id="400"><net_src comp="392" pin="1"/><net_sink comp="395" pin=1"/></net>

<net id="401"><net_src comp="395" pin="2"/><net_sink comp="178" pin=1"/></net>

<net id="405"><net_src comp="126" pin="1"/><net_sink comp="402" pin=0"/></net>

<net id="406"><net_src comp="402" pin="1"/><net_sink comp="295" pin=1"/></net>

<net id="407"><net_src comp="402" pin="1"/><net_sink comp="320" pin=0"/></net>

<net id="408"><net_src comp="402" pin="1"/><net_sink comp="378" pin=1"/></net>

<net id="412"><net_src comp="146" pin="2"/><net_sink comp="409" pin=0"/></net>

<net id="413"><net_src comp="409" pin="1"/><net_sink comp="352" pin=1"/></net>

<net id="417"><net_src comp="152" pin="2"/><net_sink comp="414" pin=0"/></net>

<net id="418"><net_src comp="414" pin="1"/><net_sink comp="343" pin=1"/></net>

<net id="422"><net_src comp="300" pin="4"/><net_sink comp="419" pin=0"/></net>

<net id="423"><net_src comp="419" pin="1"/><net_sink comp="310" pin=0"/></net>

<net id="424"><net_src comp="419" pin="1"/><net_sink comp="222" pin=2"/></net>

<net id="428"><net_src comp="313" pin="2"/><net_sink comp="425" pin=0"/></net>

<net id="429"><net_src comp="425" pin="1"/><net_sink comp="164" pin=1"/></net>

<net id="436"><net_src comp="329" pin="2"/><net_sink comp="433" pin=0"/></net>

<net id="437"><net_src comp="433" pin="1"/><net_sink comp="378" pin=0"/></net>

<net id="441"><net_src comp="335" pin="3"/><net_sink comp="438" pin=0"/></net>

<net id="442"><net_src comp="438" pin="1"/><net_sink comp="247" pin=1"/></net>

<net id="443"><net_src comp="438" pin="1"/><net_sink comp="269" pin=1"/></net>

<net id="447"><net_src comp="343" pin="4"/><net_sink comp="444" pin=0"/></net>

<net id="448"><net_src comp="444" pin="1"/><net_sink comp="382" pin=0"/></net>

<net id="449"><net_src comp="444" pin="1"/><net_sink comp="281" pin=3"/></net>

<net id="453"><net_src comp="352" pin="4"/><net_sink comp="450" pin=0"/></net>

<net id="454"><net_src comp="450" pin="1"/><net_sink comp="392" pin=0"/></net>

<net id="455"><net_src comp="450" pin="1"/><net_sink comp="281" pin=4"/></net>

<net id="462"><net_src comp="367" pin="2"/><net_sink comp="459" pin=0"/></net>

<net id="463"><net_src comp="459" pin="1"/><net_sink comp="199" pin=2"/></net>

<net id="467"><net_src comp="373" pin="1"/><net_sink comp="464" pin=0"/></net>

<net id="468"><net_src comp="464" pin="1"/><net_sink comp="247" pin=2"/></net>

<net id="469"><net_src comp="464" pin="1"/><net_sink comp="269" pin=2"/></net>

<net id="473"><net_src comp="385" pin="2"/><net_sink comp="470" pin=0"/></net>

<net id="474"><net_src comp="470" pin="1"/><net_sink comp="185" pin=1"/></net>

<net id="478"><net_src comp="395" pin="2"/><net_sink comp="475" pin=0"/></net>

<net id="479"><net_src comp="475" pin="1"/><net_sink comp="190" pin=1"/></net>

</net_list>

</model> 
---------------- Datapath Model END ------------------

* FSMD analyzer results:
  - Output states:
	Port: gmem1 | {22 23 24 25 26 27 28 29 }
	Port: gmem2 | {22 23 24 25 26 27 28 29 }
	Port: matrix_real | {11 12 13 14 20 21 }
	Port: matrix_imag | {11 12 13 14 20 21 }
 - Input state : 
	Port: fft2d_fixed_top : gmem0 | {3 4 5 6 7 8 9 10 11 12 }
	Port: fft2d_fixed_top : input_r | {2 }
	Port: fft2d_fixed_top : output_real | {2 }
	Port: fft2d_fixed_top : output_imag | {2 }
	Port: fft2d_fixed_top : matrix_real | {13 14 16 17 23 24 }
	Port: fft2d_fixed_top : matrix_imag | {13 14 16 17 23 24 }
	Port: fft2d_fixed_top : TWIDDLE_REAL | {13 14 18 19 }
	Port: fft2d_fixed_top : TWIDDLE_IMAG | {13 14 18 19 }
  - Chain level:
	State 1
		call_ln0 : 1
		call_ln0 : 1
		store_ln203 : 1
	State 2
	State 3
		gmem0_addr : 1
		empty : 2
	State 4
	State 5
	State 6
	State 7
	State 8
	State 9
	State 10
	State 11
	State 12
	State 13
	State 14
	State 15
		icmp_ln203 : 1
		add_ln203 : 1
		br_ln203 : 2
		tmp_4 : 1
	State 16
		icmp_ln204 : 1
		add_ln204 : 1
		br_ln204 : 2
		trunc_ln204 : 1
		call_ln206 : 2
	State 17
	State 18
	State 19
	State 20
	State 21
	State 22
		gmem1_addr : 1
		empty_44 : 2
		gmem2_addr : 1
		empty_45 : 2
	State 23
	State 24
	State 25
	State 26
	State 27
	State 28
	State 29


============================================================
+ Verbose Summary: Datapath Resource usage 
============================================================

* Functional unit list:
|----------|-------------------------------------------------------------------------------------------|---------|---------|---------|---------|
| Operation|                                      Functional Unit                                      |   DSP   |  Delay  |    FF   |   LUT   |
|----------|-------------------------------------------------------------------------------------------|---------|---------|---------|---------|
|          |                           grp_fft2d_fixed_top_Pipeline_1_fu_206                           |    0    |    0    |    6    |    28   |
|          |                           grp_fft2d_fixed_top_Pipeline_2_fu_214                           |    0    |    0    |    6    |    28   |
|          |   grp_fft2d_fixed_top_Pipeline_VITIS_LOOP_180_1_VITIS_LOOP_181_2_VITIS_LOOP_182_3_fu_222  |    0    |    0    |   157   |   195   |
|   call   |                    grp_fft2d_fixed_top_Outline_VITIS_LOOP_189_4_fu_233                    |    8    | 40.4158 |   4373  |   3679  |
|          |                   grp_fft2d_fixed_top_Pipeline_VITIS_LOOP_205_10_fu_247                   |    0    |  3.176  |    42   |    61   |
|          |                                 grp_fft1d_fixed_col_fu_259                                |    8    | 32.4758 |   4251  |   3481  |
|          |                   grp_fft2d_fixed_top_Pipeline_VITIS_LOOP_211_11_fu_269                   |    0    |  3.176  |    33   |    61   |
|          | grp_fft2d_fixed_top_Pipeline_VITIS_LOOP_217_12_VITIS_LOOP_218_13_VITIS_LOOP_219_14_fu_281 |    0    |  3.176  |   281   |   213   |
|----------|-------------------------------------------------------------------------------------------|---------|---------|---------|---------|
|   icmp   |                                     icmp_ln203_fu_323                                     |    0    |    0    |    0    |    10   |
|          |                                     icmp_ln204_fu_361                                     |    0    |    0    |    0    |    14   |
|----------|-------------------------------------------------------------------------------------------|---------|---------|---------|---------|
|    add   |                                      add_ln203_fu_329                                     |    0    |    0    |    0    |    10   |
|          |                                      add_ln204_fu_367                                     |    0    |    0    |    0    |    14   |
|----------|-------------------------------------------------------------------------------------------|---------|---------|---------|---------|
|          |                                output_imag_read_read_fu_146                               |    0    |    0    |    0    |    0    |
|   read   |                                output_real_read_read_fu_152                               |    0    |    0    |    0    |    0    |
|          |                                  input_r_read_read_fu_158                                 |    0    |    0    |    0    |    0    |
|----------|-------------------------------------------------------------------------------------------|---------|---------|---------|---------|
|  readreq |                                     grp_readreq_fu_164                                    |    0    |    0    |    0    |    0    |
|----------|-------------------------------------------------------------------------------------------|---------|---------|---------|---------|
| writereq |                                  empty_44_writereq_fu_171                                 |    0    |    0    |    0    |    0    |
|          |                                  empty_45_writereq_fu_178                                 |    0    |    0    |    0    |    0    |
|----------|-------------------------------------------------------------------------------------------|---------|---------|---------|---------|
| writeresp|                                    grp_writeresp_fu_185                                   |    0    |    0    |    0    |    0    |
|          |                                    grp_writeresp_fu_190                                   |    0    |    0    |    0    |    0    |
|----------|-------------------------------------------------------------------------------------------|---------|---------|---------|---------|
|          |                                      trunc_ln_fu_300                                      |    0    |    0    |    0    |    0    |
|partselect|                                      trunc_ln1_fu_343                                     |    0    |    0    |    0    |    0    |
|          |                                    trunc_ln217_1_fu_352                                   |    0    |    0    |    0    |    0    |
|----------|-------------------------------------------------------------------------------------------|---------|---------|---------|---------|
|          |                                     sext_ln180_fu_310                                     |    0    |    0    |    0    |    0    |
|   sext   |                                     sext_ln217_fu_382                                     |    0    |    0    |    0    |    0    |
|          |                                    sext_ln217_1_fu_392                                    |    0    |    0    |    0    |    0    |
|----------|-------------------------------------------------------------------------------------------|---------|---------|---------|---------|
|bitconcatenate|                                        tmp_4_fu_335                                       |    0    |    0    |    0    |    0    |
|----------|-------------------------------------------------------------------------------------------|---------|---------|---------|---------|
|   trunc  |                                     trunc_ln204_fu_373                                    |    0    |    0    |    0    |    0    |
|----------|-------------------------------------------------------------------------------------------|---------|---------|---------|---------|
|   Total  |                                                                                           |    16   | 82.4196 |   9149  |   7794  |
|----------|-------------------------------------------------------------------------------------------|---------|---------|---------|---------|

Memories:
+---------------+--------+--------+--------+--------+
|               |  BRAM  |   FF   |   LUT  |  URAM  |
+---------------+--------+--------+--------+--------+
|  TWIDDLE_IMAG |    0   |   13   |    7   |    -   |
|  TWIDDLE_REAL |    0   |   14   |    7   |    -   |
|col_buffer_imag|    2   |    0   |    0   |    0   |
|col_buffer_real|    2   |    0   |    0   |    0   |
|  matrix_imag  |   32   |    0   |    0   |    0   |
|  matrix_real  |   32   |    0   |    0   |    0   |
|row_buffer_imag|    2   |    0   |    0   |    0   |
|row_buffer_real|    2   |    0   |    0   |    0   |
+---------------+--------+--------+--------+--------+
|     Total     |   72   |   27   |   14   |    0   |
+---------------+--------+--------+--------+--------+

* Register list:
+------------------------+--------+
|                        |   FF   |
+------------------------+--------+
|    add_ln203_reg_433   |    2   |
|    add_ln204_reg_459   |    7   |
|       c_1_reg_195      |    7   |
|       ch_reg_402       |    2   |
|   gmem0_addr_reg_425   |   32   |
|   gmem1_addr_reg_470   |   32   |
|   gmem2_addr_reg_475   |   32   |
|output_imag_read_reg_409|   64   |
|output_real_read_reg_414|   64   |
|      tmp_4_reg_438     |    8   |
|    trunc_ln1_reg_444   |   62   |
|   trunc_ln204_reg_464  |    6   |
|  trunc_ln217_1_reg_450 |   62   |
|    trunc_ln_reg_419    |   62   |
+------------------------+--------+
|          Total         |   442  |
+------------------------+--------+

* Multiplexer (MUX) list: 
|-------------------------------------------------------|------|------|------|--------||---------||---------||---------|
|                          Comp                         |  Pin | Size |  BW  | S x BW ||  Delay  ||    FF   ||   LUT   |
|-------------------------------------------------------|------|------|------|--------||---------||---------||---------|
|                   grp_readreq_fu_164                  |  p1  |   2  |  32  |   64   ||    0    ||    9    |
| grp_fft2d_fixed_top_Pipeline_VITIS_LOOP_205_10_fu_247 |  p2  |   2  |   6  |   12   ||    0    ||    9    |
|-------------------------------------------------------|------|------|------|--------||---------||---------||---------|
|                         Total                         |      |      |      |   76   ||  3.176  ||    0    ||    18   |
|-------------------------------------------------------|------|------|------|--------||---------||---------||---------|



* Summary:
+-----------+--------+--------+--------+--------+--------+--------+
|           |  BRAM  |   DSP  |  Delay |   FF   |   LUT  |  URAM  |
+-----------+--------+--------+--------+--------+--------+--------+
|  Function |    -   |   16   |   82   |  9149  |  7794  |    -   |
|   Memory  |   72   |    -   |    -   |   27   |   14   |    0   |
|Multiplexer|    -   |    -   |    3   |    0   |   18   |    -   |
|  Register |    -   |    -   |    -   |   442  |    -   |    -   |
+-----------+--------+--------+--------+--------+--------+--------+
|   Total   |   72   |   16   |   85   |  9618  |  7826  |    0   |
+-----------+--------+--------+--------+--------+--------+--------+
